  Determining projects to restore...
  All projects are up-to-date for restore.
  OpenBroadcaster.Core -> E:\openbroadcaster\OpenBroadcaster.Core\bin\Debug\net8.0-windows\OpenBroadcaster.Core.dll
  OpenBroadcaster.RelayService -> E:\openbroadcaster\OpenBroadcaster.RelayService\bin\Debug\net8.0\OpenBroadcaster.RelayService.dll
E:\openbroadcaster\OpenBroadcaster.Core\obj\Debug\net8.0-windows\.NETCoreApp,Version=v8.0.AssemblyAttributes.cs(4,12): error CS0579: Duplicate 'global::System.Runtime.Versioning.TargetFrameworkAttribute' attribute [E:\openbroadcaster\OpenBroadcaster_2xmz1yr1_wpftmp.csproj]
E:\openbroadcaster\OpenBroadcaster.Core\obj\Debug\net8.0\.NETCoreApp,Version=v8.0.AssemblyAttributes.cs(4,12): error CS0579: Duplicate 'global::System.Runtime.Versioning.TargetFrameworkAttribute' attribute [E:\openbroadcaster\OpenBroadcaster_2xmz1yr1_wpftmp.csproj]
E:\openbroadcaster\obj\Debug\net8.0-windows\.NETCoreApp,Version=v8.0.AssemblyAttributes.cs(4,12): error CS0579: Duplicate 'global::System.Runtime.Versioning.TargetFrameworkAttribute' attribute [E:\openbroadcaster\OpenBroadcaster_2xmz1yr1_wpftmp.csproj]
E:\openbroadcaster\OpenBroadcaster.Avalonia\App.axaml.cs(1,7): error CS0246: The type or namespace name 'Avalonia' could not be found (are you missing a using directive or an assembly reference?) [E:\openbroadcaster\OpenBroadcaster_2xmz1yr1_wpftmp.csproj]
E:\openbroadcaster\OpenBroadcaster.Avalonia\App.axaml.cs(2,7): error CS0246: The type or namespace name 'Avalonia' could not be found (are you missing a using directive or an assembly reference?) [E:\openbroadcaster\OpenBroadcaster_2xmz1yr1_wpftmp.csproj]
E:\openbroadcaster\OpenBroadcaster.Avalonia\App.axaml.cs(3,7): error CS0246: The type or namespace name 'Avalonia' could not be found (are you missing a using directive or an assembly reference?) [E:\openbroadcaster\OpenBroadcaster_2xmz1yr1_wpftmp.csproj]
E:\openbroadcaster\OpenBroadcaster.Avalonia\Program.cs(1,7): error CS0246: The type or namespace name 'Avalonia' could not be found (are you missing a using directive or an assembly reference?) [E:\openbroadcaster\OpenBroadcaster_2xmz1yr1_wpftmp.csproj]
E:\openbroadcaster\OpenBroadcaster.Avalonia\Program.cs(2,7): error CS0246: The type or namespace name 'Avalonia' could not be found (are you missing a using directive or an assembly reference?) [E:\openbroadcaster\OpenBroadcaster_2xmz1yr1_wpftmp.csproj]
E:\openbroadcaster\OpenBroadcaster.Avalonia\ViewModels\MainWindowViewModel.cs(4,7): error CS0246: The type or namespace name 'Avalonia' could not be found (are you missing a using directive or an assembly reference?) [E:\openbroadcaster\OpenBroadcaster_2xmz1yr1_wpftmp.csproj]
E:\openbroadcaster\OpenBroadcaster.Avalonia\Views\MainWindow.axaml.cs(1,7): error CS0246: The type or namespace name 'Avalonia' could not be found (are you missing a using directive or an assembly reference?) [E:\openbroadcaster\OpenBroadcaster_2xmz1yr1_wpftmp.csproj]
E:\openbroadcaster\OpenBroadcaster.Avalonia\Views\MainWindow.axaml.cs(2,7): error CS0246: The type or namespace name 'Avalonia' could not be found (are you missing a using directive or an assembly reference?) [E:\openbroadcaster\OpenBroadcaster_2xmz1yr1_wpftmp.csproj]
E:\openbroadcaster\OpenBroadcaster.Avalonia\App.axaml.cs(9,32): error CS0509: 'App': cannot derive from sealed type 'Application' [E:\openbroadcaster\OpenBroadcaster_2xmz1yr1_wpftmp.csproj]
E:\openbroadcaster\OpenBroadcaster.Avalonia\App.axaml.cs(11,30): error CS0115: 'App.Initialize()': no suitable method found to override [E:\openbroadcaster\OpenBroadcaster_2xmz1yr1_wpftmp.csproj]
E:\openbroadcaster\OpenBroadcaster.Avalonia\App.axaml.cs(16,30): error CS0115: 'App.OnFrameworkInitializationCompleted()': no suitable method found to override [E:\openbroadcaster\OpenBroadcaster_2xmz1yr1_wpftmp.csproj]
E:\openbroadcaster\Core\Audio\AudioDeck.cs(40,16): warning CS0436: The type 'DeckIdentifier' in 'E:\openbroadcaster\Core\Models\DeckIdentifier.cs' conflicts with the imported type 'DeckIdentifier' in 'OpenBroadcaster.Core, Version=0.0.0.0, Culture=neutral, PublicKeyToken=null'. Using the type defined in 'E:\openbroadcaster\Core\Models\DeckIdentifier.cs'. [E:\openbroadcaster\OpenBroadcaster_2xmz1yr1_wpftmp.csproj]
E:\openbroadcaster\Core\Audio\AudioDeck.cs(48,61): warning CS0436: The type 'AudioSampleBlockHandler' in 'E:\openbroadcaster\Core\Audio\AudioSampleTap.cs' conflicts with the imported type 'AudioSampleBlockHandler' in 'OpenBroadcaster.Core, Version=0.0.0.0, Culture=neutral, PublicKeyToken=null'. Using the type defined in 'E:\openbroadcaster\Core\Audio\AudioSampleTap.cs'. [E:\openbroadcaster\OpenBroadcaster_2xmz1yr1_wpftmp.csproj]
E:\openbroadcaster\OpenBroadcaster.Avalonia\Program.cs(13,23): error CS0246: The type or namespace name 'AppBuilder' could not be found (are you missing a using directive or an assembly reference?) [E:\openbroadcaster\OpenBroadcaster_2xmz1yr1_wpftmp.csproj]
E:\openbroadcaster\OpenBroadcaster.Avalonia\Services\RadioService.cs(13,17): error CS0104: 'Timer' is an ambiguous reference between 'System.Windows.Forms.Timer' and 'System.Threading.Timer' [E:\openbroadcaster\OpenBroadcaster_2xmz1yr1_wpftmp.csproj]
E:\openbroadcaster\ViewModels\AssignCategoriesViewModel.cs(120,74): warning CS0436: The type 'LibraryCategory' in 'E:\openbroadcaster\Core\Models\LibraryCategory.cs' conflicts with the imported type 'LibraryCategory' in 'OpenBroadcaster.Core, Version=0.0.0.0, Culture=neutral, PublicKeyToken=null'. Using the type defined in 'E:\openbroadcaster\Core\Models\LibraryCategory.cs'. [E:\openbroadcaster\OpenBroadcaster_2xmz1yr1_wpftmp.csproj]
E:\openbroadcaster\ViewModels\AssignCategoriesViewModel.cs(12,47): warning CS0436: The type 'LibraryCategory' in 'E:\openbroadcaster\Core\Models\LibraryCategory.cs' conflicts with the imported type 'LibraryCategory' in 'OpenBroadcaster.Core, Version=0.0.0.0, Culture=neutral, PublicKeyToken=null'. Using the type defined in 'E:\openbroadcaster\Core\Models\LibraryCategory.cs'. [E:\openbroadcaster\OpenBroadcaster_2xmz1yr1_wpftmp.csproj]
E:\openbroadcaster\ViewModels\AssignCategoriesViewModel.cs(17,25): warning CS0436: The type 'LibraryCategory' in 'E:\openbroadcaster\Core\Models\LibraryCategory.cs' conflicts with the imported type 'LibraryCategory' in 'OpenBroadcaster.Core, Version=0.0.0.0, Culture=neutral, PublicKeyToken=null'. Using the type defined in 'E:\openbroadcaster\Core\Models\LibraryCategory.cs'. [E:\openbroadcaster\OpenBroadcaster_2xmz1yr1_wpftmp.csproj]
E:\openbroadcaster\ViewModels\AssignCategoriesViewModel.cs(19,34): warning CS0436: The type 'LibraryCategory' in 'E:\openbroadcaster\Core\Models\LibraryCategory.cs' conflicts with the imported type 'LibraryCategory' in 'OpenBroadcaster.Core, Version=0.0.0.0, Culture=neutral, PublicKeyToken=null'. Using the type defined in 'E:\openbroadcaster\Core\Models\LibraryCategory.cs'. [E:\openbroadcaster\OpenBroadcaster_2xmz1yr1_wpftmp.csproj]
E:\openbroadcaster\MainWindow.xaml.cs(407,69): warning CS0436: The type 'DeckIdentifier' in 'E:\openbroadcaster\Core\Models\DeckIdentifier.cs' conflicts with the imported type 'DeckIdentifier' in 'OpenBroadcaster.Core, Version=0.0.0.0, Culture=neutral, PublicKeyToken=null'. Using the type defined in 'E:\openbroadcaster\Core\Models\DeckIdentifier.cs'. [E:\openbroadcaster\OpenBroadcaster_2xmz1yr1_wpftmp.csproj]
E:\openbroadcaster\Core\Audio\AudioDeck.cs(25,17): warning CS0436: The type 'AudioSampleBlockHandler' in 'E:\openbroadcaster\Core\Audio\AudioSampleTap.cs' conflicts with the imported type 'AudioSampleBlockHandler' in 'OpenBroadcaster.Core, Version=0.0.0.0, Culture=neutral, PublicKeyToken=null'. Using the type defined in 'E:\openbroadcaster\Core\Audio\AudioSampleTap.cs'. [E:\openbroadcaster\OpenBroadcaster_2xmz1yr1_wpftmp.csproj]
E:\openbroadcaster\OpenBroadcaster.Avalonia\ViewModels\MainWindowViewModel.cs(11,56): warning CS0436: The type 'RadioService' in 'E:\openbroadcaster\Core\Services\RadioService.cs' conflicts with the imported type 'RadioService' in 'OpenBroadcaster.Core, Version=0.0.0.0, Culture=neutral, PublicKeyToken=null'. Using the type defined in 'E:\openbroadcaster\Core\Services\RadioService.cs'. [E:\openbroadcaster\OpenBroadcaster_2xmz1yr1_wpftmp.csproj]
E:\openbroadcaster\Core\Audio\AudioDeck.cs(32,26): warning CS0436: The type 'DeckIdentifier' in 'E:\openbroadcaster\Core\Models\DeckIdentifier.cs' conflicts with the imported type 'DeckIdentifier' in 'OpenBroadcaster.Core, Version=0.0.0.0, Culture=neutral, PublicKeyToken=null'. Using the type defined in 'E:\openbroadcaster\Core\Models\DeckIdentifier.cs'. [E:\openbroadcaster\OpenBroadcaster_2xmz1yr1_wpftmp.csproj]
E:\openbroadcaster\ViewModels\AssignCategoriesViewModel.cs(130,47): warning CS0436: The type 'LibraryCategory' in 'E:\openbroadcaster\Core\Models\LibraryCategory.cs' conflicts with the imported type 'LibraryCategory' in 'OpenBroadcaster.Core, Version=0.0.0.0, Culture=neutral, PublicKeyToken=null'. Using the type defined in 'E:\openbroadcaster\Core\Models\LibraryCategory.cs'. [E:\openbroadcaster\OpenBroadcaster_2xmz1yr1_wpftmp.csproj]
E:\openbroadcaster\Core\Audio\AudioRoutingGraph.cs(20,27): warning CS0436: The type 'AudioSourceType' in 'E:\openbroadcaster\Core\Audio\AudioSourceType.cs' conflicts with the imported type 'AudioSourceType' in 'OpenBroadcaster.Core, Version=0.0.0.0, Culture=neutral, PublicKeyToken=null'. Using the type defined in 'E:\openbroadcaster\Core\Audio\AudioSourceType.cs'. [E:\openbroadcaster\OpenBroadcaster_2xmz1yr1_wpftmp.csproj]
E:\openbroadcaster\Core\Audio\AudioRoutingGraph.cs(20,58): warning CS0436: The type 'AudioBus' in 'E:\openbroadcaster\Core\Audio\AudioBus.cs' conflicts with the imported type 'AudioBus' in 'OpenBroadcaster.Core, Version=0.0.0.0, Culture=neutral, PublicKeyToken=null'. Using the type defined in 'E:\openbroadcaster\Core\Audio\AudioBus.cs'. [E:\openbroadcaster\OpenBroadcaster_2xmz1yr1_wpftmp.csproj]
E:\openbroadcaster\ViewModels\MainViewModel.cs(3015,16): warning CS0436: The type 'EncoderState' in 'E:\openbroadcaster\Core\Streaming\EncoderState.cs' conflicts with the imported type 'EncoderState' in 'OpenBroadcaster.Core, Version=0.0.0.0, Culture=neutral, PublicKeyToken=null'. Using the type defined in 'E:\openbroadcaster\Core\Streaming\EncoderState.cs'. [E:\openbroadcaster\OpenBroadcaster_2xmz1yr1_wpftmp.csproj]
E:\openbroadcaster\MainWindow.xaml.cs(436,20): warning CS0436: The type 'DeckIdentifier' in 'E:\openbroadcaster\Core\Models\DeckIdentifier.cs' conflicts with the imported type 'DeckIdentifier' in 'OpenBroadcaster.Core, Version=0.0.0.0, Culture=neutral, PublicKeyToken=null'. Using the type defined in 'E:\openbroadcaster\Core\Models\DeckIdentifier.cs'. [E:\openbroadcaster\OpenBroadcaster_2xmz1yr1_wpftmp.csproj]
E:\openbroadcaster\Core\Audio\AudioRoutingGraph.cs(43,49): warning CS0436: The type 'AudioSourceType' in 'E:\openbroadcaster\Core\Audio\AudioSourceType.cs' conflicts with the imported type 'AudioSourceType' in 'OpenBroadcaster.Core, Version=0.0.0.0, Culture=neutral, PublicKeyToken=null'. Using the type defined in 'E:\openbroadcaster\Core\Audio\AudioSourceType.cs'. [E:\openbroadcaster\OpenBroadcaster_2xmz1yr1_wpftmp.csproj]
E:\openbroadcaster\Core\Audio\AudioRoutingGraph.cs(43,30): warning CS0436: The type 'AudioBus' in 'E:\openbroadcaster\Core\Audio\AudioBus.cs' conflicts with the imported type 'AudioBus' in 'OpenBroadcaster.Core, Version=0.0.0.0, Culture=neutral, PublicKeyToken=null'. Using the type defined in 'E:\openbroadcaster\Core\Audio\AudioBus.cs'. [E:\openbroadcaster\OpenBroadcaster_2xmz1yr1_wpftmp.csproj]
E:\openbroadcaster\Core\Audio\AudioRoutingGraph.cs(9,37): warning CS0436: The type 'AudioSourceType' in 'E:\openbroadcaster\Core\Audio\AudioSourceType.cs' conflicts with the imported type 'AudioSourceType' in 'OpenBroadcaster.Core, Version=0.0.0.0, Culture=neutral, PublicKeyToken=null'. Using the type defined in 'E:\openbroadcaster\Core\Audio\AudioSourceType.cs'. [E:\openbroadcaster\OpenBroadcaster_2xmz1yr1_wpftmp.csproj]
E:\openbroadcaster\Core\Audio\AudioRoutingGraph.cs(9,62): warning CS0436: The type 'AudioBus' in 'E:\openbroadcaster\Core\Audio\AudioBus.cs' conflicts with the imported type 'AudioBus' in 'OpenBroadcaster.Core, Version=0.0.0.0, Culture=neutral, PublicKeyToken=null'. Using the type defined in 'E:\openbroadcaster\Core\Audio\AudioBus.cs'. [E:\openbroadcaster\OpenBroadcaster_2xmz1yr1_wpftmp.csproj]
E:\openbroadcaster\ViewModels\MainViewModel.cs(3043,28): warning CS0436: The type 'EncoderStatus' in 'E:\openbroadcaster\Core\Streaming\EncoderState.cs' conflicts with the imported type 'EncoderStatus' in 'OpenBroadcaster.Core, Version=0.0.0.0, Culture=neutral, PublicKeyToken=null'. Using the type defined in 'E:\openbroadcaster\Core\Streaming\EncoderState.cs'. [E:\openbroadcaster\OpenBroadcaster_2xmz1yr1_wpftmp.csproj]
E:\openbroadcaster\OpenBroadcaster.Avalonia\Views\MainWindow.axaml.cs(6,39): error CS0246: The type or namespace name 'Window' could not be found (are you missing a using directive or an assembly reference?) [E:\openbroadcaster\OpenBroadcaster_2xmz1yr1_wpftmp.csproj]
E:\openbroadcaster\ViewModels\MainViewModel.cs(3014,17): warning CS0436: The type 'EncoderState' in 'E:\openbroadcaster\Core\Streaming\EncoderState.cs' conflicts with the imported type 'EncoderState' in 'OpenBroadcaster.Core, Version=0.0.0.0, Culture=neutral, PublicKeyToken=null'. Using the type defined in 'E:\openbroadcaster\Core\Streaming\EncoderState.cs'. [E:\openbroadcaster\OpenBroadcaster_2xmz1yr1_wpftmp.csproj]
E:\openbroadcaster\ViewModels\MainViewModel.cs(91,45): warning CS0436: The type 'CartPad' in 'E:\openbroadcaster\Core\Models\CartPad.cs' conflicts with the imported type 'CartPad' in 'OpenBroadcaster.Core, Version=0.0.0.0, Culture=neutral, PublicKeyToken=null'. Using the type defined in 'E:\openbroadcaster\Core\Models\CartPad.cs'. [E:\openbroadcaster\OpenBroadcaster_2xmz1yr1_wpftmp.csproj]
E:\openbroadcaster\ViewModels\MainViewModel.cs(3064,16): warning CS0436: The type 'QueueItem' in 'E:\openbroadcaster\Core\Models\QueueItem.cs' conflicts with the imported type 'QueueItem' in 'OpenBroadcaster.Core, Version=0.0.0.0, Culture=neutral, PublicKeyToken=null'. Using the type defined in 'E:\openbroadcaster\Core\Models\QueueItem.cs'. [E:\openbroadcaster\OpenBroadcaster_2xmz1yr1_wpftmp.csproj]
E:\openbroadcaster\ViewModels\MainViewModel.cs(3068,16): warning CS0436: The type 'QueueSource' in 'E:\openbroadcaster\Core\Models\QueueSource.cs' conflicts with the imported type 'QueueSource' in 'OpenBroadcaster.Core, Version=0.0.0.0, Culture=neutral, PublicKeyToken=null'. Using the type defined in 'E:\openbroadcaster\Core\Models\QueueSource.cs'. [E:\openbroadcaster\OpenBroadcaster_2xmz1yr1_wpftmp.csproj]
E:\openbroadcaster\ViewModels\MainViewModel.cs(3059,35): warning CS0436: The type 'QueueItem' in 'E:\openbroadcaster\Core\Models\QueueItem.cs' conflicts with the imported type 'QueueItem' in 'OpenBroadcaster.Core, Version=0.0.0.0, Culture=neutral, PublicKeyToken=null'. Using the type defined in 'E:\openbroadcaster\Core\Models\QueueItem.cs'. [E:\openbroadcaster\OpenBroadcaster_2xmz1yr1_wpftmp.csproj]
E:\openbroadcaster\ViewModels\MainViewModel.cs(191,16): warning CS0436: The type 'CartPad' in 'E:\openbroadcaster\Core\Models\CartPad.cs' conflicts with the imported type 'CartPad' in 'OpenBroadcaster.Core, Version=0.0.0.0, Culture=neutral, PublicKeyToken=null'. Using the type defined in 'E:\openbroadcaster\Core\Models\CartPad.cs'. [E:\openbroadcaster\OpenBroadcaster_2xmz1yr1_wpftmp.csproj]
E:\openbroadcaster\Core\Audio\CartPlayer.cs(27,61): warning CS0436: The type 'AudioSampleBlockHandler' in 'E:\openbroadcaster\Core\Audio\AudioSampleTap.cs' conflicts with the imported type 'AudioSampleBlockHandler' in 'OpenBroadcaster.Core, Version=0.0.0.0, Culture=neutral, PublicKeyToken=null'. Using the type defined in 'E:\openbroadcaster\Core\Audio\AudioSampleTap.cs'. [E:\openbroadcaster\OpenBroadcaster_2xmz1yr1_wpftmp.csproj]
E:\openbroadcaster\Core\Audio\CartPlayer.cs(36,16): warning CS0436: The type 'CartPlayback' in 'E:\openbroadcaster\Core\Audio\CartPlayback.cs' conflicts with the imported type 'CartPlayback' in 'OpenBroadcaster.Core, Version=0.0.0.0, Culture=neutral, PublicKeyToken=null'. Using the type defined in 'E:\openbroadcaster\Core\Audio\CartPlayback.cs'. [E:\openbroadcaster\OpenBroadcaster_2xmz1yr1_wpftmp.csproj]
E:\openbroadcaster\ViewModels\MainViewModel.cs(3191,58): warning CS0436: The type 'LibraryCategory' in 'E:\openbroadcaster\Core\Models\LibraryCategory.cs' conflicts with the imported type 'LibraryCategory' in 'OpenBroadcaster.Core, Version=0.0.0.0, Culture=neutral, PublicKeyToken=null'. Using the type defined in 'E:\openbroadcaster\Core\Models\LibraryCategory.cs'. [E:\openbroadcaster\OpenBroadcaster_2xmz1yr1_wpftmp.csproj]
E:\openbroadcaster\Core\Audio\CartPlayer.cs(18,17): warning CS0436: The type 'AudioSampleBlockHandler' in 'E:\openbroadcaster\Core\Audio\AudioSampleTap.cs' conflicts with the imported type 'AudioSampleBlockHandler' in 'OpenBroadcaster.Core, Version=0.0.0.0, Culture=neutral, PublicKeyToken=null'. Using the type defined in 'E:\openbroadcaster\Core\Audio\AudioSampleTap.cs'. [E:\openbroadcaster\OpenBroadcaster_2xmz1yr1_wpftmp.csproj]
E:\openbroadcaster\ViewModels\MainViewModel.cs(352,30): warning CS0436: The type 'SimpleRotation' in 'E:\openbroadcaster\Core\Automation\SimpleRotation.cs' conflicts with the imported type 'SimpleRotation' in 'OpenBroadcaster.Core, Version=0.0.0.0, Culture=neutral, PublicKeyToken=null'. Using the type defined in 'E:\openbroadcaster\Core\Automation\SimpleRotation.cs'. [E:\openbroadcaster\OpenBroadcaster_2xmz1yr1_wpftmp.csproj]
E:\openbroadcaster\ViewModels\MainViewModel.cs(354,16): warning CS0436: The type 'SimpleRotation' in 'E:\openbroadcaster\Core\Automation\SimpleRotation.cs' conflicts with the imported type 'SimpleRotation' in 'OpenBroadcaster.Core, Version=0.0.0.0, Culture=neutral, PublicKeyToken=null'. Using the type defined in 'E:\openbroadcaster\Core\Automation\SimpleRotation.cs'. [E:\openbroadcaster\OpenBroadcaster_2xmz1yr1_wpftmp.csproj]
E:\openbroadcaster\ViewModels\MainViewModel.cs(739,44): warning CS0436: The type 'DirectServerSnapshot' in 'E:\openbroadcaster\Core\Services\DirectServer\DirectHttpServer.cs' conflicts with the imported type 'DirectServerSnapshot' in 'OpenBroadcaster.Core, Version=0.0.0.0, Culture=neutral, PublicKeyToken=null'. Using the type defined in 'E:\openbroadcaster\Core\Services\DirectServer\DirectHttpServer.cs'. [E:\openbroadcaster\OpenBroadcaster_2xmz1yr1_wpftmp.csproj]
E:\openbroadcaster\Core\Audio\CartPlayer.cs(118,21): warning CS0436: The type 'CartPlayback' in 'E:\openbroadcaster\Core\Audio\CartPlayback.cs' conflicts with the imported type 'CartPlayback' in 'OpenBroadcaster.Core, Version=0.0.0.0, Culture=neutral, PublicKeyToken=null'. Using the type defined in 'E:\openbroadcaster\Core\Audio\CartPlayback.cs'. [E:\openbroadcaster\OpenBroadcaster_2xmz1yr1_wpftmp.csproj]
E:\openbroadcaster\ViewModels\MainViewModel.cs(778,56): warning CS0436: The type 'DirectServerLibraryItem' in 'E:\openbroadcaster\Core\Services\DirectServer\DirectHttpServer.cs' conflicts with the imported type 'DirectServerLibraryItem' in 'OpenBroadcaster.Core, Version=0.0.0.0, Culture=neutral, PublicKeyToken=null'. Using the type defined in 'E:\openbroadcaster\Core\Services\DirectServer\DirectHttpServer.cs'. [E:\openbroadcaster\OpenBroadcaster_2xmz1yr1_wpftmp.csproj]
E:\openbroadcaster\ViewModels\MainViewModel.cs(803,79): warning CS0436: The type 'SongRequest' in 'E:\openbroadcaster\Core\Services\DirectServer\DirectHttpServer.cs' conflicts with the imported type 'SongRequest' in 'OpenBroadcaster.Core, Version=0.0.0.0, Culture=neutral, PublicKeyToken=null'. Using the type defined in 'E:\openbroadcaster\Core\Services\DirectServer\DirectHttpServer.cs'. [E:\openbroadcaster\OpenBroadcaster_2xmz1yr1_wpftmp.csproj]
E:\openbroadcaster\Core\Audio\CartPlayer.cs(120,225): warning CS0436: The type 'AudioSampleBlockHandler' in 'E:\openbroadcaster\Core\Audio\AudioSampleTap.cs' conflicts with the imported type 'AudioSampleBlockHandler' in 'OpenBroadcaster.Core, Version=0.0.0.0, Culture=neutral, PublicKeyToken=null'. Using the type defined in 'E:\openbroadcaster\Core\Audio\AudioSampleTap.cs'. [E:\openbroadcaster\OpenBroadcaster_2xmz1yr1_wpftmp.csproj]
E:\openbroadcaster\ViewModels\MainViewModel.cs(849,36): warning CS0436: The type 'Track' in 'E:\openbroadcaster\Core\Models\Track.cs' conflicts with the imported type 'Track' in 'OpenBroadcaster.Core, Version=0.0.0.0, Culture=neutral, PublicKeyToken=null'. Using the type defined in 'E:\openbroadcaster\Core\Models\Track.cs'. [E:\openbroadcaster\OpenBroadcaster_2xmz1yr1_wpftmp.csproj]
E:\openbroadcaster\Core\Audio\CartPlayer.cs(162,40): warning CS0436: The type 'CartPlayback' in 'E:\openbroadcaster\Core\Audio\CartPlayback.cs' conflicts with the imported type 'CartPlayback' in 'OpenBroadcaster.Core, Version=0.0.0.0, Culture=neutral, PublicKeyToken=null'. Using the type defined in 'E:\openbroadcaster\Core\Audio\CartPlayback.cs'. [E:\openbroadcaster\OpenBroadcaster_2xmz1yr1_wpftmp.csproj]
E:\openbroadcaster\ViewModels\MainViewModel.cs(945,48): warning CS0436: The type 'Track' in 'E:\openbroadcaster\Core\Models\Track.cs' conflicts with the imported type 'Track' in 'OpenBroadcaster.Core, Version=0.0.0.0, Culture=neutral, PublicKeyToken=null'. Using the type defined in 'E:\openbroadcaster\Core\Models\Track.cs'. [E:\openbroadcaster\OpenBroadcaster_2xmz1yr1_wpftmp.csproj]
E:\openbroadcaster\ViewModels\SettingsViewModel.cs(111,35): warning CS0436: The type 'AppSettings' in 'E:\openbroadcaster\Core\Models\AppSettings.cs' conflicts with the imported type 'AppSettings' in 'OpenBroadcaster.Core, Version=0.0.0.0, Culture=neutral, PublicKeyToken=null'. Using the type defined in 'E:\openbroadcaster\Core\Models\AppSettings.cs'. [E:\openbroadcaster\OpenBroadcaster_2xmz1yr1_wpftmp.csproj]
E:\openbroadcaster\Core\Audio\CartPlayer.cs(238,111): warning CS0436: The type 'AudioSampleBlockHandler' in 'E:\openbroadcaster\Core\Audio\AudioSampleTap.cs' conflicts with the imported type 'AudioSampleBlockHandler' in 'OpenBroadcaster.Core, Version=0.0.0.0, Culture=neutral, PublicKeyToken=null'. Using the type defined in 'E:\openbroadcaster\Core\Audio\AudioSampleTap.cs'. [E:\openbroadcaster\OpenBroadcaster_2xmz1yr1_wpftmp.csproj]
E:\openbroadcaster\ViewModels\MainViewModel.cs(959,67): warning CS0436: The type 'Track' in 'E:\openbroadcaster\Core\Models\Track.cs' conflicts with the imported type 'Track' in 'OpenBroadcaster.Core, Version=0.0.0.0, Culture=neutral, PublicKeyToken=null'. Using the type defined in 'E:\openbroadcaster\Core\Models\Track.cs'. [E:\openbroadcaster\OpenBroadcaster_2xmz1yr1_wpftmp.csproj]
E:\openbroadcaster\ViewModels\MainViewModel.cs(959,106): warning CS0436: The type 'LibraryCategory' in 'E:\openbroadcaster\Core\Models\LibraryCategory.cs' conflicts with the imported type 'LibraryCategory' in 'OpenBroadcaster.Core, Version=0.0.0.0, Culture=neutral, PublicKeyToken=null'. Using the type defined in 'E:\openbroadcaster\Core\Models\LibraryCategory.cs'. [E:\openbroadcaster\OpenBroadcaster_2xmz1yr1_wpftmp.csproj]
E:\openbroadcaster\ViewModels\MainViewModel.cs(1576,67): warning CS0436: The type 'Track' in 'E:\openbroadcaster\Core\Models\Track.cs' conflicts with the imported type 'Track' in 'OpenBroadcaster.Core, Version=0.0.0.0, Culture=neutral, PublicKeyToken=null'. Using the type defined in 'E:\openbroadcaster\Core\Models\Track.cs'. [E:\openbroadcaster\OpenBroadcaster_2xmz1yr1_wpftmp.csproj]
E:\openbroadcaster\ViewModels\SettingsViewModel.cs(54,21): warning CS0436: The type 'SimpleRotation' in 'E:\openbroadcaster\Core\Automation\SimpleRotation.cs' conflicts with the imported type 'SimpleRotation' in 'OpenBroadcaster.Core, Version=0.0.0.0, Culture=neutral, PublicKeyToken=null'. Using the type defined in 'E:\openbroadcaster\Core\Automation\SimpleRotation.cs'. [E:\openbroadcaster\OpenBroadcaster_2xmz1yr1_wpftmp.csproj]
E:\openbroadcaster\ViewModels\SettingsViewModel.cs(55,21): warning CS0436: The type 'SimpleSchedulerEntry' in 'E:\openbroadcaster\Core\Automation\SimpleRotation.cs' conflicts with the imported type 'SimpleSchedulerEntry' in 'OpenBroadcaster.Core, Version=0.0.0.0, Culture=neutral, PublicKeyToken=null'. Using the type defined in 'E:\openbroadcaster\Core\Automation\SimpleRotation.cs'. [E:\openbroadcaster\OpenBroadcaster_2xmz1yr1_wpftmp.csproj]
E:\openbroadcaster\ViewModels\SettingsViewModel.cs(55,48): warning CS0436: The type 'SimpleRotation' in 'E:\openbroadcaster\Core\Automation\SimpleRotation.cs' conflicts with the imported type 'SimpleRotation' in 'OpenBroadcaster.Core, Version=0.0.0.0, Culture=neutral, PublicKeyToken=null'. Using the type defined in 'E:\openbroadcaster\Core\Automation\SimpleRotation.cs'. [E:\openbroadcaster\OpenBroadcaster_2xmz1yr1_wpftmp.csproj]
E:\openbroadcaster\ViewModels\SettingsViewModel.cs(285,28): warning CS0436: The type 'AppSettings' in 'E:\openbroadcaster\Core\Models\AppSettings.cs' conflicts with the imported type 'AppSettings' in 'OpenBroadcaster.Core, Version=0.0.0.0, Culture=neutral, PublicKeyToken=null'. Using the type defined in 'E:\openbroadcaster\Core\Models\AppSettings.cs'. [E:\openbroadcaster\OpenBroadcaster_2xmz1yr1_wpftmp.csproj]
E:\openbroadcaster\ViewModels\SettingsViewModel.cs(597,59): warning CS0436: The type 'SimpleRotation' in 'E:\openbroadcaster\Core\Automation\SimpleRotation.cs' conflicts with the imported type 'SimpleRotation' in 'OpenBroadcaster.Core, Version=0.0.0.0, Culture=neutral, PublicKeyToken=null'. Using the type defined in 'E:\openbroadcaster\Core\Automation\SimpleRotation.cs'. [E:\openbroadcaster\OpenBroadcaster_2xmz1yr1_wpftmp.csproj]
E:\openbroadcaster\ViewModels\SettingsViewModel.cs(597,24): warning CS0436: The type 'SimpleRotation' in 'E:\openbroadcaster\Core\Automation\SimpleRotation.cs' conflicts with the imported type 'SimpleRotation' in 'OpenBroadcaster.Core, Version=0.0.0.0, Culture=neutral, PublicKeyToken=null'. Using the type defined in 'E:\openbroadcaster\Core\Automation\SimpleRotation.cs'. [E:\openbroadcaster\OpenBroadcaster_2xmz1yr1_wpftmp.csproj]
E:\openbroadcaster\ViewModels\SettingsViewModel.cs(612,48): warning CS0436: The type 'SimpleRotation' in 'E:\openbroadcaster\Core\Automation\SimpleRotation.cs' conflicts with the imported type 'SimpleRotation' in 'OpenBroadcaster.Core, Version=0.0.0.0, Culture=neutral, PublicKeyToken=null'. Using the type defined in 'E:\openbroadcaster\Core\Automation\SimpleRotation.cs'. [E:\openbroadcaster\OpenBroadcaster_2xmz1yr1_wpftmp.csproj]
E:\openbroadcaster\ViewModels\SettingsViewModel.cs(612,71): warning CS0436: The type 'SimpleRotation' in 'E:\openbroadcaster\Core\Automation\SimpleRotation.cs' conflicts with the imported type 'SimpleRotation' in 'OpenBroadcaster.Core, Version=0.0.0.0, Culture=neutral, PublicKeyToken=null'. Using the type defined in 'E:\openbroadcaster\Core\Automation\SimpleRotation.cs'. [E:\openbroadcaster\OpenBroadcaster_2xmz1yr1_wpftmp.csproj]
E:\openbroadcaster\ViewModels\SettingsViewModel.cs(623,53): warning CS0436: The type 'SimpleSchedulerEntry' in 'E:\openbroadcaster\Core\Automation\SimpleRotation.cs' conflicts with the imported type 'SimpleSchedulerEntry' in 'OpenBroadcaster.Core, Version=0.0.0.0, Culture=neutral, PublicKeyToken=null'. Using the type defined in 'E:\openbroadcaster\Core\Automation\SimpleRotation.cs'. [E:\openbroadcaster\OpenBroadcaster_2xmz1yr1_wpftmp.csproj]
E:\openbroadcaster\ViewModels\SettingsViewModel.cs(623,82): warning CS0436: The type 'SimpleSchedulerEntry' in 'E:\openbroadcaster\Core\Automation\SimpleRotation.cs' conflicts with the imported type 'SimpleSchedulerEntry' in 'OpenBroadcaster.Core, Version=0.0.0.0, Culture=neutral, PublicKeyToken=null'. Using the type defined in 'E:\openbroadcaster\Core\Automation\SimpleRotation.cs'. [E:\openbroadcaster\OpenBroadcaster_2xmz1yr1_wpftmp.csproj]
E:\openbroadcaster\ViewModels\SettingsViewModel.cs(656,104): warning CS0436: The type 'SimpleRotation' in 'E:\openbroadcaster\Core\Automation\SimpleRotation.cs' conflicts with the imported type 'SimpleRotation' in 'OpenBroadcaster.Core, Version=0.0.0.0, Culture=neutral, PublicKeyToken=null'. Using the type defined in 'E:\openbroadcaster\Core\Automation\SimpleRotation.cs'. [E:\openbroadcaster\OpenBroadcaster_2xmz1yr1_wpftmp.csproj]
E:\openbroadcaster\ViewModels\SettingsViewModel.cs(656,45): warning CS0436: The type 'SimpleRotation' in 'E:\openbroadcaster\Core\Automation\SimpleRotation.cs' conflicts with the imported type 'SimpleRotation' in 'OpenBroadcaster.Core, Version=0.0.0.0, Culture=neutral, PublicKeyToken=null'. Using the type defined in 'E:\openbroadcaster\Core\Automation\SimpleRotation.cs'. [E:\openbroadcaster\OpenBroadcaster_2xmz1yr1_wpftmp.csproj]
E:\openbroadcaster\ViewModels\SettingsViewModel.cs(661,109): warning CS0436: The type 'SimpleSchedulerEntry' in 'E:\openbroadcaster\Core\Automation\SimpleRotation.cs' conflicts with the imported type 'SimpleSchedulerEntry' in 'OpenBroadcaster.Core, Version=0.0.0.0, Culture=neutral, PublicKeyToken=null'. Using the type defined in 'E:\openbroadcaster\Core\Automation\SimpleRotation.cs'. [E:\openbroadcaster\OpenBroadcaster_2xmz1yr1_wpftmp.csproj]
E:\openbroadcaster\ViewModels\SettingsViewModel.cs(661,45): warning CS0436: The type 'SimpleSchedulerEntry' in 'E:\openbroadcaster\Core\Automation\SimpleRotation.cs' conflicts with the imported type 'SimpleSchedulerEntry' in 'OpenBroadcaster.Core, Version=0.0.0.0, Culture=neutral, PublicKeyToken=null'. Using the type defined in 'E:\openbroadcaster\Core\Automation\SimpleRotation.cs'. [E:\openbroadcaster\OpenBroadcaster_2xmz1yr1_wpftmp.csproj]
E:\openbroadcaster\ViewModels\SettingsViewModel.cs(666,82): warning CS0436: The type 'SimpleRotation' in 'E:\openbroadcaster\Core\Automation\SimpleRotation.cs' conflicts with the imported type 'SimpleRotation' in 'OpenBroadcaster.Core, Version=0.0.0.0, Culture=neutral, PublicKeyToken=null'. Using the type defined in 'E:\openbroadcaster\Core\Automation\SimpleRotation.cs'. [E:\openbroadcaster\OpenBroadcaster_2xmz1yr1_wpftmp.csproj]
E:\openbroadcaster\ViewModels\SettingsViewModel.cs(666,29): warning CS0436: The type 'SimpleRotation' in 'E:\openbroadcaster\Core\Automation\SimpleRotation.cs' conflicts with the imported type 'SimpleRotation' in 'OpenBroadcaster.Core, Version=0.0.0.0, Culture=neutral, PublicKeyToken=null'. Using the type defined in 'E:\openbroadcaster\Core\Automation\SimpleRotation.cs'. [E:\openbroadcaster\OpenBroadcaster_2xmz1yr1_wpftmp.csproj]
E:\openbroadcaster\ViewModels\MainViewModel.cs(994,49): warning CS0436: The type 'TohFiredEventArgs' in 'E:\openbroadcaster\Core\Services\TohSchedulerService.cs' conflicts with the imported type 'TohFiredEventArgs' in 'OpenBroadcaster.Core, Version=0.0.0.0, Culture=neutral, PublicKeyToken=null'. Using the type defined in 'E:\openbroadcaster\Core\Services\TohSchedulerService.cs'. [E:\openbroadcaster\OpenBroadcaster_2xmz1yr1_wpftmp.csproj]
E:\openbroadcaster\ViewModels\SettingsViewModel.cs(671,87): warning CS0436: The type 'SimpleSchedulerEntry' in 'E:\openbroadcaster\Core\Automation\SimpleRotation.cs' conflicts with the imported type 'SimpleSchedulerEntry' in 'OpenBroadcaster.Core, Version=0.0.0.0, Culture=neutral, PublicKeyToken=null'. Using the type defined in 'E:\openbroadcaster\Core\Automation\SimpleRotation.cs'. [E:\openbroadcaster\OpenBroadcaster_2xmz1yr1_wpftmp.csproj]
E:\openbroadcaster\ViewModels\SettingsViewModel.cs(671,29): warning CS0436: The type 'SimpleSchedulerEntry' in 'E:\openbroadcaster\Core\Automation\SimpleRotation.cs' conflicts with the imported type 'SimpleSchedulerEntry' in 'OpenBroadcaster.Core, Version=0.0.0.0, Culture=neutral, PublicKeyToken=null'. Using the type defined in 'E:\openbroadcaster\Core\Automation\SimpleRotation.cs'. [E:\openbroadcaster\OpenBroadcaster_2xmz1yr1_wpftmp.csproj]
E:\openbroadcaster\ViewModels\SettingsViewModel.cs(676,70): warning CS0436: The type 'SimpleSchedulerEntry' in 'E:\openbroadcaster\Core\Automation\SimpleRotation.cs' conflicts with the imported type 'SimpleSchedulerEntry' in 'OpenBroadcaster.Core, Version=0.0.0.0, Culture=neutral, PublicKeyToken=null'. Using the type defined in 'E:\openbroadcaster\Core\Automation\SimpleRotation.cs'. [E:\openbroadcaster\OpenBroadcaster_2xmz1yr1_wpftmp.csproj]
E:\openbroadcaster\ViewModels\SettingsViewModel.cs(676,24): warning CS0436: The type 'SimpleSchedulerEntry' in 'E:\openbroadcaster\Core\Automation\SimpleRotation.cs' conflicts with the imported type 'SimpleSchedulerEntry' in 'OpenBroadcaster.Core, Version=0.0.0.0, Culture=neutral, PublicKeyToken=null'. Using the type defined in 'E:\openbroadcaster\Core\Automation\SimpleRotation.cs'. [E:\openbroadcaster\OpenBroadcaster_2xmz1yr1_wpftmp.csproj]
E:\openbroadcaster\ViewModels\SettingsViewModel.cs(866,42): warning CS0436: The type 'AppSettings' in 'E:\openbroadcaster\Core\Models\AppSettings.cs' conflicts with the imported type 'AppSettings' in 'OpenBroadcaster.Core, Version=0.0.0.0, Culture=neutral, PublicKeyToken=null'. Using the type defined in 'E:\openbroadcaster\Core\Models\AppSettings.cs'. [E:\openbroadcaster\OpenBroadcaster_2xmz1yr1_wpftmp.csproj]
E:\openbroadcaster\ViewModels\SettingsViewModel.cs(866,24): warning CS0436: The type 'AppSettings' in 'E:\openbroadcaster\Core\Models\AppSettings.cs' conflicts with the imported type 'AppSettings' in 'OpenBroadcaster.Core, Version=0.0.0.0, Culture=neutral, PublicKeyToken=null'. Using the type defined in 'E:\openbroadcaster\Core\Models\AppSettings.cs'. [E:\openbroadcaster\OpenBroadcaster_2xmz1yr1_wpftmp.csproj]
E:\openbroadcaster\ViewModels\MainViewModel.cs(1077,31): warning CS0436: The type 'RotationCategoryDefinition' in 'E:\openbroadcaster\Core\Automation\RotationCategoryDefinition.cs' conflicts with the imported type 'RotationCategoryDefinition' in 'OpenBroadcaster.Core, Version=0.0.0.0, Culture=neutral, PublicKeyToken=null'. Using the type defined in 'E:\openbroadcaster\Core\Automation\RotationCategoryDefinition.cs'. [E:\openbroadcaster\OpenBroadcaster_2xmz1yr1_wpftmp.csproj]
E:\openbroadcaster\ViewModels\SettingsViewModel.cs(874,41): warning CS0436: The type 'AppSettings' in 'E:\openbroadcaster\Core\Models\AppSettings.cs' conflicts with the imported type 'AppSettings' in 'OpenBroadcaster.Core, Version=0.0.0.0, Culture=neutral, PublicKeyToken=null'. Using the type defined in 'E:\openbroadcaster\Core\Models\AppSettings.cs'. [E:\openbroadcaster\OpenBroadcaster_2xmz1yr1_wpftmp.csproj]
E:\openbroadcaster\Core\Audio\IAudioDeviceResolver.cs(7,23): warning CS0436: The type 'AudioDeviceInfo' in 'E:\openbroadcaster\Core\Audio\AudioDeviceInfo.cs' conflicts with the imported type 'AudioDeviceInfo' in 'OpenBroadcaster.Core, Version=0.0.0.0, Culture=neutral, PublicKeyToken=null'. Using the type defined in 'E:\openbroadcaster\Core\Audio\AudioDeviceInfo.cs'. [E:\openbroadcaster\OpenBroadcaster_2xmz1yr1_wpftmp.csproj]
E:\openbroadcaster\Core\Audio\IAudioDeviceResolver.cs(8,23): warning CS0436: The type 'AudioDeviceInfo' in 'E:\openbroadcaster\Core\Audio\AudioDeviceInfo.cs' conflicts with the imported type 'AudioDeviceInfo' in 'OpenBroadcaster.Core, Version=0.0.0.0, Culture=neutral, PublicKeyToken=null'. Using the type defined in 'E:\openbroadcaster\Core\Audio\AudioDeviceInfo.cs'. [E:\openbroadcaster\OpenBroadcaster_2xmz1yr1_wpftmp.csproj]
E:\openbroadcaster\ViewModels\MainViewModel.cs(1134,31): warning CS0436: The type 'ClockwheelSlot' in 'E:\openbroadcaster\Core\Automation\ClockwheelSlot.cs' conflicts with the imported type 'ClockwheelSlot' in 'OpenBroadcaster.Core, Version=0.0.0.0, Culture=neutral, PublicKeyToken=null'. Using the type defined in 'E:\openbroadcaster\Core\Automation\ClockwheelSlot.cs'. [E:\openbroadcaster\OpenBroadcaster_2xmz1yr1_wpftmp.csproj]
E:\openbroadcaster\ViewModels\SettingsViewModel.cs(879,90): warning CS0436: The type 'AudioDeviceInfo' in 'E:\openbroadcaster\Core\Audio\AudioDeviceInfo.cs' conflicts with the imported type 'AudioDeviceInfo' in 'OpenBroadcaster.Core, Version=0.0.0.0, Culture=neutral, PublicKeyToken=null'. Using the type defined in 'E:\openbroadcaster\Core\Audio\AudioDeviceInfo.cs'. [E:\openbroadcaster\OpenBroadcaster_2xmz1yr1_wpftmp.csproj]
E:\openbroadcaster\Core\Audio\IAudioEncoderTap.cs(9,49): warning CS0436: The type 'AudioSourceType' in 'E:\openbroadcaster\Core\Audio\AudioSourceType.cs' conflicts with the imported type 'AudioSourceType' in 'OpenBroadcaster.Core, Version=0.0.0.0, Culture=neutral, PublicKeyToken=null'. Using the type defined in 'E:\openbroadcaster\Core\Audio\AudioSourceType.cs'. [E:\openbroadcaster\OpenBroadcaster_2xmz1yr1_wpftmp.csproj]
E:\openbroadcaster\Core\Audio\IAudioEncoderTap.cs(9,9): warning CS0436: The type 'AudioSampleBlockHandler' in 'E:\openbroadcaster\Core\Audio\AudioSampleTap.cs' conflicts with the imported type 'AudioSampleBlockHandler' in 'OpenBroadcaster.Core, Version=0.0.0.0, Culture=neutral, PublicKeyToken=null'. Using the type defined in 'E:\openbroadcaster\Core\Audio\AudioSampleTap.cs'. [E:\openbroadcaster\OpenBroadcaster_2xmz1yr1_wpftmp.csproj]
E:\openbroadcaster\ViewModels\SettingsViewModel.cs(897,81): warning CS0436: The type 'LibraryCategory' in 'E:\openbroadcaster\Core\Models\LibraryCategory.cs' conflicts with the imported type 'LibraryCategory' in 'OpenBroadcaster.Core, Version=0.0.0.0, Culture=neutral, PublicKeyToken=null'. Using the type defined in 'E:\openbroadcaster\Core\Models\LibraryCategory.cs'. [E:\openbroadcaster\OpenBroadcaster_2xmz1yr1_wpftmp.csproj]
E:\openbroadcaster\ViewModels\MainViewModel.cs(1176,56): warning CS0436: The type 'VuMeterReading' in 'E:\openbroadcaster\Core\Audio\VuMeterReading.cs' conflicts with the imported type 'VuMeterReading' in 'OpenBroadcaster.Core, Version=0.0.0.0, Culture=neutral, PublicKeyToken=null'. Using the type defined in 'E:\openbroadcaster\Core\Audio\VuMeterReading.cs'. [E:\openbroadcaster\OpenBroadcaster_2xmz1yr1_wpftmp.csproj]
E:\openbroadcaster\ViewModels\SettingsViewModel.cs(113,16): warning CS0436: The type 'AppSettings' in 'E:\openbroadcaster\Core\Models\AppSettings.cs' conflicts with the imported type 'AppSettings' in 'OpenBroadcaster.Core, Version=0.0.0.0, Culture=neutral, PublicKeyToken=null'. Using the type defined in 'E:\openbroadcaster\Core\Models\AppSettings.cs'. [E:\openbroadcaster\OpenBroadcaster_2xmz1yr1_wpftmp.csproj]
E:\openbroadcaster\ViewModels\MainViewModel.cs(1181,62): warning CS0436: The type 'DeckIdentifier' in 'E:\openbroadcaster\Core\Models\DeckIdentifier.cs' conflicts with the imported type 'DeckIdentifier' in 'OpenBroadcaster.Core, Version=0.0.0.0, Culture=neutral, PublicKeyToken=null'. Using the type defined in 'E:\openbroadcaster\Core\Models\DeckIdentifier.cs'. [E:\openbroadcaster\OpenBroadcaster_2xmz1yr1_wpftmp.csproj]
E:\openbroadcaster\Core\Audio\IAudioMetadataReader.cs(5,9): warning CS0436: The type 'LibraryTrackMetadata' in 'E:\openbroadcaster\Core\Audio\LibraryTrackMetadata.cs' conflicts with the imported type 'LibraryTrackMetadata' in 'OpenBroadcaster.Core, Version=0.0.0.0, Culture=neutral, PublicKeyToken=null'. Using the type defined in 'E:\openbroadcaster\Core\Audio\LibraryTrackMetadata.cs'. [E:\openbroadcaster\OpenBroadcaster_2xmz1yr1_wpftmp.csproj]
E:\openbroadcaster\ViewModels\MainViewModel.cs(1211,59): warning CS0436: The type 'DeckStateChangedEvent' in 'E:\openbroadcaster\Core\Messaging\Events\DeckStateChangedEvent.cs' conflicts with the imported type 'DeckStateChangedEvent' in 'OpenBroadcaster.Core, Version=0.0.0.0, Culture=neutral, PublicKeyToken=null'. Using the type defined in 'E:\openbroadcaster\Core\Messaging\Events\DeckStateChangedEvent.cs'. [E:\openbroadcaster\OpenBroadcaster_2xmz1yr1_wpftmp.csproj]
E:\openbroadcaster\ViewModels\MainViewModel.cs(1261,54): warning CS0436: The type 'DeckIdentifier' in 'E:\openbroadcaster\Core\Models\DeckIdentifier.cs' conflicts with the imported type 'DeckIdentifier' in 'OpenBroadcaster.Core, Version=0.0.0.0, Culture=neutral, PublicKeyToken=null'. Using the type defined in 'E:\openbroadcaster\Core\Models\DeckIdentifier.cs'. [E:\openbroadcaster\OpenBroadcaster_2xmz1yr1_wpftmp.csproj]
E:\openbroadcaster\ViewModels\MainViewModel.cs(1261,79): warning CS0436: The type 'DeckIdentifier' in 'E:\openbroadcaster\Core\Models\DeckIdentifier.cs' conflicts with the imported type 'DeckIdentifier' in 'OpenBroadcaster.Core, Version=0.0.0.0, Culture=neutral, PublicKeyToken=null'. Using the type defined in 'E:\openbroadcaster\Core\Models\DeckIdentifier.cs'. [E:\openbroadcaster\OpenBroadcaster_2xmz1yr1_wpftmp.csproj]
E:\openbroadcaster\ViewModels\MainViewModel.cs(1339,37): warning CS0436: The type 'VuMeterReading' in 'E:\openbroadcaster\Core\Audio\VuMeterReading.cs' conflicts with the imported type 'VuMeterReading' in 'OpenBroadcaster.Core, Version=0.0.0.0, Culture=neutral, PublicKeyToken=null'. Using the type defined in 'E:\openbroadcaster\Core\Audio\VuMeterReading.cs'. [E:\openbroadcaster\OpenBroadcaster_2xmz1yr1_wpftmp.csproj]
E:\openbroadcaster\ViewModels\MainViewModel.cs(1346,55): warning CS0436: The type 'DeckIdentifier' in 'E:\openbroadcaster\Core\Models\DeckIdentifier.cs' conflicts with the imported type 'DeckIdentifier' in 'OpenBroadcaster.Core, Version=0.0.0.0, Culture=neutral, PublicKeyToken=null'. Using the type defined in 'E:\openbroadcaster\Core\Models\DeckIdentifier.cs'. [E:\openbroadcaster\OpenBroadcaster_2xmz1yr1_wpftmp.csproj]
E:\openbroadcaster\ViewModels\MainViewModel.cs(1424,17): warning CS0436: The type 'LibraryCategory' in 'E:\openbroadcaster\Core\Models\LibraryCategory.cs' conflicts with the imported type 'LibraryCategory' in 'OpenBroadcaster.Core, Version=0.0.0.0, Culture=neutral, PublicKeyToken=null'. Using the type defined in 'E:\openbroadcaster\Core\Models\LibraryCategory.cs'. [E:\openbroadcaster\OpenBroadcaster_2xmz1yr1_wpftmp.csproj]
E:\openbroadcaster\ViewModels\SettingsViewModel.cs(134,16): warning CS0436: The type 'EncoderProfile' in 'E:\openbroadcaster\Core\Models\EncoderProfile.cs' conflicts with the imported type 'EncoderProfile' in 'OpenBroadcaster.Core, Version=0.0.0.0, Culture=neutral, PublicKeyToken=null'. Using the type defined in 'E:\openbroadcaster\Core\Models\EncoderProfile.cs'. [E:\openbroadcaster\OpenBroadcaster_2xmz1yr1_wpftmp.csproj]
E:\openbroadcaster\ViewModels\SettingsViewModel.cs(148,16): warning CS0436: The type 'RotationDefinitionSettings' in 'E:\openbroadcaster\Core\Models\AppSettings.cs' conflicts with the imported type 'RotationDefinitionSettings' in 'OpenBroadcaster.Core, Version=0.0.0.0, Culture=neutral, PublicKeyToken=null'. Using the type defined in 'E:\openbroadcaster\Core\Models\AppSettings.cs'. [E:\openbroadcaster\OpenBroadcaster_2xmz1yr1_wpftmp.csproj]
E:\openbroadcaster\ViewModels\SettingsViewModel.cs(163,16): warning CS0436: The type 'ClockwheelSlotSettings' in 'E:\openbroadcaster\Core\Models\AppSettings.cs' conflicts with the imported type 'ClockwheelSlotSettings' in 'OpenBroadcaster.Core, Version=0.0.0.0, Culture=neutral, PublicKeyToken=null'. Using the type defined in 'E:\openbroadcaster\Core\Models\AppSettings.cs'. [E:\openbroadcaster\OpenBroadcaster_2xmz1yr1_wpftmp.csproj]
E:\openbroadcaster\ViewModels\SettingsViewModel.cs(177,16): warning CS0436: The type 'RotationScheduleEntrySettings' in 'E:\openbroadcaster\Core\Models\AppSettings.cs' conflicts with the imported type 'RotationScheduleEntrySettings' in 'OpenBroadcaster.Core, Version=0.0.0.0, Culture=neutral, PublicKeyToken=null'. Using the type defined in 'E:\openbroadcaster\Core\Models\AppSettings.cs'. [E:\openbroadcaster\OpenBroadcaster_2xmz1yr1_wpftmp.csproj]
E:\openbroadcaster\ViewModels\SettingsViewModel.cs(191,16): warning CS0436: The type 'SimpleRotation' in 'E:\openbroadcaster\Core\Automation\SimpleRotation.cs' conflicts with the imported type 'SimpleRotation' in 'OpenBroadcaster.Core, Version=0.0.0.0, Culture=neutral, PublicKeyToken=null'. Using the type defined in 'E:\openbroadcaster\Core\Automation\SimpleRotation.cs'. [E:\openbroadcaster\OpenBroadcaster_2xmz1yr1_wpftmp.csproj]
E:\openbroadcaster\ViewModels\SettingsViewModel.cs(196,16): warning CS0436: The type 'SimpleSchedulerEntry' in 'E:\openbroadcaster\Core\Automation\SimpleRotation.cs' conflicts with the imported type 'SimpleSchedulerEntry' in 'OpenBroadcaster.Core, Version=0.0.0.0, Culture=neutral, PublicKeyToken=null'. Using the type defined in 'E:\openbroadcaster\Core\Automation\SimpleRotation.cs'. [E:\openbroadcaster\OpenBroadcaster_2xmz1yr1_wpftmp.csproj]
E:\openbroadcaster\ViewModels\SettingsViewModel.cs(202,16): warning CS0436: The type 'TohSlot' in 'E:\openbroadcaster\Core\Models\TohSettings.cs' conflicts with the imported type 'TohSlot' in 'OpenBroadcaster.Core, Version=0.0.0.0, Culture=neutral, PublicKeyToken=null'. Using the type defined in 'E:\openbroadcaster\Core\Models\TohSettings.cs'. [E:\openbroadcaster\OpenBroadcaster_2xmz1yr1_wpftmp.csproj]
E:\openbroadcaster\ViewModels\SettingsViewModel.cs(21,34): warning CS0436: The type 'AppSettings' in 'E:\openbroadcaster\Core\Models\AppSettings.cs' conflicts with the imported type 'AppSettings' in 'OpenBroadcaster.Core, Version=0.0.0.0, Culture=neutral, PublicKeyToken=null'. Using the type defined in 'E:\openbroadcaster\Core\Models\AppSettings.cs'. [E:\openbroadcaster\OpenBroadcaster_2xmz1yr1_wpftmp.csproj]
E:\openbroadcaster\ViewModels\SettingsViewModel.cs(22,34): warning CS0436: The type 'AppSettings' in 'E:\openbroadcaster\Core\Models\AppSettings.cs' conflicts with the imported type 'AppSettings' in 'OpenBroadcaster.Core, Version=0.0.0.0, Culture=neutral, PublicKeyToken=null'. Using the type defined in 'E:\openbroadcaster\Core\Models\AppSettings.cs'. [E:\openbroadcaster\OpenBroadcaster_2xmz1yr1_wpftmp.csproj]
E:\openbroadcaster\ViewModels\SettingsViewModel.cs(22,70): warning CS0436: The type 'AudioDeviceInfo' in 'E:\openbroadcaster\Core\Audio\AudioDeviceInfo.cs' conflicts with the imported type 'AudioDeviceInfo' in 'OpenBroadcaster.Core, Version=0.0.0.0, Culture=neutral, PublicKeyToken=null'. Using the type defined in 'E:\openbroadcaster\Core\Audio\AudioDeviceInfo.cs'. [E:\openbroadcaster\OpenBroadcaster_2xmz1yr1_wpftmp.csproj]
E:\openbroadcaster\ViewModels\SettingsViewModel.cs(22,119): warning CS0436: The type 'AudioDeviceInfo' in 'E:\openbroadcaster\Core\Audio\AudioDeviceInfo.cs' conflicts with the imported type 'AudioDeviceInfo' in 'OpenBroadcaster.Core, Version=0.0.0.0, Culture=neutral, PublicKeyToken=null'. Using the type defined in 'E:\openbroadcaster\Core\Audio\AudioDeviceInfo.cs'. [E:\openbroadcaster\OpenBroadcaster_2xmz1yr1_wpftmp.csproj]
E:\openbroadcaster\ViewModels\SettingsViewModel.cs(57,34): warning CS0436: The type 'AppSettings' in 'E:\openbroadcaster\Core\Models\AppSettings.cs' conflicts with the imported type 'AppSettings' in 'OpenBroadcaster.Core, Version=0.0.0.0, Culture=neutral, PublicKeyToken=null'. Using the type defined in 'E:\openbroadcaster\Core\Models\AppSettings.cs'. [E:\openbroadcaster\OpenBroadcaster_2xmz1yr1_wpftmp.csproj]
E:\openbroadcaster\ViewModels\SettingsViewModel.cs(58,27): warning CS0436: The type 'AudioDeviceInfo' in 'E:\openbroadcaster\Core\Audio\AudioDeviceInfo.cs' conflicts with the imported type 'AudioDeviceInfo' in 'OpenBroadcaster.Core, Version=0.0.0.0, Culture=neutral, PublicKeyToken=null'. Using the type defined in 'E:\openbroadcaster\Core\Audio\AudioDeviceInfo.cs'. [E:\openbroadcaster\OpenBroadcaster_2xmz1yr1_wpftmp.csproj]
E:\openbroadcaster\ViewModels\SettingsViewModel.cs(59,27): warning CS0436: The type 'AudioDeviceInfo' in 'E:\openbroadcaster\Core\Audio\AudioDeviceInfo.cs' conflicts with the imported type 'AudioDeviceInfo' in 'OpenBroadcaster.Core, Version=0.0.0.0, Culture=neutral, PublicKeyToken=null'. Using the type defined in 'E:\openbroadcaster\Core\Audio\AudioDeviceInfo.cs'. [E:\openbroadcaster\OpenBroadcaster_2xmz1yr1_wpftmp.csproj]
E:\openbroadcaster\ViewModels\SettingsViewModel.cs(60,27): warning CS0436: The type 'LibraryCategory' in 'E:\openbroadcaster\Core\Models\LibraryCategory.cs' conflicts with the imported type 'LibraryCategory' in 'OpenBroadcaster.Core, Version=0.0.0.0, Culture=neutral, PublicKeyToken=null'. Using the type defined in 'E:\openbroadcaster\Core\Models\LibraryCategory.cs'. [E:\openbroadcaster\OpenBroadcaster_2xmz1yr1_wpftmp.csproj]
E:\openbroadcaster\ViewModels\SettingsViewModel.cs(61,13): warning CS0436: The type 'AutoDjSettingsService' in 'E:\openbroadcaster\Core\Services\AutoDjSettingsService.cs' conflicts with the imported type 'AutoDjSettingsService' in 'OpenBroadcaster.Core, Version=0.0.0.0, Culture=neutral, PublicKeyToken=null'. Using the type defined in 'E:\openbroadcaster\Core\Services\AutoDjSettingsService.cs'. [E:\openbroadcaster\OpenBroadcaster_2xmz1yr1_wpftmp.csproj]
E:\openbroadcaster\ViewModels\SettingsViewModel.cs(37,17): warning CS0436: The type 'AppSettings' in 'E:\openbroadcaster\Core\Models\AppSettings.cs' conflicts with the imported type 'AppSettings' in 'OpenBroadcaster.Core, Version=0.0.0.0, Culture=neutral, PublicKeyToken=null'. Using the type defined in 'E:\openbroadcaster\Core\Models\AppSettings.cs'. [E:\openbroadcaster\OpenBroadcaster_2xmz1yr1_wpftmp.csproj]
E:\openbroadcaster\ViewModels\SettingsViewModel.cs(38,17): warning CS0436: The type 'AppSettings' in 'E:\openbroadcaster\Core\Models\AppSettings.cs' conflicts with the imported type 'AppSettings' in 'OpenBroadcaster.Core, Version=0.0.0.0, Culture=neutral, PublicKeyToken=null'. Using the type defined in 'E:\openbroadcaster\Core\Models\AppSettings.cs'. [E:\openbroadcaster\OpenBroadcaster_2xmz1yr1_wpftmp.csproj]
E:\openbroadcaster\ViewModels\SettingsViewModel.cs(39,17): warning CS0436: The type 'EncoderProfile' in 'E:\openbroadcaster\Core\Models\EncoderProfile.cs' conflicts with the imported type 'EncoderProfile' in 'OpenBroadcaster.Core, Version=0.0.0.0, Culture=neutral, PublicKeyToken=null'. Using the type defined in 'E:\openbroadcaster\Core\Models\EncoderProfile.cs'. [E:\openbroadcaster\OpenBroadcaster_2xmz1yr1_wpftmp.csproj]
E:\openbroadcaster\ViewModels\SettingsViewModel.cs(40,17): warning CS0436: The type 'RotationDefinitionSettings' in 'E:\openbroadcaster\Core\Models\AppSettings.cs' conflicts with the imported type 'RotationDefinitionSettings' in 'OpenBroadcaster.Core, Version=0.0.0.0, Culture=neutral, PublicKeyToken=null'. Using the type defined in 'E:\openbroadcaster\Core\Models\AppSettings.cs'. [E:\openbroadcaster\OpenBroadcaster_2xmz1yr1_wpftmp.csproj]
E:\openbroadcaster\ViewModels\SettingsViewModel.cs(41,17): warning CS0436: The type 'ClockwheelSlotSettings' in 'E:\openbroadcaster\Core\Models\AppSettings.cs' conflicts with the imported type 'ClockwheelSlotSettings' in 'OpenBroadcaster.Core, Version=0.0.0.0, Culture=neutral, PublicKeyToken=null'. Using the type defined in 'E:\openbroadcaster\Core\Models\AppSettings.cs'. [E:\openbroadcaster\OpenBroadcaster_2xmz1yr1_wpftmp.csproj]
E:\openbroadcaster\ViewModels\SettingsViewModel.cs(42,17): warning CS0436: The type 'RotationScheduleEntrySettings' in 'E:\openbroadcaster\Core\Models\AppSettings.cs' conflicts with the imported type 'RotationScheduleEntrySettings' in 'OpenBroadcaster.Core, Version=0.0.0.0, Culture=neutral, PublicKeyToken=null'. Using the type defined in 'E:\openbroadcaster\Core\Models\AppSettings.cs'. [E:\openbroadcaster\OpenBroadcaster_2xmz1yr1_wpftmp.csproj]
E:\openbroadcaster\ViewModels\SettingsViewModel.cs(43,26): warning CS0436: The type 'AutoDjSettingsService' in 'E:\openbroadcaster\Core\Services\AutoDjSettingsService.cs' conflicts with the imported type 'AutoDjSettingsService' in 'OpenBroadcaster.Core, Version=0.0.0.0, Culture=neutral, PublicKeyToken=null'. Using the type defined in 'E:\openbroadcaster\Core\Services\AutoDjSettingsService.cs'. [E:\openbroadcaster\OpenBroadcaster_2xmz1yr1_wpftmp.csproj]
E:\openbroadcaster\ViewModels\SettingsViewModel.cs(46,17): warning CS0436: The type 'SimpleRotation' in 'E:\openbroadcaster\Core\Automation\SimpleRotation.cs' conflicts with the imported type 'SimpleRotation' in 'OpenBroadcaster.Core, Version=0.0.0.0, Culture=neutral, PublicKeyToken=null'. Using the type defined in 'E:\openbroadcaster\Core\Automation\SimpleRotation.cs'. [E:\openbroadcaster\OpenBroadcaster_2xmz1yr1_wpftmp.csproj]
E:\openbroadcaster\ViewModels\SettingsViewModel.cs(47,17): warning CS0436: The type 'SimpleSchedulerEntry' in 'E:\openbroadcaster\Core\Automation\SimpleRotation.cs' conflicts with the imported type 'SimpleSchedulerEntry' in 'OpenBroadcaster.Core, Version=0.0.0.0, Culture=neutral, PublicKeyToken=null'. Using the type defined in 'E:\openbroadcaster\Core\Automation\SimpleRotation.cs'. [E:\openbroadcaster\OpenBroadcaster_2xmz1yr1_wpftmp.csproj]
E:\openbroadcaster\ViewModels\SettingsViewModel.cs(50,17): warning CS0436: The type 'TohSlot' in 'E:\openbroadcaster\Core\Models\TohSettings.cs' conflicts with the imported type 'TohSlot' in 'OpenBroadcaster.Core, Version=0.0.0.0, Culture=neutral, PublicKeyToken=null'. Using the type defined in 'E:\openbroadcaster\Core\Models\TohSettings.cs'. [E:\openbroadcaster\OpenBroadcaster_2xmz1yr1_wpftmp.csproj]
E:\openbroadcaster\ViewModels\SettingsViewModel.cs(51,31): warning CS0436: The type 'LibraryCategory' in 'E:\openbroadcaster\Core\Models\LibraryCategory.cs' conflicts with the imported type 'LibraryCategory' in 'OpenBroadcaster.Core, Version=0.0.0.0, Culture=neutral, PublicKeyToken=null'. Using the type defined in 'E:\openbroadcaster\Core\Models\LibraryCategory.cs'. [E:\openbroadcaster\OpenBroadcaster_2xmz1yr1_wpftmp.csproj]
E:\openbroadcaster\Core\Automation\ClockwheelScheduler.cs(16,43): warning CS0436: The type 'ClockwheelSlot' in 'E:\openbroadcaster\Core\Automation\ClockwheelSlot.cs' conflicts with the imported type 'ClockwheelSlot' in 'OpenBroadcaster.Core, Version=0.0.0.0, Culture=neutral, PublicKeyToken=null'. Using the type defined in 'E:\openbroadcaster\Core\Automation\ClockwheelSlot.cs'. [E:\openbroadcaster\OpenBroadcaster_2xmz1yr1_wpftmp.csproj]
E:\openbroadcaster\Core\Automation\ClockwheelScheduler.cs(34,52): warning CS0436: The type 'RotationProgram' in 'E:\openbroadcaster\Core\Automation\RotationProgram.cs' conflicts with the imported type 'RotationProgram' in 'OpenBroadcaster.Core, Version=0.0.0.0, Culture=neutral, PublicKeyToken=null'. Using the type defined in 'E:\openbroadcaster\Core\Automation\RotationProgram.cs'. [E:\openbroadcaster\OpenBroadcaster_2xmz1yr1_wpftmp.csproj]
E:\openbroadcaster\Core\Automation\ClockwheelScheduler.cs(34,92): warning CS0436: The type 'RotationScheduleEntry' in 'E:\openbroadcaster\Core\Automation\RotationProgram.cs' conflicts with the imported type 'RotationScheduleEntry' in 'OpenBroadcaster.Core, Version=0.0.0.0, Culture=neutral, PublicKeyToken=null'. Using the type defined in 'E:\openbroadcaster\Core\Automation\RotationProgram.cs'. [E:\openbroadcaster\OpenBroadcaster_2xmz1yr1_wpftmp.csproj]
E:\openbroadcaster\Core\Automation\ClockwheelScheduler.cs(92,16): warning CS0436: The type 'ClockwheelSlot' in 'E:\openbroadcaster\Core\Automation\ClockwheelSlot.cs' conflicts with the imported type 'ClockwheelSlot' in 'OpenBroadcaster.Core, Version=0.0.0.0, Culture=neutral, PublicKeyToken=null'. Using the type defined in 'E:\openbroadcaster\Core\Automation\ClockwheelSlot.cs'. [E:\openbroadcaster\OpenBroadcaster_2xmz1yr1_wpftmp.csproj]
E:\openbroadcaster\Core\Automation\ClockwheelScheduler.cs(115,30): warning CS0436: The type 'ClockwheelSlot' in 'E:\openbroadcaster\Core\Automation\ClockwheelSlot.cs' conflicts with the imported type 'ClockwheelSlot' in 'OpenBroadcaster.Core, Version=0.0.0.0, Culture=neutral, PublicKeyToken=null'. Using the type defined in 'E:\openbroadcaster\Core\Automation\ClockwheelSlot.cs'. [E:\openbroadcaster\OpenBroadcaster_2xmz1yr1_wpftmp.csproj]
E:\openbroadcaster\Core\Automation\ClockwheelScheduler.cs(9,31): warning CS0436: The type 'ClockwheelSlot' in 'E:\openbroadcaster\Core\Automation\ClockwheelSlot.cs' conflicts with the imported type 'ClockwheelSlot' in 'OpenBroadcaster.Core, Version=0.0.0.0, Culture=neutral, PublicKeyToken=null'. Using the type defined in 'E:\openbroadcaster\Core\Automation\ClockwheelSlot.cs'. [E:\openbroadcaster\OpenBroadcaster_2xmz1yr1_wpftmp.csproj]
E:\openbroadcaster\Core\Automation\ClockwheelScheduler.cs(12,53): warning CS0436: The type 'RotationScheduleEntry' in 'E:\openbroadcaster\Core\Automation\RotationProgram.cs' conflicts with the imported type 'RotationScheduleEntry' in 'OpenBroadcaster.Core, Version=0.0.0.0, Culture=neutral, PublicKeyToken=null'. Using the type defined in 'E:\openbroadcaster\Core\Automation\RotationProgram.cs'. [E:\openbroadcaster\OpenBroadcaster_2xmz1yr1_wpftmp.csproj]
E:\openbroadcaster\Core\Automation\ClockwheelScheduler.cs(214,61): warning CS0436: The type 'ClockwheelSlot' in 'E:\openbroadcaster\Core\Automation\ClockwheelSlot.cs' conflicts with the imported type 'ClockwheelSlot' in 'OpenBroadcaster.Core, Version=0.0.0.0, Culture=neutral, PublicKeyToken=null'. Using the type defined in 'E:\openbroadcaster\Core\Automation\ClockwheelSlot.cs'. [E:\openbroadcaster\OpenBroadcaster_2xmz1yr1_wpftmp.csproj]
E:\openbroadcaster\Core\Automation\ClockwheelScheduler.cs(221,25): warning CS0436: The type 'ClockwheelSlot' in 'E:\openbroadcaster\Core\Automation\ClockwheelSlot.cs' conflicts with the imported type 'ClockwheelSlot' in 'OpenBroadcaster.Core, Version=0.0.0.0, Culture=neutral, PublicKeyToken=null'. Using the type defined in 'E:\openbroadcaster\Core\Automation\ClockwheelSlot.cs'. [E:\openbroadcaster\OpenBroadcaster_2xmz1yr1_wpftmp.csproj]
E:\openbroadcaster\Core\Automation\RotationCategoryDefinition.cs(24,30): warning CS0436: The type 'Track' in 'E:\openbroadcaster\Core\Models\Track.cs' conflicts with the imported type 'Track' in 'OpenBroadcaster.Core, Version=0.0.0.0, Culture=neutral, PublicKeyToken=null'. Using the type defined in 'E:\openbroadcaster\Core\Models\Track.cs'. [E:\openbroadcaster\OpenBroadcaster_2xmz1yr1_wpftmp.csproj]
E:\openbroadcaster\Core\Automation\RotationCategoryDefinition.cs(10,68): warning CS0436: The type 'Track' in 'E:\openbroadcaster\Core\Models\Track.cs' conflicts with the imported type 'Track' in 'OpenBroadcaster.Core, Version=0.0.0.0, Culture=neutral, PublicKeyToken=null'. Using the type defined in 'E:\openbroadcaster\Core\Models\Track.cs'. [E:\openbroadcaster\OpenBroadcaster_2xmz1yr1_wpftmp.csproj]
E:\openbroadcaster\Core\Automation\RotationEngine.cs(24,48): warning CS0436: The type 'RotationCategoryDefinition' in 'E:\openbroadcaster\Core\Automation\RotationCategoryDefinition.cs' conflicts with the imported type 'RotationCategoryDefinition' in 'OpenBroadcaster.Core, Version=0.0.0.0, Culture=neutral, PublicKeyToken=null'. Using the type defined in 'E:\openbroadcaster\Core\Automation\RotationCategoryDefinition.cs'. [E:\openbroadcaster\OpenBroadcaster_2xmz1yr1_wpftmp.csproj]
E:\openbroadcaster\Core\Automation\RotationEngine.cs(41,36): warning CS0436: The type 'RotationCategoryDefinition' in 'E:\openbroadcaster\Core\Automation\RotationCategoryDefinition.cs' conflicts with the imported type 'RotationCategoryDefinition' in 'OpenBroadcaster.Core, Version=0.0.0.0, Culture=neutral, PublicKeyToken=null'. Using the type defined in 'E:\openbroadcaster\Core\Automation\RotationCategoryDefinition.cs'. [E:\openbroadcaster\OpenBroadcaster_2xmz1yr1_wpftmp.csproj]
E:\openbroadcaster\Core\Automation\RotationEngine.cs(54,16): warning CS0436: The type 'Track' in 'E:\openbroadcaster\Core\Models\Track.cs' conflicts with the imported type 'Track' in 'OpenBroadcaster.Core, Version=0.0.0.0, Culture=neutral, PublicKeyToken=null'. Using the type defined in 'E:\openbroadcaster\Core\Models\Track.cs'. [E:\openbroadcaster\OpenBroadcaster_2xmz1yr1_wpftmp.csproj]
E:\openbroadcaster\Core\Automation\RotationEngine.cs(74,16): warning CS0436: The type 'Track' in 'E:\openbroadcaster\Core\Models\Track.cs' conflicts with the imported type 'Track' in 'OpenBroadcaster.Core, Version=0.0.0.0, Culture=neutral, PublicKeyToken=null'. Using the type defined in 'E:\openbroadcaster\Core\Models\Track.cs'. [E:\openbroadcaster\OpenBroadcaster_2xmz1yr1_wpftmp.csproj]
E:\openbroadcaster\Core\Automation\RotationEngine.cs(126,41): warning CS0436: The type 'Track' in 'E:\openbroadcaster\Core\Models\Track.cs' conflicts with the imported type 'Track' in 'OpenBroadcaster.Core, Version=0.0.0.0, Culture=neutral, PublicKeyToken=null'. Using the type defined in 'E:\openbroadcaster\Core\Models\Track.cs'. [E:\openbroadcaster\OpenBroadcaster_2xmz1yr1_wpftmp.csproj]
E:\openbroadcaster\Core\Automation\RotationEngine.cs(176,36): warning CS0436: The type 'Track' in 'E:\openbroadcaster\Core\Models\Track.cs' conflicts with the imported type 'Track' in 'OpenBroadcaster.Core, Version=0.0.0.0, Culture=neutral, PublicKeyToken=null'. Using the type defined in 'E:\openbroadcaster\Core\Models\Track.cs'. [E:\openbroadcaster\OpenBroadcaster_2xmz1yr1_wpftmp.csproj]
E:\openbroadcaster\Core\Automation\RotationEngine.cs(185,42): warning CS0436: The type 'RotationCategoryDefinition' in 'E:\openbroadcaster\Core\Automation\RotationCategoryDefinition.cs' conflicts with the imported type 'RotationCategoryDefinition' in 'OpenBroadcaster.Core, Version=0.0.0.0, Culture=neutral, PublicKeyToken=null'. Using the type defined in 'E:\openbroadcaster\Core\Automation\RotationCategoryDefinition.cs'. [E:\openbroadcaster\OpenBroadcaster_2xmz1yr1_wpftmp.csproj]
E:\openbroadcaster\Core\Automation\RotationEngine.cs(15,26): warning CS0436: The type 'RotationRules' in 'E:\openbroadcaster\Core\Automation\RotationRules.cs' conflicts with the imported type 'RotationRules' in 'OpenBroadcaster.Core, Version=0.0.0.0, Culture=neutral, PublicKeyToken=null'. Using the type defined in 'E:\openbroadcaster\Core\Automation\RotationRules.cs'. [E:\openbroadcaster\OpenBroadcaster_2xmz1yr1_wpftmp.csproj]
E:\openbroadcaster\Core\Automation\RotationEngine.cs(16,34): warning CS0436: The type 'RotationEngine' in 'E:\openbroadcaster\Core\Automation\RotationEngine.cs' conflicts with the imported type 'RotationEngine' in 'OpenBroadcaster.Core, Version=0.0.0.0, Culture=neutral, PublicKeyToken=null'. Using the type defined in 'E:\openbroadcaster\Core\Automation\RotationEngine.cs'. [E:\openbroadcaster\OpenBroadcaster_2xmz1yr1_wpftmp.csproj]
E:\openbroadcaster\Core\Automation\RotationEngine.cs(18,31): warning CS0436: The type 'RotationRules' in 'E:\openbroadcaster\Core\Automation\RotationRules.cs' conflicts with the imported type 'RotationRules' in 'OpenBroadcaster.Core, Version=0.0.0.0, Culture=neutral, PublicKeyToken=null'. Using the type defined in 'E:\openbroadcaster\Core\Automation\RotationRules.cs'. [E:\openbroadcaster\OpenBroadcaster_2xmz1yr1_wpftmp.csproj]
E:\openbroadcaster\Core\Automation\RotationEngine.cs(18,68): warning CS0436: The type 'RotationEngine' in 'E:\openbroadcaster\Core\Automation\RotationEngine.cs' conflicts with the imported type 'RotationEngine' in 'OpenBroadcaster.Core, Version=0.0.0.0, Culture=neutral, PublicKeyToken=null'. Using the type defined in 'E:\openbroadcaster\Core\Automation\RotationEngine.cs'. [E:\openbroadcaster\OpenBroadcaster_2xmz1yr1_wpftmp.csproj]
E:\openbroadcaster\Core\Automation\RotationEngine.cs(202,60): warning CS0436: The type 'Track' in 'E:\openbroadcaster\Core\Models\Track.cs' conflicts with the imported type 'Track' in 'OpenBroadcaster.Core, Version=0.0.0.0, Culture=neutral, PublicKeyToken=null'. Using the type defined in 'E:\openbroadcaster\Core\Models\Track.cs'. [E:\openbroadcaster\OpenBroadcaster_2xmz1yr1_wpftmp.csproj]
E:\openbroadcaster\Core\Automation\RotationEngine.cs(209,25): warning CS0436: The type 'Track' in 'E:\openbroadcaster\Core\Models\Track.cs' conflicts with the imported type 'Track' in 'OpenBroadcaster.Core, Version=0.0.0.0, Culture=neutral, PublicKeyToken=null'. Using the type defined in 'E:\openbroadcaster\Core\Models\Track.cs'. [E:\openbroadcaster\OpenBroadcaster_2xmz1yr1_wpftmp.csproj]
E:\openbroadcaster\Core\Automation\RotationEngine.cs(215,58): warning CS0436: The type 'Track' in 'E:\openbroadcaster\Core\Models\Track.cs' conflicts with the imported type 'Track' in 'OpenBroadcaster.Core, Version=0.0.0.0, Culture=neutral, PublicKeyToken=null'. Using the type defined in 'E:\openbroadcaster\Core\Models\Track.cs'. [E:\openbroadcaster\OpenBroadcaster_2xmz1yr1_wpftmp.csproj]
E:\openbroadcaster\ViewModels\MainViewModel.cs(1536,75): warning CS0436: The type 'Track' in 'E:\openbroadcaster\Core\Models\Track.cs' conflicts with the imported type 'Track' in 'OpenBroadcaster.Core, Version=0.0.0.0, Culture=neutral, PublicKeyToken=null'. Using the type defined in 'E:\openbroadcaster\Core\Models\Track.cs'. [E:\openbroadcaster\OpenBroadcaster_2xmz1yr1_wpftmp.csproj]
E:\openbroadcaster\ViewModels\MainViewModel.cs(1615,36): warning CS0436: The type 'CartPad' in 'E:\openbroadcaster\Core\Models\CartPad.cs' conflicts with the imported type 'CartPad' in 'OpenBroadcaster.Core, Version=0.0.0.0, Culture=neutral, PublicKeyToken=null'. Using the type defined in 'E:\openbroadcaster\Core\Models\CartPad.cs'. [E:\openbroadcaster\OpenBroadcaster_2xmz1yr1_wpftmp.csproj]
E:\openbroadcaster\ViewModels\MainViewModel.cs(1638,46): warning CS0436: The type 'CartPad' in 'E:\openbroadcaster\Core\Models\CartPad.cs' conflicts with the imported type 'CartPad' in 'OpenBroadcaster.Core, Version=0.0.0.0, Culture=neutral, PublicKeyToken=null'. Using the type defined in 'E:\openbroadcaster\Core\Models\CartPad.cs'. [E:\openbroadcaster\OpenBroadcaster_2xmz1yr1_wpftmp.csproj]
E:\openbroadcaster\Core\Audio\TagLibMetadataReader.cs(6,48): warning CS0436: The type 'IAudioMetadataReader' in 'E:\openbroadcaster\Core\Audio\IAudioMetadataReader.cs' conflicts with the imported type 'IAudioMetadataReader' in 'OpenBroadcaster.Core, Version=0.0.0.0, Culture=neutral, PublicKeyToken=null'. Using the type defined in 'E:\openbroadcaster\Core\Audio\IAudioMetadataReader.cs'. [E:\openbroadcaster\OpenBroadcaster_2xmz1yr1_wpftmp.csproj]
E:\openbroadcaster\Core\Audio\TagLibMetadataReader.cs(8,16): warning CS0436: The type 'LibraryTrackMetadata' in 'E:\openbroadcaster\Core\Audio\LibraryTrackMetadata.cs' conflicts with the imported type 'LibraryTrackMetadata' in 'OpenBroadcaster.Core, Version=0.0.0.0, Culture=neutral, PublicKeyToken=null'. Using the type defined in 'E:\openbroadcaster\Core\Audio\LibraryTrackMetadata.cs'. [E:\openbroadcaster\OpenBroadcaster_2xmz1yr1_wpftmp.csproj]
E:\openbroadcaster\Core\Audio\TapSampleProvider.cs(10,26): warning CS0436: The type 'AudioSampleBlockHandler' in 'E:\openbroadcaster\Core\Audio\AudioSampleTap.cs' conflicts with the imported type 'AudioSampleBlockHandler' in 'OpenBroadcaster.Core, Version=0.0.0.0, Culture=neutral, PublicKeyToken=null'. Using the type defined in 'E:\openbroadcaster\Core\Audio\AudioSampleTap.cs'. [E:\openbroadcaster\OpenBroadcaster_2xmz1yr1_wpftmp.csproj]
E:\openbroadcaster\Core\Audio\TapSampleProvider.cs(13,58): warning CS0436: The type 'AudioSampleBlockHandler' in 'E:\openbroadcaster\Core\Audio\AudioSampleTap.cs' conflicts with the imported type 'AudioSampleBlockHandler' in 'OpenBroadcaster.Core, Version=0.0.0.0, Culture=neutral, PublicKeyToken=null'. Using the type defined in 'E:\openbroadcaster\Core\Audio\AudioSampleTap.cs'. [E:\openbroadcaster\OpenBroadcaster_2xmz1yr1_wpftmp.csproj]
E:\openbroadcaster\Core\Audio\VuMeterService.cs(30,35): warning CS0436: The type 'VuMeterReading' in 'E:\openbroadcaster\Core\Audio\VuMeterReading.cs' conflicts with the imported type 'VuMeterReading' in 'OpenBroadcaster.Core, Version=0.0.0.0, Culture=neutral, PublicKeyToken=null'. Using the type defined in 'E:\openbroadcaster\Core\Audio\VuMeterReading.cs'. [E:\openbroadcaster\OpenBroadcaster_2xmz1yr1_wpftmp.csproj]
E:\openbroadcaster\Core\Audio\VuMeterService.cs(32,39): warning CS0436: The type 'AudioSourceType' in 'E:\openbroadcaster\Core\Audio\AudioSourceType.cs' conflicts with the imported type 'AudioSourceType' in 'OpenBroadcaster.Core, Version=0.0.0.0, Culture=neutral, PublicKeyToken=null'. Using the type defined in 'E:\openbroadcaster\Core\Audio\AudioSourceType.cs'. [E:\openbroadcaster\OpenBroadcaster_2xmz1yr1_wpftmp.csproj]
E:\openbroadcaster\Core\Audio\VuMeterService.cs(77,33): warning CS0436: The type 'AudioBus' in 'E:\openbroadcaster\Core\Audio\AudioBus.cs' conflicts with the imported type 'AudioBus' in 'OpenBroadcaster.Core, Version=0.0.0.0, Culture=neutral, PublicKeyToken=null'. Using the type defined in 'E:\openbroadcaster\Core\Audio\AudioBus.cs'. [E:\openbroadcaster\OpenBroadcaster_2xmz1yr1_wpftmp.csproj]
E:\openbroadcaster\Core\Audio\VuMeterService.cs(11,26): warning CS0436: The type 'AudioRoutingGraph' in 'E:\openbroadcaster\Core\Audio\AudioRoutingGraph.cs' conflicts with the imported type 'AudioRoutingGraph' in 'OpenBroadcaster.Core, Version=0.0.0.0, Culture=neutral, PublicKeyToken=null'. Using the type defined in 'E:\openbroadcaster\Core\Audio\AudioRoutingGraph.cs'. [E:\openbroadcaster\OpenBroadcaster_2xmz1yr1_wpftmp.csproj]
E:\openbroadcaster\Core\Audio\VuMeterService.cs(12,37): warning CS0436: The type 'AudioBus' in 'E:\openbroadcaster\Core\Audio\AudioBus.cs' conflicts with the imported type 'AudioBus' in 'OpenBroadcaster.Core, Version=0.0.0.0, Culture=neutral, PublicKeyToken=null'. Using the type defined in 'E:\openbroadcaster\Core\Audio\AudioBus.cs'. [E:\openbroadcaster\OpenBroadcaster_2xmz1yr1_wpftmp.csproj]
E:\openbroadcaster\Core\Audio\VuMeterService.cs(16,31): warning CS0436: The type 'AudioRoutingGraph' in 'E:\openbroadcaster\Core\Audio\AudioRoutingGraph.cs' conflicts with the imported type 'AudioRoutingGraph' in 'OpenBroadcaster.Core, Version=0.0.0.0, Culture=neutral, PublicKeyToken=null'. Using the type defined in 'E:\openbroadcaster\Core\Audio\AudioRoutingGraph.cs'. [E:\openbroadcaster\OpenBroadcaster_2xmz1yr1_wpftmp.csproj]
E:\openbroadcaster\Core\Audio\WaveAudioDeviceResolver.cs(6,51): warning CS0436: The type 'IAudioDeviceResolver' in 'E:\openbroadcaster\Core\Audio\IAudioDeviceResolver.cs' conflicts with the imported type 'IAudioDeviceResolver' in 'OpenBroadcaster.Core, Version=0.0.0.0, Culture=neutral, PublicKeyToken=null'. Using the type defined in 'E:\openbroadcaster\Core\Audio\IAudioDeviceResolver.cs'. [E:\openbroadcaster\OpenBroadcaster_2xmz1yr1_wpftmp.csproj]
E:\openbroadcaster\Core\Audio\WaveAudioDeviceResolver.cs(8,30): warning CS0436: The type 'AudioDeviceInfo' in 'E:\openbroadcaster\Core\Audio\AudioDeviceInfo.cs' conflicts with the imported type 'AudioDeviceInfo' in 'OpenBroadcaster.Core, Version=0.0.0.0, Culture=neutral, PublicKeyToken=null'. Using the type defined in 'E:\openbroadcaster\Core\Audio\AudioDeviceInfo.cs'. [E:\openbroadcaster\OpenBroadcaster_2xmz1yr1_wpftmp.csproj]
E:\openbroadcaster\Core\Audio\WaveAudioDeviceResolver.cs(20,30): warning CS0436: The type 'AudioDeviceInfo' in 'E:\openbroadcaster\Core\Audio\AudioDeviceInfo.cs' conflicts with the imported type 'AudioDeviceInfo' in 'OpenBroadcaster.Core, Version=0.0.0.0, Culture=neutral, PublicKeyToken=null'. Using the type defined in 'E:\openbroadcaster\Core\Audio\AudioDeviceInfo.cs'. [E:\openbroadcaster\OpenBroadcaster_2xmz1yr1_wpftmp.csproj]
E:\openbroadcaster\Core\Diagnostics\EncoderDiagnostics.cs(13,46): warning CS0436: The type 'EncoderProfile' in 'E:\openbroadcaster\Core\Models\EncoderProfile.cs' conflicts with the imported type 'EncoderProfile' in 'OpenBroadcaster.Core, Version=0.0.0.0, Culture=neutral, PublicKeyToken=null'. Using the type defined in 'E:\openbroadcaster\Core\Models\EncoderProfile.cs'. [E:\openbroadcaster\OpenBroadcaster_2xmz1yr1_wpftmp.csproj]
E:\openbroadcaster\Core\Messaging\EventBus.cs(6,36): warning CS0436: The type 'IEventBus' in 'E:\openbroadcaster\Core\Messaging\IEventBus.cs' conflicts with the imported type 'IEventBus' in 'OpenBroadcaster.Core, Version=0.0.0.0, Culture=neutral, PublicKeyToken=null'. Using the type defined in 'E:\openbroadcaster\Core\Messaging\IEventBus.cs'. [E:\openbroadcaster\OpenBroadcaster_2xmz1yr1_wpftmp.csproj]
E:\openbroadcaster\Core\Messaging\Events\DeckStateChangedEvent.cs(18,16): warning CS0436: The type 'DeckIdentifier' in 'E:\openbroadcaster\Core\Models\DeckIdentifier.cs' conflicts with the imported type 'DeckIdentifier' in 'OpenBroadcaster.Core, Version=0.0.0.0, Culture=neutral, PublicKeyToken=null'. Using the type defined in 'E:\openbroadcaster\Core\Models\DeckIdentifier.cs'. [E:\openbroadcaster\OpenBroadcaster_2xmz1yr1_wpftmp.csproj]
E:\openbroadcaster\Core\Messaging\Events\DeckStateChangedEvent.cs(19,16): warning CS0436: The type 'QueueItem' in 'E:\openbroadcaster\Core\Models\QueueItem.cs' conflicts with the imported type 'QueueItem' in 'OpenBroadcaster.Core, Version=0.0.0.0, Culture=neutral, PublicKeyToken=null'. Using the type defined in 'E:\openbroadcaster\Core\Models\QueueItem.cs'. [E:\openbroadcaster\OpenBroadcaster_2xmz1yr1_wpftmp.csproj]
E:\openbroadcaster\Core\Messaging\Events\DeckStateChangedEvent.cs(23,16): warning CS0436: The type 'DeckStatus' in 'E:\openbroadcaster\Core\Models\DeckStatus.cs' conflicts with the imported type 'DeckStatus' in 'OpenBroadcaster.Core, Version=0.0.0.0, Culture=neutral, PublicKeyToken=null'. Using the type defined in 'E:\openbroadcaster\Core\Models\DeckStatus.cs'. [E:\openbroadcaster\OpenBroadcaster_2xmz1yr1_wpftmp.csproj]
E:\openbroadcaster\Core\Messaging\Events\DeckStateChangedEvent.cs(8,38): warning CS0436: The type 'DeckIdentifier' in 'E:\openbroadcaster\Core\Models\DeckIdentifier.cs' conflicts with the imported type 'DeckIdentifier' in 'OpenBroadcaster.Core, Version=0.0.0.0, Culture=neutral, PublicKeyToken=null'. Using the type defined in 'E:\openbroadcaster\Core\Models\DeckIdentifier.cs'. [E:\openbroadcaster\OpenBroadcaster_2xmz1yr1_wpftmp.csproj]
E:\openbroadcaster\Core\Messaging\Events\DeckStateChangedEvent.cs(8,61): warning CS0436: The type 'QueueItem' in 'E:\openbroadcaster\Core\Models\QueueItem.cs' conflicts with the imported type 'QueueItem' in 'OpenBroadcaster.Core, Version=0.0.0.0, Culture=neutral, PublicKeyToken=null'. Using the type defined in 'E:\openbroadcaster\Core\Models\QueueItem.cs'. [E:\openbroadcaster\OpenBroadcaster_2xmz1yr1_wpftmp.csproj]
E:\openbroadcaster\Core\Messaging\Events\DeckStateChangedEvent.cs(8,137): warning CS0436: The type 'DeckStatus' in 'E:\openbroadcaster\Core\Models\DeckStatus.cs' conflicts with the imported type 'DeckStatus' in 'OpenBroadcaster.Core, Version=0.0.0.0, Culture=neutral, PublicKeyToken=null'. Using the type defined in 'E:\openbroadcaster\Core\Models\DeckStatus.cs'. [E:\openbroadcaster\OpenBroadcaster_2xmz1yr1_wpftmp.csproj]
E:\openbroadcaster\Core\Models\AppSettings.cs(14,16): warning CS0436: The type 'AudioSettings' in 'E:\openbroadcaster\Core\Models\AppSettings.cs' conflicts with the imported type 'AudioSettings' in 'OpenBroadcaster.Core, Version=0.0.0.0, Culture=neutral, PublicKeyToken=null'. Using the type defined in 'E:\openbroadcaster\Core\Models\AppSettings.cs'. [E:\openbroadcaster\OpenBroadcaster_2xmz1yr1_wpftmp.csproj]
E:\openbroadcaster\Core\Models\AppSettings.cs(15,16): warning CS0436: The type 'TwitchSettings' in 'E:\openbroadcaster\Core\Models\TwitchSettings.cs' conflicts with the imported type 'TwitchSettings' in 'OpenBroadcaster.Core, Version=0.0.0.0, Culture=neutral, PublicKeyToken=null'. Using the type defined in 'E:\openbroadcaster\Core\Models\TwitchSettings.cs'. [E:\openbroadcaster\OpenBroadcaster_2xmz1yr1_wpftmp.csproj]
E:\openbroadcaster\Core\Models\AppSettings.cs(16,16): warning CS0436: The type 'QueueSettings' in 'E:\openbroadcaster\Core\Models\AppSettings.cs' conflicts with the imported type 'QueueSettings' in 'OpenBroadcaster.Core, Version=0.0.0.0, Culture=neutral, PublicKeyToken=null'. Using the type defined in 'E:\openbroadcaster\Core\Models\AppSettings.cs'. [E:\openbroadcaster\OpenBroadcaster_2xmz1yr1_wpftmp.csproj]
E:\openbroadcaster\Core\Models\AppSettings.cs(17,16): warning CS0436: The type 'EncoderSettings' in 'E:\openbroadcaster\Core\Models\AppSettings.cs' conflicts with the imported type 'EncoderSettings' in 'OpenBroadcaster.Core, Version=0.0.0.0, Culture=neutral, PublicKeyToken=null'. Using the type defined in 'E:\openbroadcaster\Core\Models\AppSettings.cs'. [E:\openbroadcaster\OpenBroadcaster_2xmz1yr1_wpftmp.csproj]
E:\openbroadcaster\Core\Models\AppSettings.cs(18,16): warning CS0436: The type 'CartWallSettings' in 'E:\openbroadcaster\Core\Models\AppSettings.cs' conflicts with the imported type 'CartWallSettings' in 'OpenBroadcaster.Core, Version=0.0.0.0, Culture=neutral, PublicKeyToken=null'. Using the type defined in 'E:\openbroadcaster\Core\Models\AppSettings.cs'. [E:\openbroadcaster\OpenBroadcaster_2xmz1yr1_wpftmp.csproj]
E:\openbroadcaster\Core\Models\AppSettings.cs(19,16): warning CS0436: The type 'OverlaySettings' in 'E:\openbroadcaster\Core\Models\AppSettings.cs' conflicts with the imported type 'OverlaySettings' in 'OpenBroadcaster.Core, Version=0.0.0.0, Culture=neutral, PublicKeyToken=null'. Using the type defined in 'E:\openbroadcaster\Core\Models\AppSettings.cs'. [E:\openbroadcaster\OpenBroadcaster_2xmz1yr1_wpftmp.csproj]
E:\openbroadcaster\Core\Models\AppSettings.cs(20,16): warning CS0436: The type 'AutomationSettings' in 'E:\openbroadcaster\Core\Models\AppSettings.cs' conflicts with the imported type 'AutomationSettings' in 'OpenBroadcaster.Core, Version=0.0.0.0, Culture=neutral, PublicKeyToken=null'. Using the type defined in 'E:\openbroadcaster\Core\Models\AppSettings.cs'. [E:\openbroadcaster\OpenBroadcaster_2xmz1yr1_wpftmp.csproj]
E:\openbroadcaster\Core\Models\AppSettings.cs(21,16): warning CS0436: The type 'RequestSettings' in 'E:\openbroadcaster\Core\Models\AppSettings.cs' conflicts with the imported type 'RequestSettings' in 'OpenBroadcaster.Core, Version=0.0.0.0, Culture=neutral, PublicKeyToken=null'. Using the type defined in 'E:\openbroadcaster\Core\Models\AppSettings.cs'. [E:\openbroadcaster\OpenBroadcaster_2xmz1yr1_wpftmp.csproj]
E:\openbroadcaster\Core\Models\AppSettings.cs(22,16): warning CS0436: The type 'DirectServerSettings' in 'E:\openbroadcaster\Core\Models\AppSettings.cs' conflicts with the imported type 'DirectServerSettings' in 'OpenBroadcaster.Core, Version=0.0.0.0, Culture=neutral, PublicKeyToken=null'. Using the type defined in 'E:\openbroadcaster\Core\Models\AppSettings.cs'. [E:\openbroadcaster\OpenBroadcaster_2xmz1yr1_wpftmp.csproj]
E:\openbroadcaster\Core\Models\AppSettings.cs(82,21): warning CS0436: The type 'CartPadSettings' in 'E:\openbroadcaster\Core\Models\AppSettings.cs' conflicts with the imported type 'CartPadSettings' in 'OpenBroadcaster.Core, Version=0.0.0.0, Culture=neutral, PublicKeyToken=null'. Using the type defined in 'E:\openbroadcaster\Core\Models\AppSettings.cs'. [E:\openbroadcaster\OpenBroadcaster_2xmz1yr1_wpftmp.csproj]
E:\openbroadcaster\Core\Models\AppSettings.cs(98,37): warning CS0436: The type 'EncoderProfile' in 'E:\openbroadcaster\Core\Models\EncoderProfile.cs' conflicts with the imported type 'EncoderProfile' in 'OpenBroadcaster.Core, Version=0.0.0.0, Culture=neutral, PublicKeyToken=null'. Using the type defined in 'E:\openbroadcaster\Core\Models\EncoderProfile.cs'. [E:\openbroadcaster\OpenBroadcaster_2xmz1yr1_wpftmp.csproj]
E:\openbroadcaster\ViewModels\MainViewModel.cs(1719,39): warning CS0436: The type 'CartPad' in 'E:\openbroadcaster\Core\Models\CartPad.cs' conflicts with the imported type 'CartPad' in 'OpenBroadcaster.Core, Version=0.0.0.0, Culture=neutral, PublicKeyToken=null'. Using the type defined in 'E:\openbroadcaster\Core\Models\CartPad.cs'. [E:\openbroadcaster\OpenBroadcaster_2xmz1yr1_wpftmp.csproj]
E:\openbroadcaster\ViewModels\MainViewModel.cs(1774,45): warning CS0436: The type 'QueueItem' in 'E:\openbroadcaster\Core\Models\QueueItem.cs' conflicts with the imported type 'QueueItem' in 'OpenBroadcaster.Core, Version=0.0.0.0, Culture=neutral, PublicKeyToken=null'. Using the type defined in 'E:\openbroadcaster\Core\Models\QueueItem.cs'. [E:\openbroadcaster\OpenBroadcaster_2xmz1yr1_wpftmp.csproj]
E:\openbroadcaster\ViewModels\MainViewModel.cs(1791,63): warning CS0436: The type 'QueueItem' in 'E:\openbroadcaster\Core\Models\QueueItem.cs' conflicts with the imported type 'QueueItem' in 'OpenBroadcaster.Core, Version=0.0.0.0, Culture=neutral, PublicKeyToken=null'. Using the type defined in 'E:\openbroadcaster\Core\Models\QueueItem.cs'. [E:\openbroadcaster\OpenBroadcaster_2xmz1yr1_wpftmp.csproj]
E:\openbroadcaster\Core\Models\AppSettings.cs(120,16): warning CS0436: The type 'OverlaySettings' in 'E:\openbroadcaster\Core\Models\AppSettings.cs' conflicts with the imported type 'OverlaySettings' in 'OpenBroadcaster.Core, Version=0.0.0.0, Culture=neutral, PublicKeyToken=null'. Using the type defined in 'E:\openbroadcaster\Core\Models\AppSettings.cs'. [E:\openbroadcaster\OpenBroadcaster_2xmz1yr1_wpftmp.csproj]
E:\openbroadcaster\ViewModels\MainViewModel.cs(2101,39): warning CS0436: The type 'AppSettings' in 'E:\openbroadcaster\Core\Models\AppSettings.cs' conflicts with the imported type 'AppSettings' in 'OpenBroadcaster.Core, Version=0.0.0.0, Culture=neutral, PublicKeyToken=null'. Using the type defined in 'E:\openbroadcaster\Core\Models\AppSettings.cs'. [E:\openbroadcaster\OpenBroadcaster_2xmz1yr1_wpftmp.csproj]
E:\openbroadcaster\ViewModels\MainViewModel.cs(2101,62): warning CS0436: The type 'AppSettings' in 'E:\openbroadcaster\Core\Models\AppSettings.cs' conflicts with the imported type 'AppSettings' in 'OpenBroadcaster.Core, Version=0.0.0.0, Culture=neutral, PublicKeyToken=null'. Using the type defined in 'E:\openbroadcaster\Core\Models\AppSettings.cs'. [E:\openbroadcaster\OpenBroadcaster_2xmz1yr1_wpftmp.csproj]
E:\openbroadcaster\Core\Models\AppSettings.cs(140,37): warning CS0436: The type 'ClockwheelSlotSettings' in 'E:\openbroadcaster\Core\Models\AppSettings.cs' conflicts with the imported type 'ClockwheelSlotSettings' in 'OpenBroadcaster.Core, Version=0.0.0.0, Culture=neutral, PublicKeyToken=null'. Using the type defined in 'E:\openbroadcaster\Core\Models\AppSettings.cs'. [E:\openbroadcaster\OpenBroadcaster_2xmz1yr1_wpftmp.csproj]
E:\openbroadcaster\ViewModels\MainViewModel.cs(2183,41): warning CS0436: The type 'QueueSettings' in 'E:\openbroadcaster\Core\Models\AppSettings.cs' conflicts with the imported type 'QueueSettings' in 'OpenBroadcaster.Core, Version=0.0.0.0, Culture=neutral, PublicKeyToken=null'. Using the type defined in 'E:\openbroadcaster\Core\Models\AppSettings.cs'. [E:\openbroadcaster\OpenBroadcaster_2xmz1yr1_wpftmp.csproj]
E:\openbroadcaster\Core\Models\AppSettings.cs(141,37): warning CS0436: The type 'RotationDefinitionSettings' in 'E:\openbroadcaster\Core\Models\AppSettings.cs' conflicts with the imported type 'RotationDefinitionSettings' in 'OpenBroadcaster.Core, Version=0.0.0.0, Culture=neutral, PublicKeyToken=null'. Using the type defined in 'E:\openbroadcaster\Core\Models\AppSettings.cs'. [E:\openbroadcaster\OpenBroadcaster_2xmz1yr1_wpftmp.csproj]
E:\openbroadcaster\Core\Models\AppSettings.cs(142,37): warning CS0436: The type 'RotationScheduleEntrySettings' in 'E:\openbroadcaster\Core\Models\AppSettings.cs' conflicts with the imported type 'RotationScheduleEntrySettings' in 'OpenBroadcaster.Core, Version=0.0.0.0, Culture=neutral, PublicKeyToken=null'. Using the type defined in 'E:\openbroadcaster\Core\Models\AppSettings.cs'. [E:\openbroadcaster\OpenBroadcaster_2xmz1yr1_wpftmp.csproj]
E:\openbroadcaster\ViewModels\MainViewModel.cs(2189,46): warning CS0436: The type 'AutomationSettings' in 'E:\openbroadcaster\Core\Models\AppSettings.cs' conflicts with the imported type 'AutomationSettings' in 'OpenBroadcaster.Core, Version=0.0.0.0, Culture=neutral, PublicKeyToken=null'. Using the type defined in 'E:\openbroadcaster\Core\Models\AppSettings.cs'. [E:\openbroadcaster\OpenBroadcaster_2xmz1yr1_wpftmp.csproj]
E:\openbroadcaster\ViewModels\MainViewModel.cs(2213,49): warning CS0436: The type 'AutomationSettings' in 'E:\openbroadcaster\Core\Models\AppSettings.cs' conflicts with the imported type 'AutomationSettings' in 'OpenBroadcaster.Core, Version=0.0.0.0, Culture=neutral, PublicKeyToken=null'. Using the type defined in 'E:\openbroadcaster\Core\Models\AppSettings.cs'. [E:\openbroadcaster\OpenBroadcaster_2xmz1yr1_wpftmp.csproj]
E:\openbroadcaster\ViewModels\MainViewModel.cs(2246,84): warning CS0436: The type 'ClockwheelSlotSettings' in 'E:\openbroadcaster\Core\Models\AppSettings.cs' conflicts with the imported type 'ClockwheelSlotSettings' in 'OpenBroadcaster.Core, Version=0.0.0.0, Culture=neutral, PublicKeyToken=null'. Using the type defined in 'E:\openbroadcaster\Core\Models\AppSettings.cs'. [E:\openbroadcaster\OpenBroadcaster_2xmz1yr1_wpftmp.csproj]
E:\openbroadcaster\ViewModels\MainViewModel.cs(2246,29): warning CS0436: The type 'ClockwheelSlot' in 'E:\openbroadcaster\Core\Automation\ClockwheelSlot.cs' conflicts with the imported type 'ClockwheelSlot' in 'OpenBroadcaster.Core, Version=0.0.0.0, Culture=neutral, PublicKeyToken=null'. Using the type defined in 'E:\openbroadcaster\Core\Automation\ClockwheelSlot.cs'. [E:\openbroadcaster\OpenBroadcaster_2xmz1yr1_wpftmp.csproj]
E:\openbroadcaster\Core\Models\AppSettings.cs(146,69): warning CS0436: The type 'SimpleRotation' in 'E:\openbroadcaster\Core\Automation\SimpleRotation.cs' conflicts with the imported type 'SimpleRotation' in 'OpenBroadcaster.Core, Version=0.0.0.0, Culture=neutral, PublicKeyToken=null'. Using the type defined in 'E:\openbroadcaster\Core\Automation\SimpleRotation.cs'. [E:\openbroadcaster\OpenBroadcaster_2xmz1yr1_wpftmp.csproj]
E:\openbroadcaster\Core\Models\AppSettings.cs(147,69): warning CS0436: The type 'SimpleSchedulerEntry' in 'E:\openbroadcaster\Core\Automation\SimpleRotation.cs' conflicts with the imported type 'SimpleSchedulerEntry' in 'OpenBroadcaster.Core, Version=0.0.0.0, Culture=neutral, PublicKeyToken=null'. Using the type defined in 'E:\openbroadcaster\Core\Automation\SimpleRotation.cs'. [E:\openbroadcaster\OpenBroadcaster_2xmz1yr1_wpftmp.csproj]
E:\openbroadcaster\Core\Models\AppSettings.cs(150,16): warning CS0436: The type 'TohSettings' in 'E:\openbroadcaster\Core\Models\TohSettings.cs' conflicts with the imported type 'TohSettings' in 'OpenBroadcaster.Core, Version=0.0.0.0, Culture=neutral, PublicKeyToken=null'. Using the type defined in 'E:\openbroadcaster\Core\Models\TohSettings.cs'. [E:\openbroadcaster\OpenBroadcaster_2xmz1yr1_wpftmp.csproj]
E:\openbroadcaster\Core\Models\AppSettings.cs(152,16): warning CS0436: The type 'AutomationSettings' in 'E:\openbroadcaster\Core\Models\AppSettings.cs' conflicts with the imported type 'AutomationSettings' in 'OpenBroadcaster.Core, Version=0.0.0.0, Culture=neutral, PublicKeyToken=null'. Using the type defined in 'E:\openbroadcaster\Core\Models\AppSettings.cs'. [E:\openbroadcaster\OpenBroadcaster_2xmz1yr1_wpftmp.csproj]
E:\openbroadcaster\ViewModels\MainViewModel.cs(2275,80): warning CS0436: The type 'RotationDefinitionSettings' in 'E:\openbroadcaster\Core\Models\AppSettings.cs' conflicts with the imported type 'RotationDefinitionSettings' in 'OpenBroadcaster.Core, Version=0.0.0.0, Culture=neutral, PublicKeyToken=null'. Using the type defined in 'E:\openbroadcaster\Core\Models\AppSettings.cs'. [E:\openbroadcaster\OpenBroadcaster_2xmz1yr1_wpftmp.csproj]
E:\openbroadcaster\ViewModels\MainViewModel.cs(2275,29): warning CS0436: The type 'RotationProgram' in 'E:\openbroadcaster\Core\Automation\RotationProgram.cs' conflicts with the imported type 'RotationProgram' in 'OpenBroadcaster.Core, Version=0.0.0.0, Culture=neutral, PublicKeyToken=null'. Using the type defined in 'E:\openbroadcaster\Core\Automation\RotationProgram.cs'. [E:\openbroadcaster\OpenBroadcaster_2xmz1yr1_wpftmp.csproj]
E:\openbroadcaster\ViewModels\MainViewModel.cs(2306,86): warning CS0436: The type 'RotationScheduleEntrySettings' in 'E:\openbroadcaster\Core\Models\AppSettings.cs' conflicts with the imported type 'RotationScheduleEntrySettings' in 'OpenBroadcaster.Core, Version=0.0.0.0, Culture=neutral, PublicKeyToken=null'. Using the type defined in 'E:\openbroadcaster\Core\Models\AppSettings.cs'. [E:\openbroadcaster\OpenBroadcaster_2xmz1yr1_wpftmp.csproj]
E:\openbroadcaster\ViewModels\MainViewModel.cs(2306,29): warning CS0436: The type 'RotationScheduleEntry' in 'E:\openbroadcaster\Core\Automation\RotationProgram.cs' conflicts with the imported type 'RotationScheduleEntry' in 'OpenBroadcaster.Core, Version=0.0.0.0, Culture=neutral, PublicKeyToken=null'. Using the type defined in 'E:\openbroadcaster\Core\Automation\RotationProgram.cs'. [E:\openbroadcaster\OpenBroadcaster_2xmz1yr1_wpftmp.csproj]
E:\openbroadcaster\Core\Models\AppSettings.cs(172,37): warning CS0436: The type 'ClockwheelSlotSettings' in 'E:\openbroadcaster\Core\Models\AppSettings.cs' conflicts with the imported type 'ClockwheelSlotSettings' in 'OpenBroadcaster.Core, Version=0.0.0.0, Culture=neutral, PublicKeyToken=null'. Using the type defined in 'E:\openbroadcaster\Core\Models\AppSettings.cs'. [E:\openbroadcaster\OpenBroadcaster_2xmz1yr1_wpftmp.csproj]
E:\openbroadcaster\ViewModels\MainViewModel.cs(2332,43): warning CS0436: The type 'RequestSettings' in 'E:\openbroadcaster\Core\Models\AppSettings.cs' conflicts with the imported type 'RequestSettings' in 'OpenBroadcaster.Core, Version=0.0.0.0, Culture=neutral, PublicKeyToken=null'. Using the type defined in 'E:\openbroadcaster\Core\Models\AppSettings.cs'. [E:\openbroadcaster\OpenBroadcaster_2xmz1yr1_wpftmp.csproj]
E:\openbroadcaster\Core\Models\AppSettings.cs(174,16): warning CS0436: The type 'RotationDefinitionSettings' in 'E:\openbroadcaster\Core\Models\AppSettings.cs' conflicts with the imported type 'RotationDefinitionSettings' in 'OpenBroadcaster.Core, Version=0.0.0.0, Culture=neutral, PublicKeyToken=null'. Using the type defined in 'E:\openbroadcaster\Core\Models\AppSettings.cs'. [E:\openbroadcaster\OpenBroadcaster_2xmz1yr1_wpftmp.csproj]
E:\openbroadcaster\Core\Automation\RotationProgram.cs(16,30): warning CS0436: The type 'ClockwheelSlot' in 'E:\openbroadcaster\Core\Automation\ClockwheelSlot.cs' conflicts with the imported type 'ClockwheelSlot' in 'OpenBroadcaster.Core, Version=0.0.0.0, Culture=neutral, PublicKeyToken=null'. Using the type defined in 'E:\openbroadcaster\Core\Automation\ClockwheelSlot.cs'. [E:\openbroadcaster\OpenBroadcaster_2xmz1yr1_wpftmp.csproj]
E:\openbroadcaster\Core\Automation\RotationProgram.cs(9,57): warning CS0436: The type 'ClockwheelSlot' in 'E:\openbroadcaster\Core\Automation\ClockwheelSlot.cs' conflicts with the imported type 'ClockwheelSlot' in 'OpenBroadcaster.Core, Version=0.0.0.0, Culture=neutral, PublicKeyToken=null'. Using the type defined in 'E:\openbroadcaster\Core\Automation\ClockwheelSlot.cs'. [E:\openbroadcaster\OpenBroadcaster_2xmz1yr1_wpftmp.csproj]
E:\openbroadcaster\Core\Automation\SimpleAutoDJService.cs(15,26): warning CS0436: The type 'SimpleScheduler' in 'E:\openbroadcaster\Core\Automation\SimpleScheduler.cs' conflicts with the imported type 'SimpleScheduler' in 'OpenBroadcaster.Core, Version=0.0.0.0, Culture=neutral, PublicKeyToken=null'. Using the type defined in 'E:\openbroadcaster\Core\Automation\SimpleScheduler.cs'. [E:\openbroadcaster\OpenBroadcaster_2xmz1yr1_wpftmp.csproj]
E:\openbroadcaster\Core\Automation\SimpleAutoDJService.cs(16,26): warning CS0436: The type 'SimpleRotationEngine' in 'E:\openbroadcaster\Core\Automation\SimpleRotationEngine.cs' conflicts with the imported type 'SimpleRotationEngine' in 'OpenBroadcaster.Core, Version=0.0.0.0, Culture=neutral, PublicKeyToken=null'. Using the type defined in 'E:\openbroadcaster\Core\Automation\SimpleRotationEngine.cs'. [E:\openbroadcaster\OpenBroadcaster_2xmz1yr1_wpftmp.csproj]
E:\openbroadcaster\Core\Automation\SimpleAutoDJService.cs(17,26): warning CS0436: The type 'IQueueService' in 'E:\openbroadcaster\Core\Services\IQueueService.cs' conflicts with the imported type 'IQueueService' in 'OpenBroadcaster.Core, Version=0.0.0.0, Culture=neutral, PublicKeyToken=null'. Using the type defined in 'E:\openbroadcaster\Core\Services\IQueueService.cs'. [E:\openbroadcaster\OpenBroadcaster_2xmz1yr1_wpftmp.csproj]
E:\openbroadcaster\Core\Automation\SimpleAutoDJService.cs(18,26): warning CS0436: The type 'IPlayerStatusService' in 'E:\openbroadcaster\Core\Services\IPlayerStatusService.cs' conflicts with the imported type 'IPlayerStatusService' in 'OpenBroadcaster.Core, Version=0.0.0.0, Culture=neutral, PublicKeyToken=null'. Using the type defined in 'E:\openbroadcaster\Core\Services\IPlayerStatusService.cs'. [E:\openbroadcaster\OpenBroadcaster_2xmz1yr1_wpftmp.csproj]
E:\openbroadcaster\Core\Automation\SimpleAutoDJService.cs(19,34): warning CS0436: The type 'SimpleAutoDJService' in 'E:\openbroadcaster\Core\Automation\SimpleAutoDJService.cs' conflicts with the imported type 'SimpleAutoDJService' in 'OpenBroadcaster.Core, Version=0.0.0.0, Culture=neutral, PublicKeyToken=null'. Using the type defined in 'E:\openbroadcaster\Core\Automation\SimpleAutoDJService.cs'. [E:\openbroadcaster\OpenBroadcaster_2xmz1yr1_wpftmp.csproj]
E:\openbroadcaster\Core\Automation\SimpleAutoDJService.cs(56,13): warning CS0436: The type 'SimpleScheduler' in 'E:\openbroadcaster\Core\Automation\SimpleScheduler.cs' conflicts with the imported type 'SimpleScheduler' in 'OpenBroadcaster.Core, Version=0.0.0.0, Culture=neutral, PublicKeyToken=null'. Using the type defined in 'E:\openbroadcaster\Core\Automation\SimpleScheduler.cs'. [E:\openbroadcaster\OpenBroadcaster_2xmz1yr1_wpftmp.csproj]
E:\openbroadcaster\Core\Automation\SimpleAutoDJService.cs(57,13): warning CS0436: The type 'SimpleRotationEngine' in 'E:\openbroadcaster\Core\Automation\SimpleRotationEngine.cs' conflicts with the imported type 'SimpleRotationEngine' in 'OpenBroadcaster.Core, Version=0.0.0.0, Culture=neutral, PublicKeyToken=null'. Using the type defined in 'E:\openbroadcaster\Core\Automation\SimpleRotationEngine.cs'. [E:\openbroadcaster\OpenBroadcaster_2xmz1yr1_wpftmp.csproj]
E:\openbroadcaster\Core\Automation\SimpleAutoDJService.cs(58,13): warning CS0436: The type 'IQueueService' in 'E:\openbroadcaster\Core\Services\IQueueService.cs' conflicts with the imported type 'IQueueService' in 'OpenBroadcaster.Core, Version=0.0.0.0, Culture=neutral, PublicKeyToken=null'. Using the type defined in 'E:\openbroadcaster\Core\Services\IQueueService.cs'. [E:\openbroadcaster\OpenBroadcaster_2xmz1yr1_wpftmp.csproj]
E:\openbroadcaster\Core\Automation\SimpleAutoDJService.cs(59,13): warning CS0436: The type 'IPlayerStatusService' in 'E:\openbroadcaster\Core\Services\IPlayerStatusService.cs' conflicts with the imported type 'IPlayerStatusService' in 'OpenBroadcaster.Core, Version=0.0.0.0, Culture=neutral, PublicKeyToken=null'. Using the type defined in 'E:\openbroadcaster\Core\Services\IPlayerStatusService.cs'. [E:\openbroadcaster\OpenBroadcaster_2xmz1yr1_wpftmp.csproj]
E:\openbroadcaster\Core\Automation\SimpleRotation.cs(13,21): warning CS0436: The type 'SimpleRotationSlot' in 'E:\openbroadcaster\Core\Automation\SimpleRotation.cs' conflicts with the imported type 'SimpleRotationSlot' in 'OpenBroadcaster.Core, Version=0.0.0.0, Culture=neutral, PublicKeyToken=null'. Using the type defined in 'E:\openbroadcaster\Core\Automation\SimpleRotation.cs'. [E:\openbroadcaster\OpenBroadcaster_2xmz1yr1_wpftmp.csproj]
E:\openbroadcaster\Core\Automation\SimpleRotationEngine.cs(33,44): warning CS0436: The type 'SimpleRotation' in 'E:\openbroadcaster\Core\Automation\SimpleRotation.cs' conflicts with the imported type 'SimpleRotation' in 'OpenBroadcaster.Core, Version=0.0.0.0, Culture=neutral, PublicKeyToken=null'. Using the type defined in 'E:\openbroadcaster\Core\Automation\SimpleRotation.cs'. [E:\openbroadcaster\OpenBroadcaster_2xmz1yr1_wpftmp.csproj]
E:\openbroadcaster\Core\Automation\SimpleRotationEngine.cs(33,24): warning CS0436: The type 'Media' in 'E:\openbroadcaster\Core\Models\Media.cs' conflicts with the imported type 'Media' in 'OpenBroadcaster.Core, Version=0.0.0.0, Culture=neutral, PublicKeyToken=null'. Using the type defined in 'E:\openbroadcaster\Core\Models\Media.cs'. [E:\openbroadcaster\OpenBroadcaster_2xmz1yr1_wpftmp.csproj]
E:\openbroadcaster\Core\Automation\SimpleRotationEngine.cs(16,26): warning CS0436: The type 'ILibraryService' in 'E:\openbroadcaster\Core\Services\ILibraryService.cs' conflicts with the imported type 'ILibraryService' in 'OpenBroadcaster.Core, Version=0.0.0.0, Culture=neutral, PublicKeyToken=null'. Using the type defined in 'E:\openbroadcaster\Core\Services\ILibraryService.cs'. [E:\openbroadcaster\OpenBroadcaster_2xmz1yr1_wpftmp.csproj]
E:\openbroadcaster\Core\Automation\SimpleRotationEngine.cs(17,34): warning CS0436: The type 'SimpleRotationEngine' in 'E:\openbroadcaster\Core\Automation\SimpleRotationEngine.cs' conflicts with the imported type 'SimpleRotationEngine' in 'OpenBroadcaster.Core, Version=0.0.0.0, Culture=neutral, PublicKeyToken=null'. Using the type defined in 'E:\openbroadcaster\Core\Automation\SimpleRotationEngine.cs'. [E:\openbroadcaster\OpenBroadcaster_2xmz1yr1_wpftmp.csproj]
E:\openbroadcaster\Core\Automation\SimpleRotationEngine.cs(20,37): warning CS0436: The type 'ILibraryService' in 'E:\openbroadcaster\Core\Services\ILibraryService.cs' conflicts with the imported type 'ILibraryService' in 'OpenBroadcaster.Core, Version=0.0.0.0, Culture=neutral, PublicKeyToken=null'. Using the type defined in 'E:\openbroadcaster\Core\Services\ILibraryService.cs'. [E:\openbroadcaster\OpenBroadcaster_2xmz1yr1_wpftmp.csproj]
E:\openbroadcaster\Core\Automation\SimpleScheduler.cs(44,24): warning CS0436: The type 'SimpleRotation' in 'E:\openbroadcaster\Core\Automation\SimpleRotation.cs' conflicts with the imported type 'SimpleRotation' in 'OpenBroadcaster.Core, Version=0.0.0.0, Culture=neutral, PublicKeyToken=null'. Using the type defined in 'E:\openbroadcaster\Core\Automation\SimpleRotation.cs'. [E:\openbroadcaster\OpenBroadcaster_2xmz1yr1_wpftmp.csproj]
E:\openbroadcaster\Core\Automation\SimpleScheduler.cs(12,26): warning CS0436: The type 'AutoDjSettingsService' in 'E:\openbroadcaster\Core\Services\AutoDjSettingsService.cs' conflicts with the imported type 'AutoDjSettingsService' in 'OpenBroadcaster.Core, Version=0.0.0.0, Culture=neutral, PublicKeyToken=null'. Using the type defined in 'E:\openbroadcaster\Core\Services\AutoDjSettingsService.cs'. [E:\openbroadcaster\OpenBroadcaster_2xmz1yr1_wpftmp.csproj]
E:\openbroadcaster\Core\Automation\SimpleScheduler.cs(14,32): warning CS0436: The type 'AutoDjSettingsService' in 'E:\openbroadcaster\Core\Services\AutoDjSettingsService.cs' conflicts with the imported type 'AutoDjSettingsService' in 'OpenBroadcaster.Core, Version=0.0.0.0, Culture=neutral, PublicKeyToken=null'. Using the type defined in 'E:\openbroadcaster\Core\Services\AutoDjSettingsService.cs'. [E:\openbroadcaster\OpenBroadcaster_2xmz1yr1_wpftmp.csproj]
E:\openbroadcaster\Core\Services\SimpleAutoDjService.cs(44,30): warning CS0436: The type 'SimpleRotation' in 'E:\openbroadcaster\Core\Automation\SimpleRotation.cs' conflicts with the imported type 'SimpleRotation' in 'OpenBroadcaster.Core, Version=0.0.0.0, Culture=neutral, PublicKeyToken=null'. Using the type defined in 'E:\openbroadcaster\Core\Automation\SimpleRotation.cs'. [E:\openbroadcaster\OpenBroadcaster_2xmz1yr1_wpftmp.csproj]
E:\openbroadcaster\Core\Services\SimpleAutoDjService.cs(234,73): warning CS0436: The type 'SimpleRotation' in 'E:\openbroadcaster\Core\Automation\SimpleRotation.cs' conflicts with the imported type 'SimpleRotation' in 'OpenBroadcaster.Core, Version=0.0.0.0, Culture=neutral, PublicKeyToken=null'. Using the type defined in 'E:\openbroadcaster\Core\Automation\SimpleRotation.cs'. [E:\openbroadcaster\OpenBroadcaster_2xmz1yr1_wpftmp.csproj]
E:\openbroadcaster\Core\Services\SimpleAutoDjService.cs(235,74): warning CS0436: The type 'SimpleSchedulerEntry' in 'E:\openbroadcaster\Core\Automation\SimpleRotation.cs' conflicts with the imported type 'SimpleSchedulerEntry' in 'OpenBroadcaster.Core, Version=0.0.0.0, Culture=neutral, PublicKeyToken=null'. Using the type defined in 'E:\openbroadcaster\Core\Automation\SimpleRotation.cs'. [E:\openbroadcaster\OpenBroadcaster_2xmz1yr1_wpftmp.csproj]
E:\openbroadcaster\Core\Services\SimpleAutoDjService.cs(460,21): warning CS0436: The type 'Track' in 'E:\openbroadcaster\Core\Models\Track.cs' conflicts with the imported type 'Track' in 'OpenBroadcaster.Core, Version=0.0.0.0, Culture=neutral, PublicKeyToken=null'. Using the type defined in 'E:\openbroadcaster\Core\Models\Track.cs'. [E:\openbroadcaster\OpenBroadcaster_2xmz1yr1_wpftmp.csproj]
E:\openbroadcaster\Core\Services\SimpleAutoDjService.cs(506,17): warning CS0436: The type 'Track' in 'E:\openbroadcaster\Core\Models\Track.cs' conflicts with the imported type 'Track' in 'OpenBroadcaster.Core, Version=0.0.0.0, Culture=neutral, PublicKeyToken=null'. Using the type defined in 'E:\openbroadcaster\Core\Models\Track.cs'. [E:\openbroadcaster\OpenBroadcaster_2xmz1yr1_wpftmp.csproj]
E:\openbroadcaster\Core\Services\SimpleAutoDjService.cs(577,17): warning CS0436: The type 'SimpleRotation' in 'E:\openbroadcaster\Core\Automation\SimpleRotation.cs' conflicts with the imported type 'SimpleRotation' in 'OpenBroadcaster.Core, Version=0.0.0.0, Culture=neutral, PublicKeyToken=null'. Using the type defined in 'E:\openbroadcaster\Core\Automation\SimpleRotation.cs'. [E:\openbroadcaster\OpenBroadcaster_2xmz1yr1_wpftmp.csproj]
E:\openbroadcaster\Core\Services\SimpleAutoDjService.cs(622,59): warning CS0436: The type 'SimpleRotation' in 'E:\openbroadcaster\Core\Automation\SimpleRotation.cs' conflicts with the imported type 'SimpleRotation' in 'OpenBroadcaster.Core, Version=0.0.0.0, Culture=neutral, PublicKeyToken=null'. Using the type defined in 'E:\openbroadcaster\Core\Automation\SimpleRotation.cs'. [E:\openbroadcaster\OpenBroadcaster_2xmz1yr1_wpftmp.csproj]
E:\openbroadcaster\Core\Services\SimpleAutoDjService.cs(622,22): warning CS0436: The type 'SimpleRotationSlot' in 'E:\openbroadcaster\Core\Automation\SimpleRotation.cs' conflicts with the imported type 'SimpleRotationSlot' in 'OpenBroadcaster.Core, Version=0.0.0.0, Culture=neutral, PublicKeyToken=null'. Using the type defined in 'E:\openbroadcaster\Core\Automation\SimpleRotation.cs'. [E:\openbroadcaster\OpenBroadcaster_2xmz1yr1_wpftmp.csproj]
E:\openbroadcaster\Core\Services\SimpleAutoDjService.cs(649,44): warning CS0436: The type 'SimpleRotationSlot' in 'E:\openbroadcaster\Core\Automation\SimpleRotation.cs' conflicts with the imported type 'SimpleRotationSlot' in 'OpenBroadcaster.Core, Version=0.0.0.0, Culture=neutral, PublicKeyToken=null'. Using the type defined in 'E:\openbroadcaster\Core\Automation\SimpleRotation.cs'. [E:\openbroadcaster\OpenBroadcaster_2xmz1yr1_wpftmp.csproj]
E:\openbroadcaster\Core\Services\SimpleAutoDjService.cs(649,17): warning CS0436: The type 'Track' in 'E:\openbroadcaster\Core\Models\Track.cs' conflicts with the imported type 'Track' in 'OpenBroadcaster.Core, Version=0.0.0.0, Culture=neutral, PublicKeyToken=null'. Using the type defined in 'E:\openbroadcaster\Core\Models\Track.cs'. [E:\openbroadcaster\OpenBroadcaster_2xmz1yr1_wpftmp.csproj]
E:\openbroadcaster\Core\Services\SimpleAutoDjService.cs(21,26): warning CS0436: The type 'QueueService' in 'E:\openbroadcaster\Core\Services\QueueService.cs' conflicts with the imported type 'QueueService' in 'OpenBroadcaster.Core, Version=0.0.0.0, Culture=neutral, PublicKeyToken=null'. Using the type defined in 'E:\openbroadcaster\Core\Services\QueueService.cs'. [E:\openbroadcaster\OpenBroadcaster_2xmz1yr1_wpftmp.csproj]
E:\openbroadcaster\Core\Services\SimpleAutoDjService.cs(22,26): warning CS0436: The type 'LibraryService' in 'E:\openbroadcaster\Core\Services\LibraryService.cs' conflicts with the imported type 'LibraryService' in 'OpenBroadcaster.Core, Version=0.0.0.0, Culture=neutral, PublicKeyToken=null'. Using the type defined in 'E:\openbroadcaster\Core\Services\LibraryService.cs'. [E:\openbroadcaster\OpenBroadcaster_2xmz1yr1_wpftmp.csproj]
E:\openbroadcaster\Core\Services\SimpleAutoDjService.cs(23,31): warning CS0436: The type 'SimpleRotation' in 'E:\openbroadcaster\Core\Automation\SimpleRotation.cs' conflicts with the imported type 'SimpleRotation' in 'OpenBroadcaster.Core, Version=0.0.0.0, Culture=neutral, PublicKeyToken=null'. Using the type defined in 'E:\openbroadcaster\Core\Automation\SimpleRotation.cs'. [E:\openbroadcaster\OpenBroadcaster_2xmz1yr1_wpftmp.csproj]
E:\openbroadcaster\Core\Services\SimpleAutoDjService.cs(24,31): warning CS0436: The type 'SimpleSchedulerEntry' in 'E:\openbroadcaster\Core\Automation\SimpleRotation.cs' conflicts with the imported type 'SimpleSchedulerEntry' in 'OpenBroadcaster.Core, Version=0.0.0.0, Culture=neutral, PublicKeyToken=null'. Using the type defined in 'E:\openbroadcaster\Core\Automation\SimpleRotation.cs'. [E:\openbroadcaster\OpenBroadcaster_2xmz1yr1_wpftmp.csproj]
E:\openbroadcaster\Core\Services\SimpleAutoDjService.cs(28,34): warning CS0436: The type 'SimpleAutoDjService' in 'E:\openbroadcaster\Core\Services\SimpleAutoDjService.cs' conflicts with the imported type 'SimpleAutoDjService' in 'OpenBroadcaster.Core, Version=0.0.0.0, Culture=neutral, PublicKeyToken=null'. Using the type defined in 'E:\openbroadcaster\Core\Services\SimpleAutoDjService.cs'. [E:\openbroadcaster\OpenBroadcaster_2xmz1yr1_wpftmp.csproj]
E:\openbroadcaster\Core\Models\AppSettings.cs(190,16): warning CS0436: The type 'RotationScheduleEntrySettings' in 'E:\openbroadcaster\Core\Models\AppSettings.cs' conflicts with the imported type 'RotationScheduleEntrySettings' in 'OpenBroadcaster.Core, Version=0.0.0.0, Culture=neutral, PublicKeyToken=null'. Using the type defined in 'E:\openbroadcaster\Core\Models\AppSettings.cs'. [E:\openbroadcaster\OpenBroadcaster_2xmz1yr1_wpftmp.csproj]
E:\openbroadcaster\ViewModels\MainViewModel.cs(2338,49): warning CS0436: The type 'AppSettings' in 'E:\openbroadcaster\Core\Models\AppSettings.cs' conflicts with the imported type 'AppSettings' in 'OpenBroadcaster.Core, Version=0.0.0.0, Culture=neutral, PublicKeyToken=null'. Using the type defined in 'E:\openbroadcaster\Core\Models\AppSettings.cs'. [E:\openbroadcaster\OpenBroadcaster_2xmz1yr1_wpftmp.csproj]
E:\openbroadcaster\Core\Services\SimpleAutoDjService.cs(36,49): warning CS0436: The type 'Track' in 'E:\openbroadcaster\Core\Models\Track.cs' conflicts with the imported type 'Track' in 'OpenBroadcaster.Core, Version=0.0.0.0, Culture=neutral, PublicKeyToken=null'. Using the type defined in 'E:\openbroadcaster\Core\Models\Track.cs'. [E:\openbroadcaster\OpenBroadcaster_2xmz1yr1_wpftmp.csproj]
E:\openbroadcaster\Core\Models\AppSettings.cs(207,16): warning CS0436: The type 'ClockwheelSlot' in 'E:\openbroadcaster\Core\Automation\ClockwheelSlot.cs' conflicts with the imported type 'ClockwheelSlot' in 'OpenBroadcaster.Core, Version=0.0.0.0, Culture=neutral, PublicKeyToken=null'. Using the type defined in 'E:\openbroadcaster\Core\Automation\ClockwheelSlot.cs'. [E:\openbroadcaster\OpenBroadcaster_2xmz1yr1_wpftmp.csproj]
E:\openbroadcaster\Core\Models\AppSettings.cs(219,16): warning CS0436: The type 'ClockwheelSlotSettings' in 'E:\openbroadcaster\Core\Models\AppSettings.cs' conflicts with the imported type 'ClockwheelSlotSettings' in 'OpenBroadcaster.Core, Version=0.0.0.0, Culture=neutral, PublicKeyToken=null'. Using the type defined in 'E:\openbroadcaster\Core\Models\AppSettings.cs'. [E:\openbroadcaster\OpenBroadcaster_2xmz1yr1_wpftmp.csproj]
E:\openbroadcaster\ViewModels\MainViewModel.cs(2396,59): warning CS0436: The type 'DeckStateChangedEvent' in 'E:\openbroadcaster\Core\Messaging\Events\DeckStateChangedEvent.cs' conflicts with the imported type 'DeckStateChangedEvent' in 'OpenBroadcaster.Core, Version=0.0.0.0, Culture=neutral, PublicKeyToken=null'. Using the type defined in 'E:\openbroadcaster\Core\Messaging\Events\DeckStateChangedEvent.cs'. [E:\openbroadcaster\OpenBroadcaster_2xmz1yr1_wpftmp.csproj]
E:\openbroadcaster\ViewModels\MainViewModel.cs(2448,17): warning CS0436: The type 'DeckStateChangedEvent' in 'E:\openbroadcaster\Core\Messaging\Events\DeckStateChangedEvent.cs' conflicts with the imported type 'DeckStateChangedEvent' in 'OpenBroadcaster.Core, Version=0.0.0.0, Culture=neutral, PublicKeyToken=null'. Using the type defined in 'E:\openbroadcaster\Core\Messaging\Events\DeckStateChangedEvent.cs'. [E:\openbroadcaster\OpenBroadcaster_2xmz1yr1_wpftmp.csproj]
E:\openbroadcaster\Core\Services\SimpleAutoDjService.cs(38,17): warning CS0436: The type 'Track' in 'E:\openbroadcaster\Core\Models\Track.cs' conflicts with the imported type 'Track' in 'OpenBroadcaster.Core, Version=0.0.0.0, Culture=neutral, PublicKeyToken=null'. Using the type defined in 'E:\openbroadcaster\Core\Models\Track.cs'. [E:\openbroadcaster\OpenBroadcaster_2xmz1yr1_wpftmp.csproj]
E:\openbroadcaster\Core\Models\AppSettings.cs(236,16): warning CS0436: The type 'RequestSettings' in 'E:\openbroadcaster\Core\Models\AppSettings.cs' conflicts with the imported type 'RequestSettings' in 'OpenBroadcaster.Core, Version=0.0.0.0, Culture=neutral, PublicKeyToken=null'. Using the type defined in 'E:\openbroadcaster\Core\Models\AppSettings.cs'. [E:\openbroadcaster\OpenBroadcaster_2xmz1yr1_wpftmp.csproj]
E:\openbroadcaster\ViewModels\MainViewModel.cs(2467,61): warning CS0436: The type 'EncoderStatusChangedEventArgs' in 'E:\openbroadcaster\Core\Streaming\EncoderState.cs' conflicts with the imported type 'EncoderStatusChangedEventArgs' in 'OpenBroadcaster.Core, Version=0.0.0.0, Culture=neutral, PublicKeyToken=null'. Using the type defined in 'E:\openbroadcaster\Core\Streaming\EncoderState.cs'. [E:\openbroadcaster\OpenBroadcaster_2xmz1yr1_wpftmp.csproj]
E:\openbroadcaster\ViewModels\MainViewModel.cs(2481,41): warning CS0436: The type 'EncoderStatus' in 'E:\openbroadcaster\Core\Streaming\EncoderState.cs' conflicts with the imported type 'EncoderStatus' in 'OpenBroadcaster.Core, Version=0.0.0.0, Culture=neutral, PublicKeyToken=null'. Using the type defined in 'E:\openbroadcaster\Core\Streaming\EncoderState.cs'. [E:\openbroadcaster\OpenBroadcaster_2xmz1yr1_wpftmp.csproj]
E:\openbroadcaster\ViewModels\MainViewModel.cs(2493,54): warning CS0436: The type 'EncoderStatus' in 'E:\openbroadcaster\Core\Streaming\EncoderState.cs' conflicts with the imported type 'EncoderStatus' in 'OpenBroadcaster.Core, Version=0.0.0.0, Culture=neutral, PublicKeyToken=null'. Using the type defined in 'E:\openbroadcaster\Core\Streaming\EncoderState.cs'. [E:\openbroadcaster\OpenBroadcaster_2xmz1yr1_wpftmp.csproj]
E:\openbroadcaster\Core\Services\SimpleAutoDjService.cs(47,13): warning CS0436: The type 'QueueService' in 'E:\openbroadcaster\Core\Services\QueueService.cs' conflicts with the imported type 'QueueService' in 'OpenBroadcaster.Core, Version=0.0.0.0, Culture=neutral, PublicKeyToken=null'. Using the type defined in 'E:\openbroadcaster\Core\Services\QueueService.cs'. [E:\openbroadcaster\OpenBroadcaster_2xmz1yr1_wpftmp.csproj]
E:\openbroadcaster\Core\Services\SimpleAutoDjService.cs(48,13): warning CS0436: The type 'LibraryService' in 'E:\openbroadcaster\Core\Services\LibraryService.cs' conflicts with the imported type 'LibraryService' in 'OpenBroadcaster.Core, Version=0.0.0.0, Culture=neutral, PublicKeyToken=null'. Using the type defined in 'E:\openbroadcaster\Core\Services\LibraryService.cs'. [E:\openbroadcaster\OpenBroadcaster_2xmz1yr1_wpftmp.csproj]
E:\openbroadcaster\Core\Services\SimpleAutoDjService.cs(49,18): warning CS0436: The type 'SimpleRotation' in 'E:\openbroadcaster\Core\Automation\SimpleRotation.cs' conflicts with the imported type 'SimpleRotation' in 'OpenBroadcaster.Core, Version=0.0.0.0, Culture=neutral, PublicKeyToken=null'. Using the type defined in 'E:\openbroadcaster\Core\Automation\SimpleRotation.cs'. [E:\openbroadcaster\OpenBroadcaster_2xmz1yr1_wpftmp.csproj]
E:\openbroadcaster\Core\Services\SimpleAutoDjService.cs(50,18): warning CS0436: The type 'SimpleSchedulerEntry' in 'E:\openbroadcaster\Core\Automation\SimpleRotation.cs' conflicts with the imported type 'SimpleSchedulerEntry' in 'OpenBroadcaster.Core, Version=0.0.0.0, Culture=neutral, PublicKeyToken=null'. Using the type defined in 'E:\openbroadcaster\Core\Automation\SimpleRotation.cs'. [E:\openbroadcaster\OpenBroadcaster_2xmz1yr1_wpftmp.csproj]
E:\openbroadcaster\Core\Services\SimpleAutoDjService.cs(53,21): warning CS0436: The type 'SimpleAutoDjService' in 'E:\openbroadcaster\Core\Services\SimpleAutoDjService.cs' conflicts with the imported type 'SimpleAutoDjService' in 'OpenBroadcaster.Core, Version=0.0.0.0, Culture=neutral, PublicKeyToken=null'. Using the type defined in 'E:\openbroadcaster\Core\Services\SimpleAutoDjService.cs'. [E:\openbroadcaster\OpenBroadcaster_2xmz1yr1_wpftmp.csproj]
E:\openbroadcaster\ViewModels\MainViewModel.cs(2551,58): warning CS0436: The type 'TwitchChatMessage' in 'E:\openbroadcaster\Core\Models\TwitchChatMessage.cs' conflicts with the imported type 'TwitchChatMessage' in 'OpenBroadcaster.Core, Version=0.0.0.0, Culture=neutral, PublicKeyToken=null'. Using the type defined in 'E:\openbroadcaster\Core\Models\TwitchChatMessage.cs'. [E:\openbroadcaster\OpenBroadcaster_2xmz1yr1_wpftmp.csproj]
E:\openbroadcaster\Core\Models\AppSettings.cs(282,16): warning CS0436: The type 'DirectServerSettings' in 'E:\openbroadcaster\Core\Models\AppSettings.cs' conflicts with the imported type 'DirectServerSettings' in 'OpenBroadcaster.Core, Version=0.0.0.0, Culture=neutral, PublicKeyToken=null'. Using the type defined in 'E:\openbroadcaster\Core\Models\AppSettings.cs'. [E:\openbroadcaster\OpenBroadcaster_2xmz1yr1_wpftmp.csproj]
E:\openbroadcaster\ViewModels\MainViewModel.cs(2607,40): warning CS0436: The type 'DeckIdentifier' in 'E:\openbroadcaster\Core\Models\DeckIdentifier.cs' conflicts with the imported type 'DeckIdentifier' in 'OpenBroadcaster.Core, Version=0.0.0.0, Culture=neutral, PublicKeyToken=null'. Using the type defined in 'E:\openbroadcaster\Core\Models\DeckIdentifier.cs'. [E:\openbroadcaster\OpenBroadcaster_2xmz1yr1_wpftmp.csproj]
E:\openbroadcaster\ViewModels\MainViewModel.cs(2678,51): warning CS0436: The type 'AudioSettings' in 'E:\openbroadcaster\Core\Models\AppSettings.cs' conflicts with the imported type 'AudioSettings' in 'OpenBroadcaster.Core, Version=0.0.0.0, Culture=neutral, PublicKeyToken=null'. Using the type defined in 'E:\openbroadcaster\Core\Models\AppSettings.cs'. [E:\openbroadcaster\OpenBroadcaster_2xmz1yr1_wpftmp.csproj]
E:\openbroadcaster\ViewModels\MainViewModel.cs(2678,69): warning CS0436: The type 'AudioSettings' in 'E:\openbroadcaster\Core\Models\AppSettings.cs' conflicts with the imported type 'AudioSettings' in 'OpenBroadcaster.Core, Version=0.0.0.0, Culture=neutral, PublicKeyToken=null'. Using the type defined in 'E:\openbroadcaster\Core\Models\AppSettings.cs'. [E:\openbroadcaster\OpenBroadcaster_2xmz1yr1_wpftmp.csproj]
E:\openbroadcaster\ViewModels\MainViewModel.cs(2703,51): warning CS0436: The type 'TwitchSettings' in 'E:\openbroadcaster\Core\Models\TwitchSettings.cs' conflicts with the imported type 'TwitchSettings' in 'OpenBroadcaster.Core, Version=0.0.0.0, Culture=neutral, PublicKeyToken=null'. Using the type defined in 'E:\openbroadcaster\Core\Models\TwitchSettings.cs'. [E:\openbroadcaster\OpenBroadcaster_2xmz1yr1_wpftmp.csproj]
E:\openbroadcaster\ViewModels\MainViewModel.cs(32,26): warning CS0436: The type 'QueueService' in 'E:\openbroadcaster\Core\Services\QueueService.cs' conflicts with the imported type 'QueueService' in 'OpenBroadcaster.Core, Version=0.0.0.0, Culture=neutral, PublicKeyToken=null'. Using the type defined in 'E:\openbroadcaster\Core\Services\QueueService.cs'. [E:\openbroadcaster\OpenBroadcaster_2xmz1yr1_wpftmp.csproj]
E:\openbroadcaster\ViewModels\MainViewModel.cs(33,26): warning CS0436: The type 'TransportService' in 'E:\openbroadcaster\Core\Services\TransportService.cs' conflicts with the imported type 'TransportService' in 'OpenBroadcaster.Core, Version=0.0.0.0, Culture=neutral, PublicKeyToken=null'. Using the type defined in 'E:\openbroadcaster\Core\Services\TransportService.cs'. [E:\openbroadcaster\OpenBroadcaster_2xmz1yr1_wpftmp.csproj]
E:\openbroadcaster\ViewModels\MainViewModel.cs(34,26): warning CS0436: The type 'AudioService' in 'E:\openbroadcaster\Core\Services\AudioService.cs' conflicts with the imported type 'AudioService' in 'OpenBroadcaster.Core, Version=0.0.0.0, Culture=neutral, PublicKeyToken=null'. Using the type defined in 'E:\openbroadcaster\Core\Services\AudioService.cs'. [E:\openbroadcaster\OpenBroadcaster_2xmz1yr1_wpftmp.csproj]
E:\openbroadcaster\ViewModels\MainViewModel.cs(35,26): warning CS0436: The type 'CartWallService' in 'E:\openbroadcaster\Core\Services\CartWallService.cs' conflicts with the imported type 'CartWallService' in 'OpenBroadcaster.Core, Version=0.0.0.0, Culture=neutral, PublicKeyToken=null'. Using the type defined in 'E:\openbroadcaster\Core\Services\CartWallService.cs'. [E:\openbroadcaster\OpenBroadcaster_2xmz1yr1_wpftmp.csproj]
E:\openbroadcaster\ViewModels\MainViewModel.cs(36,26): warning CS0436: The type 'LibraryService' in 'E:\openbroadcaster\Core\Services\LibraryService.cs' conflicts with the imported type 'LibraryService' in 'OpenBroadcaster.Core, Version=0.0.0.0, Culture=neutral, PublicKeyToken=null'. Using the type defined in 'E:\openbroadcaster\Core\Services\LibraryService.cs'. [E:\openbroadcaster\OpenBroadcaster_2xmz1yr1_wpftmp.csproj]
E:\openbroadcaster\ViewModels\MainViewModel.cs(37,26): warning CS0436: The type 'SimpleAutoDjService' in 'E:\openbroadcaster\Core\Services\SimpleAutoDjService.cs' conflicts with the imported type 'SimpleAutoDjService' in 'OpenBroadcaster.Core, Version=0.0.0.0, Culture=neutral, PublicKeyToken=null'. Using the type defined in 'E:\openbroadcaster\Core\Services\SimpleAutoDjService.cs'. [E:\openbroadcaster\OpenBroadcaster_2xmz1yr1_wpftmp.csproj]
E:\openbroadcaster\ViewModels\MainViewModel.cs(38,26): warning CS0436: The type 'TohSchedulerService' in 'E:\openbroadcaster\Core\Services\TohSchedulerService.cs' conflicts with the imported type 'TohSchedulerService' in 'OpenBroadcaster.Core, Version=0.0.0.0, Culture=neutral, PublicKeyToken=null'. Using the type defined in 'E:\openbroadcaster\Core\Services\TohSchedulerService.cs'. [E:\openbroadcaster\OpenBroadcaster_2xmz1yr1_wpftmp.csproj]
E:\openbroadcaster\ViewModels\MainViewModel.cs(39,26): warning CS0436: The type 'LoyaltyLedger' in 'E:\openbroadcaster\Core\Services\LoyaltyLedger.cs' conflicts with the imported type 'LoyaltyLedger' in 'OpenBroadcaster.Core, Version=0.0.0.0, Culture=neutral, PublicKeyToken=null'. Using the type defined in 'E:\openbroadcaster\Core\Services\LoyaltyLedger.cs'. [E:\openbroadcaster\OpenBroadcaster_2xmz1yr1_wpftmp.csproj]
E:\openbroadcaster\Core\Overlay\OverlayDataServer.cs(67,77): warning CS0436: The type 'Track' in 'E:\openbroadcaster\Core\Models\Track.cs' conflicts with the imported type 'Track' in 'OpenBroadcaster.Core, Version=0.0.0.0, Culture=neutral, PublicKeyToken=null'. Using the type defined in 'E:\openbroadcaster\Core\Models\Track.cs'. [E:\openbroadcaster\OpenBroadcaster_2xmz1yr1_wpftmp.csproj]
E:\openbroadcaster\Core\Models\Deck.cs(16,16): warning CS0436: The type 'QueueItem' in 'E:\openbroadcaster\Core\Models\QueueItem.cs' conflicts with the imported type 'QueueItem' in 'OpenBroadcaster.Core, Version=0.0.0.0, Culture=neutral, PublicKeyToken=null'. Using the type defined in 'E:\openbroadcaster\Core\Models\QueueItem.cs'. [E:\openbroadcaster\OpenBroadcaster_2xmz1yr1_wpftmp.csproj]
E:\openbroadcaster\Core\Overlay\OverlayDataServer.cs(75,67): warning CS0436: The type 'LibraryCategory' in 'E:\openbroadcaster\Core\Models\LibraryCategory.cs' conflicts with the imported type 'LibraryCategory' in 'OpenBroadcaster.Core, Version=0.0.0.0, Culture=neutral, PublicKeyToken=null'. Using the type defined in 'E:\openbroadcaster\Core\Models\LibraryCategory.cs'. [E:\openbroadcaster\OpenBroadcaster_2xmz1yr1_wpftmp.csproj]
E:\openbroadcaster\ViewModels\MainViewModel.cs(40,26): warning CS0436: The type 'AppSettingsStore' in 'E:\openbroadcaster\Core\Services\AppSettingsStore.cs' conflicts with the imported type 'AppSettingsStore' in 'OpenBroadcaster.Core, Version=0.0.0.0, Culture=neutral, PublicKeyToken=null'. Using the type defined in 'E:\openbroadcaster\Core\Services\AppSettingsStore.cs'. [E:\openbroadcaster\OpenBroadcaster_2xmz1yr1_wpftmp.csproj]
E:\openbroadcaster\Core\Models\Deck.cs(19,16): warning CS0436: The type 'DeckStatus' in 'E:\openbroadcaster\Core\Models\DeckStatus.cs' conflicts with the imported type 'DeckStatus' in 'OpenBroadcaster.Core, Version=0.0.0.0, Culture=neutral, PublicKeyToken=null'. Using the type defined in 'E:\openbroadcaster\Core\Models\DeckStatus.cs'. [E:\openbroadcaster\OpenBroadcaster_2xmz1yr1_wpftmp.csproj]
E:\openbroadcaster\Core\Overlay\OverlayDataServer.cs(83,77): warning CS0436: The type 'Track' in 'E:\openbroadcaster\Core\Models\Track.cs' conflicts with the imported type 'Track' in 'OpenBroadcaster.Core, Version=0.0.0.0, Culture=neutral, PublicKeyToken=null'. Using the type defined in 'E:\openbroadcaster\Core\Models\Track.cs'. [E:\openbroadcaster\OpenBroadcaster_2xmz1yr1_wpftmp.csproj]
E:\openbroadcaster\Core\Models\Deck.cs(34,26): warning CS0436: The type 'QueueItem' in 'E:\openbroadcaster\Core\Models\QueueItem.cs' conflicts with the imported type 'QueueItem' in 'OpenBroadcaster.Core, Version=0.0.0.0, Culture=neutral, PublicKeyToken=null'. Using the type defined in 'E:\openbroadcaster\Core\Models\QueueItem.cs'. [E:\openbroadcaster\OpenBroadcaster_2xmz1yr1_wpftmp.csproj]
E:\openbroadcaster\ViewModels\MainViewModel.cs(41,26): warning CS0436: The type 'TwitchIntegrationService' in 'E:\openbroadcaster\Core\Services\TwitchIntegrationService.cs' conflicts with the imported type 'TwitchIntegrationService' in 'OpenBroadcaster.Core, Version=0.0.0.0, Culture=neutral, PublicKeyToken=null'. Using the type defined in 'E:\openbroadcaster\Core\Services\TwitchIntegrationService.cs'. [E:\openbroadcaster\OpenBroadcaster_2xmz1yr1_wpftmp.csproj]
E:\openbroadcaster\Core\Overlay\OverlayDataServer.cs(91,67): warning CS0436: The type 'WebRequestResult' in 'E:\openbroadcaster\Core\Overlay\OverlayDataServer.cs' conflicts with the imported type 'WebRequestResult' in 'OpenBroadcaster.Core, Version=0.0.0.0, Culture=neutral, PublicKeyToken=null'. Using the type defined in 'E:\openbroadcaster\Core\Overlay\OverlayDataServer.cs'. [E:\openbroadcaster\OpenBroadcaster_2xmz1yr1_wpftmp.csproj]
E:\openbroadcaster\ViewModels\MainViewModel.cs(42,26): warning CS0436: The type 'TwitchSettingsStore' in 'E:\openbroadcaster\Core\Services\TwitchSettingsStore.cs' conflicts with the imported type 'TwitchSettingsStore' in 'OpenBroadcaster.Core, Version=0.0.0.0, Culture=neutral, PublicKeyToken=null'. Using the type defined in 'E:\openbroadcaster\Core\Services\TwitchSettingsStore.cs'. [E:\openbroadcaster\OpenBroadcaster_2xmz1yr1_wpftmp.csproj]
E:\openbroadcaster\Core\Overlay\OverlayDataServer.cs(96,35): warning CS0436: The type 'OverlaySettings' in 'E:\openbroadcaster\Core\Models\AppSettings.cs' conflicts with the imported type 'OverlaySettings' in 'OpenBroadcaster.Core, Version=0.0.0.0, Culture=neutral, PublicKeyToken=null'. Using the type defined in 'E:\openbroadcaster\Core\Models\AppSettings.cs'. [E:\openbroadcaster\OpenBroadcaster_2xmz1yr1_wpftmp.csproj]
E:\openbroadcaster\Core\Overlay\OverlayDataServer.cs(115,29): warning CS0436: The type 'OverlayStateSnapshot' in 'E:\openbroadcaster\Core\Overlay\OverlayStateSnapshot.cs' conflicts with the imported type 'OverlayStateSnapshot' in 'OpenBroadcaster.Core, Version=0.0.0.0, Culture=neutral, PublicKeyToken=null'. Using the type defined in 'E:\openbroadcaster\Core\Overlay\OverlayStateSnapshot.cs'. [E:\openbroadcaster\OpenBroadcaster_2xmz1yr1_wpftmp.csproj]
E:\openbroadcaster\ViewModels\MainViewModel.cs(43,26): warning CS0436: The type 'EncoderManager' in 'E:\openbroadcaster\Core\Streaming\EncoderManager.cs' conflicts with the imported type 'EncoderManager' in 'OpenBroadcaster.Core, Version=0.0.0.0, Culture=neutral, PublicKeyToken=null'. Using the type defined in 'E:\openbroadcaster\Core\Streaming\EncoderManager.cs'. [E:\openbroadcaster\OpenBroadcaster_2xmz1yr1_wpftmp.csproj]
E:\openbroadcaster\ViewModels\MainViewModel.cs(44,26): warning CS0436: The type 'SharedEncoderAudioSource' in 'E:\openbroadcaster\Core\Streaming\SharedEncoderAudioSource.cs' conflicts with the imported type 'SharedEncoderAudioSource' in 'OpenBroadcaster.Core, Version=0.0.0.0, Culture=neutral, PublicKeyToken=null'. Using the type defined in 'E:\openbroadcaster\Core\Streaming\SharedEncoderAudioSource.cs'. [E:\openbroadcaster\OpenBroadcaster_2xmz1yr1_wpftmp.csproj]
E:\openbroadcaster\ViewModels\MainViewModel.cs(45,26): warning CS0436: The type 'OverlayService' in 'E:\openbroadcaster\Core\Overlay\OverlayService.cs' conflicts with the imported type 'OverlayService' in 'OpenBroadcaster.Core, Version=0.0.0.0, Culture=neutral, PublicKeyToken=null'. Using the type defined in 'E:\openbroadcaster\Core\Overlay\OverlayService.cs'. [E:\openbroadcaster\OpenBroadcaster_2xmz1yr1_wpftmp.csproj]
E:\openbroadcaster\Views\ImportCategorySelectorWindow.xaml.cs(15,57): warning CS0436: The type 'LibraryCategory' in 'E:\openbroadcaster\Core\Models\LibraryCategory.cs' conflicts with the imported type 'LibraryCategory' in 'OpenBroadcaster.Core, Version=0.0.0.0, Culture=neutral, PublicKeyToken=null'. Using the type defined in 'E:\openbroadcaster\Core\Models\LibraryCategory.cs'. [E:\openbroadcaster\OpenBroadcaster_2xmz1yr1_wpftmp.csproj]
E:\openbroadcaster\ViewModels\MainViewModel.cs(50,44): warning CS0436: The type 'DirectHttpServer' in 'E:\openbroadcaster\Core\Services\DirectServer\DirectHttpServer.cs' conflicts with the imported type 'DirectHttpServer' in 'OpenBroadcaster.Core, Version=0.0.0.0, Culture=neutral, PublicKeyToken=null'. Using the type defined in 'E:\openbroadcaster\Core\Services\DirectServer\DirectHttpServer.cs'. [E:\openbroadcaster\OpenBroadcaster_2xmz1yr1_wpftmp.csproj]
E:\openbroadcaster\ViewModels\MainViewModel.cs(51,17): warning CS0436: The type 'AppSettings' in 'E:\openbroadcaster\Core\Models\AppSettings.cs' conflicts with the imported type 'AppSettings' in 'OpenBroadcaster.Core, Version=0.0.0.0, Culture=neutral, PublicKeyToken=null'. Using the type defined in 'E:\openbroadcaster\Core\Models\AppSettings.cs'. [E:\openbroadcaster\OpenBroadcaster_2xmz1yr1_wpftmp.csproj]
E:\openbroadcaster\ViewModels\MainViewModel.cs(52,17): warning CS0436: The type 'TwitchSettings' in 'E:\openbroadcaster\Core\Models\TwitchSettings.cs' conflicts with the imported type 'TwitchSettings' in 'OpenBroadcaster.Core, Version=0.0.0.0, Culture=neutral, PublicKeyToken=null'. Using the type defined in 'E:\openbroadcaster\Core\Models\TwitchSettings.cs'. [E:\openbroadcaster\OpenBroadcaster_2xmz1yr1_wpftmp.csproj]
E:\openbroadcaster\ViewModels\MainViewModel.cs(59,26): warning CS0436: The type 'IEventBus' in 'E:\openbroadcaster\Core\Messaging\IEventBus.cs' conflicts with the imported type 'IEventBus' in 'OpenBroadcaster.Core, Version=0.0.0.0, Culture=neutral, PublicKeyToken=null'. Using the type defined in 'E:\openbroadcaster\Core\Messaging\IEventBus.cs'. [E:\openbroadcaster\OpenBroadcaster_2xmz1yr1_wpftmp.csproj]
E:\openbroadcaster\ViewModels\MainViewModel.cs(63,22): warning CS0436: The type 'Track' in 'E:\openbroadcaster\Core\Models\Track.cs' conflicts with the imported type 'Track' in 'OpenBroadcaster.Core, Version=0.0.0.0, Culture=neutral, PublicKeyToken=null'. Using the type defined in 'E:\openbroadcaster\Core\Models\Track.cs'. [E:\openbroadcaster\OpenBroadcaster_2xmz1yr1_wpftmp.csproj]
E:\openbroadcaster\Views\ImportCategorySelectorWindow.xaml.cs(39,60): warning CS0436: The type 'LibraryCategory' in 'E:\openbroadcaster\Core\Models\LibraryCategory.cs' conflicts with the imported type 'LibraryCategory' in 'OpenBroadcaster.Core, Version=0.0.0.0, Culture=neutral, PublicKeyToken=null'. Using the type defined in 'E:\openbroadcaster\Core\Models\LibraryCategory.cs'. [E:\openbroadcaster\OpenBroadcaster_2xmz1yr1_wpftmp.csproj]
E:\openbroadcaster\ViewModels\MainViewModel.cs(64,34): warning CS0436: The type 'LibraryCategory' in 'E:\openbroadcaster\Core\Models\LibraryCategory.cs' conflicts with the imported type 'LibraryCategory' in 'OpenBroadcaster.Core, Version=0.0.0.0, Culture=neutral, PublicKeyToken=null'. Using the type defined in 'E:\openbroadcaster\Core\Models\LibraryCategory.cs'. [E:\openbroadcaster\OpenBroadcaster_2xmz1yr1_wpftmp.csproj]
E:\openbroadcaster\ViewModels\MainViewModel.cs(65,17): warning CS0436: The type 'SimpleRotation' in 'E:\openbroadcaster\Core\Automation\SimpleRotation.cs' conflicts with the imported type 'SimpleRotation' in 'OpenBroadcaster.Core, Version=0.0.0.0, Culture=neutral, PublicKeyToken=null'. Using the type defined in 'E:\openbroadcaster\Core\Automation\SimpleRotation.cs'. [E:\openbroadcaster\OpenBroadcaster_2xmz1yr1_wpftmp.csproj]
E:\openbroadcaster\ViewModels\MainViewModel.cs(72,17): warning CS0436: The type 'DeckStateChangedEvent' in 'E:\openbroadcaster\Core\Messaging\Events\DeckStateChangedEvent.cs' conflicts with the imported type 'DeckStateChangedEvent' in 'OpenBroadcaster.Core, Version=0.0.0.0, Culture=neutral, PublicKeyToken=null'. Using the type defined in 'E:\openbroadcaster\Core\Messaging\Events\DeckStateChangedEvent.cs'. [E:\openbroadcaster\OpenBroadcaster_2xmz1yr1_wpftmp.csproj]
E:\openbroadcaster\Core\Models\EncoderProfile.cs(28,16): warning CS0436: The type 'EncoderFormat' in 'E:\openbroadcaster\Core\Models\EncoderProfile.cs' conflicts with the imported type 'EncoderFormat' in 'OpenBroadcaster.Core, Version=0.0.0.0, Culture=neutral, PublicKeyToken=null'. Using the type defined in 'E:\openbroadcaster\Core\Models\EncoderProfile.cs'. [E:\openbroadcaster\OpenBroadcaster_2xmz1yr1_wpftmp.csproj]
E:\openbroadcaster\ViewModels\MainViewModel.cs(73,17): warning CS0436: The type 'DeckStateChangedEvent' in 'E:\openbroadcaster\Core\Messaging\Events\DeckStateChangedEvent.cs' conflicts with the imported type 'DeckStateChangedEvent' in 'OpenBroadcaster.Core, Version=0.0.0.0, Culture=neutral, PublicKeyToken=null'. Using the type defined in 'E:\openbroadcaster\Core\Messaging\Events\DeckStateChangedEvent.cs'. [E:\openbroadcaster\OpenBroadcaster_2xmz1yr1_wpftmp.csproj]
E:\openbroadcaster\Core\Models\EncoderProfile.cs(29,16): warning CS0436: The type 'EncoderProtocol' in 'E:\openbroadcaster\Core\Models\EncoderProfile.cs' conflicts with the imported type 'EncoderProtocol' in 'OpenBroadcaster.Core, Version=0.0.0.0, Culture=neutral, PublicKeyToken=null'. Using the type defined in 'E:\openbroadcaster\Core\Models\EncoderProfile.cs'. [E:\openbroadcaster\OpenBroadcaster_2xmz1yr1_wpftmp.csproj]
E:\openbroadcaster\ViewModels\MainViewModel.cs(190,17): warning CS0436: The type 'CartPad' in 'E:\openbroadcaster\Core\Models\CartPad.cs' conflicts with the imported type 'CartPad' in 'OpenBroadcaster.Core, Version=0.0.0.0, Culture=neutral, PublicKeyToken=null'. Using the type defined in 'E:\openbroadcaster\Core\Models\CartPad.cs'. [E:\openbroadcaster\OpenBroadcaster_2xmz1yr1_wpftmp.csproj]
E:\openbroadcaster\Core\Models\LibraryCategory.cs(30,16): warning CS0436: The type 'LibraryCategory' in 'E:\openbroadcaster\Core\Models\LibraryCategory.cs' conflicts with the imported type 'LibraryCategory' in 'OpenBroadcaster.Core, Version=0.0.0.0, Culture=neutral, PublicKeyToken=null'. Using the type defined in 'E:\openbroadcaster\Core\Models\LibraryCategory.cs'. [E:\openbroadcaster\OpenBroadcaster_2xmz1yr1_wpftmp.csproj]
E:\openbroadcaster\ViewModels\TwitchSettingsViewModel.cs(177,16): warning CS0436: The type 'TwitchSettings' in 'E:\openbroadcaster\Core\Models\TwitchSettings.cs' conflicts with the imported type 'TwitchSettings' in 'OpenBroadcaster.Core, Version=0.0.0.0, Culture=neutral, PublicKeyToken=null'. Using the type defined in 'E:\openbroadcaster\Core\Models\TwitchSettings.cs'. [E:\openbroadcaster\OpenBroadcaster_2xmz1yr1_wpftmp.csproj]
E:\openbroadcaster\ViewModels\TwitchSettingsViewModel.cs(11,26): warning CS0436: The type 'TwitchSettings' in 'E:\openbroadcaster\Core\Models\TwitchSettings.cs' conflicts with the imported type 'TwitchSettings' in 'OpenBroadcaster.Core, Version=0.0.0.0, Culture=neutral, PublicKeyToken=null'. Using the type defined in 'E:\openbroadcaster\Core\Models\TwitchSettings.cs'. [E:\openbroadcaster\OpenBroadcaster_2xmz1yr1_wpftmp.csproj]
E:\openbroadcaster\ViewModels\TwitchSettingsViewModel.cs(13,40): warning CS0436: The type 'TwitchSettings' in 'E:\openbroadcaster\Core\Models\TwitchSettings.cs' conflicts with the imported type 'TwitchSettings' in 'OpenBroadcaster.Core, Version=0.0.0.0, Culture=neutral, PublicKeyToken=null'. Using the type defined in 'E:\openbroadcaster\Core\Models\TwitchSettings.cs'. [E:\openbroadcaster\OpenBroadcaster_2xmz1yr1_wpftmp.csproj]
E:\openbroadcaster\Core\Overlay\OverlayDataServer.cs(31,31): warning CS0436: The type 'OverlayStateSnapshot' in 'E:\openbroadcaster\Core\Overlay\OverlayStateSnapshot.cs' conflicts with the imported type 'OverlayStateSnapshot' in 'OpenBroadcaster.Core, Version=0.0.0.0, Culture=neutral, PublicKeyToken=null'. Using the type defined in 'E:\openbroadcaster\Core\Overlay\OverlayStateSnapshot.cs'. [E:\openbroadcaster\OpenBroadcaster_2xmz1yr1_wpftmp.csproj]
E:\openbroadcaster\Core\Overlay\OverlayDataServer.cs(33,34): warning CS0436: The type 'OverlayDataServer' in 'E:\openbroadcaster\Core\Overlay\OverlayDataServer.cs' conflicts with the imported type 'OverlayDataServer' in 'OpenBroadcaster.Core, Version=0.0.0.0, Culture=neutral, PublicKeyToken=null'. Using the type defined in 'E:\openbroadcaster\Core\Overlay\OverlayDataServer.cs'. [E:\openbroadcaster\OpenBroadcaster_2xmz1yr1_wpftmp.csproj]
E:\openbroadcaster\Views\ImportCategorySelectorWindow.xaml.cs(61,44): warning CS0436: The type 'LibraryCategory' in 'E:\openbroadcaster\Core\Models\LibraryCategory.cs' conflicts with the imported type 'LibraryCategory' in 'OpenBroadcaster.Core, Version=0.0.0.0, Culture=neutral, PublicKeyToken=null'. Using the type defined in 'E:\openbroadcaster\Core\Models\LibraryCategory.cs'. [E:\openbroadcaster\OpenBroadcaster_2xmz1yr1_wpftmp.csproj]
E:\openbroadcaster\Core\Overlay\OverlayDataServer.cs(42,17): warning CS0436: The type 'OverlaySettings' in 'E:\openbroadcaster\Core\Models\AppSettings.cs' conflicts with the imported type 'OverlaySettings' in 'OpenBroadcaster.Core, Version=0.0.0.0, Culture=neutral, PublicKeyToken=null'. Using the type defined in 'E:\openbroadcaster\Core\Models\AppSettings.cs'. [E:\openbroadcaster\OpenBroadcaster_2xmz1yr1_wpftmp.csproj]
E:\openbroadcaster\Core\Relay\Client\IRelayClientLogger.cs(24,49): warning CS0436: The type 'IRelayClientLogger' in 'E:\openbroadcaster\Core\Relay\Client\IRelayClientLogger.cs' conflicts with the imported type 'IRelayClientLogger' in 'OpenBroadcaster.Core, Version=0.0.0.0, Culture=neutral, PublicKeyToken=null'. Using the type defined in 'E:\openbroadcaster\Core\Relay\Client\IRelayClientLogger.cs'. [E:\openbroadcaster\OpenBroadcaster_2xmz1yr1_wpftmp.csproj]
E:\openbroadcaster\Core\Overlay\OverlayDataServer.cs(52,49): warning CS0436: The type 'Track' in 'E:\openbroadcaster\Core\Models\Track.cs' conflicts with the imported type 'Track' in 'OpenBroadcaster.Core, Version=0.0.0.0, Culture=neutral, PublicKeyToken=null'. Using the type defined in 'E:\openbroadcaster\Core\Models\Track.cs'. [E:\openbroadcaster\OpenBroadcaster_2xmz1yr1_wpftmp.csproj]
E:\openbroadcaster\Core\Models\QueueItem.cs(26,16): warning CS0436: The type 'Track' in 'E:\openbroadcaster\Core\Models\Track.cs' conflicts with the imported type 'Track' in 'OpenBroadcaster.Core, Version=0.0.0.0, Culture=neutral, PublicKeyToken=null'. Using the type defined in 'E:\openbroadcaster\Core\Models\Track.cs'. [E:\openbroadcaster\OpenBroadcaster_2xmz1yr1_wpftmp.csproj]
E:\openbroadcaster\Core\Models\TohSettings.cs(25,16): warning CS0436: The type 'TohSelectionMode' in 'E:\openbroadcaster\Core\Models\TohSettings.cs' conflicts with the imported type 'TohSelectionMode' in 'OpenBroadcaster.Core, Version=0.0.0.0, Culture=neutral, PublicKeyToken=null'. Using the type defined in 'E:\openbroadcaster\Core\Models\TohSettings.cs'. [E:\openbroadcaster\OpenBroadcaster_2xmz1yr1_wpftmp.csproj]
E:\openbroadcaster\Core\Models\QueueItem.cs(27,16): warning CS0436: The type 'QueueSource' in 'E:\openbroadcaster\Core\Models\QueueSource.cs' conflicts with the imported type 'QueueSource' in 'OpenBroadcaster.Core, Version=0.0.0.0, Culture=neutral, PublicKeyToken=null'. Using the type defined in 'E:\openbroadcaster\Core\Models\QueueSource.cs'. [E:\openbroadcaster\OpenBroadcaster_2xmz1yr1_wpftmp.csproj]
E:\openbroadcaster\Core\Overlay\OverlayDataServer.cs(53,42): warning CS0436: The type 'LibraryCategory' in 'E:\openbroadcaster\Core\Models\LibraryCategory.cs' conflicts with the imported type 'LibraryCategory' in 'OpenBroadcaster.Core, Version=0.0.0.0, Culture=neutral, PublicKeyToken=null'. Using the type defined in 'E:\openbroadcaster\Core\Models\LibraryCategory.cs'. [E:\openbroadcaster\OpenBroadcaster_2xmz1yr1_wpftmp.csproj]
E:\openbroadcaster\Core\Models\TohSettings.cs(28,16): warning CS0436: The type 'TohSlot' in 'E:\openbroadcaster\Core\Models\TohSettings.cs' conflicts with the imported type 'TohSlot' in 'OpenBroadcaster.Core, Version=0.0.0.0, Culture=neutral, PublicKeyToken=null'. Using the type defined in 'E:\openbroadcaster\Core\Models\TohSettings.cs'. [E:\openbroadcaster\OpenBroadcaster_2xmz1yr1_wpftmp.csproj]
E:\openbroadcaster\Core\Relay\Client\IRelayClientLogger.cs(26,32): warning CS0436: The type 'NullRelayClientLogger' in 'E:\openbroadcaster\Core\Relay\Client\IRelayClientLogger.cs' conflicts with the imported type 'NullRelayClientLogger' in 'OpenBroadcaster.Core, Version=0.0.0.0, Culture=neutral, PublicKeyToken=null'. Using the type defined in 'E:\openbroadcaster\Core\Relay\Client\IRelayClientLogger.cs'. [E:\openbroadcaster\OpenBroadcaster_2xmz1yr1_wpftmp.csproj]
E:\openbroadcaster\Core\Overlay\OverlayDataServer.cs(54,48): warning CS0436: The type 'Track' in 'E:\openbroadcaster\Core\Models\Track.cs' conflicts with the imported type 'Track' in 'OpenBroadcaster.Core, Version=0.0.0.0, Culture=neutral, PublicKeyToken=null'. Using the type defined in 'E:\openbroadcaster\Core\Models\Track.cs'. [E:\openbroadcaster\OpenBroadcaster_2xmz1yr1_wpftmp.csproj]
E:\openbroadcaster\Core\Models\QueueItem.cs(8,13): warning CS0436: The type 'Track' in 'E:\openbroadcaster\Core\Models\Track.cs' conflicts with the imported type 'Track' in 'OpenBroadcaster.Core, Version=0.0.0.0, Culture=neutral, PublicKeyToken=null'. Using the type defined in 'E:\openbroadcaster\Core\Models\Track.cs'. [E:\openbroadcaster\OpenBroadcaster_2xmz1yr1_wpftmp.csproj]
E:\openbroadcaster\Core\Models\QueueItem.cs(9,13): warning CS0436: The type 'QueueSource' in 'E:\openbroadcaster\Core\Models\QueueSource.cs' conflicts with the imported type 'QueueSource' in 'OpenBroadcaster.Core, Version=0.0.0.0, Culture=neutral, PublicKeyToken=null'. Using the type defined in 'E:\openbroadcaster\Core\Models\QueueSource.cs'. [E:\openbroadcaster\OpenBroadcaster_2xmz1yr1_wpftmp.csproj]
E:\openbroadcaster\Core\Overlay\OverlayDataServer.cs(55,45): warning CS0436: The type 'WebRequestResult' in 'E:\openbroadcaster\Core\Overlay\OverlayDataServer.cs' conflicts with the imported type 'WebRequestResult' in 'OpenBroadcaster.Core, Version=0.0.0.0, Culture=neutral, PublicKeyToken=null'. Using the type defined in 'E:\openbroadcaster\Core\Overlay\OverlayDataServer.cs'. [E:\openbroadcaster\OpenBroadcaster_2xmz1yr1_wpftmp.csproj]
E:\openbroadcaster\Core\Relay\Client\IRelayClientLogger.cs(39,52): warning CS0436: The type 'IRelayClientLogger' in 'E:\openbroadcaster\Core\Relay\Client\IRelayClientLogger.cs' conflicts with the imported type 'IRelayClientLogger' in 'OpenBroadcaster.Core, Version=0.0.0.0, Culture=neutral, PublicKeyToken=null'. Using the type defined in 'E:\openbroadcaster\Core\Relay\Client\IRelayClientLogger.cs'. [E:\openbroadcaster\OpenBroadcaster_2xmz1yr1_wpftmp.csproj]
E:\openbroadcaster\Core\Overlay\OverlayDataServer.cs(57,39): warning CS0436: The type 'OverlayStateSnapshot' in 'E:\openbroadcaster\Core\Overlay\OverlayStateSnapshot.cs' conflicts with the imported type 'OverlayStateSnapshot' in 'OpenBroadcaster.Core, Version=0.0.0.0, Culture=neutral, PublicKeyToken=null'. Using the type defined in 'E:\openbroadcaster\Core\Overlay\OverlayStateSnapshot.cs'. [E:\openbroadcaster\OpenBroadcaster_2xmz1yr1_wpftmp.csproj]
E:\openbroadcaster\Core\Overlay\OverlayDataServer.cs(57,135): warning CS0436: The type 'OverlayDataServer' in 'E:\openbroadcaster\Core\Overlay\OverlayDataServer.cs' conflicts with the imported type 'OverlayDataServer' in 'OpenBroadcaster.Core, Version=0.0.0.0, Culture=neutral, PublicKeyToken=null'. Using the type defined in 'E:\openbroadcaster\Core\Overlay\OverlayDataServer.cs'. [E:\openbroadcaster\OpenBroadcaster_2xmz1yr1_wpftmp.csproj]
E:\openbroadcaster\Core\Models\TohSettings.cs(70,37): warning CS0436: The type 'TohSlot' in 'E:\openbroadcaster\Core\Models\TohSettings.cs' conflicts with the imported type 'TohSlot' in 'OpenBroadcaster.Core, Version=0.0.0.0, Culture=neutral, PublicKeyToken=null'. Using the type defined in 'E:\openbroadcaster\Core\Models\TohSettings.cs'. [E:\openbroadcaster\OpenBroadcaster_2xmz1yr1_wpftmp.csproj]
E:\openbroadcaster\Core\Models\TohSettings.cs(81,37): warning CS0436: The type 'TohSequentialIndex' in 'E:\openbroadcaster\Core\Models\TohSettings.cs' conflicts with the imported type 'TohSequentialIndex' in 'OpenBroadcaster.Core, Version=0.0.0.0, Culture=neutral, PublicKeyToken=null'. Using the type defined in 'E:\openbroadcaster\Core\Models\TohSettings.cs'. [E:\openbroadcaster\OpenBroadcaster_2xmz1yr1_wpftmp.csproj]
E:\openbroadcaster\Core\Models\TohSettings.cs(83,16): warning CS0436: The type 'TohSettings' in 'E:\openbroadcaster\Core\Models\TohSettings.cs' conflicts with the imported type 'TohSettings' in 'OpenBroadcaster.Core, Version=0.0.0.0, Culture=neutral, PublicKeyToken=null'. Using the type defined in 'E:\openbroadcaster\Core\Models\TohSettings.cs'. [E:\openbroadcaster\OpenBroadcaster_2xmz1yr1_wpftmp.csproj]
E:\openbroadcaster\Core\Models\TohSettings.cs(106,16): warning CS0436: The type 'TohSequentialIndex' in 'E:\openbroadcaster\Core\Models\TohSettings.cs' conflicts with the imported type 'TohSequentialIndex' in 'OpenBroadcaster.Core, Version=0.0.0.0, Culture=neutral, PublicKeyToken=null'. Using the type defined in 'E:\openbroadcaster\Core\Models\TohSettings.cs'. [E:\openbroadcaster\OpenBroadcaster_2xmz1yr1_wpftmp.csproj]
E:\openbroadcaster\Views\ManageCategoriesWindow.xaml.cs(17,39): warning CS0436: The type 'LibraryService' in 'E:\openbroadcaster\Core\Services\LibraryService.cs' conflicts with the imported type 'LibraryService' in 'OpenBroadcaster.Core, Version=0.0.0.0, Culture=neutral, PublicKeyToken=null'. Using the type defined in 'E:\openbroadcaster\Core\Services\LibraryService.cs'. [E:\openbroadcaster\OpenBroadcaster_2xmz1yr1_wpftmp.csproj]
E:\openbroadcaster\Core\Models\Track.cs(72,16): warning CS0436: The type 'Track' in 'E:\openbroadcaster\Core\Models\Track.cs' conflicts with the imported type 'Track' in 'OpenBroadcaster.Core, Version=0.0.0.0, Culture=neutral, PublicKeyToken=null'. Using the type defined in 'E:\openbroadcaster\Core\Models\Track.cs'. [E:\openbroadcaster\OpenBroadcaster_2xmz1yr1_wpftmp.csproj]
E:\openbroadcaster\Core\Models\TwitchSettings.cs(20,16): warning CS0436: The type 'TwitchSettings' in 'E:\openbroadcaster\Core\Models\TwitchSettings.cs' conflicts with the imported type 'TwitchSettings' in 'OpenBroadcaster.Core, Version=0.0.0.0, Culture=neutral, PublicKeyToken=null'. Using the type defined in 'E:\openbroadcaster\Core\Models\TwitchSettings.cs'. [E:\openbroadcaster\OpenBroadcaster_2xmz1yr1_wpftmp.csproj]
E:\openbroadcaster\Core\Models\TwitchSettings.cs(39,16): warning CS0436: The type 'TwitchChatOptions' in 'E:\openbroadcaster\Core\Models\TwitchChatOptions.cs' conflicts with the imported type 'TwitchChatOptions' in 'OpenBroadcaster.Core, Version=0.0.0.0, Culture=neutral, PublicKeyToken=null'. Using the type defined in 'E:\openbroadcaster\Core\Models\TwitchChatOptions.cs'. [E:\openbroadcaster\OpenBroadcaster_2xmz1yr1_wpftmp.csproj]
E:\openbroadcaster\Views\ManageCategoriesWindow.xaml.cs(32,26): warning CS0436: The type 'LibraryService' in 'E:\openbroadcaster\Core\Services\LibraryService.cs' conflicts with the imported type 'LibraryService' in 'OpenBroadcaster.Core, Version=0.0.0.0, Culture=neutral, PublicKeyToken=null'. Using the type defined in 'E:\openbroadcaster\Core\Services\LibraryService.cs'. [E:\openbroadcaster\OpenBroadcaster_2xmz1yr1_wpftmp.csproj]
E:\openbroadcaster\Core\Relay\Client\RelayClientEvents.cs(35,16): warning CS0436: The type 'RelayConnectionState' in 'E:\openbroadcaster\Core\Relay\Client\RelayClientEvents.cs' conflicts with the imported type 'RelayConnectionState' in 'OpenBroadcaster.Core, Version=0.0.0.0, Culture=neutral, PublicKeyToken=null'. Using the type defined in 'E:\openbroadcaster\Core\Relay\Client\RelayClientEvents.cs'. [E:\openbroadcaster\OpenBroadcaster_2xmz1yr1_wpftmp.csproj]
E:\openbroadcaster\Views\ManageCategoriesWindow.xaml.cs(38,42): warning CS0436: The type 'LibraryService' in 'E:\openbroadcaster\Core\Services\LibraryService.cs' conflicts with the imported type 'LibraryService' in 'OpenBroadcaster.Core, Version=0.0.0.0, Culture=neutral, PublicKeyToken=null'. Using the type defined in 'E:\openbroadcaster\Core\Services\LibraryService.cs'. [E:\openbroadcaster\OpenBroadcaster_2xmz1yr1_wpftmp.csproj]
E:\openbroadcaster\Core\Relay\Client\RelayClientEvents.cs(36,16): warning CS0436: The type 'RelayConnectionState' in 'E:\openbroadcaster\Core\Relay\Client\RelayClientEvents.cs' conflicts with the imported type 'RelayConnectionState' in 'OpenBroadcaster.Core, Version=0.0.0.0, Culture=neutral, PublicKeyToken=null'. Using the type defined in 'E:\openbroadcaster\Core\Relay\Client\RelayClientEvents.cs'. [E:\openbroadcaster\OpenBroadcaster_2xmz1yr1_wpftmp.csproj]
E:\openbroadcaster\Core\Requests\RequestPolicyEvaluator.cs(10,33): warning CS0436: The type 'RequestSettings' in 'E:\openbroadcaster\Core\Models\AppSettings.cs' conflicts with the imported type 'RequestSettings' in 'OpenBroadcaster.Core, Version=0.0.0.0, Culture=neutral, PublicKeyToken=null'. Using the type defined in 'E:\openbroadcaster\Core\Models\AppSettings.cs'. [E:\openbroadcaster\OpenBroadcaster_2xmz1yr1_wpftmp.csproj]
E:\openbroadcaster\Core\Requests\RequestPolicyEvaluator.cs(10,74): warning CS0436: The type 'QueueItem' in 'E:\openbroadcaster\Core\Models\QueueItem.cs' conflicts with the imported type 'QueueItem' in 'OpenBroadcaster.Core, Version=0.0.0.0, Culture=neutral, PublicKeyToken=null'. Using the type defined in 'E:\openbroadcaster\Core\Models\QueueItem.cs'. [E:\openbroadcaster\OpenBroadcaster_2xmz1yr1_wpftmp.csproj]
E:\openbroadcaster\Core\Relay\Client\RelayClientEvents.cs(39,48): warning CS0436: The type 'RelayConnectionState' in 'E:\openbroadcaster\Core\Relay\Client\RelayClientEvents.cs' conflicts with the imported type 'RelayConnectionState' in 'OpenBroadcaster.Core, Version=0.0.0.0, Culture=neutral, PublicKeyToken=null'. Using the type defined in 'E:\openbroadcaster\Core\Relay\Client\RelayClientEvents.cs'. [E:\openbroadcaster\OpenBroadcaster_2xmz1yr1_wpftmp.csproj]
E:\openbroadcaster\Core\Relay\Client\RelayClientEvents.cs(39,84): warning CS0436: The type 'RelayConnectionState' in 'E:\openbroadcaster\Core\Relay\Client\RelayClientEvents.cs' conflicts with the imported type 'RelayConnectionState' in 'OpenBroadcaster.Core, Version=0.0.0.0, Culture=neutral, PublicKeyToken=null'. Using the type defined in 'E:\openbroadcaster\Core\Relay\Client\RelayClientEvents.cs'. [E:\openbroadcaster\OpenBroadcaster_2xmz1yr1_wpftmp.csproj]
E:\openbroadcaster\Core\Services\AppSettingsMigrator.cs(9,29): warning CS0436: The type 'AppSettings' in 'E:\openbroadcaster\Core\Models\AppSettings.cs' conflicts with the imported type 'AppSettings' in 'OpenBroadcaster.Core, Version=0.0.0.0, Culture=neutral, PublicKeyToken=null'. Using the type defined in 'E:\openbroadcaster\Core\Models\AppSettings.cs'. [E:\openbroadcaster\OpenBroadcaster_2xmz1yr1_wpftmp.csproj]
E:\openbroadcaster\ViewModels\MainViewModel.cs(2933,41): warning CS0436: The type 'DeckStateChangedEvent' in 'E:\openbroadcaster\Core\Messaging\Events\DeckStateChangedEvent.cs' conflicts with the imported type 'DeckStateChangedEvent' in 'OpenBroadcaster.Core, Version=0.0.0.0, Culture=neutral, PublicKeyToken=null'. Using the type defined in 'E:\openbroadcaster\Core\Messaging\Events\DeckStateChangedEvent.cs'. [E:\openbroadcaster\OpenBroadcaster_2xmz1yr1_wpftmp.csproj]
E:\openbroadcaster\ViewModels\MainViewModel.cs(2946,36): warning CS0436: The type 'Track' in 'E:\openbroadcaster\Core\Models\Track.cs' conflicts with the imported type 'Track' in 'OpenBroadcaster.Core, Version=0.0.0.0, Culture=neutral, PublicKeyToken=null'. Using the type defined in 'E:\openbroadcaster\Core\Models\Track.cs'. [E:\openbroadcaster\OpenBroadcaster_2xmz1yr1_wpftmp.csproj]
E:\openbroadcaster\Core\Overlay\OverlayService.cs(50,39): warning CS0436: The type 'LibraryService' in 'E:\openbroadcaster\Core\Services\LibraryService.cs' conflicts with the imported type 'LibraryService' in 'OpenBroadcaster.Core, Version=0.0.0.0, Culture=neutral, PublicKeyToken=null'. Using the type defined in 'E:\openbroadcaster\Core\Services\LibraryService.cs'. [E:\openbroadcaster\OpenBroadcaster_2xmz1yr1_wpftmp.csproj]
E:\openbroadcaster\Views\ManageCategoriesWindow.xaml.cs(218,38): warning CS0436: The type 'LibraryCategory' in 'E:\openbroadcaster\Core\Models\LibraryCategory.cs' conflicts with the imported type 'LibraryCategory' in 'OpenBroadcaster.Core, Version=0.0.0.0, Culture=neutral, PublicKeyToken=null'. Using the type defined in 'E:\openbroadcaster\Core\Models\LibraryCategory.cs'. [E:\openbroadcaster\OpenBroadcaster_2xmz1yr1_wpftmp.csproj]
E:\openbroadcaster\Core\Relay\Client\RelayClientEvents.cs(52,16): warning CS0436: The type 'MessageEnvelope' in 'E:\openbroadcaster\Core\Relay\Contracts\MessageEnvelope.cs' conflicts with the imported type 'MessageEnvelope' in 'OpenBroadcaster.Core, Version=0.0.0.0, Culture=neutral, PublicKeyToken=null'. Using the type defined in 'E:\openbroadcaster\Core\Relay\Contracts\MessageEnvelope.cs'. [E:\openbroadcaster\OpenBroadcaster_2xmz1yr1_wpftmp.csproj]
E:\openbroadcaster\Core\Services\AppSettingsStore.cs(19,16): warning CS0436: The type 'AppSettings' in 'E:\openbroadcaster\Core\Models\AppSettings.cs' conflicts with the imported type 'AppSettings' in 'OpenBroadcaster.Core, Version=0.0.0.0, Culture=neutral, PublicKeyToken=null'. Using the type defined in 'E:\openbroadcaster\Core\Models\AppSettings.cs'. [E:\openbroadcaster\OpenBroadcaster_2xmz1yr1_wpftmp.csproj]
E:\openbroadcaster\ViewModels\MainViewModel.cs(2746,26): warning CS0436: The type 'DeckIdentifier' in 'E:\openbroadcaster\Core\Models\DeckIdentifier.cs' conflicts with the imported type 'DeckIdentifier' in 'OpenBroadcaster.Core, Version=0.0.0.0, Culture=neutral, PublicKeyToken=null'. Using the type defined in 'E:\openbroadcaster\Core\Models\DeckIdentifier.cs'. [E:\openbroadcaster\OpenBroadcaster_2xmz1yr1_wpftmp.csproj]
E:\openbroadcaster\Core\Services\AppSettingsStore.cs(45,26): warning CS0436: The type 'AppSettings' in 'E:\openbroadcaster\Core\Models\AppSettings.cs' conflicts with the imported type 'AppSettings' in 'OpenBroadcaster.Core, Version=0.0.0.0, Culture=neutral, PublicKeyToken=null'. Using the type defined in 'E:\openbroadcaster\Core\Models\AppSettings.cs'. [E:\openbroadcaster\OpenBroadcaster_2xmz1yr1_wpftmp.csproj]
E:\openbroadcaster\ViewModels\MainViewModel.cs(2747,26): warning CS0436: The type 'TransportService' in 'E:\openbroadcaster\Core\Services\TransportService.cs' conflicts with the imported type 'TransportService' in 'OpenBroadcaster.Core, Version=0.0.0.0, Culture=neutral, PublicKeyToken=null'. Using the type defined in 'E:\openbroadcaster\Core\Services\TransportService.cs'. [E:\openbroadcaster\OpenBroadcaster_2xmz1yr1_wpftmp.csproj]
E:\openbroadcaster\Core\Services\AppSettingsStore.cs(64,24): warning CS0436: The type 'AppSettings' in 'E:\openbroadcaster\Core\Models\AppSettings.cs' conflicts with the imported type 'AppSettings' in 'OpenBroadcaster.Core, Version=0.0.0.0, Culture=neutral, PublicKeyToken=null'. Using the type defined in 'E:\openbroadcaster\Core\Models\AppSettings.cs'. [E:\openbroadcaster\OpenBroadcaster_2xmz1yr1_wpftmp.csproj]
E:\openbroadcaster\Core\Overlay\OverlayService.cs(71,40): warning CS0436: The type 'RequestSettings' in 'E:\openbroadcaster\Core\Models\AppSettings.cs' conflicts with the imported type 'RequestSettings' in 'OpenBroadcaster.Core, Version=0.0.0.0, Culture=neutral, PublicKeyToken=null'. Using the type defined in 'E:\openbroadcaster\Core\Models\AppSettings.cs'. [E:\openbroadcaster\OpenBroadcaster_2xmz1yr1_wpftmp.csproj]
E:\openbroadcaster\Core\Overlay\OverlayService.cs(71,67): warning CS0436: The type 'RequestPolicyEvaluator' in 'E:\openbroadcaster\Core\Requests\RequestPolicyEvaluator.cs' conflicts with the imported type 'RequestPolicyEvaluator' in 'OpenBroadcaster.Core, Version=0.0.0.0, Culture=neutral, PublicKeyToken=null'. Using the type defined in 'E:\openbroadcaster\Core\Requests\RequestPolicyEvaluator.cs'. [E:\openbroadcaster\OpenBroadcaster_2xmz1yr1_wpftmp.csproj]
E:\openbroadcaster\Core\Relay\Client\RelayClientEvents.cs(55,41): warning CS0436: The type 'MessageEnvelope' in 'E:\openbroadcaster\Core\Relay\Contracts\MessageEnvelope.cs' conflicts with the imported type 'MessageEnvelope' in 'OpenBroadcaster.Core, Version=0.0.0.0, Culture=neutral, PublicKeyToken=null'. Using the type defined in 'E:\openbroadcaster\Core\Relay\Contracts\MessageEnvelope.cs'. [E:\openbroadcaster\OpenBroadcaster_2xmz1yr1_wpftmp.csproj]
E:\openbroadcaster\Core\Overlay\OverlayService.cs(86,17): warning CS0436: The type 'WebRequestResult' in 'E:\openbroadcaster\Core\Overlay\OverlayDataServer.cs' conflicts with the imported type 'WebRequestResult' in 'OpenBroadcaster.Core, Version=0.0.0.0, Culture=neutral, PublicKeyToken=null'. Using the type defined in 'E:\openbroadcaster\Core\Overlay\OverlayDataServer.cs'. [E:\openbroadcaster\OpenBroadcaster_2xmz1yr1_wpftmp.csproj]
E:\openbroadcaster\Core\Services\AppSettingsStore.cs(12,26): warning CS0436: The type 'AppSettingsMigrator' in 'E:\openbroadcaster\Core\Services\AppSettingsMigrator.cs' conflicts with the imported type 'AppSettingsMigrator' in 'OpenBroadcaster.Core, Version=0.0.0.0, Culture=neutral, PublicKeyToken=null'. Using the type defined in 'E:\openbroadcaster\Core\Services\AppSettingsMigrator.cs'. [E:\openbroadcaster\OpenBroadcaster_2xmz1yr1_wpftmp.csproj]
E:\openbroadcaster\Core\Overlay\OverlayService.cs(138,36): warning CS0436: The type 'OverlaySettings' in 'E:\openbroadcaster\Core\Models\AppSettings.cs' conflicts with the imported type 'OverlaySettings' in 'OpenBroadcaster.Core, Version=0.0.0.0, Culture=neutral, PublicKeyToken=null'. Using the type defined in 'E:\openbroadcaster\Core\Models\AppSettings.cs'. [E:\openbroadcaster\OpenBroadcaster_2xmz1yr1_wpftmp.csproj]
E:\openbroadcaster\ViewModels\MainViewModel.cs(2753,43): warning CS0436: The type 'DeckIdentifier' in 'E:\openbroadcaster\Core\Models\DeckIdentifier.cs' conflicts with the imported type 'DeckIdentifier' in 'OpenBroadcaster.Core, Version=0.0.0.0, Culture=neutral, PublicKeyToken=null'. Using the type defined in 'E:\openbroadcaster\Core\Models\DeckIdentifier.cs'. [E:\openbroadcaster\OpenBroadcaster_2xmz1yr1_wpftmp.csproj]
E:\openbroadcaster\ViewModels\MainViewModel.cs(2753,66): warning CS0436: The type 'TransportService' in 'E:\openbroadcaster\Core\Services\TransportService.cs' conflicts with the imported type 'TransportService' in 'OpenBroadcaster.Core, Version=0.0.0.0, Culture=neutral, PublicKeyToken=null'. Using the type defined in 'E:\openbroadcaster\Core\Services\TransportService.cs'. [E:\openbroadcaster\OpenBroadcaster_2xmz1yr1_wpftmp.csproj]
E:\openbroadcaster\ViewModels\MainViewModel.cs(2753,101): warning CS0436: The type 'IEventBus' in 'E:\openbroadcaster\Core\Messaging\IEventBus.cs' conflicts with the imported type 'IEventBus' in 'OpenBroadcaster.Core, Version=0.0.0.0, Culture=neutral, PublicKeyToken=null'. Using the type defined in 'E:\openbroadcaster\Core\Messaging\IEventBus.cs'. [E:\openbroadcaster\OpenBroadcaster_2xmz1yr1_wpftmp.csproj]
E:\openbroadcaster\Views\RotationDialog.xaml.cs(18,16): warning CS0436: The type 'SimpleRotation' in 'E:\openbroadcaster\Core\Automation\SimpleRotation.cs' conflicts with the imported type 'SimpleRotation' in 'OpenBroadcaster.Core, Version=0.0.0.0, Culture=neutral, PublicKeyToken=null'. Using the type defined in 'E:\openbroadcaster\Core\Automation\SimpleRotation.cs'. [E:\openbroadcaster\OpenBroadcaster_2xmz1yr1_wpftmp.csproj]
E:\openbroadcaster\Core\Overlay\OverlayService.cs(190,41): warning CS0436: The type 'DeckStateChangedEvent' in 'E:\openbroadcaster\Core\Messaging\Events\DeckStateChangedEvent.cs' conflicts with the imported type 'DeckStateChangedEvent' in 'OpenBroadcaster.Core, Version=0.0.0.0, Culture=neutral, PublicKeyToken=null'. Using the type defined in 'E:\openbroadcaster\Core\Messaging\Events\DeckStateChangedEvent.cs'. [E:\openbroadcaster\OpenBroadcaster_2xmz1yr1_wpftmp.csproj]
E:\openbroadcaster\Core\Overlay\OverlayService.cs(222,17): warning CS0436: The type 'OverlayStateSnapshot' in 'E:\openbroadcaster\Core\Overlay\OverlayStateSnapshot.cs' conflicts with the imported type 'OverlayStateSnapshot' in 'OpenBroadcaster.Core, Version=0.0.0.0, Culture=neutral, PublicKeyToken=null'. Using the type defined in 'E:\openbroadcaster\Core\Overlay\OverlayStateSnapshot.cs'. [E:\openbroadcaster\OpenBroadcaster_2xmz1yr1_wpftmp.csproj]
E:\openbroadcaster\Core\Overlay\OverlayService.cs(16,26): warning CS0436: The type 'QueueService' in 'E:\openbroadcaster\Core\Services\QueueService.cs' conflicts with the imported type 'QueueService' in 'OpenBroadcaster.Core, Version=0.0.0.0, Culture=neutral, PublicKeyToken=null'. Using the type defined in 'E:\openbroadcaster\Core\Services\QueueService.cs'. [E:\openbroadcaster\OpenBroadcaster_2xmz1yr1_wpftmp.csproj]
E:\openbroadcaster\Core\Overlay\OverlayService.cs(18,26): warning CS0436: The type 'OverlaySnapshotFactory' in 'E:\openbroadcaster\Core\Overlay\OverlaySnapshotFactory.cs' conflicts with the imported type 'OverlaySnapshotFactory' in 'OpenBroadcaster.Core, Version=0.0.0.0, Culture=neutral, PublicKeyToken=null'. Using the type defined in 'E:\openbroadcaster\Core\Overlay\OverlaySnapshotFactory.cs'. [E:\openbroadcaster\OpenBroadcaster_2xmz1yr1_wpftmp.csproj]
E:\openbroadcaster\Core\Models\TwitchChatOptions.cs(33,23): warning CS0436: The type 'TwitchChatOptions' in 'E:\openbroadcaster\Core\Models\TwitchChatOptions.cs' conflicts with the imported type 'TwitchChatOptions' in 'OpenBroadcaster.Core, Version=0.0.0.0, Culture=neutral, PublicKeyToken=null'. Using the type defined in 'E:\openbroadcaster\Core\Models\TwitchChatOptions.cs'. [E:\openbroadcaster\OpenBroadcaster_2xmz1yr1_wpftmp.csproj]
E:\openbroadcaster\Core\Overlay\OverlayService.cs(19,26): warning CS0436: The type 'OverlayDataServer' in 'E:\openbroadcaster\Core\Overlay\OverlayDataServer.cs' conflicts with the imported type 'OverlayDataServer' in 'OpenBroadcaster.Core, Version=0.0.0.0, Culture=neutral, PublicKeyToken=null'. Using the type defined in 'E:\openbroadcaster\Core\Overlay\OverlayDataServer.cs'. [E:\openbroadcaster\OpenBroadcaster_2xmz1yr1_wpftmp.csproj]
E:\openbroadcaster\Core\Overlay\OverlayService.cs(20,34): warning CS0436: The type 'OverlayService' in 'E:\openbroadcaster\Core\Overlay\OverlayService.cs' conflicts with the imported type 'OverlayService' in 'OpenBroadcaster.Core, Version=0.0.0.0, Culture=neutral, PublicKeyToken=null'. Using the type defined in 'E:\openbroadcaster\Core\Overlay\OverlayService.cs'. [E:\openbroadcaster\OpenBroadcaster_2xmz1yr1_wpftmp.csproj]
E:\openbroadcaster\Core\Services\AudioService.cs(102,35): warning CS0436: The type 'VuMeterReading' in 'E:\openbroadcaster\Core\Audio\VuMeterReading.cs' conflicts with the imported type 'VuMeterReading' in 'OpenBroadcaster.Core, Version=0.0.0.0, Culture=neutral, PublicKeyToken=null'. Using the type defined in 'E:\openbroadcaster\Core\Audio\VuMeterReading.cs'. [E:\openbroadcaster\OpenBroadcaster_2xmz1yr1_wpftmp.csproj]
E:\openbroadcaster\Core\Services\AudioService.cs(103,35): warning CS0436: The type 'DeckIdentifier' in 'E:\openbroadcaster\Core\Models\DeckIdentifier.cs' conflicts with the imported type 'DeckIdentifier' in 'OpenBroadcaster.Core, Version=0.0.0.0, Culture=neutral, PublicKeyToken=null'. Using the type defined in 'E:\openbroadcaster\Core\Models\DeckIdentifier.cs'. [E:\openbroadcaster\OpenBroadcaster_2xmz1yr1_wpftmp.csproj]
E:\openbroadcaster\Core\Overlay\OverlayService.cs(22,37): warning CS0436: The type 'DeckIdentifier' in 'E:\openbroadcaster\Core\Models\DeckIdentifier.cs' conflicts with the imported type 'DeckIdentifier' in 'OpenBroadcaster.Core, Version=0.0.0.0, Culture=neutral, PublicKeyToken=null'. Using the type defined in 'E:\openbroadcaster\Core\Models\DeckIdentifier.cs'. [E:\openbroadcaster\OpenBroadcaster_2xmz1yr1_wpftmp.csproj]
E:\openbroadcaster\Core\Overlay\OverlayService.cs(22,53): warning CS0436: The type 'OverlayDeckState' in 'E:\openbroadcaster\Core\Overlay\OverlaySnapshotFactory.cs' conflicts with the imported type 'OverlayDeckState' in 'OpenBroadcaster.Core, Version=0.0.0.0, Culture=neutral, PublicKeyToken=null'. Using the type defined in 'E:\openbroadcaster\Core\Overlay\OverlaySnapshotFactory.cs'. [E:\openbroadcaster\OpenBroadcaster_2xmz1yr1_wpftmp.csproj]
E:\openbroadcaster\Core\Overlay\OverlayService.cs(23,31): warning CS0436: The type 'QueueItem' in 'E:\openbroadcaster\Core\Models\QueueItem.cs' conflicts with the imported type 'QueueItem' in 'OpenBroadcaster.Core, Version=0.0.0.0, Culture=neutral, PublicKeyToken=null'. Using the type defined in 'E:\openbroadcaster\Core\Models\QueueItem.cs'. [E:\openbroadcaster\OpenBroadcaster_2xmz1yr1_wpftmp.csproj]
E:\openbroadcaster\Core\Services\AudioService.cs(99,16): warning CS0436: The type 'AudioDeck' in 'E:\openbroadcaster\Core\Audio\AudioDeck.cs' conflicts with the imported type 'AudioDeck' in 'OpenBroadcaster.Core, Version=0.0.0.0, Culture=neutral, PublicKeyToken=null'. Using the type defined in 'E:\openbroadcaster\Core\Audio\AudioDeck.cs'. [E:\openbroadcaster\OpenBroadcaster_2xmz1yr1_wpftmp.csproj]
E:\openbroadcaster\Core\Streaming\EncoderAudioSource.cs(16,28): warning CS0436: The type 'EncoderAudioFrameEventArgs' in 'E:\openbroadcaster\Core\Streaming\EncoderAudioSource.cs' conflicts with the imported type 'EncoderAudioFrameEventArgs' in 'OpenBroadcaster.Core, Version=0.0.0.0, Culture=neutral, PublicKeyToken=null'. Using the type defined in 'E:\openbroadcaster\Core\Streaming\EncoderAudioSource.cs'. [E:\openbroadcaster\OpenBroadcaster_2xmz1yr1_wpftmp.csproj]
E:\openbroadcaster\Core\Overlay\OverlayService.cs(24,31): warning CS0436: The type 'QueueItem' in 'E:\openbroadcaster\Core\Models\QueueItem.cs' conflicts with the imported type 'QueueItem' in 'OpenBroadcaster.Core, Version=0.0.0.0, Culture=neutral, PublicKeyToken=null'. Using the type defined in 'E:\openbroadcaster\Core\Models\QueueItem.cs'. [E:\openbroadcaster\OpenBroadcaster_2xmz1yr1_wpftmp.csproj]
E:\openbroadcaster\Core\Services\AudioService.cs(100,16): warning CS0436: The type 'AudioDeck' in 'E:\openbroadcaster\Core\Audio\AudioDeck.cs' conflicts with the imported type 'AudioDeck' in 'OpenBroadcaster.Core, Version=0.0.0.0, Culture=neutral, PublicKeyToken=null'. Using the type defined in 'E:\openbroadcaster\Core\Audio\AudioDeck.cs'. [E:\openbroadcaster\OpenBroadcaster_2xmz1yr1_wpftmp.csproj]
E:\openbroadcaster\Core\Overlay\OverlayService.cs(25,17): warning CS0436: The type 'OverlayStateSnapshot' in 'E:\openbroadcaster\Core\Overlay\OverlayStateSnapshot.cs' conflicts with the imported type 'OverlayStateSnapshot' in 'OpenBroadcaster.Core, Version=0.0.0.0, Culture=neutral, PublicKeyToken=null'. Using the type defined in 'E:\openbroadcaster\Core\Overlay\OverlayStateSnapshot.cs'. [E:\openbroadcaster\OpenBroadcaster_2xmz1yr1_wpftmp.csproj]
E:\openbroadcaster\Core\Overlay\OverlayService.cs(26,17): warning CS0436: The type 'LibraryService' in 'E:\openbroadcaster\Core\Services\LibraryService.cs' conflicts with the imported type 'LibraryService' in 'OpenBroadcaster.Core, Version=0.0.0.0, Culture=neutral, PublicKeyToken=null'. Using the type defined in 'E:\openbroadcaster\Core\Services\LibraryService.cs'. [E:\openbroadcaster\OpenBroadcaster_2xmz1yr1_wpftmp.csproj]
E:\openbroadcaster\Core\Overlay\OverlayService.cs(27,17): warning CS0436: The type 'RequestSettings' in 'E:\openbroadcaster\Core\Models\AppSettings.cs' conflicts with the imported type 'RequestSettings' in 'OpenBroadcaster.Core, Version=0.0.0.0, Culture=neutral, PublicKeyToken=null'. Using the type defined in 'E:\openbroadcaster\Core\Models\AppSettings.cs'. [E:\openbroadcaster\OpenBroadcaster_2xmz1yr1_wpftmp.csproj]
E:\openbroadcaster\Core\Services\AudioService.cs(105,16): warning CS0436: The type 'AudioRoutingGraph' in 'E:\openbroadcaster\Core\Audio\AudioRoutingGraph.cs' conflicts with the imported type 'AudioRoutingGraph' in 'OpenBroadcaster.Core, Version=0.0.0.0, Culture=neutral, PublicKeyToken=null'. Using the type defined in 'E:\openbroadcaster\Core\Audio\AudioRoutingGraph.cs'. [E:\openbroadcaster\OpenBroadcaster_2xmz1yr1_wpftmp.csproj]
E:\openbroadcaster\Core\Overlay\OverlayService.cs(28,17): warning CS0436: The type 'RequestPolicyEvaluator' in 'E:\openbroadcaster\Core\Requests\RequestPolicyEvaluator.cs' conflicts with the imported type 'RequestPolicyEvaluator' in 'OpenBroadcaster.Core, Version=0.0.0.0, Culture=neutral, PublicKeyToken=null'. Using the type defined in 'E:\openbroadcaster\Core\Requests\RequestPolicyEvaluator.cs'. [E:\openbroadcaster\OpenBroadcaster_2xmz1yr1_wpftmp.csproj]
E:\openbroadcaster\Core\Overlay\OverlayService.cs(31,31): warning CS0436: The type 'QueueService' in 'E:\openbroadcaster\Core\Services\QueueService.cs' conflicts with the imported type 'QueueService' in 'OpenBroadcaster.Core, Version=0.0.0.0, Culture=neutral, PublicKeyToken=null'. Using the type defined in 'E:\openbroadcaster\Core\Services\QueueService.cs'. [E:\openbroadcaster\OpenBroadcaster_2xmz1yr1_wpftmp.csproj]
E:\openbroadcaster\Core\Overlay\OverlayService.cs(31,58): warning CS0436: The type 'IEventBus' in 'E:\openbroadcaster\Core\Messaging\IEventBus.cs' conflicts with the imported type 'IEventBus' in 'OpenBroadcaster.Core, Version=0.0.0.0, Culture=neutral, PublicKeyToken=null'. Using the type defined in 'E:\openbroadcaster\Core\Messaging\IEventBus.cs'. [E:\openbroadcaster\OpenBroadcaster_2xmz1yr1_wpftmp.csproj]
E:\openbroadcaster\Core\Overlay\OverlayService.cs(31,86): warning CS0436: The type 'OverlayService' in 'E:\openbroadcaster\Core\Overlay\OverlayService.cs' conflicts with the imported type 'OverlayService' in 'OpenBroadcaster.Core, Version=0.0.0.0, Culture=neutral, PublicKeyToken=null'. Using the type defined in 'E:\openbroadcaster\Core\Overlay\OverlayService.cs'. [E:\openbroadcaster\OpenBroadcaster_2xmz1yr1_wpftmp.csproj]
E:\openbroadcaster\Core\Services\AudioService.cs(107,38): warning CS0436: The type 'IAudioEncoderTap' in 'E:\openbroadcaster\Core\Audio\IAudioEncoderTap.cs' conflicts with the imported type 'IAudioEncoderTap' in 'OpenBroadcaster.Core, Version=0.0.0.0, Culture=neutral, PublicKeyToken=null'. Using the type defined in 'E:\openbroadcaster\Core\Audio\IAudioEncoderTap.cs'. [E:\openbroadcaster\OpenBroadcaster_2xmz1yr1_wpftmp.csproj]
E:\openbroadcaster\Core\Services\AudioService.cs(116,30): warning CS0436: The type 'AudioDeviceInfo' in 'E:\openbroadcaster\Core\Audio\AudioDeviceInfo.cs' conflicts with the imported type 'AudioDeviceInfo' in 'OpenBroadcaster.Core, Version=0.0.0.0, Culture=neutral, PublicKeyToken=null'. Using the type defined in 'E:\openbroadcaster\Core\Audio\AudioDeviceInfo.cs'. [E:\openbroadcaster\OpenBroadcaster_2xmz1yr1_wpftmp.csproj]
E:\openbroadcaster\Views\RotationDialog.xaml.cs(21,31): warning CS0436: The type 'SimpleRotation' in 'E:\openbroadcaster\Core\Automation\SimpleRotation.cs' conflicts with the imported type 'SimpleRotation' in 'OpenBroadcaster.Core, Version=0.0.0.0, Culture=neutral, PublicKeyToken=null'. Using the type defined in 'E:\openbroadcaster\Core\Automation\SimpleRotation.cs'. [E:\openbroadcaster\OpenBroadcaster_2xmz1yr1_wpftmp.csproj]
E:\openbroadcaster\Core\Services\AudioService.cs(123,30): warning CS0436: The type 'AudioDeviceInfo' in 'E:\openbroadcaster\Core\Audio\AudioDeviceInfo.cs' conflicts with the imported type 'AudioDeviceInfo' in 'OpenBroadcaster.Core, Version=0.0.0.0, Culture=neutral, PublicKeyToken=null'. Using the type defined in 'E:\openbroadcaster\Core\Audio\AudioDeviceInfo.cs'. [E:\openbroadcaster\OpenBroadcaster_2xmz1yr1_wpftmp.csproj]
E:\openbroadcaster\Core\Services\AudioService.cs(128,40): warning CS0436: The type 'AudioSettings' in 'E:\openbroadcaster\Core\Models\AppSettings.cs' conflicts with the imported type 'AudioSettings' in 'OpenBroadcaster.Core, Version=0.0.0.0, Culture=neutral, PublicKeyToken=null'. Using the type defined in 'E:\openbroadcaster\Core\Models\AppSettings.cs'. [E:\openbroadcaster\OpenBroadcaster_2xmz1yr1_wpftmp.csproj]
E:\openbroadcaster\Core\Services\AudioService.cs(188,30): warning CS0436: The type 'DeckIdentifier' in 'E:\openbroadcaster\Core\Models\DeckIdentifier.cs' conflicts with the imported type 'DeckIdentifier' in 'OpenBroadcaster.Core, Version=0.0.0.0, Culture=neutral, PublicKeyToken=null'. Using the type defined in 'E:\openbroadcaster\Core\Models\DeckIdentifier.cs'. [E:\openbroadcaster\OpenBroadcaster_2xmz1yr1_wpftmp.csproj]
E:\openbroadcaster\Core\Services\AudioService.cs(194,31): warning CS0436: The type 'DeckIdentifier' in 'E:\openbroadcaster\Core\Models\DeckIdentifier.cs' conflicts with the imported type 'DeckIdentifier' in 'OpenBroadcaster.Core, Version=0.0.0.0, Culture=neutral, PublicKeyToken=null'. Using the type defined in 'E:\openbroadcaster\Core\Models\DeckIdentifier.cs'. [E:\openbroadcaster\OpenBroadcaster_2xmz1yr1_wpftmp.csproj]
E:\openbroadcaster\Core\Services\AudioService.cs(200,44): warning CS0436: The type 'DeckIdentifier' in 'E:\openbroadcaster\Core\Models\DeckIdentifier.cs' conflicts with the imported type 'DeckIdentifier' in 'OpenBroadcaster.Core, Version=0.0.0.0, Culture=neutral, PublicKeyToken=null'. Using the type defined in 'E:\openbroadcaster\Core\Models\DeckIdentifier.cs'. [E:\openbroadcaster\OpenBroadcaster_2xmz1yr1_wpftmp.csproj]
E:\openbroadcaster\Core\Relay\Client\RelayMessageHandler.cs(29,26): warning CS0436: The type 'NowPlayingPayload' in 'E:\openbroadcaster\Core\Relay\Contracts\Payloads\NowPlayingPayload.cs' conflicts with the imported type 'NowPlayingPayload' in 'OpenBroadcaster.Core, Version=0.0.0.0, Culture=neutral, PublicKeyToken=null'. Using the type defined in 'E:\openbroadcaster\Core\Relay\Contracts\Payloads\NowPlayingPayload.cs'. [E:\openbroadcaster\OpenBroadcaster_2xmz1yr1_wpftmp.csproj]
E:\openbroadcaster\Core\Streaming\EncoderAudioSource.cs(47,9): warning CS0436: The type 'IEncoderAudioSource' in 'E:\openbroadcaster\Core\Streaming\EncoderAudioSource.cs' conflicts with the imported type 'IEncoderAudioSource' in 'OpenBroadcaster.Core, Version=0.0.0.0, Culture=neutral, PublicKeyToken=null'. Using the type defined in 'E:\openbroadcaster\Core\Streaming\EncoderAudioSource.cs'. [E:\openbroadcaster\OpenBroadcaster_2xmz1yr1_wpftmp.csproj]
E:\openbroadcaster\Core\Services\AudioService.cs(212,30): warning CS0436: The type 'DeckIdentifier' in 'E:\openbroadcaster\Core\Models\DeckIdentifier.cs' conflicts with the imported type 'DeckIdentifier' in 'OpenBroadcaster.Core, Version=0.0.0.0, Culture=neutral, PublicKeyToken=null'. Using the type defined in 'E:\openbroadcaster\Core\Models\DeckIdentifier.cs'. [E:\openbroadcaster\OpenBroadcaster_2xmz1yr1_wpftmp.csproj]
E:\openbroadcaster\Core\Streaming\EncoderAudioSource.cs(50,53): warning CS0436: The type 'IEncoderAudioSourceFactory' in 'E:\openbroadcaster\Core\Streaming\EncoderAudioSource.cs' conflicts with the imported type 'IEncoderAudioSourceFactory' in 'OpenBroadcaster.Core, Version=0.0.0.0, Culture=neutral, PublicKeyToken=null'. Using the type defined in 'E:\openbroadcaster\Core\Streaming\EncoderAudioSource.cs'. [E:\openbroadcaster\OpenBroadcaster_2xmz1yr1_wpftmp.csproj]
E:\openbroadcaster\Core\Overlay\OverlaySnapshotFactory.cs(18,36): warning CS0436: The type 'OverlaySettings' in 'E:\openbroadcaster\Core\Models\AppSettings.cs' conflicts with the imported type 'OverlaySettings' in 'OpenBroadcaster.Core, Version=0.0.0.0, Culture=neutral, PublicKeyToken=null'. Using the type defined in 'E:\openbroadcaster\Core\Models\AppSettings.cs'. [E:\openbroadcaster\OpenBroadcaster_2xmz1yr1_wpftmp.csproj]
E:\openbroadcaster\Core\Services\AudioService.cs(218,37): warning CS0436: The type 'DeckIdentifier' in 'E:\openbroadcaster\Core\Models\DeckIdentifier.cs' conflicts with the imported type 'DeckIdentifier' in 'OpenBroadcaster.Core, Version=0.0.0.0, Culture=neutral, PublicKeyToken=null'. Using the type defined in 'E:\openbroadcaster\Core\Models\DeckIdentifier.cs'. [E:\openbroadcaster\OpenBroadcaster_2xmz1yr1_wpftmp.csproj]
E:\openbroadcaster\Core\Services\AudioService.cs(225,37): warning CS0436: The type 'DeckIdentifier' in 'E:\openbroadcaster\Core\Models\DeckIdentifier.cs' conflicts with the imported type 'DeckIdentifier' in 'OpenBroadcaster.Core, Version=0.0.0.0, Culture=neutral, PublicKeyToken=null'. Using the type defined in 'E:\openbroadcaster\Core\Models\DeckIdentifier.cs'. [E:\openbroadcaster\OpenBroadcaster_2xmz1yr1_wpftmp.csproj]
E:\openbroadcaster\Core\Relay\Client\RelayMessageHandler.cs(35,26): warning CS0436: The type 'QueueStatePayload' in 'E:\openbroadcaster\Core\Relay\Contracts\Payloads\QueuePayloads.cs' conflicts with the imported type 'QueueStatePayload' in 'OpenBroadcaster.Core, Version=0.0.0.0, Culture=neutral, PublicKeyToken=null'. Using the type defined in 'E:\openbroadcaster\Core\Relay\Contracts\Payloads\QueuePayloads.cs'. [E:\openbroadcaster\OpenBroadcaster_2xmz1yr1_wpftmp.csproj]
E:\openbroadcaster\Core\Streaming\EncoderAudioSource.cs(52,16): warning CS0436: The type 'IEncoderAudioSource' in 'E:\openbroadcaster\Core\Streaming\EncoderAudioSource.cs' conflicts with the imported type 'IEncoderAudioSource' in 'OpenBroadcaster.Core, Version=0.0.0.0, Culture=neutral, PublicKeyToken=null'. Using the type defined in 'E:\openbroadcaster\Core\Streaming\EncoderAudioSource.cs'. [E:\openbroadcaster\OpenBroadcaster_2xmz1yr1_wpftmp.csproj]
E:\openbroadcaster\Core\Overlay\OverlaySnapshotFactory.cs(24,25): warning CS0436: The type 'OverlayDeckState' in 'E:\openbroadcaster\Core\Overlay\OverlaySnapshotFactory.cs' conflicts with the imported type 'OverlayDeckState' in 'OpenBroadcaster.Core, Version=0.0.0.0, Culture=neutral, PublicKeyToken=null'. Using the type defined in 'E:\openbroadcaster\Core\Overlay\OverlaySnapshotFactory.cs'. [E:\openbroadcaster\OpenBroadcaster_2xmz1yr1_wpftmp.csproj]
E:\openbroadcaster\Core\Overlay\OverlaySnapshotFactory.cs(25,27): warning CS0436: The type 'QueueItem' in 'E:\openbroadcaster\Core\Models\QueueItem.cs' conflicts with the imported type 'QueueItem' in 'OpenBroadcaster.Core, Version=0.0.0.0, Culture=neutral, PublicKeyToken=null'. Using the type defined in 'E:\openbroadcaster\Core\Models\QueueItem.cs'. [E:\openbroadcaster\OpenBroadcaster_2xmz1yr1_wpftmp.csproj]
E:\openbroadcaster\Core\Overlay\OverlaySnapshotFactory.cs(26,27): warning CS0436: The type 'QueueItem' in 'E:\openbroadcaster\Core\Models\QueueItem.cs' conflicts with the imported type 'QueueItem' in 'OpenBroadcaster.Core, Version=0.0.0.0, Culture=neutral, PublicKeyToken=null'. Using the type defined in 'E:\openbroadcaster\Core\Models\QueueItem.cs'. [E:\openbroadcaster\OpenBroadcaster_2xmz1yr1_wpftmp.csproj]
E:\openbroadcaster\Core\Overlay\OverlaySnapshotFactory.cs(23,16): warning CS0436: The type 'OverlayStateSnapshot' in 'E:\openbroadcaster\Core\Overlay\OverlayStateSnapshot.cs' conflicts with the imported type 'OverlayStateSnapshot' in 'OpenBroadcaster.Core, Version=0.0.0.0, Culture=neutral, PublicKeyToken=null'. Using the type defined in 'E:\openbroadcaster\Core\Overlay\OverlayStateSnapshot.cs'. [E:\openbroadcaster\OpenBroadcaster_2xmz1yr1_wpftmp.csproj]
E:\openbroadcaster\Core\Overlay\OverlaySnapshotFactory.cs(73,55): warning CS0436: The type 'OverlayDeckState' in 'E:\openbroadcaster\Core\Overlay\OverlaySnapshotFactory.cs' conflicts with the imported type 'OverlayDeckState' in 'OpenBroadcaster.Core, Version=0.0.0.0, Culture=neutral, PublicKeyToken=null'. Using the type defined in 'E:\openbroadcaster\Core\Overlay\OverlaySnapshotFactory.cs'. [E:\openbroadcaster\OpenBroadcaster_2xmz1yr1_wpftmp.csproj]
E:\openbroadcaster\Core\Overlay\OverlaySnapshotFactory.cs(73,17): warning CS0436: The type 'OverlayTrackPayload' in 'E:\openbroadcaster\Core\Overlay\OverlayStateSnapshot.cs' conflicts with the imported type 'OverlayTrackPayload' in 'OpenBroadcaster.Core, Version=0.0.0.0, Culture=neutral, PublicKeyToken=null'. Using the type defined in 'E:\openbroadcaster\Core\Overlay\OverlayStateSnapshot.cs'. [E:\openbroadcaster\OpenBroadcaster_2xmz1yr1_wpftmp.csproj]
E:\openbroadcaster\Core\Streaming\EncoderAudioSource.cs(65,50): warning CS0436: The type 'IEncoderAudioSource' in 'E:\openbroadcaster\Core\Streaming\EncoderAudioSource.cs' conflicts with the imported type 'IEncoderAudioSource' in 'OpenBroadcaster.Core, Version=0.0.0.0, Culture=neutral, PublicKeyToken=null'. Using the type defined in 'E:\openbroadcaster\Core\Streaming\EncoderAudioSource.cs'. [E:\openbroadcaster\OpenBroadcaster_2xmz1yr1_wpftmp.csproj]
E:\openbroadcaster\Views\RotationDialog.xaml.cs(126,31): warning CS0436: The type 'SimpleRotation' in 'E:\openbroadcaster\Core\Automation\SimpleRotation.cs' conflicts with the imported type 'SimpleRotation' in 'OpenBroadcaster.Core, Version=0.0.0.0, Culture=neutral, PublicKeyToken=null'. Using the type defined in 'E:\openbroadcaster\Core\Automation\SimpleRotation.cs'. [E:\openbroadcaster\OpenBroadcaster_2xmz1yr1_wpftmp.csproj]
E:\openbroadcaster\Core\Services\AudioService.cs(237,16): warning CS0436: The type 'CartPlayback' in 'E:\openbroadcaster\Core\Audio\CartPlayback.cs' conflicts with the imported type 'CartPlayback' in 'OpenBroadcaster.Core, Version=0.0.0.0, Culture=neutral, PublicKeyToken=null'. Using the type defined in 'E:\openbroadcaster\Core\Audio\CartPlayback.cs'. [E:\openbroadcaster\OpenBroadcaster_2xmz1yr1_wpftmp.csproj]
E:\openbroadcaster\Core\Overlay\OverlaySnapshotFactory.cs(90,13): warning CS0436: The type 'QueueItem' in 'E:\openbroadcaster\Core\Models\QueueItem.cs' conflicts with the imported type 'QueueItem' in 'OpenBroadcaster.Core, Version=0.0.0.0, Culture=neutral, PublicKeyToken=null'. Using the type defined in 'E:\openbroadcaster\Core\Models\QueueItem.cs'. [E:\openbroadcaster\OpenBroadcaster_2xmz1yr1_wpftmp.csproj]
E:\openbroadcaster\Core\Overlay\OverlaySnapshotFactory.cs(89,17): warning CS0436: The type 'OverlayTrackPayload' in 'E:\openbroadcaster\Core\Overlay\OverlayStateSnapshot.cs' conflicts with the imported type 'OverlayTrackPayload' in 'OpenBroadcaster.Core, Version=0.0.0.0, Culture=neutral, PublicKeyToken=null'. Using the type defined in 'E:\openbroadcaster\Core\Overlay\OverlayStateSnapshot.cs'. [E:\openbroadcaster\OpenBroadcaster_2xmz1yr1_wpftmp.csproj]
E:\openbroadcaster\Core\Services\AudioService.cs(243,39): warning CS0436: The type 'DeckIdentifier' in 'E:\openbroadcaster\Core\Models\DeckIdentifier.cs' conflicts with the imported type 'DeckIdentifier' in 'OpenBroadcaster.Core, Version=0.0.0.0, Culture=neutral, PublicKeyToken=null'. Using the type defined in 'E:\openbroadcaster\Core\Models\DeckIdentifier.cs'. [E:\openbroadcaster\OpenBroadcaster_2xmz1yr1_wpftmp.csproj]
E:\openbroadcaster\Core\Services\AudioService.cs(243,17): warning CS0436: The type 'AudioDeck' in 'E:\openbroadcaster\Core\Audio\AudioDeck.cs' conflicts with the imported type 'AudioDeck' in 'OpenBroadcaster.Core, Version=0.0.0.0, Culture=neutral, PublicKeyToken=null'. Using the type defined in 'E:\openbroadcaster\Core\Audio\AudioDeck.cs'. [E:\openbroadcaster\OpenBroadcaster_2xmz1yr1_wpftmp.csproj]
E:\openbroadcaster\Core\Overlay\OverlaySnapshotFactory.cs(120,42): warning CS0436: The type 'QueueItem' in 'E:\openbroadcaster\Core\Models\QueueItem.cs' conflicts with the imported type 'QueueItem' in 'OpenBroadcaster.Core, Version=0.0.0.0, Culture=neutral, PublicKeyToken=null'. Using the type defined in 'E:\openbroadcaster\Core\Models\QueueItem.cs'. [E:\openbroadcaster\OpenBroadcaster_2xmz1yr1_wpftmp.csproj]
E:\openbroadcaster\Core\Streaming\EncoderAudioSource.cs(78,35): warning CS0436: The type 'EncoderAudioFrameEventArgs' in 'E:\openbroadcaster\Core\Streaming\EncoderAudioSource.cs' conflicts with the imported type 'EncoderAudioFrameEventArgs' in 'OpenBroadcaster.Core, Version=0.0.0.0, Culture=neutral, PublicKeyToken=null'. Using the type defined in 'E:\openbroadcaster\Core\Streaming\EncoderAudioSource.cs'. [E:\openbroadcaster\OpenBroadcaster_2xmz1yr1_wpftmp.csproj]
E:\openbroadcaster\Core\Overlay\OverlaySnapshotFactory.cs(142,48): warning CS0436: The type 'QueueItem' in 'E:\openbroadcaster\Core\Models\QueueItem.cs' conflicts with the imported type 'QueueItem' in 'OpenBroadcaster.Core, Version=0.0.0.0, Culture=neutral, PublicKeyToken=null'. Using the type defined in 'E:\openbroadcaster\Core\Models\QueueItem.cs'. [E:\openbroadcaster\OpenBroadcaster_2xmz1yr1_wpftmp.csproj]
E:\openbroadcaster\Views\RotationDialog.xaml.cs(202,66): warning CS0436: The type 'SimpleRotation' in 'E:\openbroadcaster\Core\Automation\SimpleRotation.cs' conflicts with the imported type 'SimpleRotation' in 'OpenBroadcaster.Core, Version=0.0.0.0, Culture=neutral, PublicKeyToken=null'. Using the type defined in 'E:\openbroadcaster\Core\Automation\SimpleRotation.cs'. [E:\openbroadcaster\OpenBroadcaster_2xmz1yr1_wpftmp.csproj]
E:\openbroadcaster\Core\Relay\Client\RelayMessageHandler.cs(41,21): warning CS0436: The type 'QueueAddPayload' in 'E:\openbroadcaster\Core\Relay\Contracts\Payloads\QueuePayloads.cs' conflicts with the imported type 'QueueAddPayload' in 'OpenBroadcaster.Core, Version=0.0.0.0, Culture=neutral, PublicKeyToken=null'. Using the type defined in 'E:\openbroadcaster\Core\Relay\Contracts\Payloads\QueuePayloads.cs'. [E:\openbroadcaster\OpenBroadcaster_2xmz1yr1_wpftmp.csproj]
E:\openbroadcaster\Core\Relay\Client\RelayMessageHandler.cs(41,43): warning CS0436: The type 'QueueAddResultPayload' in 'E:\openbroadcaster\Core\Relay\Contracts\Payloads\QueuePayloads.cs' conflicts with the imported type 'QueueAddResultPayload' in 'OpenBroadcaster.Core, Version=0.0.0.0, Culture=neutral, PublicKeyToken=null'. Using the type defined in 'E:\openbroadcaster\Core\Relay\Contracts\Payloads\QueuePayloads.cs'. [E:\openbroadcaster\OpenBroadcaster_2xmz1yr1_wpftmp.csproj]
E:\openbroadcaster\Core\Services\AudioService.cs(279,61): warning CS0436: The type 'AudioDeviceInfo' in 'E:\openbroadcaster\Core\Audio\AudioDeviceInfo.cs' conflicts with the imported type 'AudioDeviceInfo' in 'OpenBroadcaster.Core, Version=0.0.0.0, Culture=neutral, PublicKeyToken=null'. Using the type defined in 'E:\openbroadcaster\Core\Audio\AudioDeviceInfo.cs'. [E:\openbroadcaster\OpenBroadcaster_2xmz1yr1_wpftmp.csproj]
E:\openbroadcaster\Core\Overlay\OverlaySnapshotFactory.cs(10,17): warning CS0436: The type 'OverlaySettings' in 'E:\openbroadcaster\Core\Models\AppSettings.cs' conflicts with the imported type 'OverlaySettings' in 'OpenBroadcaster.Core, Version=0.0.0.0, Culture=neutral, PublicKeyToken=null'. Using the type defined in 'E:\openbroadcaster\Core\Models\AppSettings.cs'. [E:\openbroadcaster\OpenBroadcaster_2xmz1yr1_wpftmp.csproj]
E:\openbroadcaster\Core\Services\AudioService.cs(311,56): warning CS0436: The type 'AudioDeviceInfo' in 'E:\openbroadcaster\Core\Audio\AudioDeviceInfo.cs' conflicts with the imported type 'AudioDeviceInfo' in 'OpenBroadcaster.Core, Version=0.0.0.0, Culture=neutral, PublicKeyToken=null'. Using the type defined in 'E:\openbroadcaster\Core\Audio\AudioDeviceInfo.cs'. [E:\openbroadcaster\OpenBroadcaster_2xmz1yr1_wpftmp.csproj]
E:\openbroadcaster\Core\Relay\Client\RelayMessageHandler.cs(46,21): warning CS0436: The type 'QueueRemovePayload' in 'E:\openbroadcaster\Core\Relay\Contracts\Payloads\QueuePayloads.cs' conflicts with the imported type 'QueueRemovePayload' in 'OpenBroadcaster.Core, Version=0.0.0.0, Culture=neutral, PublicKeyToken=null'. Using the type defined in 'E:\openbroadcaster\Core\Relay\Contracts\Payloads\QueuePayloads.cs'. [E:\openbroadcaster\OpenBroadcaster_2xmz1yr1_wpftmp.csproj]
E:\openbroadcaster\Core\Services\AudioService.cs(321,58): warning CS0436: The type 'AudioDeviceInfo' in 'E:\openbroadcaster\Core\Audio\AudioDeviceInfo.cs' conflicts with the imported type 'AudioDeviceInfo' in 'OpenBroadcaster.Core, Version=0.0.0.0, Culture=neutral, PublicKeyToken=null'. Using the type defined in 'E:\openbroadcaster\Core\Audio\AudioDeviceInfo.cs'. [E:\openbroadcaster\OpenBroadcaster_2xmz1yr1_wpftmp.csproj]
E:\openbroadcaster\Core\Services\AudioService.cs(360,60): warning CS0436: The type 'MicSampleBlockEventArgs' in 'E:\openbroadcaster\Core\Services\MicSampleBlockEventArgs.cs' conflicts with the imported type 'MicSampleBlockEventArgs' in 'OpenBroadcaster.Core, Version=0.0.0.0, Culture=neutral, PublicKeyToken=null'. Using the type defined in 'E:\openbroadcaster\Core\Services\MicSampleBlockEventArgs.cs'. [E:\openbroadcaster\OpenBroadcaster_2xmz1yr1_wpftmp.csproj]
E:\openbroadcaster\Core\Overlay\OverlaySnapshotFactory.cs(164,9): warning CS0436: The type 'DeckIdentifier' in 'E:\openbroadcaster\Core\Models\DeckIdentifier.cs' conflicts with the imported type 'DeckIdentifier' in 'OpenBroadcaster.Core, Version=0.0.0.0, Culture=neutral, PublicKeyToken=null'. Using the type defined in 'E:\openbroadcaster\Core\Models\DeckIdentifier.cs'. [E:\openbroadcaster\OpenBroadcaster_2xmz1yr1_wpftmp.csproj]
E:\openbroadcaster\Core\Overlay\OverlaySnapshotFactory.cs(165,9): warning CS0436: The type 'QueueItem' in 'E:\openbroadcaster\Core\Models\QueueItem.cs' conflicts with the imported type 'QueueItem' in 'OpenBroadcaster.Core, Version=0.0.0.0, Culture=neutral, PublicKeyToken=null'. Using the type defined in 'E:\openbroadcaster\Core\Models\QueueItem.cs'. [E:\openbroadcaster\OpenBroadcaster_2xmz1yr1_wpftmp.csproj]
E:\openbroadcaster\Core\Streaming\EncoderAudioSource.cs(122,53): warning CS0436: The type 'IEncoderAudioSource' in 'E:\openbroadcaster\Core\Streaming\EncoderAudioSource.cs' conflicts with the imported type 'IEncoderAudioSource' in 'OpenBroadcaster.Core, Version=0.0.0.0, Culture=neutral, PublicKeyToken=null'. Using the type defined in 'E:\openbroadcaster\Core\Streaming\EncoderAudioSource.cs'. [E:\openbroadcaster\OpenBroadcaster_2xmz1yr1_wpftmp.csproj]
E:\openbroadcaster\Core\Services\AudioService.cs(54,26): warning CS0436: The type 'CartPlayer' in 'E:\openbroadcaster\Core\Audio\CartPlayer.cs' conflicts with the imported type 'CartPlayer' in 'OpenBroadcaster.Core, Version=0.0.0.0, Culture=neutral, PublicKeyToken=null'. Using the type defined in 'E:\openbroadcaster\Core\Audio\CartPlayer.cs'. [E:\openbroadcaster\OpenBroadcaster_2xmz1yr1_wpftmp.csproj]
E:\openbroadcaster\Views\RotationDialog.xaml.cs(56,40): warning CS0436: The type 'SimpleRotation' in 'E:\openbroadcaster\Core\Automation\SimpleRotation.cs' conflicts with the imported type 'SimpleRotation' in 'OpenBroadcaster.Core, Version=0.0.0.0, Culture=neutral, PublicKeyToken=null'. Using the type defined in 'E:\openbroadcaster\Core\Automation\SimpleRotation.cs'. [E:\openbroadcaster\OpenBroadcaster_2xmz1yr1_wpftmp.csproj]
E:\openbroadcaster\Core\Services\AudioService.cs(55,34): warning CS0436: The type 'AudioService' in 'E:\openbroadcaster\Core\Services\AudioService.cs' conflicts with the imported type 'AudioService' in 'OpenBroadcaster.Core, Version=0.0.0.0, Culture=neutral, PublicKeyToken=null'. Using the type defined in 'E:\openbroadcaster\Core\Services\AudioService.cs'. [E:\openbroadcaster\OpenBroadcaster_2xmz1yr1_wpftmp.csproj]
E:\openbroadcaster\Core\Relay\Client\RelayMessageHandler.cs(61,21): warning CS0436: The type 'LibrarySearchPayload' in 'E:\openbroadcaster\Core\Relay\Contracts\Payloads\LibraryPayloads.cs' conflicts with the imported type 'LibrarySearchPayload' in 'OpenBroadcaster.Core, Version=0.0.0.0, Culture=neutral, PublicKeyToken=null'. Using the type defined in 'E:\openbroadcaster\Core\Relay\Contracts\Payloads\LibraryPayloads.cs'. [E:\openbroadcaster\OpenBroadcaster_2xmz1yr1_wpftmp.csproj]
E:\openbroadcaster\Core\Relay\Client\RelayMessageHandler.cs(61,48): warning CS0436: The type 'LibrarySearchResultPayload' in 'E:\openbroadcaster\Core\Relay\Contracts\Payloads\LibraryPayloads.cs' conflicts with the imported type 'LibrarySearchResultPayload' in 'OpenBroadcaster.Core, Version=0.0.0.0, Culture=neutral, PublicKeyToken=null'. Using the type defined in 'E:\openbroadcaster\Core\Relay\Contracts\Payloads\LibraryPayloads.cs'. [E:\openbroadcaster\OpenBroadcaster_2xmz1yr1_wpftmp.csproj]
E:\openbroadcaster\Core\Services\AudioService.cs(56,26): warning CS0436: The type 'IAudioDeviceResolver' in 'E:\openbroadcaster\Core\Audio\IAudioDeviceResolver.cs' conflicts with the imported type 'IAudioDeviceResolver' in 'OpenBroadcaster.Core, Version=0.0.0.0, Culture=neutral, PublicKeyToken=null'. Using the type defined in 'E:\openbroadcaster\Core\Audio\IAudioDeviceResolver.cs'. [E:\openbroadcaster\OpenBroadcaster_2xmz1yr1_wpftmp.csproj]
E:\openbroadcaster\Core\Services\AudioService.cs(57,26): warning CS0436: The type 'AudioRoutingGraph' in 'E:\openbroadcaster\Core\Audio\AudioRoutingGraph.cs' conflicts with the imported type 'AudioRoutingGraph' in 'OpenBroadcaster.Core, Version=0.0.0.0, Culture=neutral, PublicKeyToken=null'. Using the type defined in 'E:\openbroadcaster\Core\Audio\AudioRoutingGraph.cs'. [E:\openbroadcaster\OpenBroadcaster_2xmz1yr1_wpftmp.csproj]
E:\openbroadcaster\Core\Streaming\EncoderAudioSource.cs(136,35): warning CS0436: The type 'EncoderAudioFrameEventArgs' in 'E:\openbroadcaster\Core\Streaming\EncoderAudioSource.cs' conflicts with the imported type 'EncoderAudioFrameEventArgs' in 'OpenBroadcaster.Core, Version=0.0.0.0, Culture=neutral, PublicKeyToken=null'. Using the type defined in 'E:\openbroadcaster\Core\Streaming\EncoderAudioSource.cs'. [E:\openbroadcaster\OpenBroadcaster_2xmz1yr1_wpftmp.csproj]
E:\openbroadcaster\Core\Services\AudioService.cs(58,26): warning CS0436: The type 'VuMeterService' in 'E:\openbroadcaster\Core\Audio\VuMeterService.cs' conflicts with the imported type 'VuMeterService' in 'OpenBroadcaster.Core, Version=0.0.0.0, Culture=neutral, PublicKeyToken=null'. Using the type defined in 'E:\openbroadcaster\Core\Audio\VuMeterService.cs'. [E:\openbroadcaster\OpenBroadcaster_2xmz1yr1_wpftmp.csproj]
E:\openbroadcaster\Core\Services\AudioService.cs(59,26): warning CS0436: The type 'MicInputService' in 'E:\openbroadcaster\Core\Services\MicInputService.cs' conflicts with the imported type 'MicInputService' in 'OpenBroadcaster.Core, Version=0.0.0.0, Culture=neutral, PublicKeyToken=null'. Using the type defined in 'E:\openbroadcaster\Core\Services\MicInputService.cs'. [E:\openbroadcaster\OpenBroadcaster_2xmz1yr1_wpftmp.csproj]
E:\openbroadcaster\Core\Services\AudioService.cs(60,17): warning CS0436: The type 'IAudioEncoderTap' in 'E:\openbroadcaster\Core\Audio\IAudioEncoderTap.cs' conflicts with the imported type 'IAudioEncoderTap' in 'OpenBroadcaster.Core, Version=0.0.0.0, Culture=neutral, PublicKeyToken=null'. Using the type defined in 'E:\openbroadcaster\Core\Audio\IAudioEncoderTap.cs'. [E:\openbroadcaster\OpenBroadcaster_2xmz1yr1_wpftmp.csproj]
E:\openbroadcaster\Core\Relay\Client\RelayMessageHandler.cs(66,21): warning CS0436: The type 'SongRequestPayload' in 'E:\openbroadcaster\Core\Relay\Contracts\Payloads\RequestPayloads.cs' conflicts with the imported type 'SongRequestPayload' in 'OpenBroadcaster.Core, Version=0.0.0.0, Culture=neutral, PublicKeyToken=null'. Using the type defined in 'E:\openbroadcaster\Core\Relay\Contracts\Payloads\RequestPayloads.cs'. [E:\openbroadcaster\OpenBroadcaster_2xmz1yr1_wpftmp.csproj]
E:\openbroadcaster\Core\Relay\Client\RelayMessageHandler.cs(66,46): warning CS0436: The type 'SongRequestResultPayload' in 'E:\openbroadcaster\Core\Relay\Contracts\Payloads\RequestPayloads.cs' conflicts with the imported type 'SongRequestResultPayload' in 'OpenBroadcaster.Core, Version=0.0.0.0, Culture=neutral, PublicKeyToken=null'. Using the type defined in 'E:\openbroadcaster\Core\Relay\Contracts\Payloads\RequestPayloads.cs'. [E:\openbroadcaster\OpenBroadcaster_2xmz1yr1_wpftmp.csproj]
E:\openbroadcaster\Core\Overlay\OverlayStateSnapshot.cs(8,23): warning CS0436: The type 'OverlayStateSnapshot' in 'E:\openbroadcaster\Core\Overlay\OverlayStateSnapshot.cs' conflicts with the imported type 'OverlayStateSnapshot' in 'OpenBroadcaster.Core, Version=0.0.0.0, Culture=neutral, PublicKeyToken=null'. Using the type defined in 'E:\openbroadcaster\Core\Overlay\OverlayStateSnapshot.cs'. [E:\openbroadcaster\OpenBroadcaster_2xmz1yr1_wpftmp.csproj]
E:\openbroadcaster\Core\Services\AudioService.cs(64,37): warning CS0436: The type 'AudioService' in 'E:\openbroadcaster\Core\Services\AudioService.cs' conflicts with the imported type 'AudioService' in 'OpenBroadcaster.Core, Version=0.0.0.0, Culture=neutral, PublicKeyToken=null'. Using the type defined in 'E:\openbroadcaster\Core\Services\AudioService.cs'. [E:\openbroadcaster\OpenBroadcaster_2xmz1yr1_wpftmp.csproj]
E:\openbroadcaster\Core\Services\AudioService.cs(64,67): warning CS0436: The type 'IAudioDeviceResolver' in 'E:\openbroadcaster\Core\Audio\IAudioDeviceResolver.cs' conflicts with the imported type 'IAudioDeviceResolver' in 'OpenBroadcaster.Core, Version=0.0.0.0, Culture=neutral, PublicKeyToken=null'. Using the type defined in 'E:\openbroadcaster\Core\Audio\IAudioDeviceResolver.cs'. [E:\openbroadcaster\OpenBroadcaster_2xmz1yr1_wpftmp.csproj]
E:\openbroadcaster\Core\Relay\Client\RelayMessageHandler.cs(79,62): warning CS0436: The type 'MessageReceivedEventArgs' in 'E:\openbroadcaster\Core\Relay\Client\RelayClientEvents.cs' conflicts with the imported type 'MessageReceivedEventArgs' in 'OpenBroadcaster.Core, Version=0.0.0.0, Culture=neutral, PublicKeyToken=null'. Using the type defined in 'E:\openbroadcaster\Core\Relay\Client\RelayClientEvents.cs'. [E:\openbroadcaster\OpenBroadcaster_2xmz1yr1_wpftmp.csproj]
E:\openbroadcaster\Core\Overlay\OverlayStateSnapshot.cs(30,16): warning CS0436: The type 'OverlayTrackPayload' in 'E:\openbroadcaster\Core\Overlay\OverlayStateSnapshot.cs' conflicts with the imported type 'OverlayTrackPayload' in 'OpenBroadcaster.Core, Version=0.0.0.0, Culture=neutral, PublicKeyToken=null'. Using the type defined in 'E:\openbroadcaster\Core\Overlay\OverlayStateSnapshot.cs'. [E:\openbroadcaster\OpenBroadcaster_2xmz1yr1_wpftmp.csproj]
E:\openbroadcaster\Core\Relay\Client\RelayMessageHandler.cs(91,47): warning CS0436: The type 'MessageEnvelope' in 'E:\openbroadcaster\Core\Relay\Contracts\MessageEnvelope.cs' conflicts with the imported type 'MessageEnvelope' in 'OpenBroadcaster.Core, Version=0.0.0.0, Culture=neutral, PublicKeyToken=null'. Using the type defined in 'E:\openbroadcaster\Core\Relay\Contracts\MessageEnvelope.cs'. [E:\openbroadcaster\OpenBroadcaster_2xmz1yr1_wpftmp.csproj]
E:\openbroadcaster\Core\Overlay\OverlayStateSnapshot.cs(31,16): warning CS0436: The type 'OverlayTrackPayload' in 'E:\openbroadcaster\Core\Overlay\OverlayStateSnapshot.cs' conflicts with the imported type 'OverlayTrackPayload' in 'OpenBroadcaster.Core, Version=0.0.0.0, Culture=neutral, PublicKeyToken=null'. Using the type defined in 'E:\openbroadcaster\Core\Overlay\OverlayStateSnapshot.cs'. [E:\openbroadcaster\OpenBroadcaster_2xmz1yr1_wpftmp.csproj]
E:\openbroadcaster\Core\Relay\Client\RelayMessageHandler.cs(135,57): warning CS0436: The type 'MessageEnvelope' in 'E:\openbroadcaster\Core\Relay\Contracts\MessageEnvelope.cs' conflicts with the imported type 'MessageEnvelope' in 'OpenBroadcaster.Core, Version=0.0.0.0, Culture=neutral, PublicKeyToken=null'. Using the type defined in 'E:\openbroadcaster\Core\Relay\Contracts\MessageEnvelope.cs'. [E:\openbroadcaster\OpenBroadcaster_2xmz1yr1_wpftmp.csproj]
E:\openbroadcaster\Core\Overlay\OverlayStateSnapshot.cs(32,30): warning CS0436: The type 'OverlayTrackPayload' in 'E:\openbroadcaster\Core\Overlay\OverlayStateSnapshot.cs' conflicts with the imported type 'OverlayTrackPayload' in 'OpenBroadcaster.Core, Version=0.0.0.0, Culture=neutral, PublicKeyToken=null'. Using the type defined in 'E:\openbroadcaster\Core\Overlay\OverlayStateSnapshot.cs'. [E:\openbroadcaster\OpenBroadcaster_2xmz1yr1_wpftmp.csproj]
E:\openbroadcaster\Core\Relay\Client\RelayMessageHandler.cs(152,52): warning CS0436: The type 'MessageEnvelope' in 'E:\openbroadcaster\Core\Relay\Contracts\MessageEnvelope.cs' conflicts with the imported type 'MessageEnvelope' in 'OpenBroadcaster.Core, Version=0.0.0.0, Culture=neutral, PublicKeyToken=null'. Using the type defined in 'E:\openbroadcaster\Core\Relay\Contracts\MessageEnvelope.cs'. [E:\openbroadcaster\OpenBroadcaster_2xmz1yr1_wpftmp.csproj]
E:\openbroadcaster\Core\Overlay\OverlayStateSnapshot.cs(33,30): warning CS0436: The type 'OverlayTrackPayload' in 'E:\openbroadcaster\Core\Overlay\OverlayStateSnapshot.cs' conflicts with the imported type 'OverlayTrackPayload' in 'OpenBroadcaster.Core, Version=0.0.0.0, Culture=neutral, PublicKeyToken=null'. Using the type defined in 'E:\openbroadcaster\Core\Overlay\OverlayStateSnapshot.cs'. [E:\openbroadcaster\OpenBroadcaster_2xmz1yr1_wpftmp.csproj]
E:\openbroadcaster\Core\Relay\Client\RelayMessageHandler.cs(169,48): warning CS0436: The type 'MessageEnvelope' in 'E:\openbroadcaster\Core\Relay\Contracts\MessageEnvelope.cs' conflicts with the imported type 'MessageEnvelope' in 'OpenBroadcaster.Core, Version=0.0.0.0, Culture=neutral, PublicKeyToken=null'. Using the type defined in 'E:\openbroadcaster\Core\Relay\Contracts\MessageEnvelope.cs'. [E:\openbroadcaster\OpenBroadcaster_2xmz1yr1_wpftmp.csproj]
E:\openbroadcaster\Core\Relay\Client\RelayMessageHandler.cs(193,51): warning CS0436: The type 'MessageEnvelope' in 'E:\openbroadcaster\Core\Relay\Contracts\MessageEnvelope.cs' conflicts with the imported type 'MessageEnvelope' in 'OpenBroadcaster.Core, Version=0.0.0.0, Culture=neutral, PublicKeyToken=null'. Using the type defined in 'E:\openbroadcaster\Core\Relay\Contracts\MessageEnvelope.cs'. [E:\openbroadcaster\OpenBroadcaster_2xmz1yr1_wpftmp.csproj]
E:\openbroadcaster\Core\Streaming\EncoderAudioSource.cs(125,34): warning CS0436: The type 'WasapiLoopbackAudioSource' in 'E:\openbroadcaster\Core\Streaming\EncoderAudioSource.cs' conflicts with the imported type 'WasapiLoopbackAudioSource' in 'OpenBroadcaster.Core, Version=0.0.0.0, Culture=neutral, PublicKeyToken=null'. Using the type defined in 'E:\openbroadcaster\Core\Streaming\EncoderAudioSource.cs'. [E:\openbroadcaster\OpenBroadcaster_2xmz1yr1_wpftmp.csproj]
E:\openbroadcaster\Core\Relay\Client\RelayMessageHandler.cs(212,50): warning CS0436: The type 'MessageEnvelope' in 'E:\openbroadcaster\Core\Relay\Contracts\MessageEnvelope.cs' conflicts with the imported type 'MessageEnvelope' in 'OpenBroadcaster.Core, Version=0.0.0.0, Culture=neutral, PublicKeyToken=null'. Using the type defined in 'E:\openbroadcaster\Core\Relay\Contracts\MessageEnvelope.cs'. [E:\openbroadcaster\OpenBroadcaster_2xmz1yr1_wpftmp.csproj]
E:\openbroadcaster\Core\Overlay\OverlayStateSnapshot.cs(17,13): warning CS0436: The type 'OverlayTrackPayload' in 'E:\openbroadcaster\Core\Overlay\OverlayStateSnapshot.cs' conflicts with the imported type 'OverlayTrackPayload' in 'OpenBroadcaster.Core, Version=0.0.0.0, Culture=neutral, PublicKeyToken=null'. Using the type defined in 'E:\openbroadcaster\Core\Overlay\OverlayStateSnapshot.cs'. [E:\openbroadcaster\OpenBroadcaster_2xmz1yr1_wpftmp.csproj]
E:\openbroadcaster\Core\Overlay\OverlayStateSnapshot.cs(18,13): warning CS0436: The type 'OverlayTrackPayload' in 'E:\openbroadcaster\Core\Overlay\OverlayStateSnapshot.cs' conflicts with the imported type 'OverlayTrackPayload' in 'OpenBroadcaster.Core, Version=0.0.0.0, Culture=neutral, PublicKeyToken=null'. Using the type defined in 'E:\openbroadcaster\Core\Overlay\OverlayStateSnapshot.cs'. [E:\openbroadcaster\OpenBroadcaster_2xmz1yr1_wpftmp.csproj]
E:\openbroadcaster\Core\Overlay\OverlayStateSnapshot.cs(19,27): warning CS0436: The type 'OverlayTrackPayload' in 'E:\openbroadcaster\Core\Overlay\OverlayStateSnapshot.cs' conflicts with the imported type 'OverlayTrackPayload' in 'OpenBroadcaster.Core, Version=0.0.0.0, Culture=neutral, PublicKeyToken=null'. Using the type defined in 'E:\openbroadcaster\Core\Overlay\OverlayStateSnapshot.cs'. [E:\openbroadcaster\OpenBroadcaster_2xmz1yr1_wpftmp.csproj]
E:\openbroadcaster\Core\Overlay\OverlayStateSnapshot.cs(20,27): warning CS0436: The type 'OverlayTrackPayload' in 'E:\openbroadcaster\Core\Overlay\OverlayStateSnapshot.cs' conflicts with the imported type 'OverlayTrackPayload' in 'OpenBroadcaster.Core, Version=0.0.0.0, Culture=neutral, PublicKeyToken=null'. Using the type defined in 'E:\openbroadcaster\Core\Overlay\OverlayStateSnapshot.cs'. [E:\openbroadcaster\OpenBroadcaster_2xmz1yr1_wpftmp.csproj]
E:\openbroadcaster\Core\Relay\Client\RelayMessageHandler.cs(223,44): warning CS0436: The type 'MessageEnvelope' in 'E:\openbroadcaster\Core\Relay\Contracts\MessageEnvelope.cs' conflicts with the imported type 'MessageEnvelope' in 'OpenBroadcaster.Core, Version=0.0.0.0, Culture=neutral, PublicKeyToken=null'. Using the type defined in 'E:\openbroadcaster\Core\Relay\Contracts\MessageEnvelope.cs'. [E:\openbroadcaster\OpenBroadcaster_2xmz1yr1_wpftmp.csproj]
E:\openbroadcaster\Core\Relay\Client\RelayMessageHandler.cs(234,53): warning CS0436: The type 'MessageEnvelope' in 'E:\openbroadcaster\Core\Relay\Contracts\MessageEnvelope.cs' conflicts with the imported type 'MessageEnvelope' in 'OpenBroadcaster.Core, Version=0.0.0.0, Culture=neutral, PublicKeyToken=null'. Using the type defined in 'E:\openbroadcaster\Core\Relay\Contracts\MessageEnvelope.cs'. [E:\openbroadcaster\OpenBroadcaster_2xmz1yr1_wpftmp.csproj]
E:\openbroadcaster\Core\Relay\Client\RelayMessageHandler.cs(258,51): warning CS0436: The type 'MessageEnvelope' in 'E:\openbroadcaster\Core\Relay\Contracts\MessageEnvelope.cs' conflicts with the imported type 'MessageEnvelope' in 'OpenBroadcaster.Core, Version=0.0.0.0, Culture=neutral, PublicKeyToken=null'. Using the type defined in 'E:\openbroadcaster\Core\Relay\Contracts\MessageEnvelope.cs'. [E:\openbroadcaster\OpenBroadcaster_2xmz1yr1_wpftmp.csproj]
E:\openbroadcaster\Core\Relay\Client\RelayMessageHandler.cs(282,32): warning CS0436: The type 'MessageEnvelope' in 'E:\openbroadcaster\Core\Relay\Contracts\MessageEnvelope.cs' conflicts with the imported type 'MessageEnvelope' in 'OpenBroadcaster.Core, Version=0.0.0.0, Culture=neutral, PublicKeyToken=null'. Using the type defined in 'E:\openbroadcaster\Core\Relay\Contracts\MessageEnvelope.cs'. [E:\openbroadcaster\OpenBroadcaster_2xmz1yr1_wpftmp.csproj]
E:\openbroadcaster\Core\Relay\Client\RelayMessageHandler.cs(302,42): warning CS0436: The type 'NowPlayingPayload' in 'E:\openbroadcaster\Core\Relay\Contracts\Payloads\NowPlayingPayload.cs' conflicts with the imported type 'NowPlayingPayload' in 'OpenBroadcaster.Core, Version=0.0.0.0, Culture=neutral, PublicKeyToken=null'. Using the type defined in 'E:\openbroadcaster\Core\Relay\Contracts\Payloads\NowPlayingPayload.cs'. [E:\openbroadcaster\OpenBroadcaster_2xmz1yr1_wpftmp.csproj]
E:\openbroadcaster\Core\Relay\Client\RelayMessageHandler.cs(310,37): warning CS0436: The type 'QueueStatePayload' in 'E:\openbroadcaster\Core\Relay\Contracts\Payloads\QueuePayloads.cs' conflicts with the imported type 'QueueStatePayload' in 'OpenBroadcaster.Core, Version=0.0.0.0, Culture=neutral, PublicKeyToken=null'. Using the type defined in 'E:\openbroadcaster\Core\Relay\Contracts\Payloads\QueuePayloads.cs'. [E:\openbroadcaster\OpenBroadcaster_2xmz1yr1_wpftmp.csproj]
E:\openbroadcaster\Core\Relay\Client\RelayMessageHandler.cs(20,26): warning CS0436: The type 'RelayWebSocketClient' in 'E:\openbroadcaster\Core\Relay\Client\RelayWebSocketClient.cs' conflicts with the imported type 'RelayWebSocketClient' in 'OpenBroadcaster.Core, Version=0.0.0.0, Culture=neutral, PublicKeyToken=null'. Using the type defined in 'E:\openbroadcaster\Core\Relay\Client\RelayWebSocketClient.cs'. [E:\openbroadcaster\OpenBroadcaster_2xmz1yr1_wpftmp.csproj]
E:\openbroadcaster\Core\Relay\Client\RelayMessageHandler.cs(21,26): warning CS0436: The type 'IRelayClientLogger' in 'E:\openbroadcaster\Core\Relay\Client\IRelayClientLogger.cs' conflicts with the imported type 'IRelayClientLogger' in 'OpenBroadcaster.Core, Version=0.0.0.0, Culture=neutral, PublicKeyToken=null'. Using the type defined in 'E:\openbroadcaster\Core\Relay\Client\IRelayClientLogger.cs'. [E:\openbroadcaster\OpenBroadcaster_2xmz1yr1_wpftmp.csproj]
E:\openbroadcaster\Views\SchedulerDialog.xaml.cs(15,16): warning CS0436: The type 'SimpleSchedulerEntry' in 'E:\openbroadcaster\Core\Automation\SimpleRotation.cs' conflicts with the imported type 'SimpleSchedulerEntry' in 'OpenBroadcaster.Core, Version=0.0.0.0, Culture=neutral, PublicKeyToken=null'. Using the type defined in 'E:\openbroadcaster\Core\Automation\SimpleRotation.cs'. [E:\openbroadcaster\OpenBroadcaster_2xmz1yr1_wpftmp.csproj]
E:\openbroadcaster\Views\SchedulerDialog.xaml.cs(16,30): warning CS0436: The type 'SimpleRotation' in 'E:\openbroadcaster\Core\Automation\SimpleRotation.cs' conflicts with the imported type 'SimpleRotation' in 'OpenBroadcaster.Core, Version=0.0.0.0, Culture=neutral, PublicKeyToken=null'. Using the type defined in 'E:\openbroadcaster\Core\Automation\SimpleRotation.cs'. [E:\openbroadcaster\OpenBroadcaster_2xmz1yr1_wpftmp.csproj]
E:\openbroadcaster\Core\Services\AutoDjController.cs(106,30): warning CS0436: The type 'AutoDjPreviewItem' in 'E:\openbroadcaster\Core\Services\AutoDjController.cs' conflicts with the imported type 'AutoDjPreviewItem' in 'OpenBroadcaster.Core, Version=0.0.0.0, Culture=neutral, PublicKeyToken=null'. Using the type defined in 'E:\openbroadcaster\Core\Services\AutoDjController.cs'. [E:\openbroadcaster\OpenBroadcaster_2xmz1yr1_wpftmp.csproj]
E:\openbroadcaster\Core\Streaming\EncoderManager.cs(42,35): warning CS0436: The type 'EncoderStatusChangedEventArgs' in 'E:\openbroadcaster\Core\Streaming\EncoderState.cs' conflicts with the imported type 'EncoderStatusChangedEventArgs' in 'OpenBroadcaster.Core, Version=0.0.0.0, Culture=neutral, PublicKeyToken=null'. Using the type defined in 'E:\openbroadcaster\Core\Streaming\EncoderState.cs'. [E:\openbroadcaster\OpenBroadcaster_2xmz1yr1_wpftmp.csproj]
E:\openbroadcaster\Core\Relay\Client\RelayMessageHandler.cs(70,36): warning CS0436: The type 'RelayWebSocketClient' in 'E:\openbroadcaster\Core\Relay\Client\RelayWebSocketClient.cs' conflicts with the imported type 'RelayWebSocketClient' in 'OpenBroadcaster.Core, Version=0.0.0.0, Culture=neutral, PublicKeyToken=null'. Using the type defined in 'E:\openbroadcaster\Core\Relay\Client\RelayWebSocketClient.cs'. [E:\openbroadcaster\OpenBroadcaster_2xmz1yr1_wpftmp.csproj]
E:\openbroadcaster\Core\Relay\Client\RelayMessageHandler.cs(70,65): warning CS0436: The type 'IRelayClientLogger' in 'E:\openbroadcaster\Core\Relay\Client\IRelayClientLogger.cs' conflicts with the imported type 'IRelayClientLogger' in 'OpenBroadcaster.Core, Version=0.0.0.0, Culture=neutral, PublicKeyToken=null'. Using the type defined in 'E:\openbroadcaster\Core\Relay\Client\IRelayClientLogger.cs'. [E:\openbroadcaster\OpenBroadcaster_2xmz1yr1_wpftmp.csproj]
E:\openbroadcaster\Core\Services\AutoDjController.cs(167,45): warning CS0436: The type 'ClockwheelSlot' in 'E:\openbroadcaster\Core\Automation\ClockwheelSlot.cs' conflicts with the imported type 'ClockwheelSlot' in 'OpenBroadcaster.Core, Version=0.0.0.0, Culture=neutral, PublicKeyToken=null'. Using the type defined in 'E:\openbroadcaster\Core\Automation\ClockwheelSlot.cs'. [E:\openbroadcaster\OpenBroadcaster_2xmz1yr1_wpftmp.csproj]
E:\openbroadcaster\Core\Services\AutoDjController.cs(167,17): warning CS0436: The type 'Track' in 'E:\openbroadcaster\Core\Models\Track.cs' conflicts with the imported type 'Track' in 'OpenBroadcaster.Core, Version=0.0.0.0, Culture=neutral, PublicKeyToken=null'. Using the type defined in 'E:\openbroadcaster\Core\Models\Track.cs'. [E:\openbroadcaster\OpenBroadcaster_2xmz1yr1_wpftmp.csproj]
E:\openbroadcaster\Core\Services\AutoDjController.cs(190,44): warning CS0436: The type 'ClockwheelSlot' in 'E:\openbroadcaster\Core\Automation\ClockwheelSlot.cs' conflicts with the imported type 'ClockwheelSlot' in 'OpenBroadcaster.Core, Version=0.0.0.0, Culture=neutral, PublicKeyToken=null'. Using the type defined in 'E:\openbroadcaster\Core\Automation\ClockwheelSlot.cs'. [E:\openbroadcaster\OpenBroadcaster_2xmz1yr1_wpftmp.csproj]
E:\openbroadcaster\Core\Services\AutoDjController.cs(190,17): warning CS0436: The type 'Track' in 'E:\openbroadcaster\Core\Models\Track.cs' conflicts with the imported type 'Track' in 'OpenBroadcaster.Core, Version=0.0.0.0, Culture=neutral, PublicKeyToken=null'. Using the type defined in 'E:\openbroadcaster\Core\Models\Track.cs'. [E:\openbroadcaster\OpenBroadcaster_2xmz1yr1_wpftmp.csproj]
E:\openbroadcaster\Core\Streaming\EncoderManager.cs(46,41): warning CS0436: The type 'EncoderSettings' in 'E:\openbroadcaster\Core\Models\AppSettings.cs' conflicts with the imported type 'EncoderSettings' in 'OpenBroadcaster.Core, Version=0.0.0.0, Culture=neutral, PublicKeyToken=null'. Using the type defined in 'E:\openbroadcaster\Core\Models\AppSettings.cs'. [E:\openbroadcaster\OpenBroadcaster_2xmz1yr1_wpftmp.csproj]
E:\openbroadcaster\Core\Services\AutoDjController.cs(12,26): warning CS0436: The type 'QueueService' in 'E:\openbroadcaster\Core\Services\QueueService.cs' conflicts with the imported type 'QueueService' in 'OpenBroadcaster.Core, Version=0.0.0.0, Culture=neutral, PublicKeyToken=null'. Using the type defined in 'E:\openbroadcaster\Core\Services\QueueService.cs'. [E:\openbroadcaster\OpenBroadcaster_2xmz1yr1_wpftmp.csproj]
E:\openbroadcaster\Core\Streaming\EncoderManager.cs(67,46): warning CS0436: The type 'Track' in 'E:\openbroadcaster\Core\Models\Track.cs' conflicts with the imported type 'Track' in 'OpenBroadcaster.Core, Version=0.0.0.0, Culture=neutral, PublicKeyToken=null'. Using the type defined in 'E:\openbroadcaster\Core\Models\Track.cs'. [E:\openbroadcaster\OpenBroadcaster_2xmz1yr1_wpftmp.csproj]
E:\openbroadcaster\Core\Streaming\EncoderManager.cs(83,36): warning CS0436: The type 'EncoderStatus' in 'E:\openbroadcaster\Core\Streaming\EncoderState.cs' conflicts with the imported type 'EncoderStatus' in 'OpenBroadcaster.Core, Version=0.0.0.0, Culture=neutral, PublicKeyToken=null'. Using the type defined in 'E:\openbroadcaster\Core\Streaming\EncoderState.cs'. [E:\openbroadcaster\OpenBroadcaster_2xmz1yr1_wpftmp.csproj]
E:\openbroadcaster\Core\Streaming\EncoderManager.cs(292,71): warning CS0436: The type 'EncoderProfile' in 'E:\openbroadcaster\Core\Models\EncoderProfile.cs' conflicts with the imported type 'EncoderProfile' in 'OpenBroadcaster.Core, Version=0.0.0.0, Culture=neutral, PublicKeyToken=null'. Using the type defined in 'E:\openbroadcaster\Core\Models\EncoderProfile.cs'. [E:\openbroadcaster\OpenBroadcaster_2xmz1yr1_wpftmp.csproj]
E:\openbroadcaster\Core\Streaming\EncoderManager.cs(292,29): warning CS0436: The type 'EncoderProfile' in 'E:\openbroadcaster\Core\Models\EncoderProfile.cs' conflicts with the imported type 'EncoderProfile' in 'OpenBroadcaster.Core, Version=0.0.0.0, Culture=neutral, PublicKeyToken=null'. Using the type defined in 'E:\openbroadcaster\Core\Models\EncoderProfile.cs'. [E:\openbroadcaster\OpenBroadcaster_2xmz1yr1_wpftmp.csproj]
E:\openbroadcaster\Core\Streaming\EncoderManager.cs(321,37): warning CS0436: The type 'EncoderStatus' in 'E:\openbroadcaster\Core\Streaming\EncoderState.cs' conflicts with the imported type 'EncoderStatus' in 'OpenBroadcaster.Core, Version=0.0.0.0, Culture=neutral, PublicKeyToken=null'. Using the type defined in 'E:\openbroadcaster\Core\Streaming\EncoderState.cs'. [E:\openbroadcaster\OpenBroadcaster_2xmz1yr1_wpftmp.csproj]
E:\openbroadcaster\Core\Streaming\EncoderManager.cs(341,56): warning CS0436: The type 'EncoderAudioFrameEventArgs' in 'E:\openbroadcaster\Core\Streaming\EncoderAudioSource.cs' conflicts with the imported type 'EncoderAudioFrameEventArgs' in 'OpenBroadcaster.Core, Version=0.0.0.0, Culture=neutral, PublicKeyToken=null'. Using the type defined in 'E:\openbroadcaster\Core\Streaming\EncoderAudioSource.cs'. [E:\openbroadcaster\OpenBroadcaster_2xmz1yr1_wpftmp.csproj]
E:\openbroadcaster\Core\Services\AutoDjController.cs(13,26): warning CS0436: The type 'RotationEngine' in 'E:\openbroadcaster\Core\Automation\RotationEngine.cs' conflicts with the imported type 'RotationEngine' in 'OpenBroadcaster.Core, Version=0.0.0.0, Culture=neutral, PublicKeyToken=null'. Using the type defined in 'E:\openbroadcaster\Core\Automation\RotationEngine.cs'. [E:\openbroadcaster\OpenBroadcaster_2xmz1yr1_wpftmp.csproj]
E:\openbroadcaster\Views\SchedulerDialog.xaml.cs(18,32): warning CS0436: The type 'SimpleSchedulerEntry' in 'E:\openbroadcaster\Core\Automation\SimpleRotation.cs' conflicts with the imported type 'SimpleSchedulerEntry' in 'OpenBroadcaster.Core, Version=0.0.0.0, Culture=neutral, PublicKeyToken=null'. Using the type defined in 'E:\openbroadcaster\Core\Automation\SimpleRotation.cs'. [E:\openbroadcaster\OpenBroadcaster_2xmz1yr1_wpftmp.csproj]
E:\openbroadcaster\Views\SchedulerDialog.xaml.cs(18,65): warning CS0436: The type 'SimpleRotation' in 'E:\openbroadcaster\Core\Automation\SimpleRotation.cs' conflicts with the imported type 'SimpleRotation' in 'OpenBroadcaster.Core, Version=0.0.0.0, Culture=neutral, PublicKeyToken=null'. Using the type defined in 'E:\openbroadcaster\Core\Automation\SimpleRotation.cs'. [E:\openbroadcaster\OpenBroadcaster_2xmz1yr1_wpftmp.csproj]
E:\openbroadcaster\Core\Services\AutoDjController.cs(14,26): warning CS0436: The type 'ClockwheelScheduler' in 'E:\openbroadcaster\Core\Automation\ClockwheelScheduler.cs' conflicts with the imported type 'ClockwheelScheduler' in 'OpenBroadcaster.Core, Version=0.0.0.0, Culture=neutral, PublicKeyToken=null'. Using the type defined in 'E:\openbroadcaster\Core\Automation\ClockwheelScheduler.cs'. [E:\openbroadcaster\OpenBroadcaster_2xmz1yr1_wpftmp.csproj]
E:\openbroadcaster\Core\Services\AutoDjController.cs(15,26): warning CS0436: The type 'LibraryService' in 'E:\openbroadcaster\Core\Services\LibraryService.cs' conflicts with the imported type 'LibraryService' in 'OpenBroadcaster.Core, Version=0.0.0.0, Culture=neutral, PublicKeyToken=null'. Using the type defined in 'E:\openbroadcaster\Core\Services\LibraryService.cs'. [E:\openbroadcaster\OpenBroadcaster_2xmz1yr1_wpftmp.csproj]
E:\openbroadcaster\Core\Services\AutoDjController.cs(16,34): warning CS0436: The type 'AutoDjController' in 'E:\openbroadcaster\Core\Services\AutoDjController.cs' conflicts with the imported type 'AutoDjController' in 'OpenBroadcaster.Core, Version=0.0.0.0, Culture=neutral, PublicKeyToken=null'. Using the type defined in 'E:\openbroadcaster\Core\Services\AutoDjController.cs'. [E:\openbroadcaster\OpenBroadcaster_2xmz1yr1_wpftmp.csproj]
E:\openbroadcaster\Core\Relay\Client\RelayWebSocketClient.cs(63,35): warning CS0436: The type 'ConnectionStateChangedEventArgs' in 'E:\openbroadcaster\Core\Relay\Client\RelayClientEvents.cs' conflicts with the imported type 'ConnectionStateChangedEventArgs' in 'OpenBroadcaster.Core, Version=0.0.0.0, Culture=neutral, PublicKeyToken=null'. Using the type defined in 'E:\openbroadcaster\Core\Relay\Client\RelayClientEvents.cs'. [E:\openbroadcaster\OpenBroadcaster_2xmz1yr1_wpftmp.csproj]
E:\openbroadcaster\Core\Relay\Client\RelayWebSocketClient.cs(68,35): warning CS0436: The type 'MessageReceivedEventArgs' in 'E:\openbroadcaster\Core\Relay\Client\RelayClientEvents.cs' conflicts with the imported type 'MessageReceivedEventArgs' in 'OpenBroadcaster.Core, Version=0.0.0.0, Culture=neutral, PublicKeyToken=null'. Using the type defined in 'E:\openbroadcaster\Core\Relay\Client\RelayClientEvents.cs'. [E:\openbroadcaster\OpenBroadcaster_2xmz1yr1_wpftmp.csproj]
E:\openbroadcaster\Core\Relay\Client\RelayWebSocketClient.cs(73,35): warning CS0436: The type 'RelayClientErrorEventArgs' in 'E:\openbroadcaster\Core\Relay\Client\RelayClientEvents.cs' conflicts with the imported type 'RelayClientErrorEventArgs' in 'OpenBroadcaster.Core, Version=0.0.0.0, Culture=neutral, PublicKeyToken=null'. Using the type defined in 'E:\openbroadcaster\Core\Relay\Client\RelayClientEvents.cs'. [E:\openbroadcaster\OpenBroadcaster_2xmz1yr1_wpftmp.csproj]
E:\openbroadcaster\Core\Relay\Client\RelayWebSocketClient.cs(78,35): warning CS0436: The type 'AuthenticationResultEventArgs' in 'E:\openbroadcaster\Core\Relay\Client\RelayClientEvents.cs' conflicts with the imported type 'AuthenticationResultEventArgs' in 'OpenBroadcaster.Core, Version=0.0.0.0, Culture=neutral, PublicKeyToken=null'. Using the type defined in 'E:\openbroadcaster\Core\Relay\Client\RelayClientEvents.cs'. [E:\openbroadcaster\OpenBroadcaster_2xmz1yr1_wpftmp.csproj]
E:\openbroadcaster\Core\Relay\Client\RelayWebSocketClient.cs(83,35): warning CS0436: The type 'HeartbeatEventArgs' in 'E:\openbroadcaster\Core\Relay\Client\RelayClientEvents.cs' conflicts with the imported type 'HeartbeatEventArgs' in 'OpenBroadcaster.Core, Version=0.0.0.0, Culture=neutral, PublicKeyToken=null'. Using the type defined in 'E:\openbroadcaster\Core\Relay\Client\RelayClientEvents.cs'. [E:\openbroadcaster\OpenBroadcaster_2xmz1yr1_wpftmp.csproj]
E:\openbroadcaster\Core\Relay\Contracts\MessageEnvelope.cs(74,23): warning CS0436: The type 'MessageEnvelope' in 'E:\openbroadcaster\Core\Relay\Contracts\MessageEnvelope.cs' conflicts with the imported type 'MessageEnvelope' in 'OpenBroadcaster.Core, Version=0.0.0.0, Culture=neutral, PublicKeyToken=null'. Using the type defined in 'E:\openbroadcaster\Core\Relay\Contracts\MessageEnvelope.cs'. [E:\openbroadcaster\OpenBroadcaster_2xmz1yr1_wpftmp.csproj]
E:\openbroadcaster\Core\Relay\Client\RelayWebSocketClient.cs(92,16): warning CS0436: The type 'RelayConnectionState' in 'E:\openbroadcaster\Core\Relay\Client\RelayClientEvents.cs' conflicts with the imported type 'RelayConnectionState' in 'OpenBroadcaster.Core, Version=0.0.0.0, Culture=neutral, PublicKeyToken=null'. Using the type defined in 'E:\openbroadcaster\Core\Relay\Client\RelayClientEvents.cs'. [E:\openbroadcaster\OpenBroadcaster_2xmz1yr1_wpftmp.csproj]
E:\openbroadcaster\Core\Services\AutoDjController.cs(23,13): warning CS0436: The type 'QueueService' in 'E:\openbroadcaster\Core\Services\QueueService.cs' conflicts with the imported type 'QueueService' in 'OpenBroadcaster.Core, Version=0.0.0.0, Culture=neutral, PublicKeyToken=null'. Using the type defined in 'E:\openbroadcaster\Core\Services\QueueService.cs'. [E:\openbroadcaster\OpenBroadcaster_2xmz1yr1_wpftmp.csproj]
E:\openbroadcaster\Core\Services\AutoDjController.cs(24,13): warning CS0436: The type 'RotationEngine' in 'E:\openbroadcaster\Core\Automation\RotationEngine.cs' conflicts with the imported type 'RotationEngine' in 'OpenBroadcaster.Core, Version=0.0.0.0, Culture=neutral, PublicKeyToken=null'. Using the type defined in 'E:\openbroadcaster\Core\Automation\RotationEngine.cs'. [E:\openbroadcaster\OpenBroadcaster_2xmz1yr1_wpftmp.csproj]
E:\openbroadcaster\Core\Services\AutoDjController.cs(25,13): warning CS0436: The type 'ClockwheelScheduler' in 'E:\openbroadcaster\Core\Automation\ClockwheelScheduler.cs' conflicts with the imported type 'ClockwheelScheduler' in 'OpenBroadcaster.Core, Version=0.0.0.0, Culture=neutral, PublicKeyToken=null'. Using the type defined in 'E:\openbroadcaster\Core\Automation\ClockwheelScheduler.cs'. [E:\openbroadcaster\OpenBroadcaster_2xmz1yr1_wpftmp.csproj]
E:\openbroadcaster\Core\Services\AutoDjController.cs(26,13): warning CS0436: The type 'LibraryService' in 'E:\openbroadcaster\Core\Services\LibraryService.cs' conflicts with the imported type 'LibraryService' in 'OpenBroadcaster.Core, Version=0.0.0.0, Culture=neutral, PublicKeyToken=null'. Using the type defined in 'E:\openbroadcaster\Core\Services\LibraryService.cs'. [E:\openbroadcaster\OpenBroadcaster_2xmz1yr1_wpftmp.csproj]
E:\openbroadcaster\Core\Services\AutoDjController.cs(27,21): warning CS0436: The type 'AutoDjController' in 'E:\openbroadcaster\Core\Services\AutoDjController.cs' conflicts with the imported type 'AutoDjController' in 'OpenBroadcaster.Core, Version=0.0.0.0, Culture=neutral, PublicKeyToken=null'. Using the type defined in 'E:\openbroadcaster\Core\Services\AutoDjController.cs'. [E:\openbroadcaster\OpenBroadcaster_2xmz1yr1_wpftmp.csproj]
E:\openbroadcaster\Core\Relay\Contracts\MessageEnvelope.cs(123,23): warning CS0436: The type 'MessageEnvelope' in 'E:\openbroadcaster\Core\Relay\Contracts\MessageEnvelope.cs' conflicts with the imported type 'MessageEnvelope' in 'OpenBroadcaster.Core, Version=0.0.0.0, Culture=neutral, PublicKeyToken=null'. Using the type defined in 'E:\openbroadcaster\Core\Relay\Contracts\MessageEnvelope.cs'. [E:\openbroadcaster\OpenBroadcaster_2xmz1yr1_wpftmp.csproj]
E:\openbroadcaster\Views\SchedulerDialog.xaml.cs(121,31): warning CS0436: The type 'SimpleSchedulerEntry' in 'E:\openbroadcaster\Core\Automation\SimpleRotation.cs' conflicts with the imported type 'SimpleSchedulerEntry' in 'OpenBroadcaster.Core, Version=0.0.0.0, Culture=neutral, PublicKeyToken=null'. Using the type defined in 'E:\openbroadcaster\Core\Automation\SimpleRotation.cs'. [E:\openbroadcaster\OpenBroadcaster_2xmz1yr1_wpftmp.csproj]
E:\openbroadcaster\Core\Relay\Client\RelayWebSocketClient.cs(213,26): warning CS0436: The type 'MessageEnvelope' in 'E:\openbroadcaster\Core\Relay\Contracts\MessageEnvelope.cs' conflicts with the imported type 'MessageEnvelope' in 'OpenBroadcaster.Core, Version=0.0.0.0, Culture=neutral, PublicKeyToken=null'. Using the type defined in 'E:\openbroadcaster\Core\Relay\Contracts\MessageEnvelope.cs'. [E:\openbroadcaster\OpenBroadcaster_2xmz1yr1_wpftmp.csproj]
E:\openbroadcaster\Core\Relay\Client\RelayWebSocketClient.cs(235,43): warning CS0436: The type 'MessageEnvelope' in 'E:\openbroadcaster\Core\Relay\Contracts\MessageEnvelope.cs' conflicts with the imported type 'MessageEnvelope' in 'OpenBroadcaster.Core, Version=0.0.0.0, Culture=neutral, PublicKeyToken=null'. Using the type defined in 'E:\openbroadcaster\Core\Relay\Contracts\MessageEnvelope.cs'. [E:\openbroadcaster\OpenBroadcaster_2xmz1yr1_wpftmp.csproj]
E:\openbroadcaster\Views\SchedulerDialog.xaml.cs(65,30): warning CS0436: The type 'SimpleRotation' in 'E:\openbroadcaster\Core\Automation\SimpleRotation.cs' conflicts with the imported type 'SimpleRotation' in 'OpenBroadcaster.Core, Version=0.0.0.0, Culture=neutral, PublicKeyToken=null'. Using the type defined in 'E:\openbroadcaster\Core\Automation\SimpleRotation.cs'. [E:\openbroadcaster\OpenBroadcaster_2xmz1yr1_wpftmp.csproj]
E:\openbroadcaster\Views\SchedulerDialog.xaml.cs(69,16): warning CS0436: The type 'SimpleRotation' in 'E:\openbroadcaster\Core\Automation\SimpleRotation.cs' conflicts with the imported type 'SimpleRotation' in 'OpenBroadcaster.Core, Version=0.0.0.0, Culture=neutral, PublicKeyToken=null'. Using the type defined in 'E:\openbroadcaster\Core\Automation\SimpleRotation.cs'. [E:\openbroadcaster\OpenBroadcaster_2xmz1yr1_wpftmp.csproj]
E:\openbroadcaster\Core\Relay\Client\RelayWebSocketClient.cs(516,39): warning CS0436: The type 'MessageEnvelope' in 'E:\openbroadcaster\Core\Relay\Contracts\MessageEnvelope.cs' conflicts with the imported type 'MessageEnvelope' in 'OpenBroadcaster.Core, Version=0.0.0.0, Culture=neutral, PublicKeyToken=null'. Using the type defined in 'E:\openbroadcaster\Core\Relay\Contracts\MessageEnvelope.cs'. [E:\openbroadcaster\OpenBroadcaster_2xmz1yr1_wpftmp.csproj]
E:\openbroadcaster\Core\Relay\Client\RelayWebSocketClient.cs(540,33): warning CS0436: The type 'MessageEnvelope' in 'E:\openbroadcaster\Core\Relay\Contracts\MessageEnvelope.cs' conflicts with the imported type 'MessageEnvelope' in 'OpenBroadcaster.Core, Version=0.0.0.0, Culture=neutral, PublicKeyToken=null'. Using the type defined in 'E:\openbroadcaster\Core\Relay\Contracts\MessageEnvelope.cs'. [E:\openbroadcaster\OpenBroadcaster_2xmz1yr1_wpftmp.csproj]
E:\openbroadcaster\Core\Relay\Client\RelayWebSocketClient.cs(553,33): warning CS0436: The type 'MessageEnvelope' in 'E:\openbroadcaster\Core\Relay\Contracts\MessageEnvelope.cs' conflicts with the imported type 'MessageEnvelope' in 'OpenBroadcaster.Core, Version=0.0.0.0, Culture=neutral, PublicKeyToken=null'. Using the type defined in 'E:\openbroadcaster\Core\Relay\Contracts\MessageEnvelope.cs'. [E:\openbroadcaster\OpenBroadcaster_2xmz1yr1_wpftmp.csproj]
E:\openbroadcaster\Core\Streaming\EncoderManager.cs(23,34): warning CS0436: The type 'EncoderManager' in 'E:\openbroadcaster\Core\Streaming\EncoderManager.cs' conflicts with the imported type 'EncoderManager' in 'OpenBroadcaster.Core, Version=0.0.0.0, Culture=neutral, PublicKeyToken=null'. Using the type defined in 'E:\openbroadcaster\Core\Streaming\EncoderManager.cs'. [E:\openbroadcaster\OpenBroadcaster_2xmz1yr1_wpftmp.csproj]
E:\openbroadcaster\Core\Streaming\EncoderManager.cs(24,26): warning CS0436: The type 'IEncoderAudioSourceFactory' in 'E:\openbroadcaster\Core\Streaming\EncoderAudioSource.cs' conflicts with the imported type 'IEncoderAudioSourceFactory' in 'OpenBroadcaster.Core, Version=0.0.0.0, Culture=neutral, PublicKeyToken=null'. Using the type defined in 'E:\openbroadcaster\Core\Streaming\EncoderAudioSource.cs'. [E:\openbroadcaster\OpenBroadcaster_2xmz1yr1_wpftmp.csproj]
E:\openbroadcaster\Core\Relay\Client\RelayWebSocketClient.cs(667,31): warning CS0436: The type 'RelayConnectionState' in 'E:\openbroadcaster\Core\Relay\Client\RelayClientEvents.cs' conflicts with the imported type 'RelayConnectionState' in 'OpenBroadcaster.Core, Version=0.0.0.0, Culture=neutral, PublicKeyToken=null'. Using the type defined in 'E:\openbroadcaster\Core\Relay\Client\RelayClientEvents.cs'. [E:\openbroadcaster\OpenBroadcaster_2xmz1yr1_wpftmp.csproj]
E:\openbroadcaster\Core\Streaming\EncoderManager.cs(26,43): warning CS0436: The type 'EncoderStatus' in 'E:\openbroadcaster\Core\Streaming\EncoderState.cs' conflicts with the imported type 'EncoderStatus' in 'OpenBroadcaster.Core, Version=0.0.0.0, Culture=neutral, PublicKeyToken=null'. Using the type defined in 'E:\openbroadcaster\Core\Streaming\EncoderState.cs'. [E:\openbroadcaster\OpenBroadcaster_2xmz1yr1_wpftmp.csproj]
E:\openbroadcaster\Core\Services\AutoDjSettingsService.cs(24,29): warning CS0436: The type 'SimpleRotation' in 'E:\openbroadcaster\Core\Automation\SimpleRotation.cs' conflicts with the imported type 'SimpleRotation' in 'OpenBroadcaster.Core, Version=0.0.0.0, Culture=neutral, PublicKeyToken=null'. Using the type defined in 'E:\openbroadcaster\Core\Automation\SimpleRotation.cs'. [E:\openbroadcaster\OpenBroadcaster_2xmz1yr1_wpftmp.csproj]
E:\openbroadcaster\Core\Relay\Client\RelayWebSocketClient.cs(36,26): warning CS0436: The type 'RelayClientConfiguration' in 'E:\openbroadcaster\Core\Relay\Client\RelayClientConfiguration.cs' conflicts with the imported type 'RelayClientConfiguration' in 'OpenBroadcaster.Core, Version=0.0.0.0, Culture=neutral, PublicKeyToken=null'. Using the type defined in 'E:\openbroadcaster\Core\Relay\Client\RelayClientConfiguration.cs'. [E:\openbroadcaster\OpenBroadcaster_2xmz1yr1_wpftmp.csproj]
E:\openbroadcaster\Core\Streaming\EncoderManager.cs(28,22): warning CS0436: The type 'EncoderProfile' in 'E:\openbroadcaster\Core\Models\EncoderProfile.cs' conflicts with the imported type 'EncoderProfile' in 'OpenBroadcaster.Core, Version=0.0.0.0, Culture=neutral, PublicKeyToken=null'. Using the type defined in 'E:\openbroadcaster\Core\Models\EncoderProfile.cs'. [E:\openbroadcaster\OpenBroadcaster_2xmz1yr1_wpftmp.csproj]
E:\openbroadcaster\Core\Relay\Client\RelayWebSocketClient.cs(37,26): warning CS0436: The type 'IRelayClientLogger' in 'E:\openbroadcaster\Core\Relay\Client\IRelayClientLogger.cs' conflicts with the imported type 'IRelayClientLogger' in 'OpenBroadcaster.Core, Version=0.0.0.0, Culture=neutral, PublicKeyToken=null'. Using the type defined in 'E:\openbroadcaster\Core\Relay\Client\IRelayClientLogger.cs'. [E:\openbroadcaster\OpenBroadcaster_2xmz1yr1_wpftmp.csproj]
E:\openbroadcaster\Core\Streaming\EncoderManager.cs(29,17): warning CS0436: The type 'IEncoderAudioSource' in 'E:\openbroadcaster\Core\Streaming\EncoderAudioSource.cs' conflicts with the imported type 'IEncoderAudioSource' in 'OpenBroadcaster.Core, Version=0.0.0.0, Culture=neutral, PublicKeyToken=null'. Using the type defined in 'E:\openbroadcaster\Core\Streaming\EncoderAudioSource.cs'. [E:\openbroadcaster\OpenBroadcaster_2xmz1yr1_wpftmp.csproj]
E:\openbroadcaster\Core\Services\AutoDjSettingsService.cs(25,29): warning CS0436: The type 'SimpleScheduleRule' in 'E:\openbroadcaster\Core\Automation\SimpleScheduleRule.cs' conflicts with the imported type 'SimpleScheduleRule' in 'OpenBroadcaster.Core, Version=0.0.0.0, Culture=neutral, PublicKeyToken=null'. Using the type defined in 'E:\openbroadcaster\Core\Automation\SimpleScheduleRule.cs'. [E:\openbroadcaster\OpenBroadcaster_2xmz1yr1_wpftmp.csproj]
E:\openbroadcaster\Core\Streaming\EncoderManager.cs(36,31): warning CS0436: The type 'IEncoderAudioSourceFactory' in 'E:\openbroadcaster\Core\Streaming\EncoderAudioSource.cs' conflicts with the imported type 'IEncoderAudioSourceFactory' in 'OpenBroadcaster.Core, Version=0.0.0.0, Culture=neutral, PublicKeyToken=null'. Using the type defined in 'E:\openbroadcaster\Core\Streaming\EncoderAudioSource.cs'. [E:\openbroadcaster\OpenBroadcaster_2xmz1yr1_wpftmp.csproj]
E:\openbroadcaster\Core\Streaming\EncoderManager.cs(36,94): warning CS0436: The type 'EncoderManager' in 'E:\openbroadcaster\Core\Streaming\EncoderManager.cs' conflicts with the imported type 'EncoderManager' in 'OpenBroadcaster.Core, Version=0.0.0.0, Culture=neutral, PublicKeyToken=null'. Using the type defined in 'E:\openbroadcaster\Core\Streaming\EncoderManager.cs'. [E:\openbroadcaster\OpenBroadcaster_2xmz1yr1_wpftmp.csproj]
E:\openbroadcaster\Core\Services\AutoDjSettingsService.cs(26,29): warning CS0436: The type 'SimpleSchedulerEntry' in 'E:\openbroadcaster\Core\Automation\SimpleRotation.cs' conflicts with the imported type 'SimpleSchedulerEntry' in 'OpenBroadcaster.Core, Version=0.0.0.0, Culture=neutral, PublicKeyToken=null'. Using the type defined in 'E:\openbroadcaster\Core\Automation\SimpleRotation.cs'. [E:\openbroadcaster\OpenBroadcaster_2xmz1yr1_wpftmp.csproj]
E:\openbroadcaster\Core\Relay\Client\RelayWebSocketClient.cs(47,17): warning CS0436: The type 'RelayConnectionState' in 'E:\openbroadcaster\Core\Relay\Client\RelayClientEvents.cs' conflicts with the imported type 'RelayConnectionState' in 'OpenBroadcaster.Core, Version=0.0.0.0, Culture=neutral, PublicKeyToken=null'. Using the type defined in 'E:\openbroadcaster\Core\Relay\Client\RelayClientEvents.cs'. [E:\openbroadcaster\OpenBroadcaster_2xmz1yr1_wpftmp.csproj]
E:\openbroadcaster\Core\Services\AutoDjSettingsService.cs(22,34): warning CS0436: The type 'AutoDjSettingsService' in 'E:\openbroadcaster\Core\Services\AutoDjSettingsService.cs' conflicts with the imported type 'AutoDjSettingsService' in 'OpenBroadcaster.Core, Version=0.0.0.0, Culture=neutral, PublicKeyToken=null'. Using the type defined in 'E:\openbroadcaster\Core\Services\AutoDjSettingsService.cs'. [E:\openbroadcaster\OpenBroadcaster_2xmz1yr1_wpftmp.csproj]
E:\openbroadcaster\Core\Streaming\EncoderManager.cs(377,30): warning CS0436: The type 'EncoderProfile' in 'E:\openbroadcaster\Core\Models\EncoderProfile.cs' conflicts with the imported type 'EncoderProfile' in 'OpenBroadcaster.Core, Version=0.0.0.0, Culture=neutral, PublicKeyToken=null'. Using the type defined in 'E:\openbroadcaster\Core\Models\EncoderProfile.cs'. [E:\openbroadcaster\OpenBroadcaster_2xmz1yr1_wpftmp.csproj]
E:\openbroadcaster\Core\Streaming\EncoderManager.cs(379,30): warning CS0436: The type 'EncoderManager' in 'E:\openbroadcaster\Core\Streaming\EncoderManager.cs' conflicts with the imported type 'EncoderManager' in 'OpenBroadcaster.Core, Version=0.0.0.0, Culture=neutral, PublicKeyToken=null'. Using the type defined in 'E:\openbroadcaster\Core\Streaming\EncoderManager.cs'. [E:\openbroadcaster\OpenBroadcaster_2xmz1yr1_wpftmp.csproj]
E:\openbroadcaster\Core\Relay\Client\RelayWebSocketClient.cs(119,37): warning CS0436: The type 'RelayClientConfiguration' in 'E:\openbroadcaster\Core\Relay\Client\RelayClientConfiguration.cs' conflicts with the imported type 'RelayClientConfiguration' in 'OpenBroadcaster.Core, Version=0.0.0.0, Culture=neutral, PublicKeyToken=null'. Using the type defined in 'E:\openbroadcaster\Core\Relay\Client\RelayClientConfiguration.cs'. [E:\openbroadcaster\OpenBroadcaster_2xmz1yr1_wpftmp.csproj]
E:\openbroadcaster\Core\Relay\Client\RelayWebSocketClient.cs(119,70): warning CS0436: The type 'IRelayClientLogger' in 'E:\openbroadcaster\Core\Relay\Client\IRelayClientLogger.cs' conflicts with the imported type 'IRelayClientLogger' in 'OpenBroadcaster.Core, Version=0.0.0.0, Culture=neutral, PublicKeyToken=null'. Using the type defined in 'E:\openbroadcaster\Core\Relay\Client\IRelayClientLogger.cs'. [E:\openbroadcaster\OpenBroadcaster_2xmz1yr1_wpftmp.csproj]
E:\openbroadcaster\Core\Streaming\EncoderManager.cs(391,34): warning CS0436: The type 'EncoderProfile' in 'E:\openbroadcaster\Core\Models\EncoderProfile.cs' conflicts with the imported type 'EncoderProfile' in 'OpenBroadcaster.Core, Version=0.0.0.0, Culture=neutral, PublicKeyToken=null'. Using the type defined in 'E:\openbroadcaster\Core\Models\EncoderProfile.cs'. [E:\openbroadcaster\OpenBroadcaster_2xmz1yr1_wpftmp.csproj]
E:\openbroadcaster\Core\Streaming\EncoderManager.cs(391,77): warning CS0436: The type 'EncoderManager' in 'E:\openbroadcaster\Core\Streaming\EncoderManager.cs' conflicts with the imported type 'EncoderManager' in 'OpenBroadcaster.Core, Version=0.0.0.0, Culture=neutral, PublicKeyToken=null'. Using the type defined in 'E:\openbroadcaster\Core\Streaming\EncoderManager.cs'. [E:\openbroadcaster\OpenBroadcaster_2xmz1yr1_wpftmp.csproj]
E:\openbroadcaster\Core\Services\CartPadStore.cs(41,38): warning CS0436: The type 'CartPad' in 'E:\openbroadcaster\Core\Models\CartPad.cs' conflicts with the imported type 'CartPad' in 'OpenBroadcaster.Core, Version=0.0.0.0, Culture=neutral, PublicKeyToken=null'. Using the type defined in 'E:\openbroadcaster\Core\Models\CartPad.cs'. [E:\openbroadcaster\OpenBroadcaster_2xmz1yr1_wpftmp.csproj]
E:\openbroadcaster\Core\Services\CartPadStore.cs(93,56): warning CS0436: The type 'CartPadSettings' in 'E:\openbroadcaster\Core\Models\AppSettings.cs' conflicts with the imported type 'CartPadSettings' in 'OpenBroadcaster.Core, Version=0.0.0.0, Culture=neutral, PublicKeyToken=null'. Using the type defined in 'E:\openbroadcaster\Core\Models\AppSettings.cs'. [E:\openbroadcaster\OpenBroadcaster_2xmz1yr1_wpftmp.csproj]
E:\openbroadcaster\Core\Services\CartPadStore.cs(106,24): warning CS0436: The type 'CartPadSettings' in 'E:\openbroadcaster\Core\Models\AppSettings.cs' conflicts with the imported type 'CartPadSettings' in 'OpenBroadcaster.Core, Version=0.0.0.0, Culture=neutral, PublicKeyToken=null'. Using the type defined in 'E:\openbroadcaster\Core\Models\AppSettings.cs'. [E:\openbroadcaster\OpenBroadcaster_2xmz1yr1_wpftmp.csproj]
E:\openbroadcaster\Core\Services\CartPadStore.cs(14,26): warning CS0436: The type 'AppSettingsStore' in 'E:\openbroadcaster\Core\Services\AppSettingsStore.cs' conflicts with the imported type 'AppSettingsStore' in 'OpenBroadcaster.Core, Version=0.0.0.0, Culture=neutral, PublicKeyToken=null'. Using the type defined in 'E:\openbroadcaster\Core\Services\AppSettingsStore.cs'. [E:\openbroadcaster\OpenBroadcaster_2xmz1yr1_wpftmp.csproj]
E:\openbroadcaster\Core\Services\CartPadStore.cs(16,60): warning CS0436: The type 'AppSettingsStore' in 'E:\openbroadcaster\Core\Services\AppSettingsStore.cs' conflicts with the imported type 'AppSettingsStore' in 'OpenBroadcaster.Core, Version=0.0.0.0, Culture=neutral, PublicKeyToken=null'. Using the type defined in 'E:\openbroadcaster\Core\Services\AppSettingsStore.cs'. [E:\openbroadcaster\OpenBroadcaster_2xmz1yr1_wpftmp.csproj]
E:\openbroadcaster\Views\SchedulerDialog.xaml.cs(50,17): warning CS0436: The type 'SimpleRotation' in 'E:\openbroadcaster\Core\Automation\SimpleRotation.cs' conflicts with the imported type 'SimpleRotation' in 'OpenBroadcaster.Core, Version=0.0.0.0, Culture=neutral, PublicKeyToken=null'. Using the type defined in 'E:\openbroadcaster\Core\Automation\SimpleRotation.cs'. [E:\openbroadcaster\OpenBroadcaster_2xmz1yr1_wpftmp.csproj]
E:\openbroadcaster\Views\SchedulerDialog.xaml.cs(53,41): warning CS0436: The type 'SimpleSchedulerEntry' in 'E:\openbroadcaster\Core\Automation\SimpleRotation.cs' conflicts with the imported type 'SimpleSchedulerEntry' in 'OpenBroadcaster.Core, Version=0.0.0.0, Culture=neutral, PublicKeyToken=null'. Using the type defined in 'E:\openbroadcaster\Core\Automation\SimpleRotation.cs'. [E:\openbroadcaster\OpenBroadcaster_2xmz1yr1_wpftmp.csproj]
E:\openbroadcaster\Views\SchedulerDialog.xaml.cs(53,83): warning CS0436: The type 'SimpleRotation' in 'E:\openbroadcaster\Core\Automation\SimpleRotation.cs' conflicts with the imported type 'SimpleRotation' in 'OpenBroadcaster.Core, Version=0.0.0.0, Culture=neutral, PublicKeyToken=null'. Using the type defined in 'E:\openbroadcaster\Core\Automation\SimpleRotation.cs'. [E:\openbroadcaster\OpenBroadcaster_2xmz1yr1_wpftmp.csproj]
E:\openbroadcaster\Core\Services\CartWallService.cs(46,45): warning CS0436: The type 'CartPad' in 'E:\openbroadcaster\Core\Models\CartPad.cs' conflicts with the imported type 'CartPad' in 'OpenBroadcaster.Core, Version=0.0.0.0, Culture=neutral, PublicKeyToken=null'. Using the type defined in 'E:\openbroadcaster\Core\Models\CartPad.cs'. [E:\openbroadcaster\OpenBroadcaster_2xmz1yr1_wpftmp.csproj]
E:\openbroadcaster\Core\Services\CartWallService.cs(48,16): warning CS0436: The type 'CartPad' in 'E:\openbroadcaster\Core\Models\CartPad.cs' conflicts with the imported type 'CartPad' in 'OpenBroadcaster.Core, Version=0.0.0.0, Culture=neutral, PublicKeyToken=null'. Using the type defined in 'E:\openbroadcaster\Core\Models\CartPad.cs'. [E:\openbroadcaster\OpenBroadcaster_2xmz1yr1_wpftmp.csproj]
E:\openbroadcaster\Core\Services\CartWallService.cs(192,17): warning CS0436: The type 'CartPad' in 'E:\openbroadcaster\Core\Models\CartPad.cs' conflicts with the imported type 'CartPad' in 'OpenBroadcaster.Core, Version=0.0.0.0, Culture=neutral, PublicKeyToken=null'. Using the type defined in 'E:\openbroadcaster\Core\Models\CartPad.cs'. [E:\openbroadcaster\OpenBroadcaster_2xmz1yr1_wpftmp.csproj]
E:\openbroadcaster\Core\Services\CartWallService.cs(203,39): warning CS0436: The type 'CartPad' in 'E:\openbroadcaster\Core\Models\CartPad.cs' conflicts with the imported type 'CartPad' in 'OpenBroadcaster.Core, Version=0.0.0.0, Culture=neutral, PublicKeyToken=null'. Using the type defined in 'E:\openbroadcaster\Core\Models\CartPad.cs'. [E:\openbroadcaster\OpenBroadcaster_2xmz1yr1_wpftmp.csproj]
E:\openbroadcaster\Core\Services\CartWallService.cs(226,38): warning CS0436: The type 'CartPad' in 'E:\openbroadcaster\Core\Models\CartPad.cs' conflicts with the imported type 'CartPad' in 'OpenBroadcaster.Core, Version=0.0.0.0, Culture=neutral, PublicKeyToken=null'. Using the type defined in 'E:\openbroadcaster\Core\Models\CartPad.cs'. [E:\openbroadcaster\OpenBroadcaster_2xmz1yr1_wpftmp.csproj]
E:\openbroadcaster\Core\Services\CartWallService.cs(256,41): warning CS0436: The type 'CartPad' in 'E:\openbroadcaster\Core\Models\CartPad.cs' conflicts with the imported type 'CartPad' in 'OpenBroadcaster.Core, Version=0.0.0.0, Culture=neutral, PublicKeyToken=null'. Using the type defined in 'E:\openbroadcaster\Core\Models\CartPad.cs'. [E:\openbroadcaster\OpenBroadcaster_2xmz1yr1_wpftmp.csproj]
E:\openbroadcaster\Core\Services\CartWallService.cs(18,26): warning CS0436: The type 'AudioService' in 'E:\openbroadcaster\Core\Services\AudioService.cs' conflicts with the imported type 'AudioService' in 'OpenBroadcaster.Core, Version=0.0.0.0, Culture=neutral, PublicKeyToken=null'. Using the type defined in 'E:\openbroadcaster\Core\Services\AudioService.cs'. [E:\openbroadcaster\OpenBroadcaster_2xmz1yr1_wpftmp.csproj]
E:\openbroadcaster\Core\Services\CartWallService.cs(19,26): warning CS0436: The type 'CartPadStore' in 'E:\openbroadcaster\Core\Services\CartPadStore.cs' conflicts with the imported type 'CartPadStore' in 'OpenBroadcaster.Core, Version=0.0.0.0, Culture=neutral, PublicKeyToken=null'. Using the type defined in 'E:\openbroadcaster\Core\Services\CartPadStore.cs'. [E:\openbroadcaster\OpenBroadcaster_2xmz1yr1_wpftmp.csproj]
E:\openbroadcaster\Core\Services\CartWallService.cs(20,47): warning CS0436: The type 'CartPad' in 'E:\openbroadcaster\Core\Models\CartPad.cs' conflicts with the imported type 'CartPad' in 'OpenBroadcaster.Core, Version=0.0.0.0, Culture=neutral, PublicKeyToken=null'. Using the type defined in 'E:\openbroadcaster\Core\Models\CartPad.cs'. [E:\openbroadcaster\OpenBroadcaster_2xmz1yr1_wpftmp.csproj]
E:\openbroadcaster\Core\Services\CartWallService.cs(23,34): warning CS0436: The type 'CartWallService' in 'E:\openbroadcaster\Core\Services\CartWallService.cs' conflicts with the imported type 'CartWallService' in 'OpenBroadcaster.Core, Version=0.0.0.0, Culture=neutral, PublicKeyToken=null'. Using the type defined in 'E:\openbroadcaster\Core\Services\CartWallService.cs'. [E:\openbroadcaster\OpenBroadcaster_2xmz1yr1_wpftmp.csproj]
E:\openbroadcaster\Core\Services\CartWallService.cs(30,32): warning CS0436: The type 'AudioService' in 'E:\openbroadcaster\Core\Services\AudioService.cs' conflicts with the imported type 'AudioService' in 'OpenBroadcaster.Core, Version=0.0.0.0, Culture=neutral, PublicKeyToken=null'. Using the type defined in 'E:\openbroadcaster\Core\Services\AudioService.cs'. [E:\openbroadcaster\OpenBroadcaster_2xmz1yr1_wpftmp.csproj]
E:\openbroadcaster\Core\Services\CartWallService.cs(30,59): warning CS0436: The type 'CartPadStore' in 'E:\openbroadcaster\Core\Services\CartPadStore.cs' conflicts with the imported type 'CartPadStore' in 'OpenBroadcaster.Core, Version=0.0.0.0, Culture=neutral, PublicKeyToken=null'. Using the type defined in 'E:\openbroadcaster\Core\Services\CartPadStore.cs'. [E:\openbroadcaster\OpenBroadcaster_2xmz1yr1_wpftmp.csproj]
E:\openbroadcaster\Core\Services\CartWallService.cs(30,158): warning CS0436: The type 'CartWallService' in 'E:\openbroadcaster\Core\Services\CartWallService.cs' conflicts with the imported type 'CartWallService' in 'OpenBroadcaster.Core, Version=0.0.0.0, Culture=neutral, PublicKeyToken=null'. Using the type defined in 'E:\openbroadcaster\Core\Services\CartWallService.cs'. [E:\openbroadcaster\OpenBroadcaster_2xmz1yr1_wpftmp.csproj]
E:\openbroadcaster\Core\Services\CartWallService.cs(272,45): warning CS0436: The type 'CartPlayback' in 'E:\openbroadcaster\Core\Audio\CartPlayback.cs' conflicts with the imported type 'CartPlayback' in 'OpenBroadcaster.Core, Version=0.0.0.0, Culture=neutral, PublicKeyToken=null'. Using the type defined in 'E:\openbroadcaster\Core\Audio\CartPlayback.cs'. [E:\openbroadcaster\OpenBroadcaster_2xmz1yr1_wpftmp.csproj]
E:\openbroadcaster\Core\Services\DirectServer\DirectHttpServer.cs(20,12): warning CS0436: The type 'DirectServerDtos' in 'E:\openbroadcaster\Core\Services\DirectServer\DirectServerDtos.cs' conflicts with the imported type 'DirectServerDtos' in 'OpenBroadcaster.Core, Version=0.0.0.0, Culture=neutral, PublicKeyToken=null'. Using the type defined in 'E:\openbroadcaster\Core\Services\DirectServer\DirectServerDtos.cs'. [E:\openbroadcaster\OpenBroadcaster_2xmz1yr1_wpftmp.csproj]
E:\openbroadcaster\Core\Services\DirectServer\DirectHttpServer.cs(21,17): warning CS0436: The type 'DirectServerDtos' in 'E:\openbroadcaster\Core\Services\DirectServer\DirectServerDtos.cs' conflicts with the imported type 'DirectServerDtos' in 'OpenBroadcaster.Core, Version=0.0.0.0, Culture=neutral, PublicKeyToken=null'. Using the type defined in 'E:\openbroadcaster\Core\Services\DirectServer\DirectServerDtos.cs'. [E:\openbroadcaster\OpenBroadcaster_2xmz1yr1_wpftmp.csproj]
E:\openbroadcaster\Core\Streaming\EncoderState.cs(26,16): warning CS0436: The type 'EncoderState' in 'E:\openbroadcaster\Core\Streaming\EncoderState.cs' conflicts with the imported type 'EncoderState' in 'OpenBroadcaster.Core, Version=0.0.0.0, Culture=neutral, PublicKeyToken=null'. Using the type defined in 'E:\openbroadcaster\Core\Streaming\EncoderState.cs'. [E:\openbroadcaster\OpenBroadcaster_2xmz1yr1_wpftmp.csproj]
E:\openbroadcaster\Core\Streaming\EncoderState.cs(15,59): warning CS0436: The type 'EncoderState' in 'E:\openbroadcaster\Core\Streaming\EncoderState.cs' conflicts with the imported type 'EncoderState' in 'OpenBroadcaster.Core, Version=0.0.0.0, Culture=neutral, PublicKeyToken=null'. Using the type defined in 'E:\openbroadcaster\Core\Streaming\EncoderState.cs'. [E:\openbroadcaster\OpenBroadcaster_2xmz1yr1_wpftmp.csproj]
E:\openbroadcaster\Core\Streaming\EncoderState.cs(38,16): warning CS0436: The type 'EncoderStatus' in 'E:\openbroadcaster\Core\Streaming\EncoderState.cs' conflicts with the imported type 'EncoderStatus' in 'OpenBroadcaster.Core, Version=0.0.0.0, Culture=neutral, PublicKeyToken=null'. Using the type defined in 'E:\openbroadcaster\Core\Streaming\EncoderState.cs'. [E:\openbroadcaster\OpenBroadcaster_2xmz1yr1_wpftmp.csproj]
E:\openbroadcaster\Core\Streaming\EncoderState.cs(33,46): warning CS0436: The type 'EncoderStatus' in 'E:\openbroadcaster\Core\Streaming\EncoderState.cs' conflicts with the imported type 'EncoderStatus' in 'OpenBroadcaster.Core, Version=0.0.0.0, Culture=neutral, PublicKeyToken=null'. Using the type defined in 'E:\openbroadcaster\Core\Streaming\EncoderState.cs'. [E:\openbroadcaster\OpenBroadcaster_2xmz1yr1_wpftmp.csproj]
E:\openbroadcaster\Core\Services\DirectServer\DirectHttpServer.cs(94,31): warning CS0436: The type 'SongRequest' in 'E:\openbroadcaster\Core\Services\DirectServer\DirectHttpServer.cs' conflicts with the imported type 'SongRequest' in 'OpenBroadcaster.Core, Version=0.0.0.0, Culture=neutral, PublicKeyToken=null'. Using the type defined in 'E:\openbroadcaster\Core\Services\DirectServer\DirectHttpServer.cs'. [E:\openbroadcaster\OpenBroadcaster_2xmz1yr1_wpftmp.csproj]
E:\openbroadcaster\Core\Streaming\RouterEncoderAudioSourceFactory.cs(5,59): warning CS0436: The type 'IEncoderAudioSourceFactory' in 'E:\openbroadcaster\Core\Streaming\EncoderAudioSource.cs' conflicts with the imported type 'IEncoderAudioSourceFactory' in 'OpenBroadcaster.Core, Version=0.0.0.0, Culture=neutral, PublicKeyToken=null'. Using the type defined in 'E:\openbroadcaster\Core\Streaming\EncoderAudioSource.cs'. [E:\openbroadcaster\OpenBroadcaster_2xmz1yr1_wpftmp.csproj]
E:\openbroadcaster\Core\Streaming\RouterEncoderAudioSourceFactory.cs(14,16): warning CS0436: The type 'IEncoderAudioSource' in 'E:\openbroadcaster\Core\Streaming\EncoderAudioSource.cs' conflicts with the imported type 'IEncoderAudioSource' in 'OpenBroadcaster.Core, Version=0.0.0.0, Culture=neutral, PublicKeyToken=null'. Using the type defined in 'E:\openbroadcaster\Core\Streaming\EncoderAudioSource.cs'. [E:\openbroadcaster\OpenBroadcaster_2xmz1yr1_wpftmp.csproj]
E:\openbroadcaster\Core\Streaming\RouterEncoderAudioSourceFactory.cs(7,26): warning CS0436: The type 'SharedEncoderAudioSource' in 'E:\openbroadcaster\Core\Streaming\SharedEncoderAudioSource.cs' conflicts with the imported type 'SharedEncoderAudioSource' in 'OpenBroadcaster.Core, Version=0.0.0.0, Culture=neutral, PublicKeyToken=null'. Using the type defined in 'E:\openbroadcaster\Core\Streaming\SharedEncoderAudioSource.cs'. [E:\openbroadcaster\OpenBroadcaster_2xmz1yr1_wpftmp.csproj]
E:\openbroadcaster\Core\Streaming\RouterEncoderAudioSourceFactory.cs(9,48): warning CS0436: The type 'SharedEncoderAudioSource' in 'E:\openbroadcaster\Core\Streaming\SharedEncoderAudioSource.cs' conflicts with the imported type 'SharedEncoderAudioSource' in 'OpenBroadcaster.Core, Version=0.0.0.0, Culture=neutral, PublicKeyToken=null'. Using the type defined in 'E:\openbroadcaster\Core\Streaming\SharedEncoderAudioSource.cs'. [E:\openbroadcaster\OpenBroadcaster_2xmz1yr1_wpftmp.csproj]
E:\openbroadcaster\Core\Streaming\SharedEncoderAudioSource.cs(13,52): warning CS0436: The type 'IEncoderAudioSource' in 'E:\openbroadcaster\Core\Streaming\EncoderAudioSource.cs' conflicts with the imported type 'IEncoderAudioSource' in 'OpenBroadcaster.Core, Version=0.0.0.0, Culture=neutral, PublicKeyToken=null'. Using the type defined in 'E:\openbroadcaster\Core\Streaming\EncoderAudioSource.cs'. [E:\openbroadcaster\OpenBroadcaster_2xmz1yr1_wpftmp.csproj]
E:\openbroadcaster\Core\Streaming\SharedEncoderAudioSource.cs(13,73): warning CS0436: The type 'IAudioEncoderTap' in 'E:\openbroadcaster\Core\Audio\IAudioEncoderTap.cs' conflicts with the imported type 'IAudioEncoderTap' in 'OpenBroadcaster.Core, Version=0.0.0.0, Culture=neutral, PublicKeyToken=null'. Using the type defined in 'E:\openbroadcaster\Core\Audio\IAudioEncoderTap.cs'. [E:\openbroadcaster\OpenBroadcaster_2xmz1yr1_wpftmp.csproj]
E:\openbroadcaster\Core\Services\DirectServer\DirectHttpServer.cs(55,22): warning CS0436: The type 'DirectServerSettings' in 'E:\openbroadcaster\Core\Models\AppSettings.cs' conflicts with the imported type 'DirectServerSettings' in 'OpenBroadcaster.Core, Version=0.0.0.0, Culture=neutral, PublicKeyToken=null'. Using the type defined in 'E:\openbroadcaster\Core\Models\AppSettings.cs'. [E:\openbroadcaster\OpenBroadcaster_2xmz1yr1_wpftmp.csproj]
E:\openbroadcaster\Core\Streaming\SharedEncoderAudioSource.cs(55,35): warning CS0436: The type 'EncoderAudioFrameEventArgs' in 'E:\openbroadcaster\Core\Streaming\EncoderAudioSource.cs' conflicts with the imported type 'EncoderAudioFrameEventArgs' in 'OpenBroadcaster.Core, Version=0.0.0.0, Culture=neutral, PublicKeyToken=null'. Using the type defined in 'E:\openbroadcaster\Core\Streaming\EncoderAudioSource.cs'. [E:\openbroadcaster\OpenBroadcaster_2xmz1yr1_wpftmp.csproj]
E:\openbroadcaster\Core\Services\DirectServer\DirectHttpServer.cs(56,30): warning CS0436: The type 'DirectHttpServer' in 'E:\openbroadcaster\Core\Services\DirectServer\DirectHttpServer.cs' conflicts with the imported type 'DirectHttpServer' in 'OpenBroadcaster.Core, Version=0.0.0.0, Culture=neutral, PublicKeyToken=null'. Using the type defined in 'E:\openbroadcaster\Core\Services\DirectServer\DirectHttpServer.cs'. [E:\openbroadcaster\OpenBroadcaster_2xmz1yr1_wpftmp.csproj]
E:\openbroadcaster\Core\Services\DirectServer\DirectHttpServer.cs(59,27): warning CS0436: The type 'DirectServerSnapshot' in 'E:\openbroadcaster\Core\Services\DirectServer\DirectHttpServer.cs' conflicts with the imported type 'DirectServerSnapshot' in 'OpenBroadcaster.Core, Version=0.0.0.0, Culture=neutral, PublicKeyToken=null'. Using the type defined in 'E:\openbroadcaster\Core\Services\DirectServer\DirectHttpServer.cs'. [E:\openbroadcaster\OpenBroadcaster_2xmz1yr1_wpftmp.csproj]
E:\openbroadcaster\Core\Services\DirectServer\DirectHttpServer.cs(60,57): warning CS0436: The type 'DirectServerLibraryItem' in 'E:\openbroadcaster\Core\Services\DirectServer\DirectHttpServer.cs' conflicts with the imported type 'DirectServerLibraryItem' in 'OpenBroadcaster.Core, Version=0.0.0.0, Culture=neutral, PublicKeyToken=null'. Using the type defined in 'E:\openbroadcaster\Core\Services\DirectServer\DirectHttpServer.cs'. [E:\openbroadcaster\OpenBroadcaster_2xmz1yr1_wpftmp.csproj]
E:\openbroadcaster\Core\Services\DirectServer\DirectHttpServer.cs(61,29): warning CS0436: The type 'SongRequest' in 'E:\openbroadcaster\Core\Services\DirectServer\DirectHttpServer.cs' conflicts with the imported type 'SongRequest' in 'OpenBroadcaster.Core, Version=0.0.0.0, Culture=neutral, PublicKeyToken=null'. Using the type defined in 'E:\openbroadcaster\Core\Services\DirectServer\DirectHttpServer.cs'. [E:\openbroadcaster\OpenBroadcaster_2xmz1yr1_wpftmp.csproj]
E:\openbroadcaster\Core\Relay\Contracts\Payloads\LibraryPayloads.cs(112,21): warning CS0436: The type 'LibraryTrackDto' in 'E:\openbroadcaster\Core\Relay\Contracts\Payloads\LibraryPayloads.cs' conflicts with the imported type 'LibraryTrackDto' in 'OpenBroadcaster.Core, Version=0.0.0.0, Culture=neutral, PublicKeyToken=null'. Using the type defined in 'E:\openbroadcaster\Core\Relay\Contracts\Payloads\LibraryPayloads.cs'. [E:\openbroadcaster\OpenBroadcaster_2xmz1yr1_wpftmp.csproj]
E:\openbroadcaster\Core\Services\ILibraryService.cs(15,14): warning CS0436: The type 'Media' in 'E:\openbroadcaster\Core\Models\Media.cs' conflicts with the imported type 'Media' in 'OpenBroadcaster.Core, Version=0.0.0.0, Culture=neutral, PublicKeyToken=null'. Using the type defined in 'E:\openbroadcaster\Core\Models\Media.cs'. [E:\openbroadcaster\OpenBroadcaster_2xmz1yr1_wpftmp.csproj]
E:\openbroadcaster\Core\Streaming\SharedEncoderAudioSource.cs(126,56): warning CS0436: The type 'AudioSourceType' in 'E:\openbroadcaster\Core\Audio\AudioSourceType.cs' conflicts with the imported type 'AudioSourceType' in 'OpenBroadcaster.Core, Version=0.0.0.0, Culture=neutral, PublicKeyToken=null'. Using the type defined in 'E:\openbroadcaster\Core\Audio\AudioSourceType.cs'. [E:\openbroadcaster\OpenBroadcaster_2xmz1yr1_wpftmp.csproj]
E:\openbroadcaster\Core\Streaming\SharedEncoderAudioSource.cs(126,16): warning CS0436: The type 'AudioSampleBlockHandler' in 'E:\openbroadcaster\Core\Audio\AudioSampleTap.cs' conflicts with the imported type 'AudioSampleBlockHandler' in 'OpenBroadcaster.Core, Version=0.0.0.0, Culture=neutral, PublicKeyToken=null'. Using the type defined in 'E:\openbroadcaster\Core\Audio\AudioSampleTap.cs'. [E:\openbroadcaster\OpenBroadcaster_2xmz1yr1_wpftmp.csproj]
E:\openbroadcaster\Core\Streaming\SharedEncoderAudioSource.cs(136,36): warning CS0436: The type 'AudioSourceType' in 'E:\openbroadcaster\Core\Audio\AudioSourceType.cs' conflicts with the imported type 'AudioSourceType' in 'OpenBroadcaster.Core, Version=0.0.0.0, Culture=neutral, PublicKeyToken=null'. Using the type defined in 'E:\openbroadcaster\Core\Audio\AudioSourceType.cs'. [E:\openbroadcaster\OpenBroadcaster_2xmz1yr1_wpftmp.csproj]
E:\openbroadcaster\Core\Streaming\SharedEncoderAudioSource.cs(16,26): warning CS0436: The type 'AudioRoutingGraph' in 'E:\openbroadcaster\Core\Audio\AudioRoutingGraph.cs' conflicts with the imported type 'AudioRoutingGraph' in 'OpenBroadcaster.Core, Version=0.0.0.0, Culture=neutral, PublicKeyToken=null'. Using the type defined in 'E:\openbroadcaster\Core\Audio\AudioRoutingGraph.cs'. [E:\openbroadcaster\OpenBroadcaster_2xmz1yr1_wpftmp.csproj]
E:\openbroadcaster\Core\Services\IPlayerStatusService.cs(14,9): warning CS0436: The type 'PlayerState' in 'E:\openbroadcaster\Core\Models\PlayerState.cs' conflicts with the imported type 'PlayerState' in 'OpenBroadcaster.Core, Version=0.0.0.0, Culture=neutral, PublicKeyToken=null'. Using the type defined in 'E:\openbroadcaster\Core\Models\PlayerState.cs'. [E:\openbroadcaster\OpenBroadcaster_2xmz1yr1_wpftmp.csproj]
E:\openbroadcaster\Core\Services\IQueueService.cs(20,27): warning CS0436: The type 'Media' in 'E:\openbroadcaster\Core\Models\Media.cs' conflicts with the imported type 'Media' in 'OpenBroadcaster.Core, Version=0.0.0.0, Culture=neutral, PublicKeyToken=null'. Using the type defined in 'E:\openbroadcaster\Core\Models\Media.cs'. [E:\openbroadcaster\OpenBroadcaster_2xmz1yr1_wpftmp.csproj]
E:\openbroadcaster\Core\Streaming\SharedEncoderAudioSource.cs(20,37): warning CS0436: The type 'AudioSourceType' in 'E:\openbroadcaster\Core\Audio\AudioSourceType.cs' conflicts with the imported type 'AudioSourceType' in 'OpenBroadcaster.Core, Version=0.0.0.0, Culture=neutral, PublicKeyToken=null'. Using the type defined in 'E:\openbroadcaster\Core\Audio\AudioSourceType.cs'. [E:\openbroadcaster\OpenBroadcaster_2xmz1yr1_wpftmp.csproj]
E:\openbroadcaster\Core\Streaming\SharedEncoderAudioSource.cs(30,41): warning CS0436: The type 'AudioRoutingGraph' in 'E:\openbroadcaster\Core\Audio\AudioRoutingGraph.cs' conflicts with the imported type 'AudioRoutingGraph' in 'OpenBroadcaster.Core, Version=0.0.0.0, Culture=neutral, PublicKeyToken=null'. Using the type defined in 'E:\openbroadcaster\Core\Audio\AudioRoutingGraph.cs'. [E:\openbroadcaster\OpenBroadcaster_2xmz1yr1_wpftmp.csproj]
E:\openbroadcaster\Core\Relay\Contracts\Payloads\NowPlayingPayload.cs(119,23): warning CS0436: The type 'NowPlayingPayload' in 'E:\openbroadcaster\Core\Relay\Contracts\Payloads\NowPlayingPayload.cs' conflicts with the imported type 'NowPlayingPayload' in 'OpenBroadcaster.Core, Version=0.0.0.0, Culture=neutral, PublicKeyToken=null'. Using the type defined in 'E:\openbroadcaster\Core\Relay\Contracts\Payloads\NowPlayingPayload.cs'. [E:\openbroadcaster\OpenBroadcaster_2xmz1yr1_wpftmp.csproj]
E:\openbroadcaster\Core\Relay\Contracts\Payloads\QueuePayloads.cs(28,21): warning CS0436: The type 'QueueItemDto' in 'E:\openbroadcaster\Core\Relay\Contracts\Payloads\QueuePayloads.cs' conflicts with the imported type 'QueueItemDto' in 'OpenBroadcaster.Core, Version=0.0.0.0, Culture=neutral, PublicKeyToken=null'. Using the type defined in 'E:\openbroadcaster\Core\Relay\Contracts\Payloads\QueuePayloads.cs'. [E:\openbroadcaster\OpenBroadcaster_2xmz1yr1_wpftmp.csproj]
E:\openbroadcaster\Core\Services\MicInputService.cs(16,35): warning CS0436: The type 'MicSampleBlockEventArgs' in 'E:\openbroadcaster\Core\Services\MicSampleBlockEventArgs.cs' conflicts with the imported type 'MicSampleBlockEventArgs' in 'OpenBroadcaster.Core, Version=0.0.0.0, Culture=neutral, PublicKeyToken=null'. Using the type defined in 'E:\openbroadcaster\Core\Services\MicSampleBlockEventArgs.cs'. [E:\openbroadcaster\OpenBroadcaster_2xmz1yr1_wpftmp.csproj]
E:\openbroadcaster\Core\Services\QueueService.cs(26,30): warning CS0436: The type 'QueueItem' in 'E:\openbroadcaster\Core\Models\QueueItem.cs' conflicts with the imported type 'QueueItem' in 'OpenBroadcaster.Core, Version=0.0.0.0, Culture=neutral, PublicKeyToken=null'. Using the type defined in 'E:\openbroadcaster\Core\Models\QueueItem.cs'. [E:\openbroadcaster\OpenBroadcaster_2xmz1yr1_wpftmp.csproj]
E:\openbroadcaster\Core\Services\QueueService.cs(34,30): warning CS0436: The type 'QueueItem' in 'E:\openbroadcaster\Core\Models\QueueItem.cs' conflicts with the imported type 'QueueItem' in 'OpenBroadcaster.Core, Version=0.0.0.0, Culture=neutral, PublicKeyToken=null'. Using the type defined in 'E:\openbroadcaster\Core\Models\QueueItem.cs'. [E:\openbroadcaster\OpenBroadcaster_2xmz1yr1_wpftmp.csproj]
E:\openbroadcaster\Core\Services\QueueService.cs(42,29): warning CS0436: The type 'QueueItem' in 'E:\openbroadcaster\Core\Models\QueueItem.cs' conflicts with the imported type 'QueueItem' in 'OpenBroadcaster.Core, Version=0.0.0.0, Culture=neutral, PublicKeyToken=null'. Using the type defined in 'E:\openbroadcaster\Core\Models\QueueItem.cs'. [E:\openbroadcaster\OpenBroadcaster_2xmz1yr1_wpftmp.csproj]
E:\openbroadcaster\Core\Services\QueueService.cs(63,34): warning CS0436: The type 'QueueItem' in 'E:\openbroadcaster\Core\Models\QueueItem.cs' conflicts with the imported type 'QueueItem' in 'OpenBroadcaster.Core, Version=0.0.0.0, Culture=neutral, PublicKeyToken=null'. Using the type defined in 'E:\openbroadcaster\Core\Models\QueueItem.cs'. [E:\openbroadcaster\OpenBroadcaster_2xmz1yr1_wpftmp.csproj]
E:\openbroadcaster\Core\Services\QueueService.cs(68,41): warning CS0436: The type 'QueueItem' in 'E:\openbroadcaster\Core\Models\QueueItem.cs' conflicts with the imported type 'QueueItem' in 'OpenBroadcaster.Core, Version=0.0.0.0, Culture=neutral, PublicKeyToken=null'. Using the type defined in 'E:\openbroadcaster\Core\Models\QueueItem.cs'. [E:\openbroadcaster\OpenBroadcaster_2xmz1yr1_wpftmp.csproj]
E:\openbroadcaster\Core\Services\RadioService.cs(41,16): warning CS0436: The type 'DeckIdentifier' in 'E:\openbroadcaster\Core\Models\DeckIdentifier.cs' conflicts with the imported type 'DeckIdentifier' in 'OpenBroadcaster.Core, Version=0.0.0.0, Culture=neutral, PublicKeyToken=null'. Using the type defined in 'E:\openbroadcaster\Core\Models\DeckIdentifier.cs'. [E:\openbroadcaster\OpenBroadcaster_2xmz1yr1_wpftmp.csproj]
E:\openbroadcaster\Core\Services\QueueService.cs(172,16): warning CS0436: The type 'QueueItem' in 'E:\openbroadcaster\Core\Models\QueueItem.cs' conflicts with the imported type 'QueueItem' in 'OpenBroadcaster.Core, Version=0.0.0.0, Culture=neutral, PublicKeyToken=null'. Using the type defined in 'E:\openbroadcaster\Core\Models\QueueItem.cs'. [E:\openbroadcaster\OpenBroadcaster_2xmz1yr1_wpftmp.csproj]
E:\openbroadcaster\Core\Services\QueueService.cs(205,16): warning CS0436: The type 'QueueItem' in 'E:\openbroadcaster\Core\Models\QueueItem.cs' conflicts with the imported type 'QueueItem' in 'OpenBroadcaster.Core, Version=0.0.0.0, Culture=neutral, PublicKeyToken=null'. Using the type defined in 'E:\openbroadcaster\Core\Models\QueueItem.cs'. [E:\openbroadcaster\OpenBroadcaster_2xmz1yr1_wpftmp.csproj]
E:\openbroadcaster\Core\Services\QueueService.cs(213,16): warning CS0436: The type 'QueueItem' in 'E:\openbroadcaster\Core\Models\QueueItem.cs' conflicts with the imported type 'QueueItem' in 'OpenBroadcaster.Core, Version=0.0.0.0, Culture=neutral, PublicKeyToken=null'. Using the type defined in 'E:\openbroadcaster\Core\Models\QueueItem.cs'. [E:\openbroadcaster\OpenBroadcaster_2xmz1yr1_wpftmp.csproj]
E:\openbroadcaster\Core\Services\QueueService.cs(279,41): warning CS0436: The type 'QueueItem' in 'E:\openbroadcaster\Core\Models\QueueItem.cs' conflicts with the imported type 'QueueItem' in 'OpenBroadcaster.Core, Version=0.0.0.0, Culture=neutral, PublicKeyToken=null'. Using the type defined in 'E:\openbroadcaster\Core\Models\QueueItem.cs'. [E:\openbroadcaster\OpenBroadcaster_2xmz1yr1_wpftmp.csproj]
E:\openbroadcaster\Core\Services\QueueService.cs(11,31): warning CS0436: The type 'QueueItem' in 'E:\openbroadcaster\Core\Models\QueueItem.cs' conflicts with the imported type 'QueueItem' in 'OpenBroadcaster.Core, Version=0.0.0.0, Culture=neutral, PublicKeyToken=null'. Using the type defined in 'E:\openbroadcaster\Core\Models\QueueItem.cs'. [E:\openbroadcaster\OpenBroadcaster_2xmz1yr1_wpftmp.csproj]
E:\openbroadcaster\Core\Services\QueueService.cs(12,31): warning CS0436: The type 'QueueItem' in 'E:\openbroadcaster\Core\Models\QueueItem.cs' conflicts with the imported type 'QueueItem' in 'OpenBroadcaster.Core, Version=0.0.0.0, Culture=neutral, PublicKeyToken=null'. Using the type defined in 'E:\openbroadcaster\Core\Models\QueueItem.cs'. [E:\openbroadcaster\OpenBroadcaster_2xmz1yr1_wpftmp.csproj]
E:\openbroadcaster\Core\Services\QueueService.cs(14,34): warning CS0436: The type 'QueueService' in 'E:\openbroadcaster\Core\Services\QueueService.cs' conflicts with the imported type 'QueueService' in 'OpenBroadcaster.Core, Version=0.0.0.0, Culture=neutral, PublicKeyToken=null'. Using the type defined in 'E:\openbroadcaster\Core\Services\QueueService.cs'. [E:\openbroadcaster\OpenBroadcaster_2xmz1yr1_wpftmp.csproj]
E:\openbroadcaster\Core\Services\QueueService.cs(17,37): warning CS0436: The type 'QueueService' in 'E:\openbroadcaster\Core\Services\QueueService.cs' conflicts with the imported type 'QueueService' in 'OpenBroadcaster.Core, Version=0.0.0.0, Culture=neutral, PublicKeyToken=null'. Using the type defined in 'E:\openbroadcaster\Core\Services\QueueService.cs'. [E:\openbroadcaster\OpenBroadcaster_2xmz1yr1_wpftmp.csproj]
E:\openbroadcaster\Core\Services\RadioService.cs(67,41): warning CS0436: The type 'DeckStateChangedEvent' in 'E:\openbroadcaster\Core\Messaging\Events\DeckStateChangedEvent.cs' conflicts with the imported type 'DeckStateChangedEvent' in 'OpenBroadcaster.Core, Version=0.0.0.0, Culture=neutral, PublicKeyToken=null'. Using the type defined in 'E:\openbroadcaster\Core\Messaging\Events\DeckStateChangedEvent.cs'. [E:\openbroadcaster\OpenBroadcaster_2xmz1yr1_wpftmp.csproj]
E:\openbroadcaster\Core\Services\RadioService.cs(13,26): warning CS0436: The type 'TransportService' in 'E:\openbroadcaster\Core\Services\TransportService.cs' conflicts with the imported type 'TransportService' in 'OpenBroadcaster.Core, Version=0.0.0.0, Culture=neutral, PublicKeyToken=null'. Using the type defined in 'E:\openbroadcaster\Core\Services\TransportService.cs'. [E:\openbroadcaster\OpenBroadcaster_2xmz1yr1_wpftmp.csproj]
E:\openbroadcaster\Core\Services\RadioService.cs(14,26): warning CS0436: The type 'EventBus' in 'E:\openbroadcaster\Core\Messaging\EventBus.cs' conflicts with the imported type 'EventBus' in 'OpenBroadcaster.Core, Version=0.0.0.0, Culture=neutral, PublicKeyToken=null'. Using the type defined in 'E:\openbroadcaster\Core\Messaging\EventBus.cs'. [E:\openbroadcaster\OpenBroadcaster_2xmz1yr1_wpftmp.csproj]
E:\openbroadcaster\Core\Services\TransportService.cs(48,16): warning CS0436: The type 'Deck' in 'E:\openbroadcaster\Core\Models\Deck.cs' conflicts with the imported type 'Deck' in 'OpenBroadcaster.Core, Version=0.0.0.0, Culture=neutral, PublicKeyToken=null'. Using the type defined in 'E:\openbroadcaster\Core\Models\Deck.cs'. [E:\openbroadcaster\OpenBroadcaster_2xmz1yr1_wpftmp.csproj]
E:\openbroadcaster\Core\Services\TransportService.cs(49,16): warning CS0436: The type 'Deck' in 'E:\openbroadcaster\Core\Models\Deck.cs' conflicts with the imported type 'Deck' in 'OpenBroadcaster.Core, Version=0.0.0.0, Culture=neutral, PublicKeyToken=null'. Using the type defined in 'E:\openbroadcaster\Core\Models\Deck.cs'. [E:\openbroadcaster\OpenBroadcaster_2xmz1yr1_wpftmp.csproj]
E:\openbroadcaster\Core\Services\TwitchSettingsStore.cs(19,16): warning CS0436: The type 'TwitchSettings' in 'E:\openbroadcaster\Core\Models\TwitchSettings.cs' conflicts with the imported type 'TwitchSettings' in 'OpenBroadcaster.Core, Version=0.0.0.0, Culture=neutral, PublicKeyToken=null'. Using the type defined in 'E:\openbroadcaster\Core\Models\TwitchSettings.cs'. [E:\openbroadcaster\OpenBroadcaster_2xmz1yr1_wpftmp.csproj]
E:\openbroadcaster\Core\Services\TwitchSettingsStore.cs(38,26): warning CS0436: The type 'TwitchSettings' in 'E:\openbroadcaster\Core\Models\TwitchSettings.cs' conflicts with the imported type 'TwitchSettings' in 'OpenBroadcaster.Core, Version=0.0.0.0, Culture=neutral, PublicKeyToken=null'. Using the type defined in 'E:\openbroadcaster\Core\Models\TwitchSettings.cs'. [E:\openbroadcaster\OpenBroadcaster_2xmz1yr1_wpftmp.csproj]
E:\openbroadcaster\Core\Services\RadioService.cs(16,34): warning CS0436: The type 'RadioService' in 'E:\openbroadcaster\Core\Services\RadioService.cs' conflicts with the imported type 'RadioService' in 'OpenBroadcaster.Core, Version=0.0.0.0, Culture=neutral, PublicKeyToken=null'. Using the type defined in 'E:\openbroadcaster\Core\Services\RadioService.cs'. [E:\openbroadcaster\OpenBroadcaster_2xmz1yr1_wpftmp.csproj]
E:\openbroadcaster\Core\Services\TransportService.cs(50,31): warning CS0436: The type 'DeckIdentifier' in 'E:\openbroadcaster\Core\Models\DeckIdentifier.cs' conflicts with the imported type 'DeckIdentifier' in 'OpenBroadcaster.Core, Version=0.0.0.0, Culture=neutral, PublicKeyToken=null'. Using the type defined in 'E:\openbroadcaster\Core\Models\DeckIdentifier.cs'. [E:\openbroadcaster\OpenBroadcaster_2xmz1yr1_wpftmp.csproj]
E:\openbroadcaster\Core\Services\TransportService.cs(50,54): warning CS0436: The type 'QueueItem' in 'E:\openbroadcaster\Core\Models\QueueItem.cs' conflicts with the imported type 'QueueItem' in 'OpenBroadcaster.Core, Version=0.0.0.0, Culture=neutral, PublicKeyToken=null'. Using the type defined in 'E:\openbroadcaster\Core\Models\QueueItem.cs'. [E:\openbroadcaster\OpenBroadcaster_2xmz1yr1_wpftmp.csproj]
E:\openbroadcaster\Core\Services\RadioService.cs(18,29): warning CS0436: The type 'TransportService' in 'E:\openbroadcaster\Core\Services\TransportService.cs' conflicts with the imported type 'TransportService' in 'OpenBroadcaster.Core, Version=0.0.0.0, Culture=neutral, PublicKeyToken=null'. Using the type defined in 'E:\openbroadcaster\Core\Services\TransportService.cs'. [E:\openbroadcaster\OpenBroadcaster_2xmz1yr1_wpftmp.csproj]
E:\openbroadcaster\Core\Services\RadioService.cs(18,57): warning CS0436: The type 'EventBus' in 'E:\openbroadcaster\Core\Messaging\EventBus.cs' conflicts with the imported type 'EventBus' in 'OpenBroadcaster.Core, Version=0.0.0.0, Culture=neutral, PublicKeyToken=null'. Using the type defined in 'E:\openbroadcaster\Core\Messaging\EventBus.cs'. [E:\openbroadcaster\OpenBroadcaster_2xmz1yr1_wpftmp.csproj]
E:\openbroadcaster\Core\Services\RadioService.cs(18,84): warning CS0436: The type 'RadioService' in 'E:\openbroadcaster\Core\Services\RadioService.cs' conflicts with the imported type 'RadioService' in 'OpenBroadcaster.Core, Version=0.0.0.0, Culture=neutral, PublicKeyToken=null'. Using the type defined in 'E:\openbroadcaster\Core\Services\RadioService.cs'. [E:\openbroadcaster\OpenBroadcaster_2xmz1yr1_wpftmp.csproj]
E:\openbroadcaster\Core\Services\TransportService.cs(59,28): warning CS0436: The type 'DeckIdentifier' in 'E:\openbroadcaster\Core\Models\DeckIdentifier.cs' conflicts with the imported type 'DeckIdentifier' in 'OpenBroadcaster.Core, Version=0.0.0.0, Culture=neutral, PublicKeyToken=null'. Using the type defined in 'E:\openbroadcaster\Core\Models\DeckIdentifier.cs'. [E:\openbroadcaster\OpenBroadcaster_2xmz1yr1_wpftmp.csproj]
E:\openbroadcaster\Core\Services\TransportService.cs(68,26): warning CS0436: The type 'DeckIdentifier' in 'E:\openbroadcaster\Core\Models\DeckIdentifier.cs' conflicts with the imported type 'DeckIdentifier' in 'OpenBroadcaster.Core, Version=0.0.0.0, Culture=neutral, PublicKeyToken=null'. Using the type defined in 'E:\openbroadcaster\Core\Models\DeckIdentifier.cs'. [E:\openbroadcaster\OpenBroadcaster_2xmz1yr1_wpftmp.csproj]
E:\openbroadcaster\Core\Services\TransportService.cs(172,27): warning CS0436: The type 'DeckIdentifier' in 'E:\openbroadcaster\Core\Models\DeckIdentifier.cs' conflicts with the imported type 'DeckIdentifier' in 'OpenBroadcaster.Core, Version=0.0.0.0, Culture=neutral, PublicKeyToken=null'. Using the type defined in 'E:\openbroadcaster\Core\Models\DeckIdentifier.cs'. [E:\openbroadcaster\OpenBroadcaster_2xmz1yr1_wpftmp.csproj]
E:\openbroadcaster\Core\Services\TransportService.cs(210,26): warning CS0436: The type 'DeckIdentifier' in 'E:\openbroadcaster\Core\Models\DeckIdentifier.cs' conflicts with the imported type 'DeckIdentifier' in 'OpenBroadcaster.Core, Version=0.0.0.0, Culture=neutral, PublicKeyToken=null'. Using the type defined in 'E:\openbroadcaster\Core\Models\DeckIdentifier.cs'. [E:\openbroadcaster\OpenBroadcaster_2xmz1yr1_wpftmp.csproj]
E:\openbroadcaster\Core\Services\TransportService.cs(249,48): warning CS0436: The type 'DeckIdentifier' in 'E:\openbroadcaster\Core\Models\DeckIdentifier.cs' conflicts with the imported type 'DeckIdentifier' in 'OpenBroadcaster.Core, Version=0.0.0.0, Culture=neutral, PublicKeyToken=null'. Using the type defined in 'E:\openbroadcaster\Core\Models\DeckIdentifier.cs'. [E:\openbroadcaster\OpenBroadcaster_2xmz1yr1_wpftmp.csproj]
E:\openbroadcaster\Core\Services\TransportService.cs(249,16): warning CS0436: The type 'QueueItem' in 'E:\openbroadcaster\Core\Models\QueueItem.cs' conflicts with the imported type 'QueueItem' in 'OpenBroadcaster.Core, Version=0.0.0.0, Culture=neutral, PublicKeyToken=null'. Using the type defined in 'E:\openbroadcaster\Core\Models\QueueItem.cs'. [E:\openbroadcaster\OpenBroadcaster_2xmz1yr1_wpftmp.csproj]
E:\openbroadcaster\Core\Services\TransportService.cs(259,30): warning CS0436: The type 'DeckIdentifier' in 'E:\openbroadcaster\Core\Models\DeckIdentifier.cs' conflicts with the imported type 'DeckIdentifier' in 'OpenBroadcaster.Core, Version=0.0.0.0, Culture=neutral, PublicKeyToken=null'. Using the type defined in 'E:\openbroadcaster\Core\Models\DeckIdentifier.cs'. [E:\openbroadcaster\OpenBroadcaster_2xmz1yr1_wpftmp.csproj]
E:\openbroadcaster\Core\Services\TransportService.cs(259,17): warning CS0436: The type 'Deck' in 'E:\openbroadcaster\Core\Models\Deck.cs' conflicts with the imported type 'Deck' in 'OpenBroadcaster.Core, Version=0.0.0.0, Culture=neutral, PublicKeyToken=null'. Using the type defined in 'E:\openbroadcaster\Core\Models\Deck.cs'. [E:\openbroadcaster\OpenBroadcaster_2xmz1yr1_wpftmp.csproj]
E:\openbroadcaster\Core\Services\TransportService.cs(269,30): warning CS0436: The type 'DeckIdentifier' in 'E:\openbroadcaster\Core\Models\DeckIdentifier.cs' conflicts with the imported type 'DeckIdentifier' in 'OpenBroadcaster.Core, Version=0.0.0.0, Culture=neutral, PublicKeyToken=null'. Using the type defined in 'E:\openbroadcaster\Core\Models\DeckIdentifier.cs'. [E:\openbroadcaster\OpenBroadcaster_2xmz1yr1_wpftmp.csproj]
E:\openbroadcaster\Core\Services\TransportService.cs(269,53): warning CS0436: The type 'Deck' in 'E:\openbroadcaster\Core\Models\Deck.cs' conflicts with the imported type 'Deck' in 'OpenBroadcaster.Core, Version=0.0.0.0, Culture=neutral, PublicKeyToken=null'. Using the type defined in 'E:\openbroadcaster\Core\Models\Deck.cs'. [E:\openbroadcaster\OpenBroadcaster_2xmz1yr1_wpftmp.csproj]
E:\openbroadcaster\Core\Services\TransportService.cs(275,39): warning CS0436: The type 'DeckIdentifier' in 'E:\openbroadcaster\Core\Models\DeckIdentifier.cs' conflicts with the imported type 'DeckIdentifier' in 'OpenBroadcaster.Core, Version=0.0.0.0, Culture=neutral, PublicKeyToken=null'. Using the type defined in 'E:\openbroadcaster\Core\Models\DeckIdentifier.cs'. [E:\openbroadcaster\OpenBroadcaster_2xmz1yr1_wpftmp.csproj]
E:\openbroadcaster\Core\Services\TransportService.cs(288,44): warning CS0436: The type 'DeckIdentifier' in 'E:\openbroadcaster\Core\Models\DeckIdentifier.cs' conflicts with the imported type 'DeckIdentifier' in 'OpenBroadcaster.Core, Version=0.0.0.0, Culture=neutral, PublicKeyToken=null'. Using the type defined in 'E:\openbroadcaster\Core\Models\DeckIdentifier.cs'. [E:\openbroadcaster\OpenBroadcaster_2xmz1yr1_wpftmp.csproj]
E:\openbroadcaster\Core\Services\TransportService.cs(299,36): warning CS0436: The type 'DeckIdentifier' in 'E:\openbroadcaster\Core\Models\DeckIdentifier.cs' conflicts with the imported type 'DeckIdentifier' in 'OpenBroadcaster.Core, Version=0.0.0.0, Culture=neutral, PublicKeyToken=null'. Using the type defined in 'E:\openbroadcaster\Core\Models\DeckIdentifier.cs'. [E:\openbroadcaster\OpenBroadcaster_2xmz1yr1_wpftmp.csproj]
E:\openbroadcaster\Core\Services\TransportService.cs(309,37): warning CS0436: The type 'DeckIdentifier' in 'E:\openbroadcaster\Core\Models\DeckIdentifier.cs' conflicts with the imported type 'DeckIdentifier' in 'OpenBroadcaster.Core, Version=0.0.0.0, Culture=neutral, PublicKeyToken=null'. Using the type defined in 'E:\openbroadcaster\Core\Models\DeckIdentifier.cs'. [E:\openbroadcaster\OpenBroadcaster_2xmz1yr1_wpftmp.csproj]
E:\openbroadcaster\Core\Services\TransportService.cs(314,36): warning CS0436: The type 'DeckIdentifier' in 'E:\openbroadcaster\Core\Models\DeckIdentifier.cs' conflicts with the imported type 'DeckIdentifier' in 'OpenBroadcaster.Core, Version=0.0.0.0, Culture=neutral, PublicKeyToken=null'. Using the type defined in 'E:\openbroadcaster\Core\Models\DeckIdentifier.cs'. [E:\openbroadcaster\OpenBroadcaster_2xmz1yr1_wpftmp.csproj]
E:\openbroadcaster\Core\Services\TohSchedulerService.cs(33,35): warning CS0436: The type 'TohFiredEventArgs' in 'E:\openbroadcaster\Core\Services\TohSchedulerService.cs' conflicts with the imported type 'TohFiredEventArgs' in 'OpenBroadcaster.Core, Version=0.0.0.0, Culture=neutral, PublicKeyToken=null'. Using the type defined in 'E:\openbroadcaster\Core\Services\TohSchedulerService.cs'. [E:\openbroadcaster\OpenBroadcaster_2xmz1yr1_wpftmp.csproj]
E:\openbroadcaster\Core\Services\TransportService.cs(15,26): warning CS0436: The type 'IEventBus' in 'E:\openbroadcaster\Core\Messaging\IEventBus.cs' conflicts with the imported type 'IEventBus' in 'OpenBroadcaster.Core, Version=0.0.0.0, Culture=neutral, PublicKeyToken=null'. Using the type defined in 'E:\openbroadcaster\Core\Messaging\IEventBus.cs'. [E:\openbroadcaster\OpenBroadcaster_2xmz1yr1_wpftmp.csproj]
E:\openbroadcaster\Core\Services\TransportService.cs(16,26): warning CS0436: The type 'QueueService' in 'E:\openbroadcaster\Core\Services\QueueService.cs' conflicts with the imported type 'QueueService' in 'OpenBroadcaster.Core, Version=0.0.0.0, Culture=neutral, PublicKeyToken=null'. Using the type defined in 'E:\openbroadcaster\Core\Services\QueueService.cs'. [E:\openbroadcaster\OpenBroadcaster_2xmz1yr1_wpftmp.csproj]
E:\openbroadcaster\Core\Services\TransportService.cs(17,26): warning CS0436: The type 'AudioService' in 'E:\openbroadcaster\Core\Services\AudioService.cs' conflicts with the imported type 'AudioService' in 'OpenBroadcaster.Core, Version=0.0.0.0, Culture=neutral, PublicKeyToken=null'. Using the type defined in 'E:\openbroadcaster\Core\Services\AudioService.cs'. [E:\openbroadcaster\OpenBroadcaster_2xmz1yr1_wpftmp.csproj]
E:\openbroadcaster\Core\Services\TransportService.cs(18,34): warning CS0436: The type 'TransportService' in 'E:\openbroadcaster\Core\Services\TransportService.cs' conflicts with the imported type 'TransportService' in 'OpenBroadcaster.Core, Version=0.0.0.0, Culture=neutral, PublicKeyToken=null'. Using the type defined in 'E:\openbroadcaster\Core\Services\TransportService.cs'. [E:\openbroadcaster\OpenBroadcaster_2xmz1yr1_wpftmp.csproj]
E:\openbroadcaster\Core\Services\TohSchedulerService.cs(109,36): warning CS0436: The type 'TohSettings' in 'E:\openbroadcaster\Core\Models\TohSettings.cs' conflicts with the imported type 'TohSettings' in 'OpenBroadcaster.Core, Version=0.0.0.0, Culture=neutral, PublicKeyToken=null'. Using the type defined in 'E:\openbroadcaster\Core\Models\TohSettings.cs'. [E:\openbroadcaster\OpenBroadcaster_2xmz1yr1_wpftmp.csproj]
E:\openbroadcaster\Core\Services\TohSchedulerService.cs(137,30): warning CS0436: The type 'TohSequentialIndex' in 'E:\openbroadcaster\Core\Models\TohSettings.cs' conflicts with the imported type 'TohSequentialIndex' in 'OpenBroadcaster.Core, Version=0.0.0.0, Culture=neutral, PublicKeyToken=null'. Using the type defined in 'E:\openbroadcaster\Core\Models\TohSettings.cs'. [E:\openbroadcaster\OpenBroadcaster_2xmz1yr1_wpftmp.csproj]
E:\openbroadcaster\Core\Services\TransportService.cs(34,33): warning CS0436: The type 'IEventBus' in 'E:\openbroadcaster\Core\Messaging\IEventBus.cs' conflicts with the imported type 'IEventBus' in 'OpenBroadcaster.Core, Version=0.0.0.0, Culture=neutral, PublicKeyToken=null'. Using the type defined in 'E:\openbroadcaster\Core\Messaging\IEventBus.cs'. [E:\openbroadcaster\OpenBroadcaster_2xmz1yr1_wpftmp.csproj]
E:\openbroadcaster\Core\Services\TransportService.cs(34,53): warning CS0436: The type 'QueueService' in 'E:\openbroadcaster\Core\Services\QueueService.cs' conflicts with the imported type 'QueueService' in 'OpenBroadcaster.Core, Version=0.0.0.0, Culture=neutral, PublicKeyToken=null'. Using the type defined in 'E:\openbroadcaster\Core\Services\QueueService.cs'. [E:\openbroadcaster\OpenBroadcaster_2xmz1yr1_wpftmp.csproj]
E:\openbroadcaster\Core\Services\TransportService.cs(34,80): warning CS0436: The type 'AudioService' in 'E:\openbroadcaster\Core\Services\AudioService.cs' conflicts with the imported type 'AudioService' in 'OpenBroadcaster.Core, Version=0.0.0.0, Culture=neutral, PublicKeyToken=null'. Using the type defined in 'E:\openbroadcaster\Core\Services\AudioService.cs'. [E:\openbroadcaster\OpenBroadcaster_2xmz1yr1_wpftmp.csproj]
E:\openbroadcaster\Core\Services\TransportService.cs(34,123): warning CS0436: The type 'TransportService' in 'E:\openbroadcaster\Core\Services\TransportService.cs' conflicts with the imported type 'TransportService' in 'OpenBroadcaster.Core, Version=0.0.0.0, Culture=neutral, PublicKeyToken=null'. Using the type defined in 'E:\openbroadcaster\Core\Services\TransportService.cs'. [E:\openbroadcaster\OpenBroadcaster_2xmz1yr1_wpftmp.csproj]
E:\openbroadcaster\Core\Services\TohSchedulerService.cs(280,49): warning CS0436: The type 'TohSlot' in 'E:\openbroadcaster\Core\Models\TohSettings.cs' conflicts with the imported type 'TohSlot' in 'OpenBroadcaster.Core, Version=0.0.0.0, Culture=neutral, PublicKeyToken=null'. Using the type defined in 'E:\openbroadcaster\Core\Models\TohSettings.cs'. [E:\openbroadcaster\OpenBroadcaster_2xmz1yr1_wpftmp.csproj]
E:\openbroadcaster\Core\Services\TohSchedulerService.cs(280,22): warning CS0436: The type 'Track' in 'E:\openbroadcaster\Core\Models\Track.cs' conflicts with the imported type 'Track' in 'OpenBroadcaster.Core, Version=0.0.0.0, Culture=neutral, PublicKeyToken=null'. Using the type defined in 'E:\openbroadcaster\Core\Models\Track.cs'. [E:\openbroadcaster\OpenBroadcaster_2xmz1yr1_wpftmp.csproj]
E:\openbroadcaster\Core\Services\TohSchedulerService.cs(320,68): warning CS0436: The type 'Track' in 'E:\openbroadcaster\Core\Models\Track.cs' conflicts with the imported type 'Track' in 'OpenBroadcaster.Core, Version=0.0.0.0, Culture=neutral, PublicKeyToken=null'. Using the type defined in 'E:\openbroadcaster\Core\Models\Track.cs'. [E:\openbroadcaster\OpenBroadcaster_2xmz1yr1_wpftmp.csproj]
E:\openbroadcaster\Core\Services\TohSchedulerService.cs(320,22): warning CS0436: The type 'Track' in 'E:\openbroadcaster\Core\Models\Track.cs' conflicts with the imported type 'Track' in 'OpenBroadcaster.Core, Version=0.0.0.0, Culture=neutral, PublicKeyToken=null'. Using the type defined in 'E:\openbroadcaster\Core\Models\Track.cs'. [E:\openbroadcaster\OpenBroadcaster_2xmz1yr1_wpftmp.csproj]
E:\openbroadcaster\Core\Services\TohSchedulerService.cs(366,64): warning CS0436: The type 'Track' in 'E:\openbroadcaster\Core\Models\Track.cs' conflicts with the imported type 'Track' in 'OpenBroadcaster.Core, Version=0.0.0.0, Culture=neutral, PublicKeyToken=null'. Using the type defined in 'E:\openbroadcaster\Core\Models\Track.cs'. [E:\openbroadcaster\OpenBroadcaster_2xmz1yr1_wpftmp.csproj]
E:\openbroadcaster\Core\Services\TohSchedulerService.cs(366,22): warning CS0436: The type 'Track' in 'E:\openbroadcaster\Core\Models\Track.cs' conflicts with the imported type 'Track' in 'OpenBroadcaster.Core, Version=0.0.0.0, Culture=neutral, PublicKeyToken=null'. Using the type defined in 'E:\openbroadcaster\Core\Models\Track.cs'. [E:\openbroadcaster\OpenBroadcaster_2xmz1yr1_wpftmp.csproj]
E:\openbroadcaster\Core\Services\TohSchedulerService.cs(16,26): warning CS0436: The type 'QueueService' in 'E:\openbroadcaster\Core\Services\QueueService.cs' conflicts with the imported type 'QueueService' in 'OpenBroadcaster.Core, Version=0.0.0.0, Culture=neutral, PublicKeyToken=null'. Using the type defined in 'E:\openbroadcaster\Core\Services\QueueService.cs'. [E:\openbroadcaster\OpenBroadcaster_2xmz1yr1_wpftmp.csproj]
E:\openbroadcaster\Core\Services\TohSchedulerService.cs(17,26): warning CS0436: The type 'LibraryService' in 'E:\openbroadcaster\Core\Services\LibraryService.cs' conflicts with the imported type 'LibraryService' in 'OpenBroadcaster.Core, Version=0.0.0.0, Culture=neutral, PublicKeyToken=null'. Using the type defined in 'E:\openbroadcaster\Core\Services\LibraryService.cs'. [E:\openbroadcaster\OpenBroadcaster_2xmz1yr1_wpftmp.csproj]
E:\openbroadcaster\Core\Services\TohSchedulerService.cs(18,34): warning CS0436: The type 'TohSchedulerService' in 'E:\openbroadcaster\Core\Services\TohSchedulerService.cs' conflicts with the imported type 'TohSchedulerService' in 'OpenBroadcaster.Core, Version=0.0.0.0, Culture=neutral, PublicKeyToken=null'. Using the type defined in 'E:\openbroadcaster\Core\Services\TohSchedulerService.cs'. [E:\openbroadcaster\OpenBroadcaster_2xmz1yr1_wpftmp.csproj]
E:\openbroadcaster\Core\Services\TohSchedulerService.cs(25,17): warning CS0436: The type 'TohSettings' in 'E:\openbroadcaster\Core\Models\TohSettings.cs' conflicts with the imported type 'TohSettings' in 'OpenBroadcaster.Core, Version=0.0.0.0, Culture=neutral, PublicKeyToken=null'. Using the type defined in 'E:\openbroadcaster\Core\Models\TohSettings.cs'. [E:\openbroadcaster\OpenBroadcaster_2xmz1yr1_wpftmp.csproj]
E:\openbroadcaster\Core\Services\TohSchedulerService.cs(41,13): warning CS0436: The type 'QueueService' in 'E:\openbroadcaster\Core\Services\QueueService.cs' conflicts with the imported type 'QueueService' in 'OpenBroadcaster.Core, Version=0.0.0.0, Culture=neutral, PublicKeyToken=null'. Using the type defined in 'E:\openbroadcaster\Core\Services\QueueService.cs'. [E:\openbroadcaster\OpenBroadcaster_2xmz1yr1_wpftmp.csproj]
E:\openbroadcaster\Core\Services\TohSchedulerService.cs(42,13): warning CS0436: The type 'LibraryService' in 'E:\openbroadcaster\Core\Services\LibraryService.cs' conflicts with the imported type 'LibraryService' in 'OpenBroadcaster.Core, Version=0.0.0.0, Culture=neutral, PublicKeyToken=null'. Using the type defined in 'E:\openbroadcaster\Core\Services\LibraryService.cs'. [E:\openbroadcaster\OpenBroadcaster_2xmz1yr1_wpftmp.csproj]
E:\openbroadcaster\Core\Services\TohSchedulerService.cs(43,21): warning CS0436: The type 'TohSchedulerService' in 'E:\openbroadcaster\Core\Services\TohSchedulerService.cs' conflicts with the imported type 'TohSchedulerService' in 'OpenBroadcaster.Core, Version=0.0.0.0, Culture=neutral, PublicKeyToken=null'. Using the type defined in 'E:\openbroadcaster\Core\Services\TohSchedulerService.cs'. [E:\openbroadcaster\OpenBroadcaster_2xmz1yr1_wpftmp.csproj]
E:\openbroadcaster\Core\Services\DirectServer\DirectHttpServer.cs(124,9): warning CS0436: The type 'DirectServerSettings' in 'E:\openbroadcaster\Core\Models\AppSettings.cs' conflicts with the imported type 'DirectServerSettings' in 'OpenBroadcaster.Core, Version=0.0.0.0, Culture=neutral, PublicKeyToken=null'. Using the type defined in 'E:\openbroadcaster\Core\Models\AppSettings.cs'. [E:\openbroadcaster\OpenBroadcaster_2xmz1yr1_wpftmp.csproj]
E:\openbroadcaster\Core\Services\DirectServer\DirectHttpServer.cs(125,14): warning CS0436: The type 'DirectServerSnapshot' in 'E:\openbroadcaster\Core\Services\DirectServer\DirectHttpServer.cs' conflicts with the imported type 'DirectServerSnapshot' in 'OpenBroadcaster.Core, Version=0.0.0.0, Culture=neutral, PublicKeyToken=null'. Using the type defined in 'E:\openbroadcaster\Core\Services\DirectServer\DirectHttpServer.cs'. [E:\openbroadcaster\OpenBroadcaster_2xmz1yr1_wpftmp.csproj]
E:\openbroadcaster\Core\Services\DirectServer\DirectHttpServer.cs(126,44): warning CS0436: The type 'DirectServerLibraryItem' in 'E:\openbroadcaster\Core\Services\DirectServer\DirectHttpServer.cs' conflicts with the imported type 'DirectServerLibraryItem' in 'OpenBroadcaster.Core, Version=0.0.0.0, Culture=neutral, PublicKeyToken=null'. Using the type defined in 'E:\openbroadcaster\Core\Services\DirectServer\DirectHttpServer.cs'. [E:\openbroadcaster\OpenBroadcaster_2xmz1yr1_wpftmp.csproj]
E:\openbroadcaster\Core\Services\DirectServer\DirectHttpServer.cs(127,16): warning CS0436: The type 'SongRequest' in 'E:\openbroadcaster\Core\Services\DirectServer\DirectHttpServer.cs' conflicts with the imported type 'SongRequest' in 'OpenBroadcaster.Core, Version=0.0.0.0, Culture=neutral, PublicKeyToken=null'. Using the type defined in 'E:\openbroadcaster\Core\Services\DirectServer\DirectHttpServer.cs'. [E:\openbroadcaster\OpenBroadcaster_2xmz1yr1_wpftmp.csproj]
E:\openbroadcaster\Core\Services\DirectServer\DirectHttpServer.cs(129,17): warning CS0436: The type 'DirectHttpServer' in 'E:\openbroadcaster\Core\Services\DirectServer\DirectHttpServer.cs' conflicts with the imported type 'DirectHttpServer' in 'OpenBroadcaster.Core, Version=0.0.0.0, Culture=neutral, PublicKeyToken=null'. Using the type defined in 'E:\openbroadcaster\Core\Services\DirectServer\DirectHttpServer.cs'. [E:\openbroadcaster\OpenBroadcaster_2xmz1yr1_wpftmp.csproj]
E:\openbroadcaster\Core\Services\TwitchIntegrationService.cs(64,35): warning CS0436: The type 'TwitchChatMessage' in 'E:\openbroadcaster\Core\Models\TwitchChatMessage.cs' conflicts with the imported type 'TwitchChatMessage' in 'OpenBroadcaster.Core, Version=0.0.0.0, Culture=neutral, PublicKeyToken=null'. Using the type defined in 'E:\openbroadcaster\Core\Models\TwitchChatMessage.cs'. [E:\openbroadcaster\OpenBroadcaster_2xmz1yr1_wpftmp.csproj]
E:\openbroadcaster\Core\Services\TwitchIntegrationService.cs(68,36): warning CS0436: The type 'TwitchSettings' in 'E:\openbroadcaster\Core\Models\TwitchSettings.cs' conflicts with the imported type 'TwitchSettings' in 'OpenBroadcaster.Core, Version=0.0.0.0, Culture=neutral, PublicKeyToken=null'. Using the type defined in 'E:\openbroadcaster\Core\Models\TwitchSettings.cs'. [E:\openbroadcaster\OpenBroadcaster_2xmz1yr1_wpftmp.csproj]
E:\openbroadcaster\Core\Services\TwitchIntegrationService.cs(74,43): warning CS0436: The type 'RequestSettings' in 'E:\openbroadcaster\Core\Models\AppSettings.cs' conflicts with the imported type 'RequestSettings' in 'OpenBroadcaster.Core, Version=0.0.0.0, Culture=neutral, PublicKeyToken=null'. Using the type defined in 'E:\openbroadcaster\Core\Models\AppSettings.cs'. [E:\openbroadcaster\OpenBroadcaster_2xmz1yr1_wpftmp.csproj]
E:\openbroadcaster\Core\Services\TwitchIntegrationService.cs(82,40): warning CS0436: The type 'QueueItem' in 'E:\openbroadcaster\Core\Models\QueueItem.cs' conflicts with the imported type 'QueueItem' in 'OpenBroadcaster.Core, Version=0.0.0.0, Culture=neutral, PublicKeyToken=null'. Using the type defined in 'E:\openbroadcaster\Core\Models\QueueItem.cs'. [E:\openbroadcaster\OpenBroadcaster_2xmz1yr1_wpftmp.csproj]
E:\openbroadcaster\Core\Services\TwitchIntegrationService.cs(103,38): warning CS0436: The type 'TwitchSettings' in 'E:\openbroadcaster\Core\Models\TwitchSettings.cs' conflicts with the imported type 'TwitchSettings' in 'OpenBroadcaster.Core, Version=0.0.0.0, Culture=neutral, PublicKeyToken=null'. Using the type defined in 'E:\openbroadcaster\Core\Models\TwitchSettings.cs'. [E:\openbroadcaster\OpenBroadcaster_2xmz1yr1_wpftmp.csproj]
E:\openbroadcaster\Core\Services\TwitchIntegrationService.cs(125,49): warning CS0436: The type 'TwitchChatOptions' in 'E:\openbroadcaster\Core\Models\TwitchChatOptions.cs' conflicts with the imported type 'TwitchChatOptions' in 'OpenBroadcaster.Core, Version=0.0.0.0, Culture=neutral, PublicKeyToken=null'. Using the type defined in 'E:\openbroadcaster\Core\Models\TwitchChatOptions.cs'. [E:\openbroadcaster\OpenBroadcaster_2xmz1yr1_wpftmp.csproj]
E:\openbroadcaster\Core\Services\TwitchIntegrationService.cs(183,56): warning CS0436: The type 'TwitchChatMessage' in 'E:\openbroadcaster\Core\Models\TwitchChatMessage.cs' conflicts with the imported type 'TwitchChatMessage' in 'OpenBroadcaster.Core, Version=0.0.0.0, Culture=neutral, PublicKeyToken=null'. Using the type defined in 'E:\openbroadcaster\Core\Models\TwitchChatMessage.cs'. [E:\openbroadcaster\OpenBroadcaster_2xmz1yr1_wpftmp.csproj]
E:\openbroadcaster\Core\Services\TwitchIntegrationService.cs(213,37): warning CS0436: The type 'TwitchChatMessage' in 'E:\openbroadcaster\Core\Models\TwitchChatMessage.cs' conflicts with the imported type 'TwitchChatMessage' in 'OpenBroadcaster.Core, Version=0.0.0.0, Culture=neutral, PublicKeyToken=null'. Using the type defined in 'E:\openbroadcaster\Core\Models\TwitchChatMessage.cs'. [E:\openbroadcaster\OpenBroadcaster_2xmz1yr1_wpftmp.csproj]
E:\openbroadcaster\Core\Services\TwitchIntegrationService.cs(249,48): warning CS0436: The type 'TwitchChatMessage' in 'E:\openbroadcaster\Core\Models\TwitchChatMessage.cs' conflicts with the imported type 'TwitchChatMessage' in 'OpenBroadcaster.Core, Version=0.0.0.0, Culture=neutral, PublicKeyToken=null'. Using the type defined in 'E:\openbroadcaster\Core\Models\TwitchChatMessage.cs'. [E:\openbroadcaster\OpenBroadcaster_2xmz1yr1_wpftmp.csproj]
E:\openbroadcaster\Core\Services\LibraryService.cs(88,36): warning CS0436: The type 'Track' in 'E:\openbroadcaster\Core\Models\Track.cs' conflicts with the imported type 'Track' in 'OpenBroadcaster.Core, Version=0.0.0.0, Culture=neutral, PublicKeyToken=null'. Using the type defined in 'E:\openbroadcaster\Core\Models\Track.cs'. [E:\openbroadcaster\OpenBroadcaster_2xmz1yr1_wpftmp.csproj]
E:\openbroadcaster\Core\Services\TwitchIntegrationService.cs(265,42): warning CS0436: The type 'TwitchChatMessage' in 'E:\openbroadcaster\Core\Models\TwitchChatMessage.cs' conflicts with the imported type 'TwitchChatMessage' in 'OpenBroadcaster.Core, Version=0.0.0.0, Culture=neutral, PublicKeyToken=null'. Using the type defined in 'E:\openbroadcaster\Core\Models\TwitchChatMessage.cs'. [E:\openbroadcaster\OpenBroadcaster_2xmz1yr1_wpftmp.csproj]
E:\openbroadcaster\Core\Services\TwitchIntegrationService.cs(285,38): warning CS0436: The type 'TwitchChatMessage' in 'E:\openbroadcaster\Core\Models\TwitchChatMessage.cs' conflicts with the imported type 'TwitchChatMessage' in 'OpenBroadcaster.Core, Version=0.0.0.0, Culture=neutral, PublicKeyToken=null'. Using the type defined in 'E:\openbroadcaster\Core\Models\TwitchChatMessage.cs'. [E:\openbroadcaster\OpenBroadcaster_2xmz1yr1_wpftmp.csproj]
E:\openbroadcaster\Core\Services\LibraryService.cs(99,30): warning CS0436: The type 'Track' in 'E:\openbroadcaster\Core\Models\Track.cs' conflicts with the imported type 'Track' in 'OpenBroadcaster.Core, Version=0.0.0.0, Culture=neutral, PublicKeyToken=null'. Using the type defined in 'E:\openbroadcaster\Core\Models\Track.cs'. [E:\openbroadcaster\OpenBroadcaster_2xmz1yr1_wpftmp.csproj]
E:\openbroadcaster\Core\Services\TwitchIntegrationService.cs(330,40): warning CS0436: The type 'TwitchChatMessage' in 'E:\openbroadcaster\Core\Models\TwitchChatMessage.cs' conflicts with the imported type 'TwitchChatMessage' in 'OpenBroadcaster.Core, Version=0.0.0.0, Culture=neutral, PublicKeyToken=null'. Using the type defined in 'E:\openbroadcaster\Core\Models\TwitchChatMessage.cs'. [E:\openbroadcaster\OpenBroadcaster_2xmz1yr1_wpftmp.csproj]
E:\openbroadcaster\Core\Services\TwitchIntegrationService.cs(341,37): warning CS0436: The type 'TwitchChatMessage' in 'E:\openbroadcaster\Core\Models\TwitchChatMessage.cs' conflicts with the imported type 'TwitchChatMessage' in 'OpenBroadcaster.Core, Version=0.0.0.0, Culture=neutral, PublicKeyToken=null'. Using the type defined in 'E:\openbroadcaster\Core\Models\TwitchChatMessage.cs'. [E:\openbroadcaster\OpenBroadcaster_2xmz1yr1_wpftmp.csproj]
E:\openbroadcaster\Core\Services\LibraryService.cs(118,36): warning CS0436: The type 'Track' in 'E:\openbroadcaster\Core\Models\Track.cs' conflicts with the imported type 'Track' in 'OpenBroadcaster.Core, Version=0.0.0.0, Culture=neutral, PublicKeyToken=null'. Using the type defined in 'E:\openbroadcaster\Core\Models\Track.cs'. [E:\openbroadcaster\OpenBroadcaster_2xmz1yr1_wpftmp.csproj]
E:\openbroadcaster\Core\Services\TwitchIntegrationService.cs(352,41): warning CS0436: The type 'TwitchChatMessage' in 'E:\openbroadcaster\Core\Models\TwitchChatMessage.cs' conflicts with the imported type 'TwitchChatMessage' in 'OpenBroadcaster.Core, Version=0.0.0.0, Culture=neutral, PublicKeyToken=null'. Using the type defined in 'E:\openbroadcaster\Core\Models\TwitchChatMessage.cs'. [E:\openbroadcaster\OpenBroadcaster_2xmz1yr1_wpftmp.csproj]
E:\openbroadcaster\Core\Services\LibraryService.cs(135,16): warning CS0436: The type 'Track' in 'E:\openbroadcaster\Core\Models\Track.cs' conflicts with the imported type 'Track' in 'OpenBroadcaster.Core, Version=0.0.0.0, Culture=neutral, PublicKeyToken=null'. Using the type defined in 'E:\openbroadcaster\Core\Models\Track.cs'. [E:\openbroadcaster\OpenBroadcaster_2xmz1yr1_wpftmp.csproj]
E:\openbroadcaster\Core\Services\TwitchIntegrationService.cs(390,38): warning CS0436: The type 'TwitchChatMessage' in 'E:\openbroadcaster\Core\Models\TwitchChatMessage.cs' conflicts with the imported type 'TwitchChatMessage' in 'OpenBroadcaster.Core, Version=0.0.0.0, Culture=neutral, PublicKeyToken=null'. Using the type defined in 'E:\openbroadcaster\Core\Models\TwitchChatMessage.cs'. [E:\openbroadcaster\OpenBroadcaster_2xmz1yr1_wpftmp.csproj]
E:\openbroadcaster\Core\Services\LibraryService.cs(148,36): warning CS0436: The type 'LibraryCategory' in 'E:\openbroadcaster\Core\Models\LibraryCategory.cs' conflicts with the imported type 'LibraryCategory' in 'OpenBroadcaster.Core, Version=0.0.0.0, Culture=neutral, PublicKeyToken=null'. Using the type defined in 'E:\openbroadcaster\Core\Models\LibraryCategory.cs'. [E:\openbroadcaster\OpenBroadcaster_2xmz1yr1_wpftmp.csproj]
E:\openbroadcaster\Core\Services\TwitchIntegrationService.cs(411,35): warning CS0436: The type 'Track' in 'E:\openbroadcaster\Core\Models\Track.cs' conflicts with the imported type 'Track' in 'OpenBroadcaster.Core, Version=0.0.0.0, Culture=neutral, PublicKeyToken=null'. Using the type defined in 'E:\openbroadcaster\Core\Models\Track.cs'. [E:\openbroadcaster\OpenBroadcaster_2xmz1yr1_wpftmp.csproj]
E:\openbroadcaster\Core\Services\LibraryService.cs(159,16): warning CS0436: The type 'Track' in 'E:\openbroadcaster\Core\Models\Track.cs' conflicts with the imported type 'Track' in 'OpenBroadcaster.Core, Version=0.0.0.0, Culture=neutral, PublicKeyToken=null'. Using the type defined in 'E:\openbroadcaster\Core\Models\Track.cs'. [E:\openbroadcaster\OpenBroadcaster_2xmz1yr1_wpftmp.csproj]
E:\openbroadcaster\Core\Services\TwitchIntegrationService.cs(663,89): warning CS0436: The type 'Track' in 'E:\openbroadcaster\Core\Models\Track.cs' conflicts with the imported type 'Track' in 'OpenBroadcaster.Core, Version=0.0.0.0, Culture=neutral, PublicKeyToken=null'. Using the type defined in 'E:\openbroadcaster\Core\Models\Track.cs'. [E:\openbroadcaster\OpenBroadcaster_2xmz1yr1_wpftmp.csproj]
E:\openbroadcaster\Core\Services\LibraryService.cs(165,36): warning CS0436: The type 'Track' in 'E:\openbroadcaster\Core\Models\Track.cs' conflicts with the imported type 'Track' in 'OpenBroadcaster.Core, Version=0.0.0.0, Culture=neutral, PublicKeyToken=null'. Using the type defined in 'E:\openbroadcaster\Core\Models\Track.cs'. [E:\openbroadcaster\OpenBroadcaster_2xmz1yr1_wpftmp.csproj]
E:\openbroadcaster\Core\Services\TwitchIntegrationService.cs(723,86): warning CS0436: The type 'Track' in 'E:\openbroadcaster\Core\Models\Track.cs' conflicts with the imported type 'Track' in 'OpenBroadcaster.Core, Version=0.0.0.0, Culture=neutral, PublicKeyToken=null'. Using the type defined in 'E:\openbroadcaster\Core\Models\Track.cs'. [E:\openbroadcaster\OpenBroadcaster_2xmz1yr1_wpftmp.csproj]
E:\openbroadcaster\Core\Services\LibraryService.cs(253,36): warning CS0436: The type 'Track' in 'E:\openbroadcaster\Core\Models\Track.cs' conflicts with the imported type 'Track' in 'OpenBroadcaster.Core, Version=0.0.0.0, Culture=neutral, PublicKeyToken=null'. Using the type defined in 'E:\openbroadcaster\Core\Models\Track.cs'. [E:\openbroadcaster\OpenBroadcaster_2xmz1yr1_wpftmp.csproj]
E:\openbroadcaster\Core\Services\LibraryService.cs(268,16): warning CS0436: The type 'LibraryCategory' in 'E:\openbroadcaster\Core\Models\LibraryCategory.cs' conflicts with the imported type 'LibraryCategory' in 'OpenBroadcaster.Core, Version=0.0.0.0, Culture=neutral, PublicKeyToken=null'. Using the type defined in 'E:\openbroadcaster\Core\Models\LibraryCategory.cs'. [E:\openbroadcaster\OpenBroadcaster_2xmz1yr1_wpftmp.csproj]
E:\openbroadcaster\Core\Services\TwitchIntegrationService.cs(20,26): warning CS0436: The type 'QueueService' in 'E:\openbroadcaster\Core\Services\QueueService.cs' conflicts with the imported type 'QueueService' in 'OpenBroadcaster.Core, Version=0.0.0.0, Culture=neutral, PublicKeyToken=null'. Using the type defined in 'E:\openbroadcaster\Core\Services\QueueService.cs'. [E:\openbroadcaster\OpenBroadcaster_2xmz1yr1_wpftmp.csproj]
E:\openbroadcaster\Core\Services\LibraryService.cs(281,16): warning CS0436: The type 'LibraryCategory' in 'E:\openbroadcaster\Core\Models\LibraryCategory.cs' conflicts with the imported type 'LibraryCategory' in 'OpenBroadcaster.Core, Version=0.0.0.0, Culture=neutral, PublicKeyToken=null'. Using the type defined in 'E:\openbroadcaster\Core\Models\LibraryCategory.cs'. [E:\openbroadcaster\OpenBroadcaster_2xmz1yr1_wpftmp.csproj]
E:\openbroadcaster\Core\Services\TwitchIntegrationService.cs(21,26): warning CS0436: The type 'TransportService' in 'E:\openbroadcaster\Core\Services\TransportService.cs' conflicts with the imported type 'TransportService' in 'OpenBroadcaster.Core, Version=0.0.0.0, Culture=neutral, PublicKeyToken=null'. Using the type defined in 'E:\openbroadcaster\Core\Services\TransportService.cs'. [E:\openbroadcaster\OpenBroadcaster_2xmz1yr1_wpftmp.csproj]
E:\openbroadcaster\Core\Services\TwitchIntegrationService.cs(22,26): warning CS0436: The type 'LoyaltyLedger' in 'E:\openbroadcaster\Core\Services\LoyaltyLedger.cs' conflicts with the imported type 'LoyaltyLedger' in 'OpenBroadcaster.Core, Version=0.0.0.0, Culture=neutral, PublicKeyToken=null'. Using the type defined in 'E:\openbroadcaster\Core\Services\LoyaltyLedger.cs'. [E:\openbroadcaster\OpenBroadcaster_2xmz1yr1_wpftmp.csproj]
E:\openbroadcaster\Core\Services\TwitchIntegrationService.cs(23,26): warning CS0436: The type 'LibraryService' in 'E:\openbroadcaster\Core\Services\LibraryService.cs' conflicts with the imported type 'LibraryService' in 'OpenBroadcaster.Core, Version=0.0.0.0, Culture=neutral, PublicKeyToken=null'. Using the type defined in 'E:\openbroadcaster\Core\Services\LibraryService.cs'. [E:\openbroadcaster\OpenBroadcaster_2xmz1yr1_wpftmp.csproj]
E:\openbroadcaster\Core\Services\LibraryService.cs(318,16): warning CS0436: The type 'LibraryCategory' in 'E:\openbroadcaster\Core\Models\LibraryCategory.cs' conflicts with the imported type 'LibraryCategory' in 'OpenBroadcaster.Core, Version=0.0.0.0, Culture=neutral, PublicKeyToken=null'. Using the type defined in 'E:\openbroadcaster\Core\Models\LibraryCategory.cs'. [E:\openbroadcaster\OpenBroadcaster_2xmz1yr1_wpftmp.csproj]
E:\openbroadcaster\Core\Services\TwitchIntegrationService.cs(24,26): warning CS0436: The type 'TwitchIrcClient' in 'E:\openbroadcaster\Core\Services\TwitchIrcClient.cs' conflicts with the imported type 'TwitchIrcClient' in 'OpenBroadcaster.Core, Version=0.0.0.0, Culture=neutral, PublicKeyToken=null'. Using the type defined in 'E:\openbroadcaster\Core\Services\TwitchIrcClient.cs'. [E:\openbroadcaster\OpenBroadcaster_2xmz1yr1_wpftmp.csproj]
E:\openbroadcaster\Core\Services\TwitchIntegrationService.cs(25,34): warning CS0436: The type 'TwitchIntegrationService' in 'E:\openbroadcaster\Core\Services\TwitchIntegrationService.cs' conflicts with the imported type 'TwitchIntegrationService' in 'OpenBroadcaster.Core, Version=0.0.0.0, Culture=neutral, PublicKeyToken=null'. Using the type defined in 'E:\openbroadcaster\Core\Services\TwitchIntegrationService.cs'. [E:\openbroadcaster\OpenBroadcaster_2xmz1yr1_wpftmp.csproj]
E:\openbroadcaster\Core\Services\LibraryService.cs(409,32): warning CS0436: The type 'Track' in 'E:\openbroadcaster\Core\Models\Track.cs' conflicts with the imported type 'Track' in 'OpenBroadcaster.Core, Version=0.0.0.0, Culture=neutral, PublicKeyToken=null'. Using the type defined in 'E:\openbroadcaster\Core\Models\Track.cs'. [E:\openbroadcaster\OpenBroadcaster_2xmz1yr1_wpftmp.csproj]
E:\openbroadcaster\Core\Services\LibraryService.cs(409,16): warning CS0436: The type 'Track' in 'E:\openbroadcaster\Core\Models\Track.cs' conflicts with the imported type 'Track' in 'OpenBroadcaster.Core, Version=0.0.0.0, Culture=neutral, PublicKeyToken=null'. Using the type defined in 'E:\openbroadcaster\Core\Models\Track.cs'. [E:\openbroadcaster\OpenBroadcaster_2xmz1yr1_wpftmp.csproj]
E:\openbroadcaster\Core\Services\LibraryService.cs(442,16): warning CS0436: The type 'Track' in 'E:\openbroadcaster\Core\Models\Track.cs' conflicts with the imported type 'Track' in 'OpenBroadcaster.Core, Version=0.0.0.0, Culture=neutral, PublicKeyToken=null'. Using the type defined in 'E:\openbroadcaster\Core\Models\Track.cs'. [E:\openbroadcaster\OpenBroadcaster_2xmz1yr1_wpftmp.csproj]
E:\openbroadcaster\Core\Services\LibraryService.cs(473,16): warning CS0436: The type 'Track' in 'E:\openbroadcaster\Core\Models\Track.cs' conflicts with the imported type 'Track' in 'OpenBroadcaster.Core, Version=0.0.0.0, Culture=neutral, PublicKeyToken=null'. Using the type defined in 'E:\openbroadcaster\Core\Models\Track.cs'. [E:\openbroadcaster\OpenBroadcaster_2xmz1yr1_wpftmp.csproj]
E:\openbroadcaster\Core\Services\LibraryService.cs(529,43): warning CS0436: The type 'Track' in 'E:\openbroadcaster\Core\Models\Track.cs' conflicts with the imported type 'Track' in 'OpenBroadcaster.Core, Version=0.0.0.0, Culture=neutral, PublicKeyToken=null'. Using the type defined in 'E:\openbroadcaster\Core\Models\Track.cs'. [E:\openbroadcaster\OpenBroadcaster_2xmz1yr1_wpftmp.csproj]
E:\openbroadcaster\Core\Services\TwitchIntegrationService.cs(33,17): warning CS0436: The type 'TwitchChatOptions' in 'E:\openbroadcaster\Core\Models\TwitchChatOptions.cs' conflicts with the imported type 'TwitchChatOptions' in 'OpenBroadcaster.Core, Version=0.0.0.0, Culture=neutral, PublicKeyToken=null'. Using the type defined in 'E:\openbroadcaster\Core\Models\TwitchChatOptions.cs'. [E:\openbroadcaster\OpenBroadcaster_2xmz1yr1_wpftmp.csproj]
E:\openbroadcaster\Core\Services\TwitchIntegrationService.cs(34,17): warning CS0436: The type 'TwitchSettings' in 'E:\openbroadcaster\Core\Models\TwitchSettings.cs' conflicts with the imported type 'TwitchSettings' in 'OpenBroadcaster.Core, Version=0.0.0.0, Culture=neutral, PublicKeyToken=null'. Using the type defined in 'E:\openbroadcaster\Core\Models\TwitchSettings.cs'. [E:\openbroadcaster\OpenBroadcaster_2xmz1yr1_wpftmp.csproj]
E:\openbroadcaster\Core\Services\TwitchIntegrationService.cs(35,17): warning CS0436: The type 'RequestSettings' in 'E:\openbroadcaster\Core\Models\AppSettings.cs' conflicts with the imported type 'RequestSettings' in 'OpenBroadcaster.Core, Version=0.0.0.0, Culture=neutral, PublicKeyToken=null'. Using the type defined in 'E:\openbroadcaster\Core\Models\AppSettings.cs'. [E:\openbroadcaster\OpenBroadcaster_2xmz1yr1_wpftmp.csproj]
E:\openbroadcaster\Core\Services\TwitchIntegrationService.cs(36,26): warning CS0436: The type 'RequestPolicyEvaluator' in 'E:\openbroadcaster\Core\Requests\RequestPolicyEvaluator.cs' conflicts with the imported type 'RequestPolicyEvaluator' in 'OpenBroadcaster.Core, Version=0.0.0.0, Culture=neutral, PublicKeyToken=null'. Using the type defined in 'E:\openbroadcaster\Core\Requests\RequestPolicyEvaluator.cs'. [E:\openbroadcaster\OpenBroadcaster_2xmz1yr1_wpftmp.csproj]
E:\openbroadcaster\Core\Services\LibraryService.cs(610,44): warning CS0436: The type 'Track' in 'E:\openbroadcaster\Core\Models\Track.cs' conflicts with the imported type 'Track' in 'OpenBroadcaster.Core, Version=0.0.0.0, Culture=neutral, PublicKeyToken=null'. Using the type defined in 'E:\openbroadcaster\Core\Models\Track.cs'. [E:\openbroadcaster\OpenBroadcaster_2xmz1yr1_wpftmp.csproj]
E:\openbroadcaster\Core\Services\LibraryService.cs(621,44): warning CS0436: The type 'Track' in 'E:\openbroadcaster\Core\Models\Track.cs' conflicts with the imported type 'Track' in 'OpenBroadcaster.Core, Version=0.0.0.0, Culture=neutral, PublicKeyToken=null'. Using the type defined in 'E:\openbroadcaster\Core\Models\Track.cs'. [E:\openbroadcaster\OpenBroadcaster_2xmz1yr1_wpftmp.csproj]
E:\openbroadcaster\Core\Services\TwitchIntegrationService.cs(45,13): warning CS0436: The type 'QueueService' in 'E:\openbroadcaster\Core\Services\QueueService.cs' conflicts with the imported type 'QueueService' in 'OpenBroadcaster.Core, Version=0.0.0.0, Culture=neutral, PublicKeyToken=null'. Using the type defined in 'E:\openbroadcaster\Core\Services\QueueService.cs'. [E:\openbroadcaster\OpenBroadcaster_2xmz1yr1_wpftmp.csproj]
E:\openbroadcaster\Core\Services\TwitchIntegrationService.cs(46,13): warning CS0436: The type 'TransportService' in 'E:\openbroadcaster\Core\Services\TransportService.cs' conflicts with the imported type 'TransportService' in 'OpenBroadcaster.Core, Version=0.0.0.0, Culture=neutral, PublicKeyToken=null'. Using the type defined in 'E:\openbroadcaster\Core\Services\TransportService.cs'. [E:\openbroadcaster\OpenBroadcaster_2xmz1yr1_wpftmp.csproj]
E:\openbroadcaster\Core\Services\TwitchIntegrationService.cs(47,13): warning CS0436: The type 'LoyaltyLedger' in 'E:\openbroadcaster\Core\Services\LoyaltyLedger.cs' conflicts with the imported type 'LoyaltyLedger' in 'OpenBroadcaster.Core, Version=0.0.0.0, Culture=neutral, PublicKeyToken=null'. Using the type defined in 'E:\openbroadcaster\Core\Services\LoyaltyLedger.cs'. [E:\openbroadcaster\OpenBroadcaster_2xmz1yr1_wpftmp.csproj]
E:\openbroadcaster\Core\Services\TwitchIntegrationService.cs(48,13): warning CS0436: The type 'LibraryService' in 'E:\openbroadcaster\Core\Services\LibraryService.cs' conflicts with the imported type 'LibraryService' in 'OpenBroadcaster.Core, Version=0.0.0.0, Culture=neutral, PublicKeyToken=null'. Using the type defined in 'E:\openbroadcaster\Core\Services\LibraryService.cs'. [E:\openbroadcaster\OpenBroadcaster_2xmz1yr1_wpftmp.csproj]
E:\openbroadcaster\Core\Services\TwitchIntegrationService.cs(49,13): warning CS0436: The type 'TwitchIrcClient' in 'E:\openbroadcaster\Core\Services\TwitchIrcClient.cs' conflicts with the imported type 'TwitchIrcClient' in 'OpenBroadcaster.Core, Version=0.0.0.0, Culture=neutral, PublicKeyToken=null'. Using the type defined in 'E:\openbroadcaster\Core\Services\TwitchIrcClient.cs'. [E:\openbroadcaster\OpenBroadcaster_2xmz1yr1_wpftmp.csproj]
E:\openbroadcaster\Core\Services\TwitchIntegrationService.cs(50,21): warning CS0436: The type 'TwitchIntegrationService' in 'E:\openbroadcaster\Core\Services\TwitchIntegrationService.cs' conflicts with the imported type 'TwitchIntegrationService' in 'OpenBroadcaster.Core, Version=0.0.0.0, Culture=neutral, PublicKeyToken=null'. Using the type defined in 'E:\openbroadcaster\Core\Services\TwitchIntegrationService.cs'. [E:\openbroadcaster\OpenBroadcaster_2xmz1yr1_wpftmp.csproj]
E:\openbroadcaster\Core\Services\LibraryService.cs(691,35): warning CS0436: The type 'Track' in 'E:\openbroadcaster\Core\Models\Track.cs' conflicts with the imported type 'Track' in 'OpenBroadcaster.Core, Version=0.0.0.0, Culture=neutral, PublicKeyToken=null'. Using the type defined in 'E:\openbroadcaster\Core\Models\Track.cs'. [E:\openbroadcaster\OpenBroadcaster_2xmz1yr1_wpftmp.csproj]
E:\openbroadcaster\Core\Services\LibraryService.cs(691,67): warning CS0436: The type 'LibraryCategory' in 'E:\openbroadcaster\Core\Models\LibraryCategory.cs' conflicts with the imported type 'LibraryCategory' in 'OpenBroadcaster.Core, Version=0.0.0.0, Culture=neutral, PublicKeyToken=null'. Using the type defined in 'E:\openbroadcaster\Core\Models\LibraryCategory.cs'. [E:\openbroadcaster\OpenBroadcaster_2xmz1yr1_wpftmp.csproj]
E:\openbroadcaster\Core\Services\LibraryService.cs(764,66): warning CS0436: The type 'LibraryCategory' in 'E:\openbroadcaster\Core\Models\LibraryCategory.cs' conflicts with the imported type 'LibraryCategory' in 'OpenBroadcaster.Core, Version=0.0.0.0, Culture=neutral, PublicKeyToken=null'. Using the type defined in 'E:\openbroadcaster\Core\Models\LibraryCategory.cs'. [E:\openbroadcaster\OpenBroadcaster_2xmz1yr1_wpftmp.csproj]
E:\openbroadcaster\Core\Services\TwitchIntegrationService.cs(894,73): warning CS0436: The type 'Track' in 'E:\openbroadcaster\Core\Models\Track.cs' conflicts with the imported type 'Track' in 'OpenBroadcaster.Core, Version=0.0.0.0, Culture=neutral, PublicKeyToken=null'. Using the type defined in 'E:\openbroadcaster\Core\Models\Track.cs'. [E:\openbroadcaster\OpenBroadcaster_2xmz1yr1_wpftmp.csproj]
E:\openbroadcaster\Core\Services\LibraryService.cs(780,81): warning CS0436: The type 'Track' in 'E:\openbroadcaster\Core\Models\Track.cs' conflicts with the imported type 'Track' in 'OpenBroadcaster.Core, Version=0.0.0.0, Culture=neutral, PublicKeyToken=null'. Using the type defined in 'E:\openbroadcaster\Core\Models\Track.cs'. [E:\openbroadcaster\OpenBroadcaster_2xmz1yr1_wpftmp.csproj]
E:\openbroadcaster\Core\Services\LibraryService.cs(44,43): warning CS0436: The type 'Track' in 'E:\openbroadcaster\Core\Models\Track.cs' conflicts with the imported type 'Track' in 'OpenBroadcaster.Core, Version=0.0.0.0, Culture=neutral, PublicKeyToken=null'. Using the type defined in 'E:\openbroadcaster\Core\Models\Track.cs'. [E:\openbroadcaster\OpenBroadcaster_2xmz1yr1_wpftmp.csproj]
E:\openbroadcaster\Core\Services\LibraryService.cs(45,43): warning CS0436: The type 'LibraryCategory' in 'E:\openbroadcaster\Core\Models\LibraryCategory.cs' conflicts with the imported type 'LibraryCategory' in 'OpenBroadcaster.Core, Version=0.0.0.0, Culture=neutral, PublicKeyToken=null'. Using the type defined in 'E:\openbroadcaster\Core\Models\LibraryCategory.cs'. [E:\openbroadcaster\OpenBroadcaster_2xmz1yr1_wpftmp.csproj]
E:\openbroadcaster\Core\Services\LibraryService.cs(47,26): warning CS0436: The type 'IAudioMetadataReader' in 'E:\openbroadcaster\Core\Audio\IAudioMetadataReader.cs' conflicts with the imported type 'IAudioMetadataReader' in 'OpenBroadcaster.Core, Version=0.0.0.0, Culture=neutral, PublicKeyToken=null'. Using the type defined in 'E:\openbroadcaster\Core\Audio\IAudioMetadataReader.cs'. [E:\openbroadcaster\OpenBroadcaster_2xmz1yr1_wpftmp.csproj]
E:\openbroadcaster\Core\Services\LibraryService.cs(52,56): warning CS0436: The type 'IAudioMetadataReader' in 'E:\openbroadcaster\Core\Audio\IAudioMetadataReader.cs' conflicts with the imported type 'IAudioMetadataReader' in 'OpenBroadcaster.Core, Version=0.0.0.0, Culture=neutral, PublicKeyToken=null'. Using the type defined in 'E:\openbroadcaster\Core\Audio\IAudioMetadataReader.cs'. [E:\openbroadcaster\OpenBroadcaster_2xmz1yr1_wpftmp.csproj]
E:\openbroadcaster\Core\Services\TwitchIrcClient.cs(29,35): warning CS0436: The type 'TwitchChatMessage' in 'E:\openbroadcaster\Core\Models\TwitchChatMessage.cs' conflicts with the imported type 'TwitchChatMessage' in 'OpenBroadcaster.Core, Version=0.0.0.0, Culture=neutral, PublicKeyToken=null'. Using the type defined in 'E:\openbroadcaster\Core\Models\TwitchChatMessage.cs'. [E:\openbroadcaster\OpenBroadcaster_2xmz1yr1_wpftmp.csproj]
E:\openbroadcaster\Core\Services\TwitchIrcClient.cs(40,40): warning CS0436: The type 'TwitchChatOptions' in 'E:\openbroadcaster\Core\Models\TwitchChatOptions.cs' conflicts with the imported type 'TwitchChatOptions' in 'OpenBroadcaster.Core, Version=0.0.0.0, Culture=neutral, PublicKeyToken=null'. Using the type defined in 'E:\openbroadcaster\Core\Models\TwitchChatOptions.cs'. [E:\openbroadcaster\OpenBroadcaster_2xmz1yr1_wpftmp.csproj]
E:\openbroadcaster\Core\Services\TwitchIrcClient.cs(231,17): warning CS0436: The type 'TwitchChatMessage' in 'E:\openbroadcaster\Core\Models\TwitchChatMessage.cs' conflicts with the imported type 'TwitchChatMessage' in 'OpenBroadcaster.Core, Version=0.0.0.0, Culture=neutral, PublicKeyToken=null'. Using the type defined in 'E:\openbroadcaster\Core\Models\TwitchChatMessage.cs'. [E:\openbroadcaster\OpenBroadcaster_2xmz1yr1_wpftmp.csproj]
E:\openbroadcaster\Core\Services\TwitchIrcClient.cs(26,17): warning CS0436: The type 'TwitchChatOptions' in 'E:\openbroadcaster\Core\Models\TwitchChatOptions.cs' conflicts with the imported type 'TwitchChatOptions' in 'OpenBroadcaster.Core, Version=0.0.0.0, Culture=neutral, PublicKeyToken=null'. Using the type defined in 'E:\openbroadcaster\Core\Models\TwitchChatOptions.cs'. [E:\openbroadcaster\OpenBroadcaster_2xmz1yr1_wpftmp.csproj]
E:\openbroadcaster\Core\Services\TwitchIrcClient.cs(27,34): warning CS0436: The type 'TwitchIrcClient' in 'E:\openbroadcaster\Core\Services\TwitchIrcClient.cs' conflicts with the imported type 'TwitchIrcClient' in 'OpenBroadcaster.Core, Version=0.0.0.0, Culture=neutral, PublicKeyToken=null'. Using the type defined in 'E:\openbroadcaster\Core\Services\TwitchIrcClient.cs'. [E:\openbroadcaster\OpenBroadcaster_2xmz1yr1_wpftmp.csproj]
E:\openbroadcaster\Core\Services\TwitchIrcClient.cs(35,40): warning CS0436: The type 'TwitchIrcClient' in 'E:\openbroadcaster\Core\Services\TwitchIrcClient.cs' conflicts with the imported type 'TwitchIrcClient' in 'OpenBroadcaster.Core, Version=0.0.0.0, Culture=neutral, PublicKeyToken=null'. Using the type defined in 'E:\openbroadcaster\Core\Services\TwitchIrcClient.cs'. [E:\openbroadcaster\OpenBroadcaster_2xmz1yr1_wpftmp.csproj]
E:\openbroadcaster\Core\Services\LibraryService.cs(826,58): warning CS0436: The type 'Track' in 'E:\openbroadcaster\Core\Models\Track.cs' conflicts with the imported type 'Track' in 'OpenBroadcaster.Core, Version=0.0.0.0, Culture=neutral, PublicKeyToken=null'. Using the type defined in 'E:\openbroadcaster\Core\Models\Track.cs'. [E:\openbroadcaster\OpenBroadcaster_2xmz1yr1_wpftmp.csproj]
E:\openbroadcaster\Core\Services\LibraryService.cs(850,64): warning CS0436: The type 'LibraryCategory' in 'E:\openbroadcaster\Core\Models\LibraryCategory.cs' conflicts with the imported type 'LibraryCategory' in 'OpenBroadcaster.Core, Version=0.0.0.0, Culture=neutral, PublicKeyToken=null'. Using the type defined in 'E:\openbroadcaster\Core\Models\LibraryCategory.cs'. [E:\openbroadcaster\OpenBroadcaster_2xmz1yr1_wpftmp.csproj]
E:\openbroadcaster\Core\Services\LoyaltyLedger.cs(91,44): warning CS0436: The type 'LoyaltyEntry' in 'E:\openbroadcaster\Core\Services\LoyaltyLedger.cs' conflicts with the imported type 'LoyaltyEntry' in 'OpenBroadcaster.Core, Version=0.0.0.0, Culture=neutral, PublicKeyToken=null'. Using the type defined in 'E:\openbroadcaster\Core\Services\LoyaltyLedger.cs'. [E:\openbroadcaster\OpenBroadcaster_2xmz1yr1_wpftmp.csproj]
E:\openbroadcaster\Core\Services\LoyaltyLedger.cs(12,45): warning CS0436: The type 'LoyaltyEntry' in 'E:\openbroadcaster\Core\Services\LoyaltyLedger.cs' conflicts with the imported type 'LoyaltyEntry' in 'OpenBroadcaster.Core, Version=0.0.0.0, Culture=neutral, PublicKeyToken=null'. Using the type defined in 'E:\openbroadcaster\Core\Services\LoyaltyLedger.cs'. [E:\openbroadcaster\OpenBroadcaster_2xmz1yr1_wpftmp.csproj]

Build FAILED.

E:\openbroadcaster\Core\Audio\AudioDeck.cs(40,16): warning CS0436: The type 'DeckIdentifier' in 'E:\openbroadcaster\Core\Models\DeckIdentifier.cs' conflicts with the imported type 'DeckIdentifier' in 'OpenBroadcaster.Core, Version=0.0.0.0, Culture=neutral, PublicKeyToken=null'. Using the type defined in 'E:\openbroadcaster\Core\Models\DeckIdentifier.cs'. [E:\openbroadcaster\OpenBroadcaster_2xmz1yr1_wpftmp.csproj]
E:\openbroadcaster\Core\Audio\AudioDeck.cs(48,61): warning CS0436: The type 'AudioSampleBlockHandler' in 'E:\openbroadcaster\Core\Audio\AudioSampleTap.cs' conflicts with the imported type 'AudioSampleBlockHandler' in 'OpenBroadcaster.Core, Version=0.0.0.0, Culture=neutral, PublicKeyToken=null'. Using the type defined in 'E:\openbroadcaster\Core\Audio\AudioSampleTap.cs'. [E:\openbroadcaster\OpenBroadcaster_2xmz1yr1_wpftmp.csproj]
E:\openbroadcaster\ViewModels\AssignCategoriesViewModel.cs(120,74): warning CS0436: The type 'LibraryCategory' in 'E:\openbroadcaster\Core\Models\LibraryCategory.cs' conflicts with the imported type 'LibraryCategory' in 'OpenBroadcaster.Core, Version=0.0.0.0, Culture=neutral, PublicKeyToken=null'. Using the type defined in 'E:\openbroadcaster\Core\Models\LibraryCategory.cs'. [E:\openbroadcaster\OpenBroadcaster_2xmz1yr1_wpftmp.csproj]
E:\openbroadcaster\ViewModels\AssignCategoriesViewModel.cs(12,47): warning CS0436: The type 'LibraryCategory' in 'E:\openbroadcaster\Core\Models\LibraryCategory.cs' conflicts with the imported type 'LibraryCategory' in 'OpenBroadcaster.Core, Version=0.0.0.0, Culture=neutral, PublicKeyToken=null'. Using the type defined in 'E:\openbroadcaster\Core\Models\LibraryCategory.cs'. [E:\openbroadcaster\OpenBroadcaster_2xmz1yr1_wpftmp.csproj]
E:\openbroadcaster\ViewModels\AssignCategoriesViewModel.cs(17,25): warning CS0436: The type 'LibraryCategory' in 'E:\openbroadcaster\Core\Models\LibraryCategory.cs' conflicts with the imported type 'LibraryCategory' in 'OpenBroadcaster.Core, Version=0.0.0.0, Culture=neutral, PublicKeyToken=null'. Using the type defined in 'E:\openbroadcaster\Core\Models\LibraryCategory.cs'. [E:\openbroadcaster\OpenBroadcaster_2xmz1yr1_wpftmp.csproj]
E:\openbroadcaster\ViewModels\AssignCategoriesViewModel.cs(19,34): warning CS0436: The type 'LibraryCategory' in 'E:\openbroadcaster\Core\Models\LibraryCategory.cs' conflicts with the imported type 'LibraryCategory' in 'OpenBroadcaster.Core, Version=0.0.0.0, Culture=neutral, PublicKeyToken=null'. Using the type defined in 'E:\openbroadcaster\Core\Models\LibraryCategory.cs'. [E:\openbroadcaster\OpenBroadcaster_2xmz1yr1_wpftmp.csproj]
E:\openbroadcaster\MainWindow.xaml.cs(407,69): warning CS0436: The type 'DeckIdentifier' in 'E:\openbroadcaster\Core\Models\DeckIdentifier.cs' conflicts with the imported type 'DeckIdentifier' in 'OpenBroadcaster.Core, Version=0.0.0.0, Culture=neutral, PublicKeyToken=null'. Using the type defined in 'E:\openbroadcaster\Core\Models\DeckIdentifier.cs'. [E:\openbroadcaster\OpenBroadcaster_2xmz1yr1_wpftmp.csproj]
E:\openbroadcaster\Core\Audio\AudioDeck.cs(25,17): warning CS0436: The type 'AudioSampleBlockHandler' in 'E:\openbroadcaster\Core\Audio\AudioSampleTap.cs' conflicts with the imported type 'AudioSampleBlockHandler' in 'OpenBroadcaster.Core, Version=0.0.0.0, Culture=neutral, PublicKeyToken=null'. Using the type defined in 'E:\openbroadcaster\Core\Audio\AudioSampleTap.cs'. [E:\openbroadcaster\OpenBroadcaster_2xmz1yr1_wpftmp.csproj]
E:\openbroadcaster\OpenBroadcaster.Avalonia\ViewModels\MainWindowViewModel.cs(11,56): warning CS0436: The type 'RadioService' in 'E:\openbroadcaster\Core\Services\RadioService.cs' conflicts with the imported type 'RadioService' in 'OpenBroadcaster.Core, Version=0.0.0.0, Culture=neutral, PublicKeyToken=null'. Using the type defined in 'E:\openbroadcaster\Core\Services\RadioService.cs'. [E:\openbroadcaster\OpenBroadcaster_2xmz1yr1_wpftmp.csproj]
E:\openbroadcaster\Core\Audio\AudioDeck.cs(32,26): warning CS0436: The type 'DeckIdentifier' in 'E:\openbroadcaster\Core\Models\DeckIdentifier.cs' conflicts with the imported type 'DeckIdentifier' in 'OpenBroadcaster.Core, Version=0.0.0.0, Culture=neutral, PublicKeyToken=null'. Using the type defined in 'E:\openbroadcaster\Core\Models\DeckIdentifier.cs'. [E:\openbroadcaster\OpenBroadcaster_2xmz1yr1_wpftmp.csproj]
E:\openbroadcaster\ViewModels\AssignCategoriesViewModel.cs(130,47): warning CS0436: The type 'LibraryCategory' in 'E:\openbroadcaster\Core\Models\LibraryCategory.cs' conflicts with the imported type 'LibraryCategory' in 'OpenBroadcaster.Core, Version=0.0.0.0, Culture=neutral, PublicKeyToken=null'. Using the type defined in 'E:\openbroadcaster\Core\Models\LibraryCategory.cs'. [E:\openbroadcaster\OpenBroadcaster_2xmz1yr1_wpftmp.csproj]
E:\openbroadcaster\Core\Audio\AudioRoutingGraph.cs(20,27): warning CS0436: The type 'AudioSourceType' in 'E:\openbroadcaster\Core\Audio\AudioSourceType.cs' conflicts with the imported type 'AudioSourceType' in 'OpenBroadcaster.Core, Version=0.0.0.0, Culture=neutral, PublicKeyToken=null'. Using the type defined in 'E:\openbroadcaster\Core\Audio\AudioSourceType.cs'. [E:\openbroadcaster\OpenBroadcaster_2xmz1yr1_wpftmp.csproj]
E:\openbroadcaster\Core\Audio\AudioRoutingGraph.cs(20,58): warning CS0436: The type 'AudioBus' in 'E:\openbroadcaster\Core\Audio\AudioBus.cs' conflicts with the imported type 'AudioBus' in 'OpenBroadcaster.Core, Version=0.0.0.0, Culture=neutral, PublicKeyToken=null'. Using the type defined in 'E:\openbroadcaster\Core\Audio\AudioBus.cs'. [E:\openbroadcaster\OpenBroadcaster_2xmz1yr1_wpftmp.csproj]
E:\openbroadcaster\ViewModels\MainViewModel.cs(3015,16): warning CS0436: The type 'EncoderState' in 'E:\openbroadcaster\Core\Streaming\EncoderState.cs' conflicts with the imported type 'EncoderState' in 'OpenBroadcaster.Core, Version=0.0.0.0, Culture=neutral, PublicKeyToken=null'. Using the type defined in 'E:\openbroadcaster\Core\Streaming\EncoderState.cs'. [E:\openbroadcaster\OpenBroadcaster_2xmz1yr1_wpftmp.csproj]
E:\openbroadcaster\MainWindow.xaml.cs(436,20): warning CS0436: The type 'DeckIdentifier' in 'E:\openbroadcaster\Core\Models\DeckIdentifier.cs' conflicts with the imported type 'DeckIdentifier' in 'OpenBroadcaster.Core, Version=0.0.0.0, Culture=neutral, PublicKeyToken=null'. Using the type defined in 'E:\openbroadcaster\Core\Models\DeckIdentifier.cs'. [E:\openbroadcaster\OpenBroadcaster_2xmz1yr1_wpftmp.csproj]
E:\openbroadcaster\Core\Audio\AudioRoutingGraph.cs(43,49): warning CS0436: The type 'AudioSourceType' in 'E:\openbroadcaster\Core\Audio\AudioSourceType.cs' conflicts with the imported type 'AudioSourceType' in 'OpenBroadcaster.Core, Version=0.0.0.0, Culture=neutral, PublicKeyToken=null'. Using the type defined in 'E:\openbroadcaster\Core\Audio\AudioSourceType.cs'. [E:\openbroadcaster\OpenBroadcaster_2xmz1yr1_wpftmp.csproj]
E:\openbroadcaster\Core\Audio\AudioRoutingGraph.cs(43,30): warning CS0436: The type 'AudioBus' in 'E:\openbroadcaster\Core\Audio\AudioBus.cs' conflicts with the imported type 'AudioBus' in 'OpenBroadcaster.Core, Version=0.0.0.0, Culture=neutral, PublicKeyToken=null'. Using the type defined in 'E:\openbroadcaster\Core\Audio\AudioBus.cs'. [E:\openbroadcaster\OpenBroadcaster_2xmz1yr1_wpftmp.csproj]
E:\openbroadcaster\Core\Audio\AudioRoutingGraph.cs(9,37): warning CS0436: The type 'AudioSourceType' in 'E:\openbroadcaster\Core\Audio\AudioSourceType.cs' conflicts with the imported type 'AudioSourceType' in 'OpenBroadcaster.Core, Version=0.0.0.0, Culture=neutral, PublicKeyToken=null'. Using the type defined in 'E:\openbroadcaster\Core\Audio\AudioSourceType.cs'. [E:\openbroadcaster\OpenBroadcaster_2xmz1yr1_wpftmp.csproj]
E:\openbroadcaster\Core\Audio\AudioRoutingGraph.cs(9,62): warning CS0436: The type 'AudioBus' in 'E:\openbroadcaster\Core\Audio\AudioBus.cs' conflicts with the imported type 'AudioBus' in 'OpenBroadcaster.Core, Version=0.0.0.0, Culture=neutral, PublicKeyToken=null'. Using the type defined in 'E:\openbroadcaster\Core\Audio\AudioBus.cs'. [E:\openbroadcaster\OpenBroadcaster_2xmz1yr1_wpftmp.csproj]
E:\openbroadcaster\ViewModels\MainViewModel.cs(3043,28): warning CS0436: The type 'EncoderStatus' in 'E:\openbroadcaster\Core\Streaming\EncoderState.cs' conflicts with the imported type 'EncoderStatus' in 'OpenBroadcaster.Core, Version=0.0.0.0, Culture=neutral, PublicKeyToken=null'. Using the type defined in 'E:\openbroadcaster\Core\Streaming\EncoderState.cs'. [E:\openbroadcaster\OpenBroadcaster_2xmz1yr1_wpftmp.csproj]
E:\openbroadcaster\ViewModels\MainViewModel.cs(3014,17): warning CS0436: The type 'EncoderState' in 'E:\openbroadcaster\Core\Streaming\EncoderState.cs' conflicts with the imported type 'EncoderState' in 'OpenBroadcaster.Core, Version=0.0.0.0, Culture=neutral, PublicKeyToken=null'. Using the type defined in 'E:\openbroadcaster\Core\Streaming\EncoderState.cs'. [E:\openbroadcaster\OpenBroadcaster_2xmz1yr1_wpftmp.csproj]
E:\openbroadcaster\ViewModels\MainViewModel.cs(91,45): warning CS0436: The type 'CartPad' in 'E:\openbroadcaster\Core\Models\CartPad.cs' conflicts with the imported type 'CartPad' in 'OpenBroadcaster.Core, Version=0.0.0.0, Culture=neutral, PublicKeyToken=null'. Using the type defined in 'E:\openbroadcaster\Core\Models\CartPad.cs'. [E:\openbroadcaster\OpenBroadcaster_2xmz1yr1_wpftmp.csproj]
E:\openbroadcaster\ViewModels\MainViewModel.cs(3064,16): warning CS0436: The type 'QueueItem' in 'E:\openbroadcaster\Core\Models\QueueItem.cs' conflicts with the imported type 'QueueItem' in 'OpenBroadcaster.Core, Version=0.0.0.0, Culture=neutral, PublicKeyToken=null'. Using the type defined in 'E:\openbroadcaster\Core\Models\QueueItem.cs'. [E:\openbroadcaster\OpenBroadcaster_2xmz1yr1_wpftmp.csproj]
E:\openbroadcaster\ViewModels\MainViewModel.cs(3068,16): warning CS0436: The type 'QueueSource' in 'E:\openbroadcaster\Core\Models\QueueSource.cs' conflicts with the imported type 'QueueSource' in 'OpenBroadcaster.Core, Version=0.0.0.0, Culture=neutral, PublicKeyToken=null'. Using the type defined in 'E:\openbroadcaster\Core\Models\QueueSource.cs'. [E:\openbroadcaster\OpenBroadcaster_2xmz1yr1_wpftmp.csproj]
E:\openbroadcaster\ViewModels\MainViewModel.cs(3059,35): warning CS0436: The type 'QueueItem' in 'E:\openbroadcaster\Core\Models\QueueItem.cs' conflicts with the imported type 'QueueItem' in 'OpenBroadcaster.Core, Version=0.0.0.0, Culture=neutral, PublicKeyToken=null'. Using the type defined in 'E:\openbroadcaster\Core\Models\QueueItem.cs'. [E:\openbroadcaster\OpenBroadcaster_2xmz1yr1_wpftmp.csproj]
E:\openbroadcaster\ViewModels\MainViewModel.cs(191,16): warning CS0436: The type 'CartPad' in 'E:\openbroadcaster\Core\Models\CartPad.cs' conflicts with the imported type 'CartPad' in 'OpenBroadcaster.Core, Version=0.0.0.0, Culture=neutral, PublicKeyToken=null'. Using the type defined in 'E:\openbroadcaster\Core\Models\CartPad.cs'. [E:\openbroadcaster\OpenBroadcaster_2xmz1yr1_wpftmp.csproj]
E:\openbroadcaster\Core\Audio\CartPlayer.cs(27,61): warning CS0436: The type 'AudioSampleBlockHandler' in 'E:\openbroadcaster\Core\Audio\AudioSampleTap.cs' conflicts with the imported type 'AudioSampleBlockHandler' in 'OpenBroadcaster.Core, Version=0.0.0.0, Culture=neutral, PublicKeyToken=null'. Using the type defined in 'E:\openbroadcaster\Core\Audio\AudioSampleTap.cs'. [E:\openbroadcaster\OpenBroadcaster_2xmz1yr1_wpftmp.csproj]
E:\openbroadcaster\Core\Audio\CartPlayer.cs(36,16): warning CS0436: The type 'CartPlayback' in 'E:\openbroadcaster\Core\Audio\CartPlayback.cs' conflicts with the imported type 'CartPlayback' in 'OpenBroadcaster.Core, Version=0.0.0.0, Culture=neutral, PublicKeyToken=null'. Using the type defined in 'E:\openbroadcaster\Core\Audio\CartPlayback.cs'. [E:\openbroadcaster\OpenBroadcaster_2xmz1yr1_wpftmp.csproj]
E:\openbroadcaster\ViewModels\MainViewModel.cs(3191,58): warning CS0436: The type 'LibraryCategory' in 'E:\openbroadcaster\Core\Models\LibraryCategory.cs' conflicts with the imported type 'LibraryCategory' in 'OpenBroadcaster.Core, Version=0.0.0.0, Culture=neutral, PublicKeyToken=null'. Using the type defined in 'E:\openbroadcaster\Core\Models\LibraryCategory.cs'. [E:\openbroadcaster\OpenBroadcaster_2xmz1yr1_wpftmp.csproj]
E:\openbroadcaster\Core\Audio\CartPlayer.cs(18,17): warning CS0436: The type 'AudioSampleBlockHandler' in 'E:\openbroadcaster\Core\Audio\AudioSampleTap.cs' conflicts with the imported type 'AudioSampleBlockHandler' in 'OpenBroadcaster.Core, Version=0.0.0.0, Culture=neutral, PublicKeyToken=null'. Using the type defined in 'E:\openbroadcaster\Core\Audio\AudioSampleTap.cs'. [E:\openbroadcaster\OpenBroadcaster_2xmz1yr1_wpftmp.csproj]
E:\openbroadcaster\ViewModels\MainViewModel.cs(352,30): warning CS0436: The type 'SimpleRotation' in 'E:\openbroadcaster\Core\Automation\SimpleRotation.cs' conflicts with the imported type 'SimpleRotation' in 'OpenBroadcaster.Core, Version=0.0.0.0, Culture=neutral, PublicKeyToken=null'. Using the type defined in 'E:\openbroadcaster\Core\Automation\SimpleRotation.cs'. [E:\openbroadcaster\OpenBroadcaster_2xmz1yr1_wpftmp.csproj]
E:\openbroadcaster\ViewModels\MainViewModel.cs(354,16): warning CS0436: The type 'SimpleRotation' in 'E:\openbroadcaster\Core\Automation\SimpleRotation.cs' conflicts with the imported type 'SimpleRotation' in 'OpenBroadcaster.Core, Version=0.0.0.0, Culture=neutral, PublicKeyToken=null'. Using the type defined in 'E:\openbroadcaster\Core\Automation\SimpleRotation.cs'. [E:\openbroadcaster\OpenBroadcaster_2xmz1yr1_wpftmp.csproj]
E:\openbroadcaster\ViewModels\MainViewModel.cs(739,44): warning CS0436: The type 'DirectServerSnapshot' in 'E:\openbroadcaster\Core\Services\DirectServer\DirectHttpServer.cs' conflicts with the imported type 'DirectServerSnapshot' in 'OpenBroadcaster.Core, Version=0.0.0.0, Culture=neutral, PublicKeyToken=null'. Using the type defined in 'E:\openbroadcaster\Core\Services\DirectServer\DirectHttpServer.cs'. [E:\openbroadcaster\OpenBroadcaster_2xmz1yr1_wpftmp.csproj]
E:\openbroadcaster\Core\Audio\CartPlayer.cs(118,21): warning CS0436: The type 'CartPlayback' in 'E:\openbroadcaster\Core\Audio\CartPlayback.cs' conflicts with the imported type 'CartPlayback' in 'OpenBroadcaster.Core, Version=0.0.0.0, Culture=neutral, PublicKeyToken=null'. Using the type defined in 'E:\openbroadcaster\Core\Audio\CartPlayback.cs'. [E:\openbroadcaster\OpenBroadcaster_2xmz1yr1_wpftmp.csproj]
E:\openbroadcaster\ViewModels\MainViewModel.cs(778,56): warning CS0436: The type 'DirectServerLibraryItem' in 'E:\openbroadcaster\Core\Services\DirectServer\DirectHttpServer.cs' conflicts with the imported type 'DirectServerLibraryItem' in 'OpenBroadcaster.Core, Version=0.0.0.0, Culture=neutral, PublicKeyToken=null'. Using the type defined in 'E:\openbroadcaster\Core\Services\DirectServer\DirectHttpServer.cs'. [E:\openbroadcaster\OpenBroadcaster_2xmz1yr1_wpftmp.csproj]
E:\openbroadcaster\ViewModels\MainViewModel.cs(803,79): warning CS0436: The type 'SongRequest' in 'E:\openbroadcaster\Core\Services\DirectServer\DirectHttpServer.cs' conflicts with the imported type 'SongRequest' in 'OpenBroadcaster.Core, Version=0.0.0.0, Culture=neutral, PublicKeyToken=null'. Using the type defined in 'E:\openbroadcaster\Core\Services\DirectServer\DirectHttpServer.cs'. [E:\openbroadcaster\OpenBroadcaster_2xmz1yr1_wpftmp.csproj]
E:\openbroadcaster\Core\Audio\CartPlayer.cs(120,225): warning CS0436: The type 'AudioSampleBlockHandler' in 'E:\openbroadcaster\Core\Audio\AudioSampleTap.cs' conflicts with the imported type 'AudioSampleBlockHandler' in 'OpenBroadcaster.Core, Version=0.0.0.0, Culture=neutral, PublicKeyToken=null'. Using the type defined in 'E:\openbroadcaster\Core\Audio\AudioSampleTap.cs'. [E:\openbroadcaster\OpenBroadcaster_2xmz1yr1_wpftmp.csproj]
E:\openbroadcaster\ViewModels\MainViewModel.cs(849,36): warning CS0436: The type 'Track' in 'E:\openbroadcaster\Core\Models\Track.cs' conflicts with the imported type 'Track' in 'OpenBroadcaster.Core, Version=0.0.0.0, Culture=neutral, PublicKeyToken=null'. Using the type defined in 'E:\openbroadcaster\Core\Models\Track.cs'. [E:\openbroadcaster\OpenBroadcaster_2xmz1yr1_wpftmp.csproj]
E:\openbroadcaster\Core\Audio\CartPlayer.cs(162,40): warning CS0436: The type 'CartPlayback' in 'E:\openbroadcaster\Core\Audio\CartPlayback.cs' conflicts with the imported type 'CartPlayback' in 'OpenBroadcaster.Core, Version=0.0.0.0, Culture=neutral, PublicKeyToken=null'. Using the type defined in 'E:\openbroadcaster\Core\Audio\CartPlayback.cs'. [E:\openbroadcaster\OpenBroadcaster_2xmz1yr1_wpftmp.csproj]
E:\openbroadcaster\ViewModels\MainViewModel.cs(945,48): warning CS0436: The type 'Track' in 'E:\openbroadcaster\Core\Models\Track.cs' conflicts with the imported type 'Track' in 'OpenBroadcaster.Core, Version=0.0.0.0, Culture=neutral, PublicKeyToken=null'. Using the type defined in 'E:\openbroadcaster\Core\Models\Track.cs'. [E:\openbroadcaster\OpenBroadcaster_2xmz1yr1_wpftmp.csproj]
E:\openbroadcaster\ViewModels\SettingsViewModel.cs(111,35): warning CS0436: The type 'AppSettings' in 'E:\openbroadcaster\Core\Models\AppSettings.cs' conflicts with the imported type 'AppSettings' in 'OpenBroadcaster.Core, Version=0.0.0.0, Culture=neutral, PublicKeyToken=null'. Using the type defined in 'E:\openbroadcaster\Core\Models\AppSettings.cs'. [E:\openbroadcaster\OpenBroadcaster_2xmz1yr1_wpftmp.csproj]
E:\openbroadcaster\Core\Audio\CartPlayer.cs(238,111): warning CS0436: The type 'AudioSampleBlockHandler' in 'E:\openbroadcaster\Core\Audio\AudioSampleTap.cs' conflicts with the imported type 'AudioSampleBlockHandler' in 'OpenBroadcaster.Core, Version=0.0.0.0, Culture=neutral, PublicKeyToken=null'. Using the type defined in 'E:\openbroadcaster\Core\Audio\AudioSampleTap.cs'. [E:\openbroadcaster\OpenBroadcaster_2xmz1yr1_wpftmp.csproj]
E:\openbroadcaster\ViewModels\MainViewModel.cs(959,67): warning CS0436: The type 'Track' in 'E:\openbroadcaster\Core\Models\Track.cs' conflicts with the imported type 'Track' in 'OpenBroadcaster.Core, Version=0.0.0.0, Culture=neutral, PublicKeyToken=null'. Using the type defined in 'E:\openbroadcaster\Core\Models\Track.cs'. [E:\openbroadcaster\OpenBroadcaster_2xmz1yr1_wpftmp.csproj]
E:\openbroadcaster\ViewModels\MainViewModel.cs(959,106): warning CS0436: The type 'LibraryCategory' in 'E:\openbroadcaster\Core\Models\LibraryCategory.cs' conflicts with the imported type 'LibraryCategory' in 'OpenBroadcaster.Core, Version=0.0.0.0, Culture=neutral, PublicKeyToken=null'. Using the type defined in 'E:\openbroadcaster\Core\Models\LibraryCategory.cs'. [E:\openbroadcaster\OpenBroadcaster_2xmz1yr1_wpftmp.csproj]
E:\openbroadcaster\ViewModels\MainViewModel.cs(1576,67): warning CS0436: The type 'Track' in 'E:\openbroadcaster\Core\Models\Track.cs' conflicts with the imported type 'Track' in 'OpenBroadcaster.Core, Version=0.0.0.0, Culture=neutral, PublicKeyToken=null'. Using the type defined in 'E:\openbroadcaster\Core\Models\Track.cs'. [E:\openbroadcaster\OpenBroadcaster_2xmz1yr1_wpftmp.csproj]
E:\openbroadcaster\ViewModels\SettingsViewModel.cs(54,21): warning CS0436: The type 'SimpleRotation' in 'E:\openbroadcaster\Core\Automation\SimpleRotation.cs' conflicts with the imported type 'SimpleRotation' in 'OpenBroadcaster.Core, Version=0.0.0.0, Culture=neutral, PublicKeyToken=null'. Using the type defined in 'E:\openbroadcaster\Core\Automation\SimpleRotation.cs'. [E:\openbroadcaster\OpenBroadcaster_2xmz1yr1_wpftmp.csproj]
E:\openbroadcaster\ViewModels\SettingsViewModel.cs(55,21): warning CS0436: The type 'SimpleSchedulerEntry' in 'E:\openbroadcaster\Core\Automation\SimpleRotation.cs' conflicts with the imported type 'SimpleSchedulerEntry' in 'OpenBroadcaster.Core, Version=0.0.0.0, Culture=neutral, PublicKeyToken=null'. Using the type defined in 'E:\openbroadcaster\Core\Automation\SimpleRotation.cs'. [E:\openbroadcaster\OpenBroadcaster_2xmz1yr1_wpftmp.csproj]
E:\openbroadcaster\ViewModels\SettingsViewModel.cs(55,48): warning CS0436: The type 'SimpleRotation' in 'E:\openbroadcaster\Core\Automation\SimpleRotation.cs' conflicts with the imported type 'SimpleRotation' in 'OpenBroadcaster.Core, Version=0.0.0.0, Culture=neutral, PublicKeyToken=null'. Using the type defined in 'E:\openbroadcaster\Core\Automation\SimpleRotation.cs'. [E:\openbroadcaster\OpenBroadcaster_2xmz1yr1_wpftmp.csproj]
E:\openbroadcaster\ViewModels\SettingsViewModel.cs(285,28): warning CS0436: The type 'AppSettings' in 'E:\openbroadcaster\Core\Models\AppSettings.cs' conflicts with the imported type 'AppSettings' in 'OpenBroadcaster.Core, Version=0.0.0.0, Culture=neutral, PublicKeyToken=null'. Using the type defined in 'E:\openbroadcaster\Core\Models\AppSettings.cs'. [E:\openbroadcaster\OpenBroadcaster_2xmz1yr1_wpftmp.csproj]
E:\openbroadcaster\ViewModels\SettingsViewModel.cs(597,59): warning CS0436: The type 'SimpleRotation' in 'E:\openbroadcaster\Core\Automation\SimpleRotation.cs' conflicts with the imported type 'SimpleRotation' in 'OpenBroadcaster.Core, Version=0.0.0.0, Culture=neutral, PublicKeyToken=null'. Using the type defined in 'E:\openbroadcaster\Core\Automation\SimpleRotation.cs'. [E:\openbroadcaster\OpenBroadcaster_2xmz1yr1_wpftmp.csproj]
E:\openbroadcaster\ViewModels\SettingsViewModel.cs(597,24): warning CS0436: The type 'SimpleRotation' in 'E:\openbroadcaster\Core\Automation\SimpleRotation.cs' conflicts with the imported type 'SimpleRotation' in 'OpenBroadcaster.Core, Version=0.0.0.0, Culture=neutral, PublicKeyToken=null'. Using the type defined in 'E:\openbroadcaster\Core\Automation\SimpleRotation.cs'. [E:\openbroadcaster\OpenBroadcaster_2xmz1yr1_wpftmp.csproj]
E:\openbroadcaster\ViewModels\SettingsViewModel.cs(612,48): warning CS0436: The type 'SimpleRotation' in 'E:\openbroadcaster\Core\Automation\SimpleRotation.cs' conflicts with the imported type 'SimpleRotation' in 'OpenBroadcaster.Core, Version=0.0.0.0, Culture=neutral, PublicKeyToken=null'. Using the type defined in 'E:\openbroadcaster\Core\Automation\SimpleRotation.cs'. [E:\openbroadcaster\OpenBroadcaster_2xmz1yr1_wpftmp.csproj]
E:\openbroadcaster\ViewModels\SettingsViewModel.cs(612,71): warning CS0436: The type 'SimpleRotation' in 'E:\openbroadcaster\Core\Automation\SimpleRotation.cs' conflicts with the imported type 'SimpleRotation' in 'OpenBroadcaster.Core, Version=0.0.0.0, Culture=neutral, PublicKeyToken=null'. Using the type defined in 'E:\openbroadcaster\Core\Automation\SimpleRotation.cs'. [E:\openbroadcaster\OpenBroadcaster_2xmz1yr1_wpftmp.csproj]
E:\openbroadcaster\ViewModels\SettingsViewModel.cs(623,53): warning CS0436: The type 'SimpleSchedulerEntry' in 'E:\openbroadcaster\Core\Automation\SimpleRotation.cs' conflicts with the imported type 'SimpleSchedulerEntry' in 'OpenBroadcaster.Core, Version=0.0.0.0, Culture=neutral, PublicKeyToken=null'. Using the type defined in 'E:\openbroadcaster\Core\Automation\SimpleRotation.cs'. [E:\openbroadcaster\OpenBroadcaster_2xmz1yr1_wpftmp.csproj]
E:\openbroadcaster\ViewModels\SettingsViewModel.cs(623,82): warning CS0436: The type 'SimpleSchedulerEntry' in 'E:\openbroadcaster\Core\Automation\SimpleRotation.cs' conflicts with the imported type 'SimpleSchedulerEntry' in 'OpenBroadcaster.Core, Version=0.0.0.0, Culture=neutral, PublicKeyToken=null'. Using the type defined in 'E:\openbroadcaster\Core\Automation\SimpleRotation.cs'. [E:\openbroadcaster\OpenBroadcaster_2xmz1yr1_wpftmp.csproj]
E:\openbroadcaster\ViewModels\SettingsViewModel.cs(656,104): warning CS0436: The type 'SimpleRotation' in 'E:\openbroadcaster\Core\Automation\SimpleRotation.cs' conflicts with the imported type 'SimpleRotation' in 'OpenBroadcaster.Core, Version=0.0.0.0, Culture=neutral, PublicKeyToken=null'. Using the type defined in 'E:\openbroadcaster\Core\Automation\SimpleRotation.cs'. [E:\openbroadcaster\OpenBroadcaster_2xmz1yr1_wpftmp.csproj]
E:\openbroadcaster\ViewModels\SettingsViewModel.cs(656,45): warning CS0436: The type 'SimpleRotation' in 'E:\openbroadcaster\Core\Automation\SimpleRotation.cs' conflicts with the imported type 'SimpleRotation' in 'OpenBroadcaster.Core, Version=0.0.0.0, Culture=neutral, PublicKeyToken=null'. Using the type defined in 'E:\openbroadcaster\Core\Automation\SimpleRotation.cs'. [E:\openbroadcaster\OpenBroadcaster_2xmz1yr1_wpftmp.csproj]
E:\openbroadcaster\ViewModels\SettingsViewModel.cs(661,109): warning CS0436: The type 'SimpleSchedulerEntry' in 'E:\openbroadcaster\Core\Automation\SimpleRotation.cs' conflicts with the imported type 'SimpleSchedulerEntry' in 'OpenBroadcaster.Core, Version=0.0.0.0, Culture=neutral, PublicKeyToken=null'. Using the type defined in 'E:\openbroadcaster\Core\Automation\SimpleRotation.cs'. [E:\openbroadcaster\OpenBroadcaster_2xmz1yr1_wpftmp.csproj]
E:\openbroadcaster\ViewModels\SettingsViewModel.cs(661,45): warning CS0436: The type 'SimpleSchedulerEntry' in 'E:\openbroadcaster\Core\Automation\SimpleRotation.cs' conflicts with the imported type 'SimpleSchedulerEntry' in 'OpenBroadcaster.Core, Version=0.0.0.0, Culture=neutral, PublicKeyToken=null'. Using the type defined in 'E:\openbroadcaster\Core\Automation\SimpleRotation.cs'. [E:\openbroadcaster\OpenBroadcaster_2xmz1yr1_wpftmp.csproj]
E:\openbroadcaster\ViewModels\SettingsViewModel.cs(666,82): warning CS0436: The type 'SimpleRotation' in 'E:\openbroadcaster\Core\Automation\SimpleRotation.cs' conflicts with the imported type 'SimpleRotation' in 'OpenBroadcaster.Core, Version=0.0.0.0, Culture=neutral, PublicKeyToken=null'. Using the type defined in 'E:\openbroadcaster\Core\Automation\SimpleRotation.cs'. [E:\openbroadcaster\OpenBroadcaster_2xmz1yr1_wpftmp.csproj]
E:\openbroadcaster\ViewModels\SettingsViewModel.cs(666,29): warning CS0436: The type 'SimpleRotation' in 'E:\openbroadcaster\Core\Automation\SimpleRotation.cs' conflicts with the imported type 'SimpleRotation' in 'OpenBroadcaster.Core, Version=0.0.0.0, Culture=neutral, PublicKeyToken=null'. Using the type defined in 'E:\openbroadcaster\Core\Automation\SimpleRotation.cs'. [E:\openbroadcaster\OpenBroadcaster_2xmz1yr1_wpftmp.csproj]
E:\openbroadcaster\ViewModels\MainViewModel.cs(994,49): warning CS0436: The type 'TohFiredEventArgs' in 'E:\openbroadcaster\Core\Services\TohSchedulerService.cs' conflicts with the imported type 'TohFiredEventArgs' in 'OpenBroadcaster.Core, Version=0.0.0.0, Culture=neutral, PublicKeyToken=null'. Using the type defined in 'E:\openbroadcaster\Core\Services\TohSchedulerService.cs'. [E:\openbroadcaster\OpenBroadcaster_2xmz1yr1_wpftmp.csproj]
E:\openbroadcaster\ViewModels\SettingsViewModel.cs(671,87): warning CS0436: The type 'SimpleSchedulerEntry' in 'E:\openbroadcaster\Core\Automation\SimpleRotation.cs' conflicts with the imported type 'SimpleSchedulerEntry' in 'OpenBroadcaster.Core, Version=0.0.0.0, Culture=neutral, PublicKeyToken=null'. Using the type defined in 'E:\openbroadcaster\Core\Automation\SimpleRotation.cs'. [E:\openbroadcaster\OpenBroadcaster_2xmz1yr1_wpftmp.csproj]
E:\openbroadcaster\ViewModels\SettingsViewModel.cs(671,29): warning CS0436: The type 'SimpleSchedulerEntry' in 'E:\openbroadcaster\Core\Automation\SimpleRotation.cs' conflicts with the imported type 'SimpleSchedulerEntry' in 'OpenBroadcaster.Core, Version=0.0.0.0, Culture=neutral, PublicKeyToken=null'. Using the type defined in 'E:\openbroadcaster\Core\Automation\SimpleRotation.cs'. [E:\openbroadcaster\OpenBroadcaster_2xmz1yr1_wpftmp.csproj]
E:\openbroadcaster\ViewModels\SettingsViewModel.cs(676,70): warning CS0436: The type 'SimpleSchedulerEntry' in 'E:\openbroadcaster\Core\Automation\SimpleRotation.cs' conflicts with the imported type 'SimpleSchedulerEntry' in 'OpenBroadcaster.Core, Version=0.0.0.0, Culture=neutral, PublicKeyToken=null'. Using the type defined in 'E:\openbroadcaster\Core\Automation\SimpleRotation.cs'. [E:\openbroadcaster\OpenBroadcaster_2xmz1yr1_wpftmp.csproj]
E:\openbroadcaster\ViewModels\SettingsViewModel.cs(676,24): warning CS0436: The type 'SimpleSchedulerEntry' in 'E:\openbroadcaster\Core\Automation\SimpleRotation.cs' conflicts with the imported type 'SimpleSchedulerEntry' in 'OpenBroadcaster.Core, Version=0.0.0.0, Culture=neutral, PublicKeyToken=null'. Using the type defined in 'E:\openbroadcaster\Core\Automation\SimpleRotation.cs'. [E:\openbroadcaster\OpenBroadcaster_2xmz1yr1_wpftmp.csproj]
E:\openbroadcaster\ViewModels\SettingsViewModel.cs(866,42): warning CS0436: The type 'AppSettings' in 'E:\openbroadcaster\Core\Models\AppSettings.cs' conflicts with the imported type 'AppSettings' in 'OpenBroadcaster.Core, Version=0.0.0.0, Culture=neutral, PublicKeyToken=null'. Using the type defined in 'E:\openbroadcaster\Core\Models\AppSettings.cs'. [E:\openbroadcaster\OpenBroadcaster_2xmz1yr1_wpftmp.csproj]
E:\openbroadcaster\ViewModels\SettingsViewModel.cs(866,24): warning CS0436: The type 'AppSettings' in 'E:\openbroadcaster\Core\Models\AppSettings.cs' conflicts with the imported type 'AppSettings' in 'OpenBroadcaster.Core, Version=0.0.0.0, Culture=neutral, PublicKeyToken=null'. Using the type defined in 'E:\openbroadcaster\Core\Models\AppSettings.cs'. [E:\openbroadcaster\OpenBroadcaster_2xmz1yr1_wpftmp.csproj]
E:\openbroadcaster\ViewModels\MainViewModel.cs(1077,31): warning CS0436: The type 'RotationCategoryDefinition' in 'E:\openbroadcaster\Core\Automation\RotationCategoryDefinition.cs' conflicts with the imported type 'RotationCategoryDefinition' in 'OpenBroadcaster.Core, Version=0.0.0.0, Culture=neutral, PublicKeyToken=null'. Using the type defined in 'E:\openbroadcaster\Core\Automation\RotationCategoryDefinition.cs'. [E:\openbroadcaster\OpenBroadcaster_2xmz1yr1_wpftmp.csproj]
E:\openbroadcaster\ViewModels\SettingsViewModel.cs(874,41): warning CS0436: The type 'AppSettings' in 'E:\openbroadcaster\Core\Models\AppSettings.cs' conflicts with the imported type 'AppSettings' in 'OpenBroadcaster.Core, Version=0.0.0.0, Culture=neutral, PublicKeyToken=null'. Using the type defined in 'E:\openbroadcaster\Core\Models\AppSettings.cs'. [E:\openbroadcaster\OpenBroadcaster_2xmz1yr1_wpftmp.csproj]
E:\openbroadcaster\Core\Audio\IAudioDeviceResolver.cs(7,23): warning CS0436: The type 'AudioDeviceInfo' in 'E:\openbroadcaster\Core\Audio\AudioDeviceInfo.cs' conflicts with the imported type 'AudioDeviceInfo' in 'OpenBroadcaster.Core, Version=0.0.0.0, Culture=neutral, PublicKeyToken=null'. Using the type defined in 'E:\openbroadcaster\Core\Audio\AudioDeviceInfo.cs'. [E:\openbroadcaster\OpenBroadcaster_2xmz1yr1_wpftmp.csproj]
E:\openbroadcaster\Core\Audio\IAudioDeviceResolver.cs(8,23): warning CS0436: The type 'AudioDeviceInfo' in 'E:\openbroadcaster\Core\Audio\AudioDeviceInfo.cs' conflicts with the imported type 'AudioDeviceInfo' in 'OpenBroadcaster.Core, Version=0.0.0.0, Culture=neutral, PublicKeyToken=null'. Using the type defined in 'E:\openbroadcaster\Core\Audio\AudioDeviceInfo.cs'. [E:\openbroadcaster\OpenBroadcaster_2xmz1yr1_wpftmp.csproj]
E:\openbroadcaster\ViewModels\MainViewModel.cs(1134,31): warning CS0436: The type 'ClockwheelSlot' in 'E:\openbroadcaster\Core\Automation\ClockwheelSlot.cs' conflicts with the imported type 'ClockwheelSlot' in 'OpenBroadcaster.Core, Version=0.0.0.0, Culture=neutral, PublicKeyToken=null'. Using the type defined in 'E:\openbroadcaster\Core\Automation\ClockwheelSlot.cs'. [E:\openbroadcaster\OpenBroadcaster_2xmz1yr1_wpftmp.csproj]
E:\openbroadcaster\ViewModels\SettingsViewModel.cs(879,90): warning CS0436: The type 'AudioDeviceInfo' in 'E:\openbroadcaster\Core\Audio\AudioDeviceInfo.cs' conflicts with the imported type 'AudioDeviceInfo' in 'OpenBroadcaster.Core, Version=0.0.0.0, Culture=neutral, PublicKeyToken=null'. Using the type defined in 'E:\openbroadcaster\Core\Audio\AudioDeviceInfo.cs'. [E:\openbroadcaster\OpenBroadcaster_2xmz1yr1_wpftmp.csproj]
E:\openbroadcaster\Core\Audio\IAudioEncoderTap.cs(9,49): warning CS0436: The type 'AudioSourceType' in 'E:\openbroadcaster\Core\Audio\AudioSourceType.cs' conflicts with the imported type 'AudioSourceType' in 'OpenBroadcaster.Core, Version=0.0.0.0, Culture=neutral, PublicKeyToken=null'. Using the type defined in 'E:\openbroadcaster\Core\Audio\AudioSourceType.cs'. [E:\openbroadcaster\OpenBroadcaster_2xmz1yr1_wpftmp.csproj]
E:\openbroadcaster\Core\Audio\IAudioEncoderTap.cs(9,9): warning CS0436: The type 'AudioSampleBlockHandler' in 'E:\openbroadcaster\Core\Audio\AudioSampleTap.cs' conflicts with the imported type 'AudioSampleBlockHandler' in 'OpenBroadcaster.Core, Version=0.0.0.0, Culture=neutral, PublicKeyToken=null'. Using the type defined in 'E:\openbroadcaster\Core\Audio\AudioSampleTap.cs'. [E:\openbroadcaster\OpenBroadcaster_2xmz1yr1_wpftmp.csproj]
E:\openbroadcaster\ViewModels\SettingsViewModel.cs(897,81): warning CS0436: The type 'LibraryCategory' in 'E:\openbroadcaster\Core\Models\LibraryCategory.cs' conflicts with the imported type 'LibraryCategory' in 'OpenBroadcaster.Core, Version=0.0.0.0, Culture=neutral, PublicKeyToken=null'. Using the type defined in 'E:\openbroadcaster\Core\Models\LibraryCategory.cs'. [E:\openbroadcaster\OpenBroadcaster_2xmz1yr1_wpftmp.csproj]
E:\openbroadcaster\ViewModels\MainViewModel.cs(1176,56): warning CS0436: The type 'VuMeterReading' in 'E:\openbroadcaster\Core\Audio\VuMeterReading.cs' conflicts with the imported type 'VuMeterReading' in 'OpenBroadcaster.Core, Version=0.0.0.0, Culture=neutral, PublicKeyToken=null'. Using the type defined in 'E:\openbroadcaster\Core\Audio\VuMeterReading.cs'. [E:\openbroadcaster\OpenBroadcaster_2xmz1yr1_wpftmp.csproj]
E:\openbroadcaster\ViewModels\SettingsViewModel.cs(113,16): warning CS0436: The type 'AppSettings' in 'E:\openbroadcaster\Core\Models\AppSettings.cs' conflicts with the imported type 'AppSettings' in 'OpenBroadcaster.Core, Version=0.0.0.0, Culture=neutral, PublicKeyToken=null'. Using the type defined in 'E:\openbroadcaster\Core\Models\AppSettings.cs'. [E:\openbroadcaster\OpenBroadcaster_2xmz1yr1_wpftmp.csproj]
E:\openbroadcaster\ViewModels\MainViewModel.cs(1181,62): warning CS0436: The type 'DeckIdentifier' in 'E:\openbroadcaster\Core\Models\DeckIdentifier.cs' conflicts with the imported type 'DeckIdentifier' in 'OpenBroadcaster.Core, Version=0.0.0.0, Culture=neutral, PublicKeyToken=null'. Using the type defined in 'E:\openbroadcaster\Core\Models\DeckIdentifier.cs'. [E:\openbroadcaster\OpenBroadcaster_2xmz1yr1_wpftmp.csproj]
E:\openbroadcaster\Core\Audio\IAudioMetadataReader.cs(5,9): warning CS0436: The type 'LibraryTrackMetadata' in 'E:\openbroadcaster\Core\Audio\LibraryTrackMetadata.cs' conflicts with the imported type 'LibraryTrackMetadata' in 'OpenBroadcaster.Core, Version=0.0.0.0, Culture=neutral, PublicKeyToken=null'. Using the type defined in 'E:\openbroadcaster\Core\Audio\LibraryTrackMetadata.cs'. [E:\openbroadcaster\OpenBroadcaster_2xmz1yr1_wpftmp.csproj]
E:\openbroadcaster\ViewModels\MainViewModel.cs(1211,59): warning CS0436: The type 'DeckStateChangedEvent' in 'E:\openbroadcaster\Core\Messaging\Events\DeckStateChangedEvent.cs' conflicts with the imported type 'DeckStateChangedEvent' in 'OpenBroadcaster.Core, Version=0.0.0.0, Culture=neutral, PublicKeyToken=null'. Using the type defined in 'E:\openbroadcaster\Core\Messaging\Events\DeckStateChangedEvent.cs'. [E:\openbroadcaster\OpenBroadcaster_2xmz1yr1_wpftmp.csproj]
E:\openbroadcaster\ViewModels\MainViewModel.cs(1261,54): warning CS0436: The type 'DeckIdentifier' in 'E:\openbroadcaster\Core\Models\DeckIdentifier.cs' conflicts with the imported type 'DeckIdentifier' in 'OpenBroadcaster.Core, Version=0.0.0.0, Culture=neutral, PublicKeyToken=null'. Using the type defined in 'E:\openbroadcaster\Core\Models\DeckIdentifier.cs'. [E:\openbroadcaster\OpenBroadcaster_2xmz1yr1_wpftmp.csproj]
E:\openbroadcaster\ViewModels\MainViewModel.cs(1261,79): warning CS0436: The type 'DeckIdentifier' in 'E:\openbroadcaster\Core\Models\DeckIdentifier.cs' conflicts with the imported type 'DeckIdentifier' in 'OpenBroadcaster.Core, Version=0.0.0.0, Culture=neutral, PublicKeyToken=null'. Using the type defined in 'E:\openbroadcaster\Core\Models\DeckIdentifier.cs'. [E:\openbroadcaster\OpenBroadcaster_2xmz1yr1_wpftmp.csproj]
E:\openbroadcaster\ViewModels\MainViewModel.cs(1339,37): warning CS0436: The type 'VuMeterReading' in 'E:\openbroadcaster\Core\Audio\VuMeterReading.cs' conflicts with the imported type 'VuMeterReading' in 'OpenBroadcaster.Core, Version=0.0.0.0, Culture=neutral, PublicKeyToken=null'. Using the type defined in 'E:\openbroadcaster\Core\Audio\VuMeterReading.cs'. [E:\openbroadcaster\OpenBroadcaster_2xmz1yr1_wpftmp.csproj]
E:\openbroadcaster\ViewModels\MainViewModel.cs(1346,55): warning CS0436: The type 'DeckIdentifier' in 'E:\openbroadcaster\Core\Models\DeckIdentifier.cs' conflicts with the imported type 'DeckIdentifier' in 'OpenBroadcaster.Core, Version=0.0.0.0, Culture=neutral, PublicKeyToken=null'. Using the type defined in 'E:\openbroadcaster\Core\Models\DeckIdentifier.cs'. [E:\openbroadcaster\OpenBroadcaster_2xmz1yr1_wpftmp.csproj]
E:\openbroadcaster\ViewModels\MainViewModel.cs(1424,17): warning CS0436: The type 'LibraryCategory' in 'E:\openbroadcaster\Core\Models\LibraryCategory.cs' conflicts with the imported type 'LibraryCategory' in 'OpenBroadcaster.Core, Version=0.0.0.0, Culture=neutral, PublicKeyToken=null'. Using the type defined in 'E:\openbroadcaster\Core\Models\LibraryCategory.cs'. [E:\openbroadcaster\OpenBroadcaster_2xmz1yr1_wpftmp.csproj]
E:\openbroadcaster\ViewModels\SettingsViewModel.cs(134,16): warning CS0436: The type 'EncoderProfile' in 'E:\openbroadcaster\Core\Models\EncoderProfile.cs' conflicts with the imported type 'EncoderProfile' in 'OpenBroadcaster.Core, Version=0.0.0.0, Culture=neutral, PublicKeyToken=null'. Using the type defined in 'E:\openbroadcaster\Core\Models\EncoderProfile.cs'. [E:\openbroadcaster\OpenBroadcaster_2xmz1yr1_wpftmp.csproj]
E:\openbroadcaster\ViewModels\SettingsViewModel.cs(148,16): warning CS0436: The type 'RotationDefinitionSettings' in 'E:\openbroadcaster\Core\Models\AppSettings.cs' conflicts with the imported type 'RotationDefinitionSettings' in 'OpenBroadcaster.Core, Version=0.0.0.0, Culture=neutral, PublicKeyToken=null'. Using the type defined in 'E:\openbroadcaster\Core\Models\AppSettings.cs'. [E:\openbroadcaster\OpenBroadcaster_2xmz1yr1_wpftmp.csproj]
E:\openbroadcaster\ViewModels\SettingsViewModel.cs(163,16): warning CS0436: The type 'ClockwheelSlotSettings' in 'E:\openbroadcaster\Core\Models\AppSettings.cs' conflicts with the imported type 'ClockwheelSlotSettings' in 'OpenBroadcaster.Core, Version=0.0.0.0, Culture=neutral, PublicKeyToken=null'. Using the type defined in 'E:\openbroadcaster\Core\Models\AppSettings.cs'. [E:\openbroadcaster\OpenBroadcaster_2xmz1yr1_wpftmp.csproj]
E:\openbroadcaster\ViewModels\SettingsViewModel.cs(177,16): warning CS0436: The type 'RotationScheduleEntrySettings' in 'E:\openbroadcaster\Core\Models\AppSettings.cs' conflicts with the imported type 'RotationScheduleEntrySettings' in 'OpenBroadcaster.Core, Version=0.0.0.0, Culture=neutral, PublicKeyToken=null'. Using the type defined in 'E:\openbroadcaster\Core\Models\AppSettings.cs'. [E:\openbroadcaster\OpenBroadcaster_2xmz1yr1_wpftmp.csproj]
E:\openbroadcaster\ViewModels\SettingsViewModel.cs(191,16): warning CS0436: The type 'SimpleRotation' in 'E:\openbroadcaster\Core\Automation\SimpleRotation.cs' conflicts with the imported type 'SimpleRotation' in 'OpenBroadcaster.Core, Version=0.0.0.0, Culture=neutral, PublicKeyToken=null'. Using the type defined in 'E:\openbroadcaster\Core\Automation\SimpleRotation.cs'. [E:\openbroadcaster\OpenBroadcaster_2xmz1yr1_wpftmp.csproj]
E:\openbroadcaster\ViewModels\SettingsViewModel.cs(196,16): warning CS0436: The type 'SimpleSchedulerEntry' in 'E:\openbroadcaster\Core\Automation\SimpleRotation.cs' conflicts with the imported type 'SimpleSchedulerEntry' in 'OpenBroadcaster.Core, Version=0.0.0.0, Culture=neutral, PublicKeyToken=null'. Using the type defined in 'E:\openbroadcaster\Core\Automation\SimpleRotation.cs'. [E:\openbroadcaster\OpenBroadcaster_2xmz1yr1_wpftmp.csproj]
E:\openbroadcaster\ViewModels\SettingsViewModel.cs(202,16): warning CS0436: The type 'TohSlot' in 'E:\openbroadcaster\Core\Models\TohSettings.cs' conflicts with the imported type 'TohSlot' in 'OpenBroadcaster.Core, Version=0.0.0.0, Culture=neutral, PublicKeyToken=null'. Using the type defined in 'E:\openbroadcaster\Core\Models\TohSettings.cs'. [E:\openbroadcaster\OpenBroadcaster_2xmz1yr1_wpftmp.csproj]
E:\openbroadcaster\ViewModels\SettingsViewModel.cs(21,34): warning CS0436: The type 'AppSettings' in 'E:\openbroadcaster\Core\Models\AppSettings.cs' conflicts with the imported type 'AppSettings' in 'OpenBroadcaster.Core, Version=0.0.0.0, Culture=neutral, PublicKeyToken=null'. Using the type defined in 'E:\openbroadcaster\Core\Models\AppSettings.cs'. [E:\openbroadcaster\OpenBroadcaster_2xmz1yr1_wpftmp.csproj]
E:\openbroadcaster\ViewModels\SettingsViewModel.cs(22,34): warning CS0436: The type 'AppSettings' in 'E:\openbroadcaster\Core\Models\AppSettings.cs' conflicts with the imported type 'AppSettings' in 'OpenBroadcaster.Core, Version=0.0.0.0, Culture=neutral, PublicKeyToken=null'. Using the type defined in 'E:\openbroadcaster\Core\Models\AppSettings.cs'. [E:\openbroadcaster\OpenBroadcaster_2xmz1yr1_wpftmp.csproj]
E:\openbroadcaster\ViewModels\SettingsViewModel.cs(22,70): warning CS0436: The type 'AudioDeviceInfo' in 'E:\openbroadcaster\Core\Audio\AudioDeviceInfo.cs' conflicts with the imported type 'AudioDeviceInfo' in 'OpenBroadcaster.Core, Version=0.0.0.0, Culture=neutral, PublicKeyToken=null'. Using the type defined in 'E:\openbroadcaster\Core\Audio\AudioDeviceInfo.cs'. [E:\openbroadcaster\OpenBroadcaster_2xmz1yr1_wpftmp.csproj]
E:\openbroadcaster\ViewModels\SettingsViewModel.cs(22,119): warning CS0436: The type 'AudioDeviceInfo' in 'E:\openbroadcaster\Core\Audio\AudioDeviceInfo.cs' conflicts with the imported type 'AudioDeviceInfo' in 'OpenBroadcaster.Core, Version=0.0.0.0, Culture=neutral, PublicKeyToken=null'. Using the type defined in 'E:\openbroadcaster\Core\Audio\AudioDeviceInfo.cs'. [E:\openbroadcaster\OpenBroadcaster_2xmz1yr1_wpftmp.csproj]
E:\openbroadcaster\ViewModels\SettingsViewModel.cs(57,34): warning CS0436: The type 'AppSettings' in 'E:\openbroadcaster\Core\Models\AppSettings.cs' conflicts with the imported type 'AppSettings' in 'OpenBroadcaster.Core, Version=0.0.0.0, Culture=neutral, PublicKeyToken=null'. Using the type defined in 'E:\openbroadcaster\Core\Models\AppSettings.cs'. [E:\openbroadcaster\OpenBroadcaster_2xmz1yr1_wpftmp.csproj]
E:\openbroadcaster\ViewModels\SettingsViewModel.cs(58,27): warning CS0436: The type 'AudioDeviceInfo' in 'E:\openbroadcaster\Core\Audio\AudioDeviceInfo.cs' conflicts with the imported type 'AudioDeviceInfo' in 'OpenBroadcaster.Core, Version=0.0.0.0, Culture=neutral, PublicKeyToken=null'. Using the type defined in 'E:\openbroadcaster\Core\Audio\AudioDeviceInfo.cs'. [E:\openbroadcaster\OpenBroadcaster_2xmz1yr1_wpftmp.csproj]
E:\openbroadcaster\ViewModels\SettingsViewModel.cs(59,27): warning CS0436: The type 'AudioDeviceInfo' in 'E:\openbroadcaster\Core\Audio\AudioDeviceInfo.cs' conflicts with the imported type 'AudioDeviceInfo' in 'OpenBroadcaster.Core, Version=0.0.0.0, Culture=neutral, PublicKeyToken=null'. Using the type defined in 'E:\openbroadcaster\Core\Audio\AudioDeviceInfo.cs'. [E:\openbroadcaster\OpenBroadcaster_2xmz1yr1_wpftmp.csproj]
E:\openbroadcaster\ViewModels\SettingsViewModel.cs(60,27): warning CS0436: The type 'LibraryCategory' in 'E:\openbroadcaster\Core\Models\LibraryCategory.cs' conflicts with the imported type 'LibraryCategory' in 'OpenBroadcaster.Core, Version=0.0.0.0, Culture=neutral, PublicKeyToken=null'. Using the type defined in 'E:\openbroadcaster\Core\Models\LibraryCategory.cs'. [E:\openbroadcaster\OpenBroadcaster_2xmz1yr1_wpftmp.csproj]
E:\openbroadcaster\ViewModels\SettingsViewModel.cs(61,13): warning CS0436: The type 'AutoDjSettingsService' in 'E:\openbroadcaster\Core\Services\AutoDjSettingsService.cs' conflicts with the imported type 'AutoDjSettingsService' in 'OpenBroadcaster.Core, Version=0.0.0.0, Culture=neutral, PublicKeyToken=null'. Using the type defined in 'E:\openbroadcaster\Core\Services\AutoDjSettingsService.cs'. [E:\openbroadcaster\OpenBroadcaster_2xmz1yr1_wpftmp.csproj]
E:\openbroadcaster\ViewModels\SettingsViewModel.cs(37,17): warning CS0436: The type 'AppSettings' in 'E:\openbroadcaster\Core\Models\AppSettings.cs' conflicts with the imported type 'AppSettings' in 'OpenBroadcaster.Core, Version=0.0.0.0, Culture=neutral, PublicKeyToken=null'. Using the type defined in 'E:\openbroadcaster\Core\Models\AppSettings.cs'. [E:\openbroadcaster\OpenBroadcaster_2xmz1yr1_wpftmp.csproj]
E:\openbroadcaster\ViewModels\SettingsViewModel.cs(38,17): warning CS0436: The type 'AppSettings' in 'E:\openbroadcaster\Core\Models\AppSettings.cs' conflicts with the imported type 'AppSettings' in 'OpenBroadcaster.Core, Version=0.0.0.0, Culture=neutral, PublicKeyToken=null'. Using the type defined in 'E:\openbroadcaster\Core\Models\AppSettings.cs'. [E:\openbroadcaster\OpenBroadcaster_2xmz1yr1_wpftmp.csproj]
E:\openbroadcaster\ViewModels\SettingsViewModel.cs(39,17): warning CS0436: The type 'EncoderProfile' in 'E:\openbroadcaster\Core\Models\EncoderProfile.cs' conflicts with the imported type 'EncoderProfile' in 'OpenBroadcaster.Core, Version=0.0.0.0, Culture=neutral, PublicKeyToken=null'. Using the type defined in 'E:\openbroadcaster\Core\Models\EncoderProfile.cs'. [E:\openbroadcaster\OpenBroadcaster_2xmz1yr1_wpftmp.csproj]
E:\openbroadcaster\ViewModels\SettingsViewModel.cs(40,17): warning CS0436: The type 'RotationDefinitionSettings' in 'E:\openbroadcaster\Core\Models\AppSettings.cs' conflicts with the imported type 'RotationDefinitionSettings' in 'OpenBroadcaster.Core, Version=0.0.0.0, Culture=neutral, PublicKeyToken=null'. Using the type defined in 'E:\openbroadcaster\Core\Models\AppSettings.cs'. [E:\openbroadcaster\OpenBroadcaster_2xmz1yr1_wpftmp.csproj]
E:\openbroadcaster\ViewModels\SettingsViewModel.cs(41,17): warning CS0436: The type 'ClockwheelSlotSettings' in 'E:\openbroadcaster\Core\Models\AppSettings.cs' conflicts with the imported type 'ClockwheelSlotSettings' in 'OpenBroadcaster.Core, Version=0.0.0.0, Culture=neutral, PublicKeyToken=null'. Using the type defined in 'E:\openbroadcaster\Core\Models\AppSettings.cs'. [E:\openbroadcaster\OpenBroadcaster_2xmz1yr1_wpftmp.csproj]
E:\openbroadcaster\ViewModels\SettingsViewModel.cs(42,17): warning CS0436: The type 'RotationScheduleEntrySettings' in 'E:\openbroadcaster\Core\Models\AppSettings.cs' conflicts with the imported type 'RotationScheduleEntrySettings' in 'OpenBroadcaster.Core, Version=0.0.0.0, Culture=neutral, PublicKeyToken=null'. Using the type defined in 'E:\openbroadcaster\Core\Models\AppSettings.cs'. [E:\openbroadcaster\OpenBroadcaster_2xmz1yr1_wpftmp.csproj]
E:\openbroadcaster\ViewModels\SettingsViewModel.cs(43,26): warning CS0436: The type 'AutoDjSettingsService' in 'E:\openbroadcaster\Core\Services\AutoDjSettingsService.cs' conflicts with the imported type 'AutoDjSettingsService' in 'OpenBroadcaster.Core, Version=0.0.0.0, Culture=neutral, PublicKeyToken=null'. Using the type defined in 'E:\openbroadcaster\Core\Services\AutoDjSettingsService.cs'. [E:\openbroadcaster\OpenBroadcaster_2xmz1yr1_wpftmp.csproj]
E:\openbroadcaster\ViewModels\SettingsViewModel.cs(46,17): warning CS0436: The type 'SimpleRotation' in 'E:\openbroadcaster\Core\Automation\SimpleRotation.cs' conflicts with the imported type 'SimpleRotation' in 'OpenBroadcaster.Core, Version=0.0.0.0, Culture=neutral, PublicKeyToken=null'. Using the type defined in 'E:\openbroadcaster\Core\Automation\SimpleRotation.cs'. [E:\openbroadcaster\OpenBroadcaster_2xmz1yr1_wpftmp.csproj]
E:\openbroadcaster\ViewModels\SettingsViewModel.cs(47,17): warning CS0436: The type 'SimpleSchedulerEntry' in 'E:\openbroadcaster\Core\Automation\SimpleRotation.cs' conflicts with the imported type 'SimpleSchedulerEntry' in 'OpenBroadcaster.Core, Version=0.0.0.0, Culture=neutral, PublicKeyToken=null'. Using the type defined in 'E:\openbroadcaster\Core\Automation\SimpleRotation.cs'. [E:\openbroadcaster\OpenBroadcaster_2xmz1yr1_wpftmp.csproj]
E:\openbroadcaster\ViewModels\SettingsViewModel.cs(50,17): warning CS0436: The type 'TohSlot' in 'E:\openbroadcaster\Core\Models\TohSettings.cs' conflicts with the imported type 'TohSlot' in 'OpenBroadcaster.Core, Version=0.0.0.0, Culture=neutral, PublicKeyToken=null'. Using the type defined in 'E:\openbroadcaster\Core\Models\TohSettings.cs'. [E:\openbroadcaster\OpenBroadcaster_2xmz1yr1_wpftmp.csproj]
E:\openbroadcaster\ViewModels\SettingsViewModel.cs(51,31): warning CS0436: The type 'LibraryCategory' in 'E:\openbroadcaster\Core\Models\LibraryCategory.cs' conflicts with the imported type 'LibraryCategory' in 'OpenBroadcaster.Core, Version=0.0.0.0, Culture=neutral, PublicKeyToken=null'. Using the type defined in 'E:\openbroadcaster\Core\Models\LibraryCategory.cs'. [E:\openbroadcaster\OpenBroadcaster_2xmz1yr1_wpftmp.csproj]
E:\openbroadcaster\Core\Automation\ClockwheelScheduler.cs(16,43): warning CS0436: The type 'ClockwheelSlot' in 'E:\openbroadcaster\Core\Automation\ClockwheelSlot.cs' conflicts with the imported type 'ClockwheelSlot' in 'OpenBroadcaster.Core, Version=0.0.0.0, Culture=neutral, PublicKeyToken=null'. Using the type defined in 'E:\openbroadcaster\Core\Automation\ClockwheelSlot.cs'. [E:\openbroadcaster\OpenBroadcaster_2xmz1yr1_wpftmp.csproj]
E:\openbroadcaster\Core\Automation\ClockwheelScheduler.cs(34,52): warning CS0436: The type 'RotationProgram' in 'E:\openbroadcaster\Core\Automation\RotationProgram.cs' conflicts with the imported type 'RotationProgram' in 'OpenBroadcaster.Core, Version=0.0.0.0, Culture=neutral, PublicKeyToken=null'. Using the type defined in 'E:\openbroadcaster\Core\Automation\RotationProgram.cs'. [E:\openbroadcaster\OpenBroadcaster_2xmz1yr1_wpftmp.csproj]
E:\openbroadcaster\Core\Automation\ClockwheelScheduler.cs(34,92): warning CS0436: The type 'RotationScheduleEntry' in 'E:\openbroadcaster\Core\Automation\RotationProgram.cs' conflicts with the imported type 'RotationScheduleEntry' in 'OpenBroadcaster.Core, Version=0.0.0.0, Culture=neutral, PublicKeyToken=null'. Using the type defined in 'E:\openbroadcaster\Core\Automation\RotationProgram.cs'. [E:\openbroadcaster\OpenBroadcaster_2xmz1yr1_wpftmp.csproj]
E:\openbroadcaster\Core\Automation\ClockwheelScheduler.cs(92,16): warning CS0436: The type 'ClockwheelSlot' in 'E:\openbroadcaster\Core\Automation\ClockwheelSlot.cs' conflicts with the imported type 'ClockwheelSlot' in 'OpenBroadcaster.Core, Version=0.0.0.0, Culture=neutral, PublicKeyToken=null'. Using the type defined in 'E:\openbroadcaster\Core\Automation\ClockwheelSlot.cs'. [E:\openbroadcaster\OpenBroadcaster_2xmz1yr1_wpftmp.csproj]
E:\openbroadcaster\Core\Automation\ClockwheelScheduler.cs(115,30): warning CS0436: The type 'ClockwheelSlot' in 'E:\openbroadcaster\Core\Automation\ClockwheelSlot.cs' conflicts with the imported type 'ClockwheelSlot' in 'OpenBroadcaster.Core, Version=0.0.0.0, Culture=neutral, PublicKeyToken=null'. Using the type defined in 'E:\openbroadcaster\Core\Automation\ClockwheelSlot.cs'. [E:\openbroadcaster\OpenBroadcaster_2xmz1yr1_wpftmp.csproj]
E:\openbroadcaster\Core\Automation\ClockwheelScheduler.cs(9,31): warning CS0436: The type 'ClockwheelSlot' in 'E:\openbroadcaster\Core\Automation\ClockwheelSlot.cs' conflicts with the imported type 'ClockwheelSlot' in 'OpenBroadcaster.Core, Version=0.0.0.0, Culture=neutral, PublicKeyToken=null'. Using the type defined in 'E:\openbroadcaster\Core\Automation\ClockwheelSlot.cs'. [E:\openbroadcaster\OpenBroadcaster_2xmz1yr1_wpftmp.csproj]
E:\openbroadcaster\Core\Automation\ClockwheelScheduler.cs(12,53): warning CS0436: The type 'RotationScheduleEntry' in 'E:\openbroadcaster\Core\Automation\RotationProgram.cs' conflicts with the imported type 'RotationScheduleEntry' in 'OpenBroadcaster.Core, Version=0.0.0.0, Culture=neutral, PublicKeyToken=null'. Using the type defined in 'E:\openbroadcaster\Core\Automation\RotationProgram.cs'. [E:\openbroadcaster\OpenBroadcaster_2xmz1yr1_wpftmp.csproj]
E:\openbroadcaster\Core\Automation\ClockwheelScheduler.cs(214,61): warning CS0436: The type 'ClockwheelSlot' in 'E:\openbroadcaster\Core\Automation\ClockwheelSlot.cs' conflicts with the imported type 'ClockwheelSlot' in 'OpenBroadcaster.Core, Version=0.0.0.0, Culture=neutral, PublicKeyToken=null'. Using the type defined in 'E:\openbroadcaster\Core\Automation\ClockwheelSlot.cs'. [E:\openbroadcaster\OpenBroadcaster_2xmz1yr1_wpftmp.csproj]
E:\openbroadcaster\Core\Automation\ClockwheelScheduler.cs(221,25): warning CS0436: The type 'ClockwheelSlot' in 'E:\openbroadcaster\Core\Automation\ClockwheelSlot.cs' conflicts with the imported type 'ClockwheelSlot' in 'OpenBroadcaster.Core, Version=0.0.0.0, Culture=neutral, PublicKeyToken=null'. Using the type defined in 'E:\openbroadcaster\Core\Automation\ClockwheelSlot.cs'. [E:\openbroadcaster\OpenBroadcaster_2xmz1yr1_wpftmp.csproj]
E:\openbroadcaster\Core\Automation\RotationCategoryDefinition.cs(24,30): warning CS0436: The type 'Track' in 'E:\openbroadcaster\Core\Models\Track.cs' conflicts with the imported type 'Track' in 'OpenBroadcaster.Core, Version=0.0.0.0, Culture=neutral, PublicKeyToken=null'. Using the type defined in 'E:\openbroadcaster\Core\Models\Track.cs'. [E:\openbroadcaster\OpenBroadcaster_2xmz1yr1_wpftmp.csproj]
E:\openbroadcaster\Core\Automation\RotationCategoryDefinition.cs(10,68): warning CS0436: The type 'Track' in 'E:\openbroadcaster\Core\Models\Track.cs' conflicts with the imported type 'Track' in 'OpenBroadcaster.Core, Version=0.0.0.0, Culture=neutral, PublicKeyToken=null'. Using the type defined in 'E:\openbroadcaster\Core\Models\Track.cs'. [E:\openbroadcaster\OpenBroadcaster_2xmz1yr1_wpftmp.csproj]
E:\openbroadcaster\Core\Automation\RotationEngine.cs(24,48): warning CS0436: The type 'RotationCategoryDefinition' in 'E:\openbroadcaster\Core\Automation\RotationCategoryDefinition.cs' conflicts with the imported type 'RotationCategoryDefinition' in 'OpenBroadcaster.Core, Version=0.0.0.0, Culture=neutral, PublicKeyToken=null'. Using the type defined in 'E:\openbroadcaster\Core\Automation\RotationCategoryDefinition.cs'. [E:\openbroadcaster\OpenBroadcaster_2xmz1yr1_wpftmp.csproj]
E:\openbroadcaster\Core\Automation\RotationEngine.cs(41,36): warning CS0436: The type 'RotationCategoryDefinition' in 'E:\openbroadcaster\Core\Automation\RotationCategoryDefinition.cs' conflicts with the imported type 'RotationCategoryDefinition' in 'OpenBroadcaster.Core, Version=0.0.0.0, Culture=neutral, PublicKeyToken=null'. Using the type defined in 'E:\openbroadcaster\Core\Automation\RotationCategoryDefinition.cs'. [E:\openbroadcaster\OpenBroadcaster_2xmz1yr1_wpftmp.csproj]
E:\openbroadcaster\Core\Automation\RotationEngine.cs(54,16): warning CS0436: The type 'Track' in 'E:\openbroadcaster\Core\Models\Track.cs' conflicts with the imported type 'Track' in 'OpenBroadcaster.Core, Version=0.0.0.0, Culture=neutral, PublicKeyToken=null'. Using the type defined in 'E:\openbroadcaster\Core\Models\Track.cs'. [E:\openbroadcaster\OpenBroadcaster_2xmz1yr1_wpftmp.csproj]
E:\openbroadcaster\Core\Automation\RotationEngine.cs(74,16): warning CS0436: The type 'Track' in 'E:\openbroadcaster\Core\Models\Track.cs' conflicts with the imported type 'Track' in 'OpenBroadcaster.Core, Version=0.0.0.0, Culture=neutral, PublicKeyToken=null'. Using the type defined in 'E:\openbroadcaster\Core\Models\Track.cs'. [E:\openbroadcaster\OpenBroadcaster_2xmz1yr1_wpftmp.csproj]
E:\openbroadcaster\Core\Automation\RotationEngine.cs(126,41): warning CS0436: The type 'Track' in 'E:\openbroadcaster\Core\Models\Track.cs' conflicts with the imported type 'Track' in 'OpenBroadcaster.Core, Version=0.0.0.0, Culture=neutral, PublicKeyToken=null'. Using the type defined in 'E:\openbroadcaster\Core\Models\Track.cs'. [E:\openbroadcaster\OpenBroadcaster_2xmz1yr1_wpftmp.csproj]
E:\openbroadcaster\Core\Automation\RotationEngine.cs(176,36): warning CS0436: The type 'Track' in 'E:\openbroadcaster\Core\Models\Track.cs' conflicts with the imported type 'Track' in 'OpenBroadcaster.Core, Version=0.0.0.0, Culture=neutral, PublicKeyToken=null'. Using the type defined in 'E:\openbroadcaster\Core\Models\Track.cs'. [E:\openbroadcaster\OpenBroadcaster_2xmz1yr1_wpftmp.csproj]
E:\openbroadcaster\Core\Automation\RotationEngine.cs(185,42): warning CS0436: The type 'RotationCategoryDefinition' in 'E:\openbroadcaster\Core\Automation\RotationCategoryDefinition.cs' conflicts with the imported type 'RotationCategoryDefinition' in 'OpenBroadcaster.Core, Version=0.0.0.0, Culture=neutral, PublicKeyToken=null'. Using the type defined in 'E:\openbroadcaster\Core\Automation\RotationCategoryDefinition.cs'. [E:\openbroadcaster\OpenBroadcaster_2xmz1yr1_wpftmp.csproj]
E:\openbroadcaster\Core\Automation\RotationEngine.cs(15,26): warning CS0436: The type 'RotationRules' in 'E:\openbroadcaster\Core\Automation\RotationRules.cs' conflicts with the imported type 'RotationRules' in 'OpenBroadcaster.Core, Version=0.0.0.0, Culture=neutral, PublicKeyToken=null'. Using the type defined in 'E:\openbroadcaster\Core\Automation\RotationRules.cs'. [E:\openbroadcaster\OpenBroadcaster_2xmz1yr1_wpftmp.csproj]
E:\openbroadcaster\Core\Automation\RotationEngine.cs(16,34): warning CS0436: The type 'RotationEngine' in 'E:\openbroadcaster\Core\Automation\RotationEngine.cs' conflicts with the imported type 'RotationEngine' in 'OpenBroadcaster.Core, Version=0.0.0.0, Culture=neutral, PublicKeyToken=null'. Using the type defined in 'E:\openbroadcaster\Core\Automation\RotationEngine.cs'. [E:\openbroadcaster\OpenBroadcaster_2xmz1yr1_wpftmp.csproj]
E:\openbroadcaster\Core\Automation\RotationEngine.cs(18,31): warning CS0436: The type 'RotationRules' in 'E:\openbroadcaster\Core\Automation\RotationRules.cs' conflicts with the imported type 'RotationRules' in 'OpenBroadcaster.Core, Version=0.0.0.0, Culture=neutral, PublicKeyToken=null'. Using the type defined in 'E:\openbroadcaster\Core\Automation\RotationRules.cs'. [E:\openbroadcaster\OpenBroadcaster_2xmz1yr1_wpftmp.csproj]
E:\openbroadcaster\Core\Automation\RotationEngine.cs(18,68): warning CS0436: The type 'RotationEngine' in 'E:\openbroadcaster\Core\Automation\RotationEngine.cs' conflicts with the imported type 'RotationEngine' in 'OpenBroadcaster.Core, Version=0.0.0.0, Culture=neutral, PublicKeyToken=null'. Using the type defined in 'E:\openbroadcaster\Core\Automation\RotationEngine.cs'. [E:\openbroadcaster\OpenBroadcaster_2xmz1yr1_wpftmp.csproj]
E:\openbroadcaster\Core\Automation\RotationEngine.cs(202,60): warning CS0436: The type 'Track' in 'E:\openbroadcaster\Core\Models\Track.cs' conflicts with the imported type 'Track' in 'OpenBroadcaster.Core, Version=0.0.0.0, Culture=neutral, PublicKeyToken=null'. Using the type defined in 'E:\openbroadcaster\Core\Models\Track.cs'. [E:\openbroadcaster\OpenBroadcaster_2xmz1yr1_wpftmp.csproj]
E:\openbroadcaster\Core\Automation\RotationEngine.cs(209,25): warning CS0436: The type 'Track' in 'E:\openbroadcaster\Core\Models\Track.cs' conflicts with the imported type 'Track' in 'OpenBroadcaster.Core, Version=0.0.0.0, Culture=neutral, PublicKeyToken=null'. Using the type defined in 'E:\openbroadcaster\Core\Models\Track.cs'. [E:\openbroadcaster\OpenBroadcaster_2xmz1yr1_wpftmp.csproj]
E:\openbroadcaster\Core\Automation\RotationEngine.cs(215,58): warning CS0436: The type 'Track' in 'E:\openbroadcaster\Core\Models\Track.cs' conflicts with the imported type 'Track' in 'OpenBroadcaster.Core, Version=0.0.0.0, Culture=neutral, PublicKeyToken=null'. Using the type defined in 'E:\openbroadcaster\Core\Models\Track.cs'. [E:\openbroadcaster\OpenBroadcaster_2xmz1yr1_wpftmp.csproj]
E:\openbroadcaster\ViewModels\MainViewModel.cs(1536,75): warning CS0436: The type 'Track' in 'E:\openbroadcaster\Core\Models\Track.cs' conflicts with the imported type 'Track' in 'OpenBroadcaster.Core, Version=0.0.0.0, Culture=neutral, PublicKeyToken=null'. Using the type defined in 'E:\openbroadcaster\Core\Models\Track.cs'. [E:\openbroadcaster\OpenBroadcaster_2xmz1yr1_wpftmp.csproj]
E:\openbroadcaster\ViewModels\MainViewModel.cs(1615,36): warning CS0436: The type 'CartPad' in 'E:\openbroadcaster\Core\Models\CartPad.cs' conflicts with the imported type 'CartPad' in 'OpenBroadcaster.Core, Version=0.0.0.0, Culture=neutral, PublicKeyToken=null'. Using the type defined in 'E:\openbroadcaster\Core\Models\CartPad.cs'. [E:\openbroadcaster\OpenBroadcaster_2xmz1yr1_wpftmp.csproj]
E:\openbroadcaster\ViewModels\MainViewModel.cs(1638,46): warning CS0436: The type 'CartPad' in 'E:\openbroadcaster\Core\Models\CartPad.cs' conflicts with the imported type 'CartPad' in 'OpenBroadcaster.Core, Version=0.0.0.0, Culture=neutral, PublicKeyToken=null'. Using the type defined in 'E:\openbroadcaster\Core\Models\CartPad.cs'. [E:\openbroadcaster\OpenBroadcaster_2xmz1yr1_wpftmp.csproj]
E:\openbroadcaster\Core\Audio\TagLibMetadataReader.cs(6,48): warning CS0436: The type 'IAudioMetadataReader' in 'E:\openbroadcaster\Core\Audio\IAudioMetadataReader.cs' conflicts with the imported type 'IAudioMetadataReader' in 'OpenBroadcaster.Core, Version=0.0.0.0, Culture=neutral, PublicKeyToken=null'. Using the type defined in 'E:\openbroadcaster\Core\Audio\IAudioMetadataReader.cs'. [E:\openbroadcaster\OpenBroadcaster_2xmz1yr1_wpftmp.csproj]
E:\openbroadcaster\Core\Audio\TagLibMetadataReader.cs(8,16): warning CS0436: The type 'LibraryTrackMetadata' in 'E:\openbroadcaster\Core\Audio\LibraryTrackMetadata.cs' conflicts with the imported type 'LibraryTrackMetadata' in 'OpenBroadcaster.Core, Version=0.0.0.0, Culture=neutral, PublicKeyToken=null'. Using the type defined in 'E:\openbroadcaster\Core\Audio\LibraryTrackMetadata.cs'. [E:\openbroadcaster\OpenBroadcaster_2xmz1yr1_wpftmp.csproj]
E:\openbroadcaster\Core\Audio\TapSampleProvider.cs(10,26): warning CS0436: The type 'AudioSampleBlockHandler' in 'E:\openbroadcaster\Core\Audio\AudioSampleTap.cs' conflicts with the imported type 'AudioSampleBlockHandler' in 'OpenBroadcaster.Core, Version=0.0.0.0, Culture=neutral, PublicKeyToken=null'. Using the type defined in 'E:\openbroadcaster\Core\Audio\AudioSampleTap.cs'. [E:\openbroadcaster\OpenBroadcaster_2xmz1yr1_wpftmp.csproj]
E:\openbroadcaster\Core\Audio\TapSampleProvider.cs(13,58): warning CS0436: The type 'AudioSampleBlockHandler' in 'E:\openbroadcaster\Core\Audio\AudioSampleTap.cs' conflicts with the imported type 'AudioSampleBlockHandler' in 'OpenBroadcaster.Core, Version=0.0.0.0, Culture=neutral, PublicKeyToken=null'. Using the type defined in 'E:\openbroadcaster\Core\Audio\AudioSampleTap.cs'. [E:\openbroadcaster\OpenBroadcaster_2xmz1yr1_wpftmp.csproj]
E:\openbroadcaster\Core\Audio\VuMeterService.cs(30,35): warning CS0436: The type 'VuMeterReading' in 'E:\openbroadcaster\Core\Audio\VuMeterReading.cs' conflicts with the imported type 'VuMeterReading' in 'OpenBroadcaster.Core, Version=0.0.0.0, Culture=neutral, PublicKeyToken=null'. Using the type defined in 'E:\openbroadcaster\Core\Audio\VuMeterReading.cs'. [E:\openbroadcaster\OpenBroadcaster_2xmz1yr1_wpftmp.csproj]
E:\openbroadcaster\Core\Audio\VuMeterService.cs(32,39): warning CS0436: The type 'AudioSourceType' in 'E:\openbroadcaster\Core\Audio\AudioSourceType.cs' conflicts with the imported type 'AudioSourceType' in 'OpenBroadcaster.Core, Version=0.0.0.0, Culture=neutral, PublicKeyToken=null'. Using the type defined in 'E:\openbroadcaster\Core\Audio\AudioSourceType.cs'. [E:\openbroadcaster\OpenBroadcaster_2xmz1yr1_wpftmp.csproj]
E:\openbroadcaster\Core\Audio\VuMeterService.cs(77,33): warning CS0436: The type 'AudioBus' in 'E:\openbroadcaster\Core\Audio\AudioBus.cs' conflicts with the imported type 'AudioBus' in 'OpenBroadcaster.Core, Version=0.0.0.0, Culture=neutral, PublicKeyToken=null'. Using the type defined in 'E:\openbroadcaster\Core\Audio\AudioBus.cs'. [E:\openbroadcaster\OpenBroadcaster_2xmz1yr1_wpftmp.csproj]
E:\openbroadcaster\Core\Audio\VuMeterService.cs(11,26): warning CS0436: The type 'AudioRoutingGraph' in 'E:\openbroadcaster\Core\Audio\AudioRoutingGraph.cs' conflicts with the imported type 'AudioRoutingGraph' in 'OpenBroadcaster.Core, Version=0.0.0.0, Culture=neutral, PublicKeyToken=null'. Using the type defined in 'E:\openbroadcaster\Core\Audio\AudioRoutingGraph.cs'. [E:\openbroadcaster\OpenBroadcaster_2xmz1yr1_wpftmp.csproj]
E:\openbroadcaster\Core\Audio\VuMeterService.cs(12,37): warning CS0436: The type 'AudioBus' in 'E:\openbroadcaster\Core\Audio\AudioBus.cs' conflicts with the imported type 'AudioBus' in 'OpenBroadcaster.Core, Version=0.0.0.0, Culture=neutral, PublicKeyToken=null'. Using the type defined in 'E:\openbroadcaster\Core\Audio\AudioBus.cs'. [E:\openbroadcaster\OpenBroadcaster_2xmz1yr1_wpftmp.csproj]
E:\openbroadcaster\Core\Audio\VuMeterService.cs(16,31): warning CS0436: The type 'AudioRoutingGraph' in 'E:\openbroadcaster\Core\Audio\AudioRoutingGraph.cs' conflicts with the imported type 'AudioRoutingGraph' in 'OpenBroadcaster.Core, Version=0.0.0.0, Culture=neutral, PublicKeyToken=null'. Using the type defined in 'E:\openbroadcaster\Core\Audio\AudioRoutingGraph.cs'. [E:\openbroadcaster\OpenBroadcaster_2xmz1yr1_wpftmp.csproj]
E:\openbroadcaster\Core\Audio\WaveAudioDeviceResolver.cs(6,51): warning CS0436: The type 'IAudioDeviceResolver' in 'E:\openbroadcaster\Core\Audio\IAudioDeviceResolver.cs' conflicts with the imported type 'IAudioDeviceResolver' in 'OpenBroadcaster.Core, Version=0.0.0.0, Culture=neutral, PublicKeyToken=null'. Using the type defined in 'E:\openbroadcaster\Core\Audio\IAudioDeviceResolver.cs'. [E:\openbroadcaster\OpenBroadcaster_2xmz1yr1_wpftmp.csproj]
E:\openbroadcaster\Core\Audio\WaveAudioDeviceResolver.cs(8,30): warning CS0436: The type 'AudioDeviceInfo' in 'E:\openbroadcaster\Core\Audio\AudioDeviceInfo.cs' conflicts with the imported type 'AudioDeviceInfo' in 'OpenBroadcaster.Core, Version=0.0.0.0, Culture=neutral, PublicKeyToken=null'. Using the type defined in 'E:\openbroadcaster\Core\Audio\AudioDeviceInfo.cs'. [E:\openbroadcaster\OpenBroadcaster_2xmz1yr1_wpftmp.csproj]
E:\openbroadcaster\Core\Audio\WaveAudioDeviceResolver.cs(20,30): warning CS0436: The type 'AudioDeviceInfo' in 'E:\openbroadcaster\Core\Audio\AudioDeviceInfo.cs' conflicts with the imported type 'AudioDeviceInfo' in 'OpenBroadcaster.Core, Version=0.0.0.0, Culture=neutral, PublicKeyToken=null'. Using the type defined in 'E:\openbroadcaster\Core\Audio\AudioDeviceInfo.cs'. [E:\openbroadcaster\OpenBroadcaster_2xmz1yr1_wpftmp.csproj]
E:\openbroadcaster\Core\Diagnostics\EncoderDiagnostics.cs(13,46): warning CS0436: The type 'EncoderProfile' in 'E:\openbroadcaster\Core\Models\EncoderProfile.cs' conflicts with the imported type 'EncoderProfile' in 'OpenBroadcaster.Core, Version=0.0.0.0, Culture=neutral, PublicKeyToken=null'. Using the type defined in 'E:\openbroadcaster\Core\Models\EncoderProfile.cs'. [E:\openbroadcaster\OpenBroadcaster_2xmz1yr1_wpftmp.csproj]
E:\openbroadcaster\Core\Messaging\EventBus.cs(6,36): warning CS0436: The type 'IEventBus' in 'E:\openbroadcaster\Core\Messaging\IEventBus.cs' conflicts with the imported type 'IEventBus' in 'OpenBroadcaster.Core, Version=0.0.0.0, Culture=neutral, PublicKeyToken=null'. Using the type defined in 'E:\openbroadcaster\Core\Messaging\IEventBus.cs'. [E:\openbroadcaster\OpenBroadcaster_2xmz1yr1_wpftmp.csproj]
E:\openbroadcaster\Core\Messaging\Events\DeckStateChangedEvent.cs(18,16): warning CS0436: The type 'DeckIdentifier' in 'E:\openbroadcaster\Core\Models\DeckIdentifier.cs' conflicts with the imported type 'DeckIdentifier' in 'OpenBroadcaster.Core, Version=0.0.0.0, Culture=neutral, PublicKeyToken=null'. Using the type defined in 'E:\openbroadcaster\Core\Models\DeckIdentifier.cs'. [E:\openbroadcaster\OpenBroadcaster_2xmz1yr1_wpftmp.csproj]
E:\openbroadcaster\Core\Messaging\Events\DeckStateChangedEvent.cs(19,16): warning CS0436: The type 'QueueItem' in 'E:\openbroadcaster\Core\Models\QueueItem.cs' conflicts with the imported type 'QueueItem' in 'OpenBroadcaster.Core, Version=0.0.0.0, Culture=neutral, PublicKeyToken=null'. Using the type defined in 'E:\openbroadcaster\Core\Models\QueueItem.cs'. [E:\openbroadcaster\OpenBroadcaster_2xmz1yr1_wpftmp.csproj]
E:\openbroadcaster\Core\Messaging\Events\DeckStateChangedEvent.cs(23,16): warning CS0436: The type 'DeckStatus' in 'E:\openbroadcaster\Core\Models\DeckStatus.cs' conflicts with the imported type 'DeckStatus' in 'OpenBroadcaster.Core, Version=0.0.0.0, Culture=neutral, PublicKeyToken=null'. Using the type defined in 'E:\openbroadcaster\Core\Models\DeckStatus.cs'. [E:\openbroadcaster\OpenBroadcaster_2xmz1yr1_wpftmp.csproj]
E:\openbroadcaster\Core\Messaging\Events\DeckStateChangedEvent.cs(8,38): warning CS0436: The type 'DeckIdentifier' in 'E:\openbroadcaster\Core\Models\DeckIdentifier.cs' conflicts with the imported type 'DeckIdentifier' in 'OpenBroadcaster.Core, Version=0.0.0.0, Culture=neutral, PublicKeyToken=null'. Using the type defined in 'E:\openbroadcaster\Core\Models\DeckIdentifier.cs'. [E:\openbroadcaster\OpenBroadcaster_2xmz1yr1_wpftmp.csproj]
E:\openbroadcaster\Core\Messaging\Events\DeckStateChangedEvent.cs(8,61): warning CS0436: The type 'QueueItem' in 'E:\openbroadcaster\Core\Models\QueueItem.cs' conflicts with the imported type 'QueueItem' in 'OpenBroadcaster.Core, Version=0.0.0.0, Culture=neutral, PublicKeyToken=null'. Using the type defined in 'E:\openbroadcaster\Core\Models\QueueItem.cs'. [E:\openbroadcaster\OpenBroadcaster_2xmz1yr1_wpftmp.csproj]
E:\openbroadcaster\Core\Messaging\Events\DeckStateChangedEvent.cs(8,137): warning CS0436: The type 'DeckStatus' in 'E:\openbroadcaster\Core\Models\DeckStatus.cs' conflicts with the imported type 'DeckStatus' in 'OpenBroadcaster.Core, Version=0.0.0.0, Culture=neutral, PublicKeyToken=null'. Using the type defined in 'E:\openbroadcaster\Core\Models\DeckStatus.cs'. [E:\openbroadcaster\OpenBroadcaster_2xmz1yr1_wpftmp.csproj]
E:\openbroadcaster\Core\Models\AppSettings.cs(14,16): warning CS0436: The type 'AudioSettings' in 'E:\openbroadcaster\Core\Models\AppSettings.cs' conflicts with the imported type 'AudioSettings' in 'OpenBroadcaster.Core, Version=0.0.0.0, Culture=neutral, PublicKeyToken=null'. Using the type defined in 'E:\openbroadcaster\Core\Models\AppSettings.cs'. [E:\openbroadcaster\OpenBroadcaster_2xmz1yr1_wpftmp.csproj]
E:\openbroadcaster\Core\Models\AppSettings.cs(15,16): warning CS0436: The type 'TwitchSettings' in 'E:\openbroadcaster\Core\Models\TwitchSettings.cs' conflicts with the imported type 'TwitchSettings' in 'OpenBroadcaster.Core, Version=0.0.0.0, Culture=neutral, PublicKeyToken=null'. Using the type defined in 'E:\openbroadcaster\Core\Models\TwitchSettings.cs'. [E:\openbroadcaster\OpenBroadcaster_2xmz1yr1_wpftmp.csproj]
E:\openbroadcaster\Core\Models\AppSettings.cs(16,16): warning CS0436: The type 'QueueSettings' in 'E:\openbroadcaster\Core\Models\AppSettings.cs' conflicts with the imported type 'QueueSettings' in 'OpenBroadcaster.Core, Version=0.0.0.0, Culture=neutral, PublicKeyToken=null'. Using the type defined in 'E:\openbroadcaster\Core\Models\AppSettings.cs'. [E:\openbroadcaster\OpenBroadcaster_2xmz1yr1_wpftmp.csproj]
E:\openbroadcaster\Core\Models\AppSettings.cs(17,16): warning CS0436: The type 'EncoderSettings' in 'E:\openbroadcaster\Core\Models\AppSettings.cs' conflicts with the imported type 'EncoderSettings' in 'OpenBroadcaster.Core, Version=0.0.0.0, Culture=neutral, PublicKeyToken=null'. Using the type defined in 'E:\openbroadcaster\Core\Models\AppSettings.cs'. [E:\openbroadcaster\OpenBroadcaster_2xmz1yr1_wpftmp.csproj]
E:\openbroadcaster\Core\Models\AppSettings.cs(18,16): warning CS0436: The type 'CartWallSettings' in 'E:\openbroadcaster\Core\Models\AppSettings.cs' conflicts with the imported type 'CartWallSettings' in 'OpenBroadcaster.Core, Version=0.0.0.0, Culture=neutral, PublicKeyToken=null'. Using the type defined in 'E:\openbroadcaster\Core\Models\AppSettings.cs'. [E:\openbroadcaster\OpenBroadcaster_2xmz1yr1_wpftmp.csproj]
E:\openbroadcaster\Core\Models\AppSettings.cs(19,16): warning CS0436: The type 'OverlaySettings' in 'E:\openbroadcaster\Core\Models\AppSettings.cs' conflicts with the imported type 'OverlaySettings' in 'OpenBroadcaster.Core, Version=0.0.0.0, Culture=neutral, PublicKeyToken=null'. Using the type defined in 'E:\openbroadcaster\Core\Models\AppSettings.cs'. [E:\openbroadcaster\OpenBroadcaster_2xmz1yr1_wpftmp.csproj]
E:\openbroadcaster\Core\Models\AppSettings.cs(20,16): warning CS0436: The type 'AutomationSettings' in 'E:\openbroadcaster\Core\Models\AppSettings.cs' conflicts with the imported type 'AutomationSettings' in 'OpenBroadcaster.Core, Version=0.0.0.0, Culture=neutral, PublicKeyToken=null'. Using the type defined in 'E:\openbroadcaster\Core\Models\AppSettings.cs'. [E:\openbroadcaster\OpenBroadcaster_2xmz1yr1_wpftmp.csproj]
E:\openbroadcaster\Core\Models\AppSettings.cs(21,16): warning CS0436: The type 'RequestSettings' in 'E:\openbroadcaster\Core\Models\AppSettings.cs' conflicts with the imported type 'RequestSettings' in 'OpenBroadcaster.Core, Version=0.0.0.0, Culture=neutral, PublicKeyToken=null'. Using the type defined in 'E:\openbroadcaster\Core\Models\AppSettings.cs'. [E:\openbroadcaster\OpenBroadcaster_2xmz1yr1_wpftmp.csproj]
E:\openbroadcaster\Core\Models\AppSettings.cs(22,16): warning CS0436: The type 'DirectServerSettings' in 'E:\openbroadcaster\Core\Models\AppSettings.cs' conflicts with the imported type 'DirectServerSettings' in 'OpenBroadcaster.Core, Version=0.0.0.0, Culture=neutral, PublicKeyToken=null'. Using the type defined in 'E:\openbroadcaster\Core\Models\AppSettings.cs'. [E:\openbroadcaster\OpenBroadcaster_2xmz1yr1_wpftmp.csproj]
E:\openbroadcaster\Core\Models\AppSettings.cs(82,21): warning CS0436: The type 'CartPadSettings' in 'E:\openbroadcaster\Core\Models\AppSettings.cs' conflicts with the imported type 'CartPadSettings' in 'OpenBroadcaster.Core, Version=0.0.0.0, Culture=neutral, PublicKeyToken=null'. Using the type defined in 'E:\openbroadcaster\Core\Models\AppSettings.cs'. [E:\openbroadcaster\OpenBroadcaster_2xmz1yr1_wpftmp.csproj]
E:\openbroadcaster\Core\Models\AppSettings.cs(98,37): warning CS0436: The type 'EncoderProfile' in 'E:\openbroadcaster\Core\Models\EncoderProfile.cs' conflicts with the imported type 'EncoderProfile' in 'OpenBroadcaster.Core, Version=0.0.0.0, Culture=neutral, PublicKeyToken=null'. Using the type defined in 'E:\openbroadcaster\Core\Models\EncoderProfile.cs'. [E:\openbroadcaster\OpenBroadcaster_2xmz1yr1_wpftmp.csproj]
E:\openbroadcaster\ViewModels\MainViewModel.cs(1719,39): warning CS0436: The type 'CartPad' in 'E:\openbroadcaster\Core\Models\CartPad.cs' conflicts with the imported type 'CartPad' in 'OpenBroadcaster.Core, Version=0.0.0.0, Culture=neutral, PublicKeyToken=null'. Using the type defined in 'E:\openbroadcaster\Core\Models\CartPad.cs'. [E:\openbroadcaster\OpenBroadcaster_2xmz1yr1_wpftmp.csproj]
E:\openbroadcaster\ViewModels\MainViewModel.cs(1774,45): warning CS0436: The type 'QueueItem' in 'E:\openbroadcaster\Core\Models\QueueItem.cs' conflicts with the imported type 'QueueItem' in 'OpenBroadcaster.Core, Version=0.0.0.0, Culture=neutral, PublicKeyToken=null'. Using the type defined in 'E:\openbroadcaster\Core\Models\QueueItem.cs'. [E:\openbroadcaster\OpenBroadcaster_2xmz1yr1_wpftmp.csproj]
E:\openbroadcaster\ViewModels\MainViewModel.cs(1791,63): warning CS0436: The type 'QueueItem' in 'E:\openbroadcaster\Core\Models\QueueItem.cs' conflicts with the imported type 'QueueItem' in 'OpenBroadcaster.Core, Version=0.0.0.0, Culture=neutral, PublicKeyToken=null'. Using the type defined in 'E:\openbroadcaster\Core\Models\QueueItem.cs'. [E:\openbroadcaster\OpenBroadcaster_2xmz1yr1_wpftmp.csproj]
E:\openbroadcaster\Core\Models\AppSettings.cs(120,16): warning CS0436: The type 'OverlaySettings' in 'E:\openbroadcaster\Core\Models\AppSettings.cs' conflicts with the imported type 'OverlaySettings' in 'OpenBroadcaster.Core, Version=0.0.0.0, Culture=neutral, PublicKeyToken=null'. Using the type defined in 'E:\openbroadcaster\Core\Models\AppSettings.cs'. [E:\openbroadcaster\OpenBroadcaster_2xmz1yr1_wpftmp.csproj]
E:\openbroadcaster\ViewModels\MainViewModel.cs(2101,39): warning CS0436: The type 'AppSettings' in 'E:\openbroadcaster\Core\Models\AppSettings.cs' conflicts with the imported type 'AppSettings' in 'OpenBroadcaster.Core, Version=0.0.0.0, Culture=neutral, PublicKeyToken=null'. Using the type defined in 'E:\openbroadcaster\Core\Models\AppSettings.cs'. [E:\openbroadcaster\OpenBroadcaster_2xmz1yr1_wpftmp.csproj]
E:\openbroadcaster\ViewModels\MainViewModel.cs(2101,62): warning CS0436: The type 'AppSettings' in 'E:\openbroadcaster\Core\Models\AppSettings.cs' conflicts with the imported type 'AppSettings' in 'OpenBroadcaster.Core, Version=0.0.0.0, Culture=neutral, PublicKeyToken=null'. Using the type defined in 'E:\openbroadcaster\Core\Models\AppSettings.cs'. [E:\openbroadcaster\OpenBroadcaster_2xmz1yr1_wpftmp.csproj]
E:\openbroadcaster\Core\Models\AppSettings.cs(140,37): warning CS0436: The type 'ClockwheelSlotSettings' in 'E:\openbroadcaster\Core\Models\AppSettings.cs' conflicts with the imported type 'ClockwheelSlotSettings' in 'OpenBroadcaster.Core, Version=0.0.0.0, Culture=neutral, PublicKeyToken=null'. Using the type defined in 'E:\openbroadcaster\Core\Models\AppSettings.cs'. [E:\openbroadcaster\OpenBroadcaster_2xmz1yr1_wpftmp.csproj]
E:\openbroadcaster\ViewModels\MainViewModel.cs(2183,41): warning CS0436: The type 'QueueSettings' in 'E:\openbroadcaster\Core\Models\AppSettings.cs' conflicts with the imported type 'QueueSettings' in 'OpenBroadcaster.Core, Version=0.0.0.0, Culture=neutral, PublicKeyToken=null'. Using the type defined in 'E:\openbroadcaster\Core\Models\AppSettings.cs'. [E:\openbroadcaster\OpenBroadcaster_2xmz1yr1_wpftmp.csproj]
E:\openbroadcaster\Core\Models\AppSettings.cs(141,37): warning CS0436: The type 'RotationDefinitionSettings' in 'E:\openbroadcaster\Core\Models\AppSettings.cs' conflicts with the imported type 'RotationDefinitionSettings' in 'OpenBroadcaster.Core, Version=0.0.0.0, Culture=neutral, PublicKeyToken=null'. Using the type defined in 'E:\openbroadcaster\Core\Models\AppSettings.cs'. [E:\openbroadcaster\OpenBroadcaster_2xmz1yr1_wpftmp.csproj]
E:\openbroadcaster\Core\Models\AppSettings.cs(142,37): warning CS0436: The type 'RotationScheduleEntrySettings' in 'E:\openbroadcaster\Core\Models\AppSettings.cs' conflicts with the imported type 'RotationScheduleEntrySettings' in 'OpenBroadcaster.Core, Version=0.0.0.0, Culture=neutral, PublicKeyToken=null'. Using the type defined in 'E:\openbroadcaster\Core\Models\AppSettings.cs'. [E:\openbroadcaster\OpenBroadcaster_2xmz1yr1_wpftmp.csproj]
E:\openbroadcaster\ViewModels\MainViewModel.cs(2189,46): warning CS0436: The type 'AutomationSettings' in 'E:\openbroadcaster\Core\Models\AppSettings.cs' conflicts with the imported type 'AutomationSettings' in 'OpenBroadcaster.Core, Version=0.0.0.0, Culture=neutral, PublicKeyToken=null'. Using the type defined in 'E:\openbroadcaster\Core\Models\AppSettings.cs'. [E:\openbroadcaster\OpenBroadcaster_2xmz1yr1_wpftmp.csproj]
E:\openbroadcaster\ViewModels\MainViewModel.cs(2213,49): warning CS0436: The type 'AutomationSettings' in 'E:\openbroadcaster\Core\Models\AppSettings.cs' conflicts with the imported type 'AutomationSettings' in 'OpenBroadcaster.Core, Version=0.0.0.0, Culture=neutral, PublicKeyToken=null'. Using the type defined in 'E:\openbroadcaster\Core\Models\AppSettings.cs'. [E:\openbroadcaster\OpenBroadcaster_2xmz1yr1_wpftmp.csproj]
E:\openbroadcaster\ViewModels\MainViewModel.cs(2246,84): warning CS0436: The type 'ClockwheelSlotSettings' in 'E:\openbroadcaster\Core\Models\AppSettings.cs' conflicts with the imported type 'ClockwheelSlotSettings' in 'OpenBroadcaster.Core, Version=0.0.0.0, Culture=neutral, PublicKeyToken=null'. Using the type defined in 'E:\openbroadcaster\Core\Models\AppSettings.cs'. [E:\openbroadcaster\OpenBroadcaster_2xmz1yr1_wpftmp.csproj]
E:\openbroadcaster\ViewModels\MainViewModel.cs(2246,29): warning CS0436: The type 'ClockwheelSlot' in 'E:\openbroadcaster\Core\Automation\ClockwheelSlot.cs' conflicts with the imported type 'ClockwheelSlot' in 'OpenBroadcaster.Core, Version=0.0.0.0, Culture=neutral, PublicKeyToken=null'. Using the type defined in 'E:\openbroadcaster\Core\Automation\ClockwheelSlot.cs'. [E:\openbroadcaster\OpenBroadcaster_2xmz1yr1_wpftmp.csproj]
E:\openbroadcaster\Core\Models\AppSettings.cs(146,69): warning CS0436: The type 'SimpleRotation' in 'E:\openbroadcaster\Core\Automation\SimpleRotation.cs' conflicts with the imported type 'SimpleRotation' in 'OpenBroadcaster.Core, Version=0.0.0.0, Culture=neutral, PublicKeyToken=null'. Using the type defined in 'E:\openbroadcaster\Core\Automation\SimpleRotation.cs'. [E:\openbroadcaster\OpenBroadcaster_2xmz1yr1_wpftmp.csproj]
E:\openbroadcaster\Core\Models\AppSettings.cs(147,69): warning CS0436: The type 'SimpleSchedulerEntry' in 'E:\openbroadcaster\Core\Automation\SimpleRotation.cs' conflicts with the imported type 'SimpleSchedulerEntry' in 'OpenBroadcaster.Core, Version=0.0.0.0, Culture=neutral, PublicKeyToken=null'. Using the type defined in 'E:\openbroadcaster\Core\Automation\SimpleRotation.cs'. [E:\openbroadcaster\OpenBroadcaster_2xmz1yr1_wpftmp.csproj]
E:\openbroadcaster\Core\Models\AppSettings.cs(150,16): warning CS0436: The type 'TohSettings' in 'E:\openbroadcaster\Core\Models\TohSettings.cs' conflicts with the imported type 'TohSettings' in 'OpenBroadcaster.Core, Version=0.0.0.0, Culture=neutral, PublicKeyToken=null'. Using the type defined in 'E:\openbroadcaster\Core\Models\TohSettings.cs'. [E:\openbroadcaster\OpenBroadcaster_2xmz1yr1_wpftmp.csproj]
E:\openbroadcaster\Core\Models\AppSettings.cs(152,16): warning CS0436: The type 'AutomationSettings' in 'E:\openbroadcaster\Core\Models\AppSettings.cs' conflicts with the imported type 'AutomationSettings' in 'OpenBroadcaster.Core, Version=0.0.0.0, Culture=neutral, PublicKeyToken=null'. Using the type defined in 'E:\openbroadcaster\Core\Models\AppSettings.cs'. [E:\openbroadcaster\OpenBroadcaster_2xmz1yr1_wpftmp.csproj]
E:\openbroadcaster\ViewModels\MainViewModel.cs(2275,80): warning CS0436: The type 'RotationDefinitionSettings' in 'E:\openbroadcaster\Core\Models\AppSettings.cs' conflicts with the imported type 'RotationDefinitionSettings' in 'OpenBroadcaster.Core, Version=0.0.0.0, Culture=neutral, PublicKeyToken=null'. Using the type defined in 'E:\openbroadcaster\Core\Models\AppSettings.cs'. [E:\openbroadcaster\OpenBroadcaster_2xmz1yr1_wpftmp.csproj]
E:\openbroadcaster\ViewModels\MainViewModel.cs(2275,29): warning CS0436: The type 'RotationProgram' in 'E:\openbroadcaster\Core\Automation\RotationProgram.cs' conflicts with the imported type 'RotationProgram' in 'OpenBroadcaster.Core, Version=0.0.0.0, Culture=neutral, PublicKeyToken=null'. Using the type defined in 'E:\openbroadcaster\Core\Automation\RotationProgram.cs'. [E:\openbroadcaster\OpenBroadcaster_2xmz1yr1_wpftmp.csproj]
E:\openbroadcaster\ViewModels\MainViewModel.cs(2306,86): warning CS0436: The type 'RotationScheduleEntrySettings' in 'E:\openbroadcaster\Core\Models\AppSettings.cs' conflicts with the imported type 'RotationScheduleEntrySettings' in 'OpenBroadcaster.Core, Version=0.0.0.0, Culture=neutral, PublicKeyToken=null'. Using the type defined in 'E:\openbroadcaster\Core\Models\AppSettings.cs'. [E:\openbroadcaster\OpenBroadcaster_2xmz1yr1_wpftmp.csproj]
E:\openbroadcaster\ViewModels\MainViewModel.cs(2306,29): warning CS0436: The type 'RotationScheduleEntry' in 'E:\openbroadcaster\Core\Automation\RotationProgram.cs' conflicts with the imported type 'RotationScheduleEntry' in 'OpenBroadcaster.Core, Version=0.0.0.0, Culture=neutral, PublicKeyToken=null'. Using the type defined in 'E:\openbroadcaster\Core\Automation\RotationProgram.cs'. [E:\openbroadcaster\OpenBroadcaster_2xmz1yr1_wpftmp.csproj]
E:\openbroadcaster\Core\Models\AppSettings.cs(172,37): warning CS0436: The type 'ClockwheelSlotSettings' in 'E:\openbroadcaster\Core\Models\AppSettings.cs' conflicts with the imported type 'ClockwheelSlotSettings' in 'OpenBroadcaster.Core, Version=0.0.0.0, Culture=neutral, PublicKeyToken=null'. Using the type defined in 'E:\openbroadcaster\Core\Models\AppSettings.cs'. [E:\openbroadcaster\OpenBroadcaster_2xmz1yr1_wpftmp.csproj]
E:\openbroadcaster\ViewModels\MainViewModel.cs(2332,43): warning CS0436: The type 'RequestSettings' in 'E:\openbroadcaster\Core\Models\AppSettings.cs' conflicts with the imported type 'RequestSettings' in 'OpenBroadcaster.Core, Version=0.0.0.0, Culture=neutral, PublicKeyToken=null'. Using the type defined in 'E:\openbroadcaster\Core\Models\AppSettings.cs'. [E:\openbroadcaster\OpenBroadcaster_2xmz1yr1_wpftmp.csproj]
E:\openbroadcaster\Core\Models\AppSettings.cs(174,16): warning CS0436: The type 'RotationDefinitionSettings' in 'E:\openbroadcaster\Core\Models\AppSettings.cs' conflicts with the imported type 'RotationDefinitionSettings' in 'OpenBroadcaster.Core, Version=0.0.0.0, Culture=neutral, PublicKeyToken=null'. Using the type defined in 'E:\openbroadcaster\Core\Models\AppSettings.cs'. [E:\openbroadcaster\OpenBroadcaster_2xmz1yr1_wpftmp.csproj]
E:\openbroadcaster\Core\Automation\RotationProgram.cs(16,30): warning CS0436: The type 'ClockwheelSlot' in 'E:\openbroadcaster\Core\Automation\ClockwheelSlot.cs' conflicts with the imported type 'ClockwheelSlot' in 'OpenBroadcaster.Core, Version=0.0.0.0, Culture=neutral, PublicKeyToken=null'. Using the type defined in 'E:\openbroadcaster\Core\Automation\ClockwheelSlot.cs'. [E:\openbroadcaster\OpenBroadcaster_2xmz1yr1_wpftmp.csproj]
E:\openbroadcaster\Core\Automation\RotationProgram.cs(9,57): warning CS0436: The type 'ClockwheelSlot' in 'E:\openbroadcaster\Core\Automation\ClockwheelSlot.cs' conflicts with the imported type 'ClockwheelSlot' in 'OpenBroadcaster.Core, Version=0.0.0.0, Culture=neutral, PublicKeyToken=null'. Using the type defined in 'E:\openbroadcaster\Core\Automation\ClockwheelSlot.cs'. [E:\openbroadcaster\OpenBroadcaster_2xmz1yr1_wpftmp.csproj]
E:\openbroadcaster\Core\Automation\SimpleAutoDJService.cs(15,26): warning CS0436: The type 'SimpleScheduler' in 'E:\openbroadcaster\Core\Automation\SimpleScheduler.cs' conflicts with the imported type 'SimpleScheduler' in 'OpenBroadcaster.Core, Version=0.0.0.0, Culture=neutral, PublicKeyToken=null'. Using the type defined in 'E:\openbroadcaster\Core\Automation\SimpleScheduler.cs'. [E:\openbroadcaster\OpenBroadcaster_2xmz1yr1_wpftmp.csproj]
E:\openbroadcaster\Core\Automation\SimpleAutoDJService.cs(16,26): warning CS0436: The type 'SimpleRotationEngine' in 'E:\openbroadcaster\Core\Automation\SimpleRotationEngine.cs' conflicts with the imported type 'SimpleRotationEngine' in 'OpenBroadcaster.Core, Version=0.0.0.0, Culture=neutral, PublicKeyToken=null'. Using the type defined in 'E:\openbroadcaster\Core\Automation\SimpleRotationEngine.cs'. [E:\openbroadcaster\OpenBroadcaster_2xmz1yr1_wpftmp.csproj]
E:\openbroadcaster\Core\Automation\SimpleAutoDJService.cs(17,26): warning CS0436: The type 'IQueueService' in 'E:\openbroadcaster\Core\Services\IQueueService.cs' conflicts with the imported type 'IQueueService' in 'OpenBroadcaster.Core, Version=0.0.0.0, Culture=neutral, PublicKeyToken=null'. Using the type defined in 'E:\openbroadcaster\Core\Services\IQueueService.cs'. [E:\openbroadcaster\OpenBroadcaster_2xmz1yr1_wpftmp.csproj]
E:\openbroadcaster\Core\Automation\SimpleAutoDJService.cs(18,26): warning CS0436: The type 'IPlayerStatusService' in 'E:\openbroadcaster\Core\Services\IPlayerStatusService.cs' conflicts with the imported type 'IPlayerStatusService' in 'OpenBroadcaster.Core, Version=0.0.0.0, Culture=neutral, PublicKeyToken=null'. Using the type defined in 'E:\openbroadcaster\Core\Services\IPlayerStatusService.cs'. [E:\openbroadcaster\OpenBroadcaster_2xmz1yr1_wpftmp.csproj]
E:\openbroadcaster\Core\Automation\SimpleAutoDJService.cs(19,34): warning CS0436: The type 'SimpleAutoDJService' in 'E:\openbroadcaster\Core\Automation\SimpleAutoDJService.cs' conflicts with the imported type 'SimpleAutoDJService' in 'OpenBroadcaster.Core, Version=0.0.0.0, Culture=neutral, PublicKeyToken=null'. Using the type defined in 'E:\openbroadcaster\Core\Automation\SimpleAutoDJService.cs'. [E:\openbroadcaster\OpenBroadcaster_2xmz1yr1_wpftmp.csproj]
E:\openbroadcaster\Core\Automation\SimpleAutoDJService.cs(56,13): warning CS0436: The type 'SimpleScheduler' in 'E:\openbroadcaster\Core\Automation\SimpleScheduler.cs' conflicts with the imported type 'SimpleScheduler' in 'OpenBroadcaster.Core, Version=0.0.0.0, Culture=neutral, PublicKeyToken=null'. Using the type defined in 'E:\openbroadcaster\Core\Automation\SimpleScheduler.cs'. [E:\openbroadcaster\OpenBroadcaster_2xmz1yr1_wpftmp.csproj]
E:\openbroadcaster\Core\Automation\SimpleAutoDJService.cs(57,13): warning CS0436: The type 'SimpleRotationEngine' in 'E:\openbroadcaster\Core\Automation\SimpleRotationEngine.cs' conflicts with the imported type 'SimpleRotationEngine' in 'OpenBroadcaster.Core, Version=0.0.0.0, Culture=neutral, PublicKeyToken=null'. Using the type defined in 'E:\openbroadcaster\Core\Automation\SimpleRotationEngine.cs'. [E:\openbroadcaster\OpenBroadcaster_2xmz1yr1_wpftmp.csproj]
E:\openbroadcaster\Core\Automation\SimpleAutoDJService.cs(58,13): warning CS0436: The type 'IQueueService' in 'E:\openbroadcaster\Core\Services\IQueueService.cs' conflicts with the imported type 'IQueueService' in 'OpenBroadcaster.Core, Version=0.0.0.0, Culture=neutral, PublicKeyToken=null'. Using the type defined in 'E:\openbroadcaster\Core\Services\IQueueService.cs'. [E:\openbroadcaster\OpenBroadcaster_2xmz1yr1_wpftmp.csproj]
E:\openbroadcaster\Core\Automation\SimpleAutoDJService.cs(59,13): warning CS0436: The type 'IPlayerStatusService' in 'E:\openbroadcaster\Core\Services\IPlayerStatusService.cs' conflicts with the imported type 'IPlayerStatusService' in 'OpenBroadcaster.Core, Version=0.0.0.0, Culture=neutral, PublicKeyToken=null'. Using the type defined in 'E:\openbroadcaster\Core\Services\IPlayerStatusService.cs'. [E:\openbroadcaster\OpenBroadcaster_2xmz1yr1_wpftmp.csproj]
E:\openbroadcaster\Core\Automation\SimpleRotation.cs(13,21): warning CS0436: The type 'SimpleRotationSlot' in 'E:\openbroadcaster\Core\Automation\SimpleRotation.cs' conflicts with the imported type 'SimpleRotationSlot' in 'OpenBroadcaster.Core, Version=0.0.0.0, Culture=neutral, PublicKeyToken=null'. Using the type defined in 'E:\openbroadcaster\Core\Automation\SimpleRotation.cs'. [E:\openbroadcaster\OpenBroadcaster_2xmz1yr1_wpftmp.csproj]
E:\openbroadcaster\Core\Automation\SimpleRotationEngine.cs(33,44): warning CS0436: The type 'SimpleRotation' in 'E:\openbroadcaster\Core\Automation\SimpleRotation.cs' conflicts with the imported type 'SimpleRotation' in 'OpenBroadcaster.Core, Version=0.0.0.0, Culture=neutral, PublicKeyToken=null'. Using the type defined in 'E:\openbroadcaster\Core\Automation\SimpleRotation.cs'. [E:\openbroadcaster\OpenBroadcaster_2xmz1yr1_wpftmp.csproj]
E:\openbroadcaster\Core\Automation\SimpleRotationEngine.cs(33,24): warning CS0436: The type 'Media' in 'E:\openbroadcaster\Core\Models\Media.cs' conflicts with the imported type 'Media' in 'OpenBroadcaster.Core, Version=0.0.0.0, Culture=neutral, PublicKeyToken=null'. Using the type defined in 'E:\openbroadcaster\Core\Models\Media.cs'. [E:\openbroadcaster\OpenBroadcaster_2xmz1yr1_wpftmp.csproj]
E:\openbroadcaster\Core\Automation\SimpleRotationEngine.cs(16,26): warning CS0436: The type 'ILibraryService' in 'E:\openbroadcaster\Core\Services\ILibraryService.cs' conflicts with the imported type 'ILibraryService' in 'OpenBroadcaster.Core, Version=0.0.0.0, Culture=neutral, PublicKeyToken=null'. Using the type defined in 'E:\openbroadcaster\Core\Services\ILibraryService.cs'. [E:\openbroadcaster\OpenBroadcaster_2xmz1yr1_wpftmp.csproj]
E:\openbroadcaster\Core\Automation\SimpleRotationEngine.cs(17,34): warning CS0436: The type 'SimpleRotationEngine' in 'E:\openbroadcaster\Core\Automation\SimpleRotationEngine.cs' conflicts with the imported type 'SimpleRotationEngine' in 'OpenBroadcaster.Core, Version=0.0.0.0, Culture=neutral, PublicKeyToken=null'. Using the type defined in 'E:\openbroadcaster\Core\Automation\SimpleRotationEngine.cs'. [E:\openbroadcaster\OpenBroadcaster_2xmz1yr1_wpftmp.csproj]
E:\openbroadcaster\Core\Automation\SimpleRotationEngine.cs(20,37): warning CS0436: The type 'ILibraryService' in 'E:\openbroadcaster\Core\Services\ILibraryService.cs' conflicts with the imported type 'ILibraryService' in 'OpenBroadcaster.Core, Version=0.0.0.0, Culture=neutral, PublicKeyToken=null'. Using the type defined in 'E:\openbroadcaster\Core\Services\ILibraryService.cs'. [E:\openbroadcaster\OpenBroadcaster_2xmz1yr1_wpftmp.csproj]
E:\openbroadcaster\Core\Automation\SimpleScheduler.cs(44,24): warning CS0436: The type 'SimpleRotation' in 'E:\openbroadcaster\Core\Automation\SimpleRotation.cs' conflicts with the imported type 'SimpleRotation' in 'OpenBroadcaster.Core, Version=0.0.0.0, Culture=neutral, PublicKeyToken=null'. Using the type defined in 'E:\openbroadcaster\Core\Automation\SimpleRotation.cs'. [E:\openbroadcaster\OpenBroadcaster_2xmz1yr1_wpftmp.csproj]
E:\openbroadcaster\Core\Automation\SimpleScheduler.cs(12,26): warning CS0436: The type 'AutoDjSettingsService' in 'E:\openbroadcaster\Core\Services\AutoDjSettingsService.cs' conflicts with the imported type 'AutoDjSettingsService' in 'OpenBroadcaster.Core, Version=0.0.0.0, Culture=neutral, PublicKeyToken=null'. Using the type defined in 'E:\openbroadcaster\Core\Services\AutoDjSettingsService.cs'. [E:\openbroadcaster\OpenBroadcaster_2xmz1yr1_wpftmp.csproj]
E:\openbroadcaster\Core\Automation\SimpleScheduler.cs(14,32): warning CS0436: The type 'AutoDjSettingsService' in 'E:\openbroadcaster\Core\Services\AutoDjSettingsService.cs' conflicts with the imported type 'AutoDjSettingsService' in 'OpenBroadcaster.Core, Version=0.0.0.0, Culture=neutral, PublicKeyToken=null'. Using the type defined in 'E:\openbroadcaster\Core\Services\AutoDjSettingsService.cs'. [E:\openbroadcaster\OpenBroadcaster_2xmz1yr1_wpftmp.csproj]
E:\openbroadcaster\Core\Services\SimpleAutoDjService.cs(44,30): warning CS0436: The type 'SimpleRotation' in 'E:\openbroadcaster\Core\Automation\SimpleRotation.cs' conflicts with the imported type 'SimpleRotation' in 'OpenBroadcaster.Core, Version=0.0.0.0, Culture=neutral, PublicKeyToken=null'. Using the type defined in 'E:\openbroadcaster\Core\Automation\SimpleRotation.cs'. [E:\openbroadcaster\OpenBroadcaster_2xmz1yr1_wpftmp.csproj]
E:\openbroadcaster\Core\Services\SimpleAutoDjService.cs(234,73): warning CS0436: The type 'SimpleRotation' in 'E:\openbroadcaster\Core\Automation\SimpleRotation.cs' conflicts with the imported type 'SimpleRotation' in 'OpenBroadcaster.Core, Version=0.0.0.0, Culture=neutral, PublicKeyToken=null'. Using the type defined in 'E:\openbroadcaster\Core\Automation\SimpleRotation.cs'. [E:\openbroadcaster\OpenBroadcaster_2xmz1yr1_wpftmp.csproj]
E:\openbroadcaster\Core\Services\SimpleAutoDjService.cs(235,74): warning CS0436: The type 'SimpleSchedulerEntry' in 'E:\openbroadcaster\Core\Automation\SimpleRotation.cs' conflicts with the imported type 'SimpleSchedulerEntry' in 'OpenBroadcaster.Core, Version=0.0.0.0, Culture=neutral, PublicKeyToken=null'. Using the type defined in 'E:\openbroadcaster\Core\Automation\SimpleRotation.cs'. [E:\openbroadcaster\OpenBroadcaster_2xmz1yr1_wpftmp.csproj]
E:\openbroadcaster\Core\Services\SimpleAutoDjService.cs(460,21): warning CS0436: The type 'Track' in 'E:\openbroadcaster\Core\Models\Track.cs' conflicts with the imported type 'Track' in 'OpenBroadcaster.Core, Version=0.0.0.0, Culture=neutral, PublicKeyToken=null'. Using the type defined in 'E:\openbroadcaster\Core\Models\Track.cs'. [E:\openbroadcaster\OpenBroadcaster_2xmz1yr1_wpftmp.csproj]
E:\openbroadcaster\Core\Services\SimpleAutoDjService.cs(506,17): warning CS0436: The type 'Track' in 'E:\openbroadcaster\Core\Models\Track.cs' conflicts with the imported type 'Track' in 'OpenBroadcaster.Core, Version=0.0.0.0, Culture=neutral, PublicKeyToken=null'. Using the type defined in 'E:\openbroadcaster\Core\Models\Track.cs'. [E:\openbroadcaster\OpenBroadcaster_2xmz1yr1_wpftmp.csproj]
E:\openbroadcaster\Core\Services\SimpleAutoDjService.cs(577,17): warning CS0436: The type 'SimpleRotation' in 'E:\openbroadcaster\Core\Automation\SimpleRotation.cs' conflicts with the imported type 'SimpleRotation' in 'OpenBroadcaster.Core, Version=0.0.0.0, Culture=neutral, PublicKeyToken=null'. Using the type defined in 'E:\openbroadcaster\Core\Automation\SimpleRotation.cs'. [E:\openbroadcaster\OpenBroadcaster_2xmz1yr1_wpftmp.csproj]
E:\openbroadcaster\Core\Services\SimpleAutoDjService.cs(622,59): warning CS0436: The type 'SimpleRotation' in 'E:\openbroadcaster\Core\Automation\SimpleRotation.cs' conflicts with the imported type 'SimpleRotation' in 'OpenBroadcaster.Core, Version=0.0.0.0, Culture=neutral, PublicKeyToken=null'. Using the type defined in 'E:\openbroadcaster\Core\Automation\SimpleRotation.cs'. [E:\openbroadcaster\OpenBroadcaster_2xmz1yr1_wpftmp.csproj]
E:\openbroadcaster\Core\Services\SimpleAutoDjService.cs(622,22): warning CS0436: The type 'SimpleRotationSlot' in 'E:\openbroadcaster\Core\Automation\SimpleRotation.cs' conflicts with the imported type 'SimpleRotationSlot' in 'OpenBroadcaster.Core, Version=0.0.0.0, Culture=neutral, PublicKeyToken=null'. Using the type defined in 'E:\openbroadcaster\Core\Automation\SimpleRotation.cs'. [E:\openbroadcaster\OpenBroadcaster_2xmz1yr1_wpftmp.csproj]
E:\openbroadcaster\Core\Services\SimpleAutoDjService.cs(649,44): warning CS0436: The type 'SimpleRotationSlot' in 'E:\openbroadcaster\Core\Automation\SimpleRotation.cs' conflicts with the imported type 'SimpleRotationSlot' in 'OpenBroadcaster.Core, Version=0.0.0.0, Culture=neutral, PublicKeyToken=null'. Using the type defined in 'E:\openbroadcaster\Core\Automation\SimpleRotation.cs'. [E:\openbroadcaster\OpenBroadcaster_2xmz1yr1_wpftmp.csproj]
E:\openbroadcaster\Core\Services\SimpleAutoDjService.cs(649,17): warning CS0436: The type 'Track' in 'E:\openbroadcaster\Core\Models\Track.cs' conflicts with the imported type 'Track' in 'OpenBroadcaster.Core, Version=0.0.0.0, Culture=neutral, PublicKeyToken=null'. Using the type defined in 'E:\openbroadcaster\Core\Models\Track.cs'. [E:\openbroadcaster\OpenBroadcaster_2xmz1yr1_wpftmp.csproj]
E:\openbroadcaster\Core\Services\SimpleAutoDjService.cs(21,26): warning CS0436: The type 'QueueService' in 'E:\openbroadcaster\Core\Services\QueueService.cs' conflicts with the imported type 'QueueService' in 'OpenBroadcaster.Core, Version=0.0.0.0, Culture=neutral, PublicKeyToken=null'. Using the type defined in 'E:\openbroadcaster\Core\Services\QueueService.cs'. [E:\openbroadcaster\OpenBroadcaster_2xmz1yr1_wpftmp.csproj]
E:\openbroadcaster\Core\Services\SimpleAutoDjService.cs(22,26): warning CS0436: The type 'LibraryService' in 'E:\openbroadcaster\Core\Services\LibraryService.cs' conflicts with the imported type 'LibraryService' in 'OpenBroadcaster.Core, Version=0.0.0.0, Culture=neutral, PublicKeyToken=null'. Using the type defined in 'E:\openbroadcaster\Core\Services\LibraryService.cs'. [E:\openbroadcaster\OpenBroadcaster_2xmz1yr1_wpftmp.csproj]
E:\openbroadcaster\Core\Services\SimpleAutoDjService.cs(23,31): warning CS0436: The type 'SimpleRotation' in 'E:\openbroadcaster\Core\Automation\SimpleRotation.cs' conflicts with the imported type 'SimpleRotation' in 'OpenBroadcaster.Core, Version=0.0.0.0, Culture=neutral, PublicKeyToken=null'. Using the type defined in 'E:\openbroadcaster\Core\Automation\SimpleRotation.cs'. [E:\openbroadcaster\OpenBroadcaster_2xmz1yr1_wpftmp.csproj]
E:\openbroadcaster\Core\Services\SimpleAutoDjService.cs(24,31): warning CS0436: The type 'SimpleSchedulerEntry' in 'E:\openbroadcaster\Core\Automation\SimpleRotation.cs' conflicts with the imported type 'SimpleSchedulerEntry' in 'OpenBroadcaster.Core, Version=0.0.0.0, Culture=neutral, PublicKeyToken=null'. Using the type defined in 'E:\openbroadcaster\Core\Automation\SimpleRotation.cs'. [E:\openbroadcaster\OpenBroadcaster_2xmz1yr1_wpftmp.csproj]
E:\openbroadcaster\Core\Services\SimpleAutoDjService.cs(28,34): warning CS0436: The type 'SimpleAutoDjService' in 'E:\openbroadcaster\Core\Services\SimpleAutoDjService.cs' conflicts with the imported type 'SimpleAutoDjService' in 'OpenBroadcaster.Core, Version=0.0.0.0, Culture=neutral, PublicKeyToken=null'. Using the type defined in 'E:\openbroadcaster\Core\Services\SimpleAutoDjService.cs'. [E:\openbroadcaster\OpenBroadcaster_2xmz1yr1_wpftmp.csproj]
E:\openbroadcaster\Core\Models\AppSettings.cs(190,16): warning CS0436: The type 'RotationScheduleEntrySettings' in 'E:\openbroadcaster\Core\Models\AppSettings.cs' conflicts with the imported type 'RotationScheduleEntrySettings' in 'OpenBroadcaster.Core, Version=0.0.0.0, Culture=neutral, PublicKeyToken=null'. Using the type defined in 'E:\openbroadcaster\Core\Models\AppSettings.cs'. [E:\openbroadcaster\OpenBroadcaster_2xmz1yr1_wpftmp.csproj]
E:\openbroadcaster\ViewModels\MainViewModel.cs(2338,49): warning CS0436: The type 'AppSettings' in 'E:\openbroadcaster\Core\Models\AppSettings.cs' conflicts with the imported type 'AppSettings' in 'OpenBroadcaster.Core, Version=0.0.0.0, Culture=neutral, PublicKeyToken=null'. Using the type defined in 'E:\openbroadcaster\Core\Models\AppSettings.cs'. [E:\openbroadcaster\OpenBroadcaster_2xmz1yr1_wpftmp.csproj]
E:\openbroadcaster\Core\Services\SimpleAutoDjService.cs(36,49): warning CS0436: The type 'Track' in 'E:\openbroadcaster\Core\Models\Track.cs' conflicts with the imported type 'Track' in 'OpenBroadcaster.Core, Version=0.0.0.0, Culture=neutral, PublicKeyToken=null'. Using the type defined in 'E:\openbroadcaster\Core\Models\Track.cs'. [E:\openbroadcaster\OpenBroadcaster_2xmz1yr1_wpftmp.csproj]
E:\openbroadcaster\Core\Models\AppSettings.cs(207,16): warning CS0436: The type 'ClockwheelSlot' in 'E:\openbroadcaster\Core\Automation\ClockwheelSlot.cs' conflicts with the imported type 'ClockwheelSlot' in 'OpenBroadcaster.Core, Version=0.0.0.0, Culture=neutral, PublicKeyToken=null'. Using the type defined in 'E:\openbroadcaster\Core\Automation\ClockwheelSlot.cs'. [E:\openbroadcaster\OpenBroadcaster_2xmz1yr1_wpftmp.csproj]
E:\openbroadcaster\Core\Models\AppSettings.cs(219,16): warning CS0436: The type 'ClockwheelSlotSettings' in 'E:\openbroadcaster\Core\Models\AppSettings.cs' conflicts with the imported type 'ClockwheelSlotSettings' in 'OpenBroadcaster.Core, Version=0.0.0.0, Culture=neutral, PublicKeyToken=null'. Using the type defined in 'E:\openbroadcaster\Core\Models\AppSettings.cs'. [E:\openbroadcaster\OpenBroadcaster_2xmz1yr1_wpftmp.csproj]
E:\openbroadcaster\ViewModels\MainViewModel.cs(2396,59): warning CS0436: The type 'DeckStateChangedEvent' in 'E:\openbroadcaster\Core\Messaging\Events\DeckStateChangedEvent.cs' conflicts with the imported type 'DeckStateChangedEvent' in 'OpenBroadcaster.Core, Version=0.0.0.0, Culture=neutral, PublicKeyToken=null'. Using the type defined in 'E:\openbroadcaster\Core\Messaging\Events\DeckStateChangedEvent.cs'. [E:\openbroadcaster\OpenBroadcaster_2xmz1yr1_wpftmp.csproj]
E:\openbroadcaster\ViewModels\MainViewModel.cs(2448,17): warning CS0436: The type 'DeckStateChangedEvent' in 'E:\openbroadcaster\Core\Messaging\Events\DeckStateChangedEvent.cs' conflicts with the imported type 'DeckStateChangedEvent' in 'OpenBroadcaster.Core, Version=0.0.0.0, Culture=neutral, PublicKeyToken=null'. Using the type defined in 'E:\openbroadcaster\Core\Messaging\Events\DeckStateChangedEvent.cs'. [E:\openbroadcaster\OpenBroadcaster_2xmz1yr1_wpftmp.csproj]
E:\openbroadcaster\Core\Services\SimpleAutoDjService.cs(38,17): warning CS0436: The type 'Track' in 'E:\openbroadcaster\Core\Models\Track.cs' conflicts with the imported type 'Track' in 'OpenBroadcaster.Core, Version=0.0.0.0, Culture=neutral, PublicKeyToken=null'. Using the type defined in 'E:\openbroadcaster\Core\Models\Track.cs'. [E:\openbroadcaster\OpenBroadcaster_2xmz1yr1_wpftmp.csproj]
E:\openbroadcaster\Core\Models\AppSettings.cs(236,16): warning CS0436: The type 'RequestSettings' in 'E:\openbroadcaster\Core\Models\AppSettings.cs' conflicts with the imported type 'RequestSettings' in 'OpenBroadcaster.Core, Version=0.0.0.0, Culture=neutral, PublicKeyToken=null'. Using the type defined in 'E:\openbroadcaster\Core\Models\AppSettings.cs'. [E:\openbroadcaster\OpenBroadcaster_2xmz1yr1_wpftmp.csproj]
E:\openbroadcaster\ViewModels\MainViewModel.cs(2467,61): warning CS0436: The type 'EncoderStatusChangedEventArgs' in 'E:\openbroadcaster\Core\Streaming\EncoderState.cs' conflicts with the imported type 'EncoderStatusChangedEventArgs' in 'OpenBroadcaster.Core, Version=0.0.0.0, Culture=neutral, PublicKeyToken=null'. Using the type defined in 'E:\openbroadcaster\Core\Streaming\EncoderState.cs'. [E:\openbroadcaster\OpenBroadcaster_2xmz1yr1_wpftmp.csproj]
E:\openbroadcaster\ViewModels\MainViewModel.cs(2481,41): warning CS0436: The type 'EncoderStatus' in 'E:\openbroadcaster\Core\Streaming\EncoderState.cs' conflicts with the imported type 'EncoderStatus' in 'OpenBroadcaster.Core, Version=0.0.0.0, Culture=neutral, PublicKeyToken=null'. Using the type defined in 'E:\openbroadcaster\Core\Streaming\EncoderState.cs'. [E:\openbroadcaster\OpenBroadcaster_2xmz1yr1_wpftmp.csproj]
E:\openbroadcaster\ViewModels\MainViewModel.cs(2493,54): warning CS0436: The type 'EncoderStatus' in 'E:\openbroadcaster\Core\Streaming\EncoderState.cs' conflicts with the imported type 'EncoderStatus' in 'OpenBroadcaster.Core, Version=0.0.0.0, Culture=neutral, PublicKeyToken=null'. Using the type defined in 'E:\openbroadcaster\Core\Streaming\EncoderState.cs'. [E:\openbroadcaster\OpenBroadcaster_2xmz1yr1_wpftmp.csproj]
E:\openbroadcaster\Core\Services\SimpleAutoDjService.cs(47,13): warning CS0436: The type 'QueueService' in 'E:\openbroadcaster\Core\Services\QueueService.cs' conflicts with the imported type 'QueueService' in 'OpenBroadcaster.Core, Version=0.0.0.0, Culture=neutral, PublicKeyToken=null'. Using the type defined in 'E:\openbroadcaster\Core\Services\QueueService.cs'. [E:\openbroadcaster\OpenBroadcaster_2xmz1yr1_wpftmp.csproj]
E:\openbroadcaster\Core\Services\SimpleAutoDjService.cs(48,13): warning CS0436: The type 'LibraryService' in 'E:\openbroadcaster\Core\Services\LibraryService.cs' conflicts with the imported type 'LibraryService' in 'OpenBroadcaster.Core, Version=0.0.0.0, Culture=neutral, PublicKeyToken=null'. Using the type defined in 'E:\openbroadcaster\Core\Services\LibraryService.cs'. [E:\openbroadcaster\OpenBroadcaster_2xmz1yr1_wpftmp.csproj]
E:\openbroadcaster\Core\Services\SimpleAutoDjService.cs(49,18): warning CS0436: The type 'SimpleRotation' in 'E:\openbroadcaster\Core\Automation\SimpleRotation.cs' conflicts with the imported type 'SimpleRotation' in 'OpenBroadcaster.Core, Version=0.0.0.0, Culture=neutral, PublicKeyToken=null'. Using the type defined in 'E:\openbroadcaster\Core\Automation\SimpleRotation.cs'. [E:\openbroadcaster\OpenBroadcaster_2xmz1yr1_wpftmp.csproj]
E:\openbroadcaster\Core\Services\SimpleAutoDjService.cs(50,18): warning CS0436: The type 'SimpleSchedulerEntry' in 'E:\openbroadcaster\Core\Automation\SimpleRotation.cs' conflicts with the imported type 'SimpleSchedulerEntry' in 'OpenBroadcaster.Core, Version=0.0.0.0, Culture=neutral, PublicKeyToken=null'. Using the type defined in 'E:\openbroadcaster\Core\Automation\SimpleRotation.cs'. [E:\openbroadcaster\OpenBroadcaster_2xmz1yr1_wpftmp.csproj]
E:\openbroadcaster\Core\Services\SimpleAutoDjService.cs(53,21): warning CS0436: The type 'SimpleAutoDjService' in 'E:\openbroadcaster\Core\Services\SimpleAutoDjService.cs' conflicts with the imported type 'SimpleAutoDjService' in 'OpenBroadcaster.Core, Version=0.0.0.0, Culture=neutral, PublicKeyToken=null'. Using the type defined in 'E:\openbroadcaster\Core\Services\SimpleAutoDjService.cs'. [E:\openbroadcaster\OpenBroadcaster_2xmz1yr1_wpftmp.csproj]
E:\openbroadcaster\ViewModels\MainViewModel.cs(2551,58): warning CS0436: The type 'TwitchChatMessage' in 'E:\openbroadcaster\Core\Models\TwitchChatMessage.cs' conflicts with the imported type 'TwitchChatMessage' in 'OpenBroadcaster.Core, Version=0.0.0.0, Culture=neutral, PublicKeyToken=null'. Using the type defined in 'E:\openbroadcaster\Core\Models\TwitchChatMessage.cs'. [E:\openbroadcaster\OpenBroadcaster_2xmz1yr1_wpftmp.csproj]
E:\openbroadcaster\Core\Models\AppSettings.cs(282,16): warning CS0436: The type 'DirectServerSettings' in 'E:\openbroadcaster\Core\Models\AppSettings.cs' conflicts with the imported type 'DirectServerSettings' in 'OpenBroadcaster.Core, Version=0.0.0.0, Culture=neutral, PublicKeyToken=null'. Using the type defined in 'E:\openbroadcaster\Core\Models\AppSettings.cs'. [E:\openbroadcaster\OpenBroadcaster_2xmz1yr1_wpftmp.csproj]
E:\openbroadcaster\ViewModels\MainViewModel.cs(2607,40): warning CS0436: The type 'DeckIdentifier' in 'E:\openbroadcaster\Core\Models\DeckIdentifier.cs' conflicts with the imported type 'DeckIdentifier' in 'OpenBroadcaster.Core, Version=0.0.0.0, Culture=neutral, PublicKeyToken=null'. Using the type defined in 'E:\openbroadcaster\Core\Models\DeckIdentifier.cs'. [E:\openbroadcaster\OpenBroadcaster_2xmz1yr1_wpftmp.csproj]
E:\openbroadcaster\ViewModels\MainViewModel.cs(2678,51): warning CS0436: The type 'AudioSettings' in 'E:\openbroadcaster\Core\Models\AppSettings.cs' conflicts with the imported type 'AudioSettings' in 'OpenBroadcaster.Core, Version=0.0.0.0, Culture=neutral, PublicKeyToken=null'. Using the type defined in 'E:\openbroadcaster\Core\Models\AppSettings.cs'. [E:\openbroadcaster\OpenBroadcaster_2xmz1yr1_wpftmp.csproj]
E:\openbroadcaster\ViewModels\MainViewModel.cs(2678,69): warning CS0436: The type 'AudioSettings' in 'E:\openbroadcaster\Core\Models\AppSettings.cs' conflicts with the imported type 'AudioSettings' in 'OpenBroadcaster.Core, Version=0.0.0.0, Culture=neutral, PublicKeyToken=null'. Using the type defined in 'E:\openbroadcaster\Core\Models\AppSettings.cs'. [E:\openbroadcaster\OpenBroadcaster_2xmz1yr1_wpftmp.csproj]
E:\openbroadcaster\ViewModels\MainViewModel.cs(2703,51): warning CS0436: The type 'TwitchSettings' in 'E:\openbroadcaster\Core\Models\TwitchSettings.cs' conflicts with the imported type 'TwitchSettings' in 'OpenBroadcaster.Core, Version=0.0.0.0, Culture=neutral, PublicKeyToken=null'. Using the type defined in 'E:\openbroadcaster\Core\Models\TwitchSettings.cs'. [E:\openbroadcaster\OpenBroadcaster_2xmz1yr1_wpftmp.csproj]
E:\openbroadcaster\ViewModels\MainViewModel.cs(32,26): warning CS0436: The type 'QueueService' in 'E:\openbroadcaster\Core\Services\QueueService.cs' conflicts with the imported type 'QueueService' in 'OpenBroadcaster.Core, Version=0.0.0.0, Culture=neutral, PublicKeyToken=null'. Using the type defined in 'E:\openbroadcaster\Core\Services\QueueService.cs'. [E:\openbroadcaster\OpenBroadcaster_2xmz1yr1_wpftmp.csproj]
E:\openbroadcaster\ViewModels\MainViewModel.cs(33,26): warning CS0436: The type 'TransportService' in 'E:\openbroadcaster\Core\Services\TransportService.cs' conflicts with the imported type 'TransportService' in 'OpenBroadcaster.Core, Version=0.0.0.0, Culture=neutral, PublicKeyToken=null'. Using the type defined in 'E:\openbroadcaster\Core\Services\TransportService.cs'. [E:\openbroadcaster\OpenBroadcaster_2xmz1yr1_wpftmp.csproj]
E:\openbroadcaster\ViewModels\MainViewModel.cs(34,26): warning CS0436: The type 'AudioService' in 'E:\openbroadcaster\Core\Services\AudioService.cs' conflicts with the imported type 'AudioService' in 'OpenBroadcaster.Core, Version=0.0.0.0, Culture=neutral, PublicKeyToken=null'. Using the type defined in 'E:\openbroadcaster\Core\Services\AudioService.cs'. [E:\openbroadcaster\OpenBroadcaster_2xmz1yr1_wpftmp.csproj]
E:\openbroadcaster\ViewModels\MainViewModel.cs(35,26): warning CS0436: The type 'CartWallService' in 'E:\openbroadcaster\Core\Services\CartWallService.cs' conflicts with the imported type 'CartWallService' in 'OpenBroadcaster.Core, Version=0.0.0.0, Culture=neutral, PublicKeyToken=null'. Using the type defined in 'E:\openbroadcaster\Core\Services\CartWallService.cs'. [E:\openbroadcaster\OpenBroadcaster_2xmz1yr1_wpftmp.csproj]
E:\openbroadcaster\ViewModels\MainViewModel.cs(36,26): warning CS0436: The type 'LibraryService' in 'E:\openbroadcaster\Core\Services\LibraryService.cs' conflicts with the imported type 'LibraryService' in 'OpenBroadcaster.Core, Version=0.0.0.0, Culture=neutral, PublicKeyToken=null'. Using the type defined in 'E:\openbroadcaster\Core\Services\LibraryService.cs'. [E:\openbroadcaster\OpenBroadcaster_2xmz1yr1_wpftmp.csproj]
E:\openbroadcaster\ViewModels\MainViewModel.cs(37,26): warning CS0436: The type 'SimpleAutoDjService' in 'E:\openbroadcaster\Core\Services\SimpleAutoDjService.cs' conflicts with the imported type 'SimpleAutoDjService' in 'OpenBroadcaster.Core, Version=0.0.0.0, Culture=neutral, PublicKeyToken=null'. Using the type defined in 'E:\openbroadcaster\Core\Services\SimpleAutoDjService.cs'. [E:\openbroadcaster\OpenBroadcaster_2xmz1yr1_wpftmp.csproj]
E:\openbroadcaster\ViewModels\MainViewModel.cs(38,26): warning CS0436: The type 'TohSchedulerService' in 'E:\openbroadcaster\Core\Services\TohSchedulerService.cs' conflicts with the imported type 'TohSchedulerService' in 'OpenBroadcaster.Core, Version=0.0.0.0, Culture=neutral, PublicKeyToken=null'. Using the type defined in 'E:\openbroadcaster\Core\Services\TohSchedulerService.cs'. [E:\openbroadcaster\OpenBroadcaster_2xmz1yr1_wpftmp.csproj]
E:\openbroadcaster\ViewModels\MainViewModel.cs(39,26): warning CS0436: The type 'LoyaltyLedger' in 'E:\openbroadcaster\Core\Services\LoyaltyLedger.cs' conflicts with the imported type 'LoyaltyLedger' in 'OpenBroadcaster.Core, Version=0.0.0.0, Culture=neutral, PublicKeyToken=null'. Using the type defined in 'E:\openbroadcaster\Core\Services\LoyaltyLedger.cs'. [E:\openbroadcaster\OpenBroadcaster_2xmz1yr1_wpftmp.csproj]
E:\openbroadcaster\Core\Overlay\OverlayDataServer.cs(67,77): warning CS0436: The type 'Track' in 'E:\openbroadcaster\Core\Models\Track.cs' conflicts with the imported type 'Track' in 'OpenBroadcaster.Core, Version=0.0.0.0, Culture=neutral, PublicKeyToken=null'. Using the type defined in 'E:\openbroadcaster\Core\Models\Track.cs'. [E:\openbroadcaster\OpenBroadcaster_2xmz1yr1_wpftmp.csproj]
E:\openbroadcaster\Core\Models\Deck.cs(16,16): warning CS0436: The type 'QueueItem' in 'E:\openbroadcaster\Core\Models\QueueItem.cs' conflicts with the imported type 'QueueItem' in 'OpenBroadcaster.Core, Version=0.0.0.0, Culture=neutral, PublicKeyToken=null'. Using the type defined in 'E:\openbroadcaster\Core\Models\QueueItem.cs'. [E:\openbroadcaster\OpenBroadcaster_2xmz1yr1_wpftmp.csproj]
E:\openbroadcaster\Core\Overlay\OverlayDataServer.cs(75,67): warning CS0436: The type 'LibraryCategory' in 'E:\openbroadcaster\Core\Models\LibraryCategory.cs' conflicts with the imported type 'LibraryCategory' in 'OpenBroadcaster.Core, Version=0.0.0.0, Culture=neutral, PublicKeyToken=null'. Using the type defined in 'E:\openbroadcaster\Core\Models\LibraryCategory.cs'. [E:\openbroadcaster\OpenBroadcaster_2xmz1yr1_wpftmp.csproj]
E:\openbroadcaster\ViewModels\MainViewModel.cs(40,26): warning CS0436: The type 'AppSettingsStore' in 'E:\openbroadcaster\Core\Services\AppSettingsStore.cs' conflicts with the imported type 'AppSettingsStore' in 'OpenBroadcaster.Core, Version=0.0.0.0, Culture=neutral, PublicKeyToken=null'. Using the type defined in 'E:\openbroadcaster\Core\Services\AppSettingsStore.cs'. [E:\openbroadcaster\OpenBroadcaster_2xmz1yr1_wpftmp.csproj]
E:\openbroadcaster\Core\Models\Deck.cs(19,16): warning CS0436: The type 'DeckStatus' in 'E:\openbroadcaster\Core\Models\DeckStatus.cs' conflicts with the imported type 'DeckStatus' in 'OpenBroadcaster.Core, Version=0.0.0.0, Culture=neutral, PublicKeyToken=null'. Using the type defined in 'E:\openbroadcaster\Core\Models\DeckStatus.cs'. [E:\openbroadcaster\OpenBroadcaster_2xmz1yr1_wpftmp.csproj]
E:\openbroadcaster\Core\Overlay\OverlayDataServer.cs(83,77): warning CS0436: The type 'Track' in 'E:\openbroadcaster\Core\Models\Track.cs' conflicts with the imported type 'Track' in 'OpenBroadcaster.Core, Version=0.0.0.0, Culture=neutral, PublicKeyToken=null'. Using the type defined in 'E:\openbroadcaster\Core\Models\Track.cs'. [E:\openbroadcaster\OpenBroadcaster_2xmz1yr1_wpftmp.csproj]
E:\openbroadcaster\Core\Models\Deck.cs(34,26): warning CS0436: The type 'QueueItem' in 'E:\openbroadcaster\Core\Models\QueueItem.cs' conflicts with the imported type 'QueueItem' in 'OpenBroadcaster.Core, Version=0.0.0.0, Culture=neutral, PublicKeyToken=null'. Using the type defined in 'E:\openbroadcaster\Core\Models\QueueItem.cs'. [E:\openbroadcaster\OpenBroadcaster_2xmz1yr1_wpftmp.csproj]
E:\openbroadcaster\ViewModels\MainViewModel.cs(41,26): warning CS0436: The type 'TwitchIntegrationService' in 'E:\openbroadcaster\Core\Services\TwitchIntegrationService.cs' conflicts with the imported type 'TwitchIntegrationService' in 'OpenBroadcaster.Core, Version=0.0.0.0, Culture=neutral, PublicKeyToken=null'. Using the type defined in 'E:\openbroadcaster\Core\Services\TwitchIntegrationService.cs'. [E:\openbroadcaster\OpenBroadcaster_2xmz1yr1_wpftmp.csproj]
E:\openbroadcaster\Core\Overlay\OverlayDataServer.cs(91,67): warning CS0436: The type 'WebRequestResult' in 'E:\openbroadcaster\Core\Overlay\OverlayDataServer.cs' conflicts with the imported type 'WebRequestResult' in 'OpenBroadcaster.Core, Version=0.0.0.0, Culture=neutral, PublicKeyToken=null'. Using the type defined in 'E:\openbroadcaster\Core\Overlay\OverlayDataServer.cs'. [E:\openbroadcaster\OpenBroadcaster_2xmz1yr1_wpftmp.csproj]
E:\openbroadcaster\ViewModels\MainViewModel.cs(42,26): warning CS0436: The type 'TwitchSettingsStore' in 'E:\openbroadcaster\Core\Services\TwitchSettingsStore.cs' conflicts with the imported type 'TwitchSettingsStore' in 'OpenBroadcaster.Core, Version=0.0.0.0, Culture=neutral, PublicKeyToken=null'. Using the type defined in 'E:\openbroadcaster\Core\Services\TwitchSettingsStore.cs'. [E:\openbroadcaster\OpenBroadcaster_2xmz1yr1_wpftmp.csproj]
E:\openbroadcaster\Core\Overlay\OverlayDataServer.cs(96,35): warning CS0436: The type 'OverlaySettings' in 'E:\openbroadcaster\Core\Models\AppSettings.cs' conflicts with the imported type 'OverlaySettings' in 'OpenBroadcaster.Core, Version=0.0.0.0, Culture=neutral, PublicKeyToken=null'. Using the type defined in 'E:\openbroadcaster\Core\Models\AppSettings.cs'. [E:\openbroadcaster\OpenBroadcaster_2xmz1yr1_wpftmp.csproj]
E:\openbroadcaster\Core\Overlay\OverlayDataServer.cs(115,29): warning CS0436: The type 'OverlayStateSnapshot' in 'E:\openbroadcaster\Core\Overlay\OverlayStateSnapshot.cs' conflicts with the imported type 'OverlayStateSnapshot' in 'OpenBroadcaster.Core, Version=0.0.0.0, Culture=neutral, PublicKeyToken=null'. Using the type defined in 'E:\openbroadcaster\Core\Overlay\OverlayStateSnapshot.cs'. [E:\openbroadcaster\OpenBroadcaster_2xmz1yr1_wpftmp.csproj]
E:\openbroadcaster\ViewModels\MainViewModel.cs(43,26): warning CS0436: The type 'EncoderManager' in 'E:\openbroadcaster\Core\Streaming\EncoderManager.cs' conflicts with the imported type 'EncoderManager' in 'OpenBroadcaster.Core, Version=0.0.0.0, Culture=neutral, PublicKeyToken=null'. Using the type defined in 'E:\openbroadcaster\Core\Streaming\EncoderManager.cs'. [E:\openbroadcaster\OpenBroadcaster_2xmz1yr1_wpftmp.csproj]
E:\openbroadcaster\ViewModels\MainViewModel.cs(44,26): warning CS0436: The type 'SharedEncoderAudioSource' in 'E:\openbroadcaster\Core\Streaming\SharedEncoderAudioSource.cs' conflicts with the imported type 'SharedEncoderAudioSource' in 'OpenBroadcaster.Core, Version=0.0.0.0, Culture=neutral, PublicKeyToken=null'. Using the type defined in 'E:\openbroadcaster\Core\Streaming\SharedEncoderAudioSource.cs'. [E:\openbroadcaster\OpenBroadcaster_2xmz1yr1_wpftmp.csproj]
E:\openbroadcaster\ViewModels\MainViewModel.cs(45,26): warning CS0436: The type 'OverlayService' in 'E:\openbroadcaster\Core\Overlay\OverlayService.cs' conflicts with the imported type 'OverlayService' in 'OpenBroadcaster.Core, Version=0.0.0.0, Culture=neutral, PublicKeyToken=null'. Using the type defined in 'E:\openbroadcaster\Core\Overlay\OverlayService.cs'. [E:\openbroadcaster\OpenBroadcaster_2xmz1yr1_wpftmp.csproj]
E:\openbroadcaster\Views\ImportCategorySelectorWindow.xaml.cs(15,57): warning CS0436: The type 'LibraryCategory' in 'E:\openbroadcaster\Core\Models\LibraryCategory.cs' conflicts with the imported type 'LibraryCategory' in 'OpenBroadcaster.Core, Version=0.0.0.0, Culture=neutral, PublicKeyToken=null'. Using the type defined in 'E:\openbroadcaster\Core\Models\LibraryCategory.cs'. [E:\openbroadcaster\OpenBroadcaster_2xmz1yr1_wpftmp.csproj]
E:\openbroadcaster\ViewModels\MainViewModel.cs(50,44): warning CS0436: The type 'DirectHttpServer' in 'E:\openbroadcaster\Core\Services\DirectServer\DirectHttpServer.cs' conflicts with the imported type 'DirectHttpServer' in 'OpenBroadcaster.Core, Version=0.0.0.0, Culture=neutral, PublicKeyToken=null'. Using the type defined in 'E:\openbroadcaster\Core\Services\DirectServer\DirectHttpServer.cs'. [E:\openbroadcaster\OpenBroadcaster_2xmz1yr1_wpftmp.csproj]
E:\openbroadcaster\ViewModels\MainViewModel.cs(51,17): warning CS0436: The type 'AppSettings' in 'E:\openbroadcaster\Core\Models\AppSettings.cs' conflicts with the imported type 'AppSettings' in 'OpenBroadcaster.Core, Version=0.0.0.0, Culture=neutral, PublicKeyToken=null'. Using the type defined in 'E:\openbroadcaster\Core\Models\AppSettings.cs'. [E:\openbroadcaster\OpenBroadcaster_2xmz1yr1_wpftmp.csproj]
E:\openbroadcaster\ViewModels\MainViewModel.cs(52,17): warning CS0436: The type 'TwitchSettings' in 'E:\openbroadcaster\Core\Models\TwitchSettings.cs' conflicts with the imported type 'TwitchSettings' in 'OpenBroadcaster.Core, Version=0.0.0.0, Culture=neutral, PublicKeyToken=null'. Using the type defined in 'E:\openbroadcaster\Core\Models\TwitchSettings.cs'. [E:\openbroadcaster\OpenBroadcaster_2xmz1yr1_wpftmp.csproj]
E:\openbroadcaster\ViewModels\MainViewModel.cs(59,26): warning CS0436: The type 'IEventBus' in 'E:\openbroadcaster\Core\Messaging\IEventBus.cs' conflicts with the imported type 'IEventBus' in 'OpenBroadcaster.Core, Version=0.0.0.0, Culture=neutral, PublicKeyToken=null'. Using the type defined in 'E:\openbroadcaster\Core\Messaging\IEventBus.cs'. [E:\openbroadcaster\OpenBroadcaster_2xmz1yr1_wpftmp.csproj]
E:\openbroadcaster\ViewModels\MainViewModel.cs(63,22): warning CS0436: The type 'Track' in 'E:\openbroadcaster\Core\Models\Track.cs' conflicts with the imported type 'Track' in 'OpenBroadcaster.Core, Version=0.0.0.0, Culture=neutral, PublicKeyToken=null'. Using the type defined in 'E:\openbroadcaster\Core\Models\Track.cs'. [E:\openbroadcaster\OpenBroadcaster_2xmz1yr1_wpftmp.csproj]
E:\openbroadcaster\Views\ImportCategorySelectorWindow.xaml.cs(39,60): warning CS0436: The type 'LibraryCategory' in 'E:\openbroadcaster\Core\Models\LibraryCategory.cs' conflicts with the imported type 'LibraryCategory' in 'OpenBroadcaster.Core, Version=0.0.0.0, Culture=neutral, PublicKeyToken=null'. Using the type defined in 'E:\openbroadcaster\Core\Models\LibraryCategory.cs'. [E:\openbroadcaster\OpenBroadcaster_2xmz1yr1_wpftmp.csproj]
E:\openbroadcaster\ViewModels\MainViewModel.cs(64,34): warning CS0436: The type 'LibraryCategory' in 'E:\openbroadcaster\Core\Models\LibraryCategory.cs' conflicts with the imported type 'LibraryCategory' in 'OpenBroadcaster.Core, Version=0.0.0.0, Culture=neutral, PublicKeyToken=null'. Using the type defined in 'E:\openbroadcaster\Core\Models\LibraryCategory.cs'. [E:\openbroadcaster\OpenBroadcaster_2xmz1yr1_wpftmp.csproj]
E:\openbroadcaster\ViewModels\MainViewModel.cs(65,17): warning CS0436: The type 'SimpleRotation' in 'E:\openbroadcaster\Core\Automation\SimpleRotation.cs' conflicts with the imported type 'SimpleRotation' in 'OpenBroadcaster.Core, Version=0.0.0.0, Culture=neutral, PublicKeyToken=null'. Using the type defined in 'E:\openbroadcaster\Core\Automation\SimpleRotation.cs'. [E:\openbroadcaster\OpenBroadcaster_2xmz1yr1_wpftmp.csproj]
E:\openbroadcaster\ViewModels\MainViewModel.cs(72,17): warning CS0436: The type 'DeckStateChangedEvent' in 'E:\openbroadcaster\Core\Messaging\Events\DeckStateChangedEvent.cs' conflicts with the imported type 'DeckStateChangedEvent' in 'OpenBroadcaster.Core, Version=0.0.0.0, Culture=neutral, PublicKeyToken=null'. Using the type defined in 'E:\openbroadcaster\Core\Messaging\Events\DeckStateChangedEvent.cs'. [E:\openbroadcaster\OpenBroadcaster_2xmz1yr1_wpftmp.csproj]
E:\openbroadcaster\Core\Models\EncoderProfile.cs(28,16): warning CS0436: The type 'EncoderFormat' in 'E:\openbroadcaster\Core\Models\EncoderProfile.cs' conflicts with the imported type 'EncoderFormat' in 'OpenBroadcaster.Core, Version=0.0.0.0, Culture=neutral, PublicKeyToken=null'. Using the type defined in 'E:\openbroadcaster\Core\Models\EncoderProfile.cs'. [E:\openbroadcaster\OpenBroadcaster_2xmz1yr1_wpftmp.csproj]
E:\openbroadcaster\ViewModels\MainViewModel.cs(73,17): warning CS0436: The type 'DeckStateChangedEvent' in 'E:\openbroadcaster\Core\Messaging\Events\DeckStateChangedEvent.cs' conflicts with the imported type 'DeckStateChangedEvent' in 'OpenBroadcaster.Core, Version=0.0.0.0, Culture=neutral, PublicKeyToken=null'. Using the type defined in 'E:\openbroadcaster\Core\Messaging\Events\DeckStateChangedEvent.cs'. [E:\openbroadcaster\OpenBroadcaster_2xmz1yr1_wpftmp.csproj]
E:\openbroadcaster\Core\Models\EncoderProfile.cs(29,16): warning CS0436: The type 'EncoderProtocol' in 'E:\openbroadcaster\Core\Models\EncoderProfile.cs' conflicts with the imported type 'EncoderProtocol' in 'OpenBroadcaster.Core, Version=0.0.0.0, Culture=neutral, PublicKeyToken=null'. Using the type defined in 'E:\openbroadcaster\Core\Models\EncoderProfile.cs'. [E:\openbroadcaster\OpenBroadcaster_2xmz1yr1_wpftmp.csproj]
E:\openbroadcaster\ViewModels\MainViewModel.cs(190,17): warning CS0436: The type 'CartPad' in 'E:\openbroadcaster\Core\Models\CartPad.cs' conflicts with the imported type 'CartPad' in 'OpenBroadcaster.Core, Version=0.0.0.0, Culture=neutral, PublicKeyToken=null'. Using the type defined in 'E:\openbroadcaster\Core\Models\CartPad.cs'. [E:\openbroadcaster\OpenBroadcaster_2xmz1yr1_wpftmp.csproj]
E:\openbroadcaster\Core\Models\LibraryCategory.cs(30,16): warning CS0436: The type 'LibraryCategory' in 'E:\openbroadcaster\Core\Models\LibraryCategory.cs' conflicts with the imported type 'LibraryCategory' in 'OpenBroadcaster.Core, Version=0.0.0.0, Culture=neutral, PublicKeyToken=null'. Using the type defined in 'E:\openbroadcaster\Core\Models\LibraryCategory.cs'. [E:\openbroadcaster\OpenBroadcaster_2xmz1yr1_wpftmp.csproj]
E:\openbroadcaster\ViewModels\TwitchSettingsViewModel.cs(177,16): warning CS0436: The type 'TwitchSettings' in 'E:\openbroadcaster\Core\Models\TwitchSettings.cs' conflicts with the imported type 'TwitchSettings' in 'OpenBroadcaster.Core, Version=0.0.0.0, Culture=neutral, PublicKeyToken=null'. Using the type defined in 'E:\openbroadcaster\Core\Models\TwitchSettings.cs'. [E:\openbroadcaster\OpenBroadcaster_2xmz1yr1_wpftmp.csproj]
E:\openbroadcaster\ViewModels\TwitchSettingsViewModel.cs(11,26): warning CS0436: The type 'TwitchSettings' in 'E:\openbroadcaster\Core\Models\TwitchSettings.cs' conflicts with the imported type 'TwitchSettings' in 'OpenBroadcaster.Core, Version=0.0.0.0, Culture=neutral, PublicKeyToken=null'. Using the type defined in 'E:\openbroadcaster\Core\Models\TwitchSettings.cs'. [E:\openbroadcaster\OpenBroadcaster_2xmz1yr1_wpftmp.csproj]
E:\openbroadcaster\ViewModels\TwitchSettingsViewModel.cs(13,40): warning CS0436: The type 'TwitchSettings' in 'E:\openbroadcaster\Core\Models\TwitchSettings.cs' conflicts with the imported type 'TwitchSettings' in 'OpenBroadcaster.Core, Version=0.0.0.0, Culture=neutral, PublicKeyToken=null'. Using the type defined in 'E:\openbroadcaster\Core\Models\TwitchSettings.cs'. [E:\openbroadcaster\OpenBroadcaster_2xmz1yr1_wpftmp.csproj]
E:\openbroadcaster\Core\Overlay\OverlayDataServer.cs(31,31): warning CS0436: The type 'OverlayStateSnapshot' in 'E:\openbroadcaster\Core\Overlay\OverlayStateSnapshot.cs' conflicts with the imported type 'OverlayStateSnapshot' in 'OpenBroadcaster.Core, Version=0.0.0.0, Culture=neutral, PublicKeyToken=null'. Using the type defined in 'E:\openbroadcaster\Core\Overlay\OverlayStateSnapshot.cs'. [E:\openbroadcaster\OpenBroadcaster_2xmz1yr1_wpftmp.csproj]
E:\openbroadcaster\Core\Overlay\OverlayDataServer.cs(33,34): warning CS0436: The type 'OverlayDataServer' in 'E:\openbroadcaster\Core\Overlay\OverlayDataServer.cs' conflicts with the imported type 'OverlayDataServer' in 'OpenBroadcaster.Core, Version=0.0.0.0, Culture=neutral, PublicKeyToken=null'. Using the type defined in 'E:\openbroadcaster\Core\Overlay\OverlayDataServer.cs'. [E:\openbroadcaster\OpenBroadcaster_2xmz1yr1_wpftmp.csproj]
E:\openbroadcaster\Views\ImportCategorySelectorWindow.xaml.cs(61,44): warning CS0436: The type 'LibraryCategory' in 'E:\openbroadcaster\Core\Models\LibraryCategory.cs' conflicts with the imported type 'LibraryCategory' in 'OpenBroadcaster.Core, Version=0.0.0.0, Culture=neutral, PublicKeyToken=null'. Using the type defined in 'E:\openbroadcaster\Core\Models\LibraryCategory.cs'. [E:\openbroadcaster\OpenBroadcaster_2xmz1yr1_wpftmp.csproj]
E:\openbroadcaster\Core\Overlay\OverlayDataServer.cs(42,17): warning CS0436: The type 'OverlaySettings' in 'E:\openbroadcaster\Core\Models\AppSettings.cs' conflicts with the imported type 'OverlaySettings' in 'OpenBroadcaster.Core, Version=0.0.0.0, Culture=neutral, PublicKeyToken=null'. Using the type defined in 'E:\openbroadcaster\Core\Models\AppSettings.cs'. [E:\openbroadcaster\OpenBroadcaster_2xmz1yr1_wpftmp.csproj]
E:\openbroadcaster\Core\Relay\Client\IRelayClientLogger.cs(24,49): warning CS0436: The type 'IRelayClientLogger' in 'E:\openbroadcaster\Core\Relay\Client\IRelayClientLogger.cs' conflicts with the imported type 'IRelayClientLogger' in 'OpenBroadcaster.Core, Version=0.0.0.0, Culture=neutral, PublicKeyToken=null'. Using the type defined in 'E:\openbroadcaster\Core\Relay\Client\IRelayClientLogger.cs'. [E:\openbroadcaster\OpenBroadcaster_2xmz1yr1_wpftmp.csproj]
E:\openbroadcaster\Core\Overlay\OverlayDataServer.cs(52,49): warning CS0436: The type 'Track' in 'E:\openbroadcaster\Core\Models\Track.cs' conflicts with the imported type 'Track' in 'OpenBroadcaster.Core, Version=0.0.0.0, Culture=neutral, PublicKeyToken=null'. Using the type defined in 'E:\openbroadcaster\Core\Models\Track.cs'. [E:\openbroadcaster\OpenBroadcaster_2xmz1yr1_wpftmp.csproj]
E:\openbroadcaster\Core\Models\QueueItem.cs(26,16): warning CS0436: The type 'Track' in 'E:\openbroadcaster\Core\Models\Track.cs' conflicts with the imported type 'Track' in 'OpenBroadcaster.Core, Version=0.0.0.0, Culture=neutral, PublicKeyToken=null'. Using the type defined in 'E:\openbroadcaster\Core\Models\Track.cs'. [E:\openbroadcaster\OpenBroadcaster_2xmz1yr1_wpftmp.csproj]
E:\openbroadcaster\Core\Models\TohSettings.cs(25,16): warning CS0436: The type 'TohSelectionMode' in 'E:\openbroadcaster\Core\Models\TohSettings.cs' conflicts with the imported type 'TohSelectionMode' in 'OpenBroadcaster.Core, Version=0.0.0.0, Culture=neutral, PublicKeyToken=null'. Using the type defined in 'E:\openbroadcaster\Core\Models\TohSettings.cs'. [E:\openbroadcaster\OpenBroadcaster_2xmz1yr1_wpftmp.csproj]
E:\openbroadcaster\Core\Models\QueueItem.cs(27,16): warning CS0436: The type 'QueueSource' in 'E:\openbroadcaster\Core\Models\QueueSource.cs' conflicts with the imported type 'QueueSource' in 'OpenBroadcaster.Core, Version=0.0.0.0, Culture=neutral, PublicKeyToken=null'. Using the type defined in 'E:\openbroadcaster\Core\Models\QueueSource.cs'. [E:\openbroadcaster\OpenBroadcaster_2xmz1yr1_wpftmp.csproj]
E:\openbroadcaster\Core\Overlay\OverlayDataServer.cs(53,42): warning CS0436: The type 'LibraryCategory' in 'E:\openbroadcaster\Core\Models\LibraryCategory.cs' conflicts with the imported type 'LibraryCategory' in 'OpenBroadcaster.Core, Version=0.0.0.0, Culture=neutral, PublicKeyToken=null'. Using the type defined in 'E:\openbroadcaster\Core\Models\LibraryCategory.cs'. [E:\openbroadcaster\OpenBroadcaster_2xmz1yr1_wpftmp.csproj]
E:\openbroadcaster\Core\Models\TohSettings.cs(28,16): warning CS0436: The type 'TohSlot' in 'E:\openbroadcaster\Core\Models\TohSettings.cs' conflicts with the imported type 'TohSlot' in 'OpenBroadcaster.Core, Version=0.0.0.0, Culture=neutral, PublicKeyToken=null'. Using the type defined in 'E:\openbroadcaster\Core\Models\TohSettings.cs'. [E:\openbroadcaster\OpenBroadcaster_2xmz1yr1_wpftmp.csproj]
E:\openbroadcaster\Core\Relay\Client\IRelayClientLogger.cs(26,32): warning CS0436: The type 'NullRelayClientLogger' in 'E:\openbroadcaster\Core\Relay\Client\IRelayClientLogger.cs' conflicts with the imported type 'NullRelayClientLogger' in 'OpenBroadcaster.Core, Version=0.0.0.0, Culture=neutral, PublicKeyToken=null'. Using the type defined in 'E:\openbroadcaster\Core\Relay\Client\IRelayClientLogger.cs'. [E:\openbroadcaster\OpenBroadcaster_2xmz1yr1_wpftmp.csproj]
E:\openbroadcaster\Core\Overlay\OverlayDataServer.cs(54,48): warning CS0436: The type 'Track' in 'E:\openbroadcaster\Core\Models\Track.cs' conflicts with the imported type 'Track' in 'OpenBroadcaster.Core, Version=0.0.0.0, Culture=neutral, PublicKeyToken=null'. Using the type defined in 'E:\openbroadcaster\Core\Models\Track.cs'. [E:\openbroadcaster\OpenBroadcaster_2xmz1yr1_wpftmp.csproj]
E:\openbroadcaster\Core\Models\QueueItem.cs(8,13): warning CS0436: The type 'Track' in 'E:\openbroadcaster\Core\Models\Track.cs' conflicts with the imported type 'Track' in 'OpenBroadcaster.Core, Version=0.0.0.0, Culture=neutral, PublicKeyToken=null'. Using the type defined in 'E:\openbroadcaster\Core\Models\Track.cs'. [E:\openbroadcaster\OpenBroadcaster_2xmz1yr1_wpftmp.csproj]
E:\openbroadcaster\Core\Models\QueueItem.cs(9,13): warning CS0436: The type 'QueueSource' in 'E:\openbroadcaster\Core\Models\QueueSource.cs' conflicts with the imported type 'QueueSource' in 'OpenBroadcaster.Core, Version=0.0.0.0, Culture=neutral, PublicKeyToken=null'. Using the type defined in 'E:\openbroadcaster\Core\Models\QueueSource.cs'. [E:\openbroadcaster\OpenBroadcaster_2xmz1yr1_wpftmp.csproj]
E:\openbroadcaster\Core\Overlay\OverlayDataServer.cs(55,45): warning CS0436: The type 'WebRequestResult' in 'E:\openbroadcaster\Core\Overlay\OverlayDataServer.cs' conflicts with the imported type 'WebRequestResult' in 'OpenBroadcaster.Core, Version=0.0.0.0, Culture=neutral, PublicKeyToken=null'. Using the type defined in 'E:\openbroadcaster\Core\Overlay\OverlayDataServer.cs'. [E:\openbroadcaster\OpenBroadcaster_2xmz1yr1_wpftmp.csproj]
E:\openbroadcaster\Core\Relay\Client\IRelayClientLogger.cs(39,52): warning CS0436: The type 'IRelayClientLogger' in 'E:\openbroadcaster\Core\Relay\Client\IRelayClientLogger.cs' conflicts with the imported type 'IRelayClientLogger' in 'OpenBroadcaster.Core, Version=0.0.0.0, Culture=neutral, PublicKeyToken=null'. Using the type defined in 'E:\openbroadcaster\Core\Relay\Client\IRelayClientLogger.cs'. [E:\openbroadcaster\OpenBroadcaster_2xmz1yr1_wpftmp.csproj]
E:\openbroadcaster\Core\Overlay\OverlayDataServer.cs(57,39): warning CS0436: The type 'OverlayStateSnapshot' in 'E:\openbroadcaster\Core\Overlay\OverlayStateSnapshot.cs' conflicts with the imported type 'OverlayStateSnapshot' in 'OpenBroadcaster.Core, Version=0.0.0.0, Culture=neutral, PublicKeyToken=null'. Using the type defined in 'E:\openbroadcaster\Core\Overlay\OverlayStateSnapshot.cs'. [E:\openbroadcaster\OpenBroadcaster_2xmz1yr1_wpftmp.csproj]
E:\openbroadcaster\Core\Overlay\OverlayDataServer.cs(57,135): warning CS0436: The type 'OverlayDataServer' in 'E:\openbroadcaster\Core\Overlay\OverlayDataServer.cs' conflicts with the imported type 'OverlayDataServer' in 'OpenBroadcaster.Core, Version=0.0.0.0, Culture=neutral, PublicKeyToken=null'. Using the type defined in 'E:\openbroadcaster\Core\Overlay\OverlayDataServer.cs'. [E:\openbroadcaster\OpenBroadcaster_2xmz1yr1_wpftmp.csproj]
E:\openbroadcaster\Core\Models\TohSettings.cs(70,37): warning CS0436: The type 'TohSlot' in 'E:\openbroadcaster\Core\Models\TohSettings.cs' conflicts with the imported type 'TohSlot' in 'OpenBroadcaster.Core, Version=0.0.0.0, Culture=neutral, PublicKeyToken=null'. Using the type defined in 'E:\openbroadcaster\Core\Models\TohSettings.cs'. [E:\openbroadcaster\OpenBroadcaster_2xmz1yr1_wpftmp.csproj]
E:\openbroadcaster\Core\Models\TohSettings.cs(81,37): warning CS0436: The type 'TohSequentialIndex' in 'E:\openbroadcaster\Core\Models\TohSettings.cs' conflicts with the imported type 'TohSequentialIndex' in 'OpenBroadcaster.Core, Version=0.0.0.0, Culture=neutral, PublicKeyToken=null'. Using the type defined in 'E:\openbroadcaster\Core\Models\TohSettings.cs'. [E:\openbroadcaster\OpenBroadcaster_2xmz1yr1_wpftmp.csproj]
E:\openbroadcaster\Core\Models\TohSettings.cs(83,16): warning CS0436: The type 'TohSettings' in 'E:\openbroadcaster\Core\Models\TohSettings.cs' conflicts with the imported type 'TohSettings' in 'OpenBroadcaster.Core, Version=0.0.0.0, Culture=neutral, PublicKeyToken=null'. Using the type defined in 'E:\openbroadcaster\Core\Models\TohSettings.cs'. [E:\openbroadcaster\OpenBroadcaster_2xmz1yr1_wpftmp.csproj]
E:\openbroadcaster\Core\Models\TohSettings.cs(106,16): warning CS0436: The type 'TohSequentialIndex' in 'E:\openbroadcaster\Core\Models\TohSettings.cs' conflicts with the imported type 'TohSequentialIndex' in 'OpenBroadcaster.Core, Version=0.0.0.0, Culture=neutral, PublicKeyToken=null'. Using the type defined in 'E:\openbroadcaster\Core\Models\TohSettings.cs'. [E:\openbroadcaster\OpenBroadcaster_2xmz1yr1_wpftmp.csproj]
E:\openbroadcaster\Views\ManageCategoriesWindow.xaml.cs(17,39): warning CS0436: The type 'LibraryService' in 'E:\openbroadcaster\Core\Services\LibraryService.cs' conflicts with the imported type 'LibraryService' in 'OpenBroadcaster.Core, Version=0.0.0.0, Culture=neutral, PublicKeyToken=null'. Using the type defined in 'E:\openbroadcaster\Core\Services\LibraryService.cs'. [E:\openbroadcaster\OpenBroadcaster_2xmz1yr1_wpftmp.csproj]
E:\openbroadcaster\Core\Models\Track.cs(72,16): warning CS0436: The type 'Track' in 'E:\openbroadcaster\Core\Models\Track.cs' conflicts with the imported type 'Track' in 'OpenBroadcaster.Core, Version=0.0.0.0, Culture=neutral, PublicKeyToken=null'. Using the type defined in 'E:\openbroadcaster\Core\Models\Track.cs'. [E:\openbroadcaster\OpenBroadcaster_2xmz1yr1_wpftmp.csproj]
E:\openbroadcaster\Core\Models\TwitchSettings.cs(20,16): warning CS0436: The type 'TwitchSettings' in 'E:\openbroadcaster\Core\Models\TwitchSettings.cs' conflicts with the imported type 'TwitchSettings' in 'OpenBroadcaster.Core, Version=0.0.0.0, Culture=neutral, PublicKeyToken=null'. Using the type defined in 'E:\openbroadcaster\Core\Models\TwitchSettings.cs'. [E:\openbroadcaster\OpenBroadcaster_2xmz1yr1_wpftmp.csproj]
E:\openbroadcaster\Core\Models\TwitchSettings.cs(39,16): warning CS0436: The type 'TwitchChatOptions' in 'E:\openbroadcaster\Core\Models\TwitchChatOptions.cs' conflicts with the imported type 'TwitchChatOptions' in 'OpenBroadcaster.Core, Version=0.0.0.0, Culture=neutral, PublicKeyToken=null'. Using the type defined in 'E:\openbroadcaster\Core\Models\TwitchChatOptions.cs'. [E:\openbroadcaster\OpenBroadcaster_2xmz1yr1_wpftmp.csproj]
E:\openbroadcaster\Views\ManageCategoriesWindow.xaml.cs(32,26): warning CS0436: The type 'LibraryService' in 'E:\openbroadcaster\Core\Services\LibraryService.cs' conflicts with the imported type 'LibraryService' in 'OpenBroadcaster.Core, Version=0.0.0.0, Culture=neutral, PublicKeyToken=null'. Using the type defined in 'E:\openbroadcaster\Core\Services\LibraryService.cs'. [E:\openbroadcaster\OpenBroadcaster_2xmz1yr1_wpftmp.csproj]
E:\openbroadcaster\Core\Relay\Client\RelayClientEvents.cs(35,16): warning CS0436: The type 'RelayConnectionState' in 'E:\openbroadcaster\Core\Relay\Client\RelayClientEvents.cs' conflicts with the imported type 'RelayConnectionState' in 'OpenBroadcaster.Core, Version=0.0.0.0, Culture=neutral, PublicKeyToken=null'. Using the type defined in 'E:\openbroadcaster\Core\Relay\Client\RelayClientEvents.cs'. [E:\openbroadcaster\OpenBroadcaster_2xmz1yr1_wpftmp.csproj]
E:\openbroadcaster\Views\ManageCategoriesWindow.xaml.cs(38,42): warning CS0436: The type 'LibraryService' in 'E:\openbroadcaster\Core\Services\LibraryService.cs' conflicts with the imported type 'LibraryService' in 'OpenBroadcaster.Core, Version=0.0.0.0, Culture=neutral, PublicKeyToken=null'. Using the type defined in 'E:\openbroadcaster\Core\Services\LibraryService.cs'. [E:\openbroadcaster\OpenBroadcaster_2xmz1yr1_wpftmp.csproj]
E:\openbroadcaster\Core\Relay\Client\RelayClientEvents.cs(36,16): warning CS0436: The type 'RelayConnectionState' in 'E:\openbroadcaster\Core\Relay\Client\RelayClientEvents.cs' conflicts with the imported type 'RelayConnectionState' in 'OpenBroadcaster.Core, Version=0.0.0.0, Culture=neutral, PublicKeyToken=null'. Using the type defined in 'E:\openbroadcaster\Core\Relay\Client\RelayClientEvents.cs'. [E:\openbroadcaster\OpenBroadcaster_2xmz1yr1_wpftmp.csproj]
E:\openbroadcaster\Core\Requests\RequestPolicyEvaluator.cs(10,33): warning CS0436: The type 'RequestSettings' in 'E:\openbroadcaster\Core\Models\AppSettings.cs' conflicts with the imported type 'RequestSettings' in 'OpenBroadcaster.Core, Version=0.0.0.0, Culture=neutral, PublicKeyToken=null'. Using the type defined in 'E:\openbroadcaster\Core\Models\AppSettings.cs'. [E:\openbroadcaster\OpenBroadcaster_2xmz1yr1_wpftmp.csproj]
E:\openbroadcaster\Core\Requests\RequestPolicyEvaluator.cs(10,74): warning CS0436: The type 'QueueItem' in 'E:\openbroadcaster\Core\Models\QueueItem.cs' conflicts with the imported type 'QueueItem' in 'OpenBroadcaster.Core, Version=0.0.0.0, Culture=neutral, PublicKeyToken=null'. Using the type defined in 'E:\openbroadcaster\Core\Models\QueueItem.cs'. [E:\openbroadcaster\OpenBroadcaster_2xmz1yr1_wpftmp.csproj]
E:\openbroadcaster\Core\Relay\Client\RelayClientEvents.cs(39,48): warning CS0436: The type 'RelayConnectionState' in 'E:\openbroadcaster\Core\Relay\Client\RelayClientEvents.cs' conflicts with the imported type 'RelayConnectionState' in 'OpenBroadcaster.Core, Version=0.0.0.0, Culture=neutral, PublicKeyToken=null'. Using the type defined in 'E:\openbroadcaster\Core\Relay\Client\RelayClientEvents.cs'. [E:\openbroadcaster\OpenBroadcaster_2xmz1yr1_wpftmp.csproj]
E:\openbroadcaster\Core\Relay\Client\RelayClientEvents.cs(39,84): warning CS0436: The type 'RelayConnectionState' in 'E:\openbroadcaster\Core\Relay\Client\RelayClientEvents.cs' conflicts with the imported type 'RelayConnectionState' in 'OpenBroadcaster.Core, Version=0.0.0.0, Culture=neutral, PublicKeyToken=null'. Using the type defined in 'E:\openbroadcaster\Core\Relay\Client\RelayClientEvents.cs'. [E:\openbroadcaster\OpenBroadcaster_2xmz1yr1_wpftmp.csproj]
E:\openbroadcaster\Core\Services\AppSettingsMigrator.cs(9,29): warning CS0436: The type 'AppSettings' in 'E:\openbroadcaster\Core\Models\AppSettings.cs' conflicts with the imported type 'AppSettings' in 'OpenBroadcaster.Core, Version=0.0.0.0, Culture=neutral, PublicKeyToken=null'. Using the type defined in 'E:\openbroadcaster\Core\Models\AppSettings.cs'. [E:\openbroadcaster\OpenBroadcaster_2xmz1yr1_wpftmp.csproj]
E:\openbroadcaster\ViewModels\MainViewModel.cs(2933,41): warning CS0436: The type 'DeckStateChangedEvent' in 'E:\openbroadcaster\Core\Messaging\Events\DeckStateChangedEvent.cs' conflicts with the imported type 'DeckStateChangedEvent' in 'OpenBroadcaster.Core, Version=0.0.0.0, Culture=neutral, PublicKeyToken=null'. Using the type defined in 'E:\openbroadcaster\Core\Messaging\Events\DeckStateChangedEvent.cs'. [E:\openbroadcaster\OpenBroadcaster_2xmz1yr1_wpftmp.csproj]
E:\openbroadcaster\ViewModels\MainViewModel.cs(2946,36): warning CS0436: The type 'Track' in 'E:\openbroadcaster\Core\Models\Track.cs' conflicts with the imported type 'Track' in 'OpenBroadcaster.Core, Version=0.0.0.0, Culture=neutral, PublicKeyToken=null'. Using the type defined in 'E:\openbroadcaster\Core\Models\Track.cs'. [E:\openbroadcaster\OpenBroadcaster_2xmz1yr1_wpftmp.csproj]
E:\openbroadcaster\Core\Overlay\OverlayService.cs(50,39): warning CS0436: The type 'LibraryService' in 'E:\openbroadcaster\Core\Services\LibraryService.cs' conflicts with the imported type 'LibraryService' in 'OpenBroadcaster.Core, Version=0.0.0.0, Culture=neutral, PublicKeyToken=null'. Using the type defined in 'E:\openbroadcaster\Core\Services\LibraryService.cs'. [E:\openbroadcaster\OpenBroadcaster_2xmz1yr1_wpftmp.csproj]
E:\openbroadcaster\Views\ManageCategoriesWindow.xaml.cs(218,38): warning CS0436: The type 'LibraryCategory' in 'E:\openbroadcaster\Core\Models\LibraryCategory.cs' conflicts with the imported type 'LibraryCategory' in 'OpenBroadcaster.Core, Version=0.0.0.0, Culture=neutral, PublicKeyToken=null'. Using the type defined in 'E:\openbroadcaster\Core\Models\LibraryCategory.cs'. [E:\openbroadcaster\OpenBroadcaster_2xmz1yr1_wpftmp.csproj]
E:\openbroadcaster\Core\Relay\Client\RelayClientEvents.cs(52,16): warning CS0436: The type 'MessageEnvelope' in 'E:\openbroadcaster\Core\Relay\Contracts\MessageEnvelope.cs' conflicts with the imported type 'MessageEnvelope' in 'OpenBroadcaster.Core, Version=0.0.0.0, Culture=neutral, PublicKeyToken=null'. Using the type defined in 'E:\openbroadcaster\Core\Relay\Contracts\MessageEnvelope.cs'. [E:\openbroadcaster\OpenBroadcaster_2xmz1yr1_wpftmp.csproj]
E:\openbroadcaster\Core\Services\AppSettingsStore.cs(19,16): warning CS0436: The type 'AppSettings' in 'E:\openbroadcaster\Core\Models\AppSettings.cs' conflicts with the imported type 'AppSettings' in 'OpenBroadcaster.Core, Version=0.0.0.0, Culture=neutral, PublicKeyToken=null'. Using the type defined in 'E:\openbroadcaster\Core\Models\AppSettings.cs'. [E:\openbroadcaster\OpenBroadcaster_2xmz1yr1_wpftmp.csproj]
E:\openbroadcaster\ViewModels\MainViewModel.cs(2746,26): warning CS0436: The type 'DeckIdentifier' in 'E:\openbroadcaster\Core\Models\DeckIdentifier.cs' conflicts with the imported type 'DeckIdentifier' in 'OpenBroadcaster.Core, Version=0.0.0.0, Culture=neutral, PublicKeyToken=null'. Using the type defined in 'E:\openbroadcaster\Core\Models\DeckIdentifier.cs'. [E:\openbroadcaster\OpenBroadcaster_2xmz1yr1_wpftmp.csproj]
E:\openbroadcaster\Core\Services\AppSettingsStore.cs(45,26): warning CS0436: The type 'AppSettings' in 'E:\openbroadcaster\Core\Models\AppSettings.cs' conflicts with the imported type 'AppSettings' in 'OpenBroadcaster.Core, Version=0.0.0.0, Culture=neutral, PublicKeyToken=null'. Using the type defined in 'E:\openbroadcaster\Core\Models\AppSettings.cs'. [E:\openbroadcaster\OpenBroadcaster_2xmz1yr1_wpftmp.csproj]
E:\openbroadcaster\ViewModels\MainViewModel.cs(2747,26): warning CS0436: The type 'TransportService' in 'E:\openbroadcaster\Core\Services\TransportService.cs' conflicts with the imported type 'TransportService' in 'OpenBroadcaster.Core, Version=0.0.0.0, Culture=neutral, PublicKeyToken=null'. Using the type defined in 'E:\openbroadcaster\Core\Services\TransportService.cs'. [E:\openbroadcaster\OpenBroadcaster_2xmz1yr1_wpftmp.csproj]
E:\openbroadcaster\Core\Services\AppSettingsStore.cs(64,24): warning CS0436: The type 'AppSettings' in 'E:\openbroadcaster\Core\Models\AppSettings.cs' conflicts with the imported type 'AppSettings' in 'OpenBroadcaster.Core, Version=0.0.0.0, Culture=neutral, PublicKeyToken=null'. Using the type defined in 'E:\openbroadcaster\Core\Models\AppSettings.cs'. [E:\openbroadcaster\OpenBroadcaster_2xmz1yr1_wpftmp.csproj]
E:\openbroadcaster\Core\Overlay\OverlayService.cs(71,40): warning CS0436: The type 'RequestSettings' in 'E:\openbroadcaster\Core\Models\AppSettings.cs' conflicts with the imported type 'RequestSettings' in 'OpenBroadcaster.Core, Version=0.0.0.0, Culture=neutral, PublicKeyToken=null'. Using the type defined in 'E:\openbroadcaster\Core\Models\AppSettings.cs'. [E:\openbroadcaster\OpenBroadcaster_2xmz1yr1_wpftmp.csproj]
E:\openbroadcaster\Core\Overlay\OverlayService.cs(71,67): warning CS0436: The type 'RequestPolicyEvaluator' in 'E:\openbroadcaster\Core\Requests\RequestPolicyEvaluator.cs' conflicts with the imported type 'RequestPolicyEvaluator' in 'OpenBroadcaster.Core, Version=0.0.0.0, Culture=neutral, PublicKeyToken=null'. Using the type defined in 'E:\openbroadcaster\Core\Requests\RequestPolicyEvaluator.cs'. [E:\openbroadcaster\OpenBroadcaster_2xmz1yr1_wpftmp.csproj]
E:\openbroadcaster\Core\Relay\Client\RelayClientEvents.cs(55,41): warning CS0436: The type 'MessageEnvelope' in 'E:\openbroadcaster\Core\Relay\Contracts\MessageEnvelope.cs' conflicts with the imported type 'MessageEnvelope' in 'OpenBroadcaster.Core, Version=0.0.0.0, Culture=neutral, PublicKeyToken=null'. Using the type defined in 'E:\openbroadcaster\Core\Relay\Contracts\MessageEnvelope.cs'. [E:\openbroadcaster\OpenBroadcaster_2xmz1yr1_wpftmp.csproj]
E:\openbroadcaster\Core\Overlay\OverlayService.cs(86,17): warning CS0436: The type 'WebRequestResult' in 'E:\openbroadcaster\Core\Overlay\OverlayDataServer.cs' conflicts with the imported type 'WebRequestResult' in 'OpenBroadcaster.Core, Version=0.0.0.0, Culture=neutral, PublicKeyToken=null'. Using the type defined in 'E:\openbroadcaster\Core\Overlay\OverlayDataServer.cs'. [E:\openbroadcaster\OpenBroadcaster_2xmz1yr1_wpftmp.csproj]
E:\openbroadcaster\Core\Services\AppSettingsStore.cs(12,26): warning CS0436: The type 'AppSettingsMigrator' in 'E:\openbroadcaster\Core\Services\AppSettingsMigrator.cs' conflicts with the imported type 'AppSettingsMigrator' in 'OpenBroadcaster.Core, Version=0.0.0.0, Culture=neutral, PublicKeyToken=null'. Using the type defined in 'E:\openbroadcaster\Core\Services\AppSettingsMigrator.cs'. [E:\openbroadcaster\OpenBroadcaster_2xmz1yr1_wpftmp.csproj]
E:\openbroadcaster\Core\Overlay\OverlayService.cs(138,36): warning CS0436: The type 'OverlaySettings' in 'E:\openbroadcaster\Core\Models\AppSettings.cs' conflicts with the imported type 'OverlaySettings' in 'OpenBroadcaster.Core, Version=0.0.0.0, Culture=neutral, PublicKeyToken=null'. Using the type defined in 'E:\openbroadcaster\Core\Models\AppSettings.cs'. [E:\openbroadcaster\OpenBroadcaster_2xmz1yr1_wpftmp.csproj]
E:\openbroadcaster\ViewModels\MainViewModel.cs(2753,43): warning CS0436: The type 'DeckIdentifier' in 'E:\openbroadcaster\Core\Models\DeckIdentifier.cs' conflicts with the imported type 'DeckIdentifier' in 'OpenBroadcaster.Core, Version=0.0.0.0, Culture=neutral, PublicKeyToken=null'. Using the type defined in 'E:\openbroadcaster\Core\Models\DeckIdentifier.cs'. [E:\openbroadcaster\OpenBroadcaster_2xmz1yr1_wpftmp.csproj]
E:\openbroadcaster\ViewModels\MainViewModel.cs(2753,66): warning CS0436: The type 'TransportService' in 'E:\openbroadcaster\Core\Services\TransportService.cs' conflicts with the imported type 'TransportService' in 'OpenBroadcaster.Core, Version=0.0.0.0, Culture=neutral, PublicKeyToken=null'. Using the type defined in 'E:\openbroadcaster\Core\Services\TransportService.cs'. [E:\openbroadcaster\OpenBroadcaster_2xmz1yr1_wpftmp.csproj]
E:\openbroadcaster\ViewModels\MainViewModel.cs(2753,101): warning CS0436: The type 'IEventBus' in 'E:\openbroadcaster\Core\Messaging\IEventBus.cs' conflicts with the imported type 'IEventBus' in 'OpenBroadcaster.Core, Version=0.0.0.0, Culture=neutral, PublicKeyToken=null'. Using the type defined in 'E:\openbroadcaster\Core\Messaging\IEventBus.cs'. [E:\openbroadcaster\OpenBroadcaster_2xmz1yr1_wpftmp.csproj]
E:\openbroadcaster\Views\RotationDialog.xaml.cs(18,16): warning CS0436: The type 'SimpleRotation' in 'E:\openbroadcaster\Core\Automation\SimpleRotation.cs' conflicts with the imported type 'SimpleRotation' in 'OpenBroadcaster.Core, Version=0.0.0.0, Culture=neutral, PublicKeyToken=null'. Using the type defined in 'E:\openbroadcaster\Core\Automation\SimpleRotation.cs'. [E:\openbroadcaster\OpenBroadcaster_2xmz1yr1_wpftmp.csproj]
E:\openbroadcaster\Core\Overlay\OverlayService.cs(190,41): warning CS0436: The type 'DeckStateChangedEvent' in 'E:\openbroadcaster\Core\Messaging\Events\DeckStateChangedEvent.cs' conflicts with the imported type 'DeckStateChangedEvent' in 'OpenBroadcaster.Core, Version=0.0.0.0, Culture=neutral, PublicKeyToken=null'. Using the type defined in 'E:\openbroadcaster\Core\Messaging\Events\DeckStateChangedEvent.cs'. [E:\openbroadcaster\OpenBroadcaster_2xmz1yr1_wpftmp.csproj]
E:\openbroadcaster\Core\Overlay\OverlayService.cs(222,17): warning CS0436: The type 'OverlayStateSnapshot' in 'E:\openbroadcaster\Core\Overlay\OverlayStateSnapshot.cs' conflicts with the imported type 'OverlayStateSnapshot' in 'OpenBroadcaster.Core, Version=0.0.0.0, Culture=neutral, PublicKeyToken=null'. Using the type defined in 'E:\openbroadcaster\Core\Overlay\OverlayStateSnapshot.cs'. [E:\openbroadcaster\OpenBroadcaster_2xmz1yr1_wpftmp.csproj]
E:\openbroadcaster\Core\Overlay\OverlayService.cs(16,26): warning CS0436: The type 'QueueService' in 'E:\openbroadcaster\Core\Services\QueueService.cs' conflicts with the imported type 'QueueService' in 'OpenBroadcaster.Core, Version=0.0.0.0, Culture=neutral, PublicKeyToken=null'. Using the type defined in 'E:\openbroadcaster\Core\Services\QueueService.cs'. [E:\openbroadcaster\OpenBroadcaster_2xmz1yr1_wpftmp.csproj]
E:\openbroadcaster\Core\Overlay\OverlayService.cs(18,26): warning CS0436: The type 'OverlaySnapshotFactory' in 'E:\openbroadcaster\Core\Overlay\OverlaySnapshotFactory.cs' conflicts with the imported type 'OverlaySnapshotFactory' in 'OpenBroadcaster.Core, Version=0.0.0.0, Culture=neutral, PublicKeyToken=null'. Using the type defined in 'E:\openbroadcaster\Core\Overlay\OverlaySnapshotFactory.cs'. [E:\openbroadcaster\OpenBroadcaster_2xmz1yr1_wpftmp.csproj]
E:\openbroadcaster\Core\Models\TwitchChatOptions.cs(33,23): warning CS0436: The type 'TwitchChatOptions' in 'E:\openbroadcaster\Core\Models\TwitchChatOptions.cs' conflicts with the imported type 'TwitchChatOptions' in 'OpenBroadcaster.Core, Version=0.0.0.0, Culture=neutral, PublicKeyToken=null'. Using the type defined in 'E:\openbroadcaster\Core\Models\TwitchChatOptions.cs'. [E:\openbroadcaster\OpenBroadcaster_2xmz1yr1_wpftmp.csproj]
E:\openbroadcaster\Core\Overlay\OverlayService.cs(19,26): warning CS0436: The type 'OverlayDataServer' in 'E:\openbroadcaster\Core\Overlay\OverlayDataServer.cs' conflicts with the imported type 'OverlayDataServer' in 'OpenBroadcaster.Core, Version=0.0.0.0, Culture=neutral, PublicKeyToken=null'. Using the type defined in 'E:\openbroadcaster\Core\Overlay\OverlayDataServer.cs'. [E:\openbroadcaster\OpenBroadcaster_2xmz1yr1_wpftmp.csproj]
E:\openbroadcaster\Core\Overlay\OverlayService.cs(20,34): warning CS0436: The type 'OverlayService' in 'E:\openbroadcaster\Core\Overlay\OverlayService.cs' conflicts with the imported type 'OverlayService' in 'OpenBroadcaster.Core, Version=0.0.0.0, Culture=neutral, PublicKeyToken=null'. Using the type defined in 'E:\openbroadcaster\Core\Overlay\OverlayService.cs'. [E:\openbroadcaster\OpenBroadcaster_2xmz1yr1_wpftmp.csproj]
E:\openbroadcaster\Core\Services\AudioService.cs(102,35): warning CS0436: The type 'VuMeterReading' in 'E:\openbroadcaster\Core\Audio\VuMeterReading.cs' conflicts with the imported type 'VuMeterReading' in 'OpenBroadcaster.Core, Version=0.0.0.0, Culture=neutral, PublicKeyToken=null'. Using the type defined in 'E:\openbroadcaster\Core\Audio\VuMeterReading.cs'. [E:\openbroadcaster\OpenBroadcaster_2xmz1yr1_wpftmp.csproj]
E:\openbroadcaster\Core\Services\AudioService.cs(103,35): warning CS0436: The type 'DeckIdentifier' in 'E:\openbroadcaster\Core\Models\DeckIdentifier.cs' conflicts with the imported type 'DeckIdentifier' in 'OpenBroadcaster.Core, Version=0.0.0.0, Culture=neutral, PublicKeyToken=null'. Using the type defined in 'E:\openbroadcaster\Core\Models\DeckIdentifier.cs'. [E:\openbroadcaster\OpenBroadcaster_2xmz1yr1_wpftmp.csproj]
E:\openbroadcaster\Core\Overlay\OverlayService.cs(22,37): warning CS0436: The type 'DeckIdentifier' in 'E:\openbroadcaster\Core\Models\DeckIdentifier.cs' conflicts with the imported type 'DeckIdentifier' in 'OpenBroadcaster.Core, Version=0.0.0.0, Culture=neutral, PublicKeyToken=null'. Using the type defined in 'E:\openbroadcaster\Core\Models\DeckIdentifier.cs'. [E:\openbroadcaster\OpenBroadcaster_2xmz1yr1_wpftmp.csproj]
E:\openbroadcaster\Core\Overlay\OverlayService.cs(22,53): warning CS0436: The type 'OverlayDeckState' in 'E:\openbroadcaster\Core\Overlay\OverlaySnapshotFactory.cs' conflicts with the imported type 'OverlayDeckState' in 'OpenBroadcaster.Core, Version=0.0.0.0, Culture=neutral, PublicKeyToken=null'. Using the type defined in 'E:\openbroadcaster\Core\Overlay\OverlaySnapshotFactory.cs'. [E:\openbroadcaster\OpenBroadcaster_2xmz1yr1_wpftmp.csproj]
E:\openbroadcaster\Core\Overlay\OverlayService.cs(23,31): warning CS0436: The type 'QueueItem' in 'E:\openbroadcaster\Core\Models\QueueItem.cs' conflicts with the imported type 'QueueItem' in 'OpenBroadcaster.Core, Version=0.0.0.0, Culture=neutral, PublicKeyToken=null'. Using the type defined in 'E:\openbroadcaster\Core\Models\QueueItem.cs'. [E:\openbroadcaster\OpenBroadcaster_2xmz1yr1_wpftmp.csproj]
E:\openbroadcaster\Core\Services\AudioService.cs(99,16): warning CS0436: The type 'AudioDeck' in 'E:\openbroadcaster\Core\Audio\AudioDeck.cs' conflicts with the imported type 'AudioDeck' in 'OpenBroadcaster.Core, Version=0.0.0.0, Culture=neutral, PublicKeyToken=null'. Using the type defined in 'E:\openbroadcaster\Core\Audio\AudioDeck.cs'. [E:\openbroadcaster\OpenBroadcaster_2xmz1yr1_wpftmp.csproj]
E:\openbroadcaster\Core\Streaming\EncoderAudioSource.cs(16,28): warning CS0436: The type 'EncoderAudioFrameEventArgs' in 'E:\openbroadcaster\Core\Streaming\EncoderAudioSource.cs' conflicts with the imported type 'EncoderAudioFrameEventArgs' in 'OpenBroadcaster.Core, Version=0.0.0.0, Culture=neutral, PublicKeyToken=null'. Using the type defined in 'E:\openbroadcaster\Core\Streaming\EncoderAudioSource.cs'. [E:\openbroadcaster\OpenBroadcaster_2xmz1yr1_wpftmp.csproj]
E:\openbroadcaster\Core\Overlay\OverlayService.cs(24,31): warning CS0436: The type 'QueueItem' in 'E:\openbroadcaster\Core\Models\QueueItem.cs' conflicts with the imported type 'QueueItem' in 'OpenBroadcaster.Core, Version=0.0.0.0, Culture=neutral, PublicKeyToken=null'. Using the type defined in 'E:\openbroadcaster\Core\Models\QueueItem.cs'. [E:\openbroadcaster\OpenBroadcaster_2xmz1yr1_wpftmp.csproj]
E:\openbroadcaster\Core\Services\AudioService.cs(100,16): warning CS0436: The type 'AudioDeck' in 'E:\openbroadcaster\Core\Audio\AudioDeck.cs' conflicts with the imported type 'AudioDeck' in 'OpenBroadcaster.Core, Version=0.0.0.0, Culture=neutral, PublicKeyToken=null'. Using the type defined in 'E:\openbroadcaster\Core\Audio\AudioDeck.cs'. [E:\openbroadcaster\OpenBroadcaster_2xmz1yr1_wpftmp.csproj]
E:\openbroadcaster\Core\Overlay\OverlayService.cs(25,17): warning CS0436: The type 'OverlayStateSnapshot' in 'E:\openbroadcaster\Core\Overlay\OverlayStateSnapshot.cs' conflicts with the imported type 'OverlayStateSnapshot' in 'OpenBroadcaster.Core, Version=0.0.0.0, Culture=neutral, PublicKeyToken=null'. Using the type defined in 'E:\openbroadcaster\Core\Overlay\OverlayStateSnapshot.cs'. [E:\openbroadcaster\OpenBroadcaster_2xmz1yr1_wpftmp.csproj]
E:\openbroadcaster\Core\Overlay\OverlayService.cs(26,17): warning CS0436: The type 'LibraryService' in 'E:\openbroadcaster\Core\Services\LibraryService.cs' conflicts with the imported type 'LibraryService' in 'OpenBroadcaster.Core, Version=0.0.0.0, Culture=neutral, PublicKeyToken=null'. Using the type defined in 'E:\openbroadcaster\Core\Services\LibraryService.cs'. [E:\openbroadcaster\OpenBroadcaster_2xmz1yr1_wpftmp.csproj]
E:\openbroadcaster\Core\Overlay\OverlayService.cs(27,17): warning CS0436: The type 'RequestSettings' in 'E:\openbroadcaster\Core\Models\AppSettings.cs' conflicts with the imported type 'RequestSettings' in 'OpenBroadcaster.Core, Version=0.0.0.0, Culture=neutral, PublicKeyToken=null'. Using the type defined in 'E:\openbroadcaster\Core\Models\AppSettings.cs'. [E:\openbroadcaster\OpenBroadcaster_2xmz1yr1_wpftmp.csproj]
E:\openbroadcaster\Core\Services\AudioService.cs(105,16): warning CS0436: The type 'AudioRoutingGraph' in 'E:\openbroadcaster\Core\Audio\AudioRoutingGraph.cs' conflicts with the imported type 'AudioRoutingGraph' in 'OpenBroadcaster.Core, Version=0.0.0.0, Culture=neutral, PublicKeyToken=null'. Using the type defined in 'E:\openbroadcaster\Core\Audio\AudioRoutingGraph.cs'. [E:\openbroadcaster\OpenBroadcaster_2xmz1yr1_wpftmp.csproj]
E:\openbroadcaster\Core\Overlay\OverlayService.cs(28,17): warning CS0436: The type 'RequestPolicyEvaluator' in 'E:\openbroadcaster\Core\Requests\RequestPolicyEvaluator.cs' conflicts with the imported type 'RequestPolicyEvaluator' in 'OpenBroadcaster.Core, Version=0.0.0.0, Culture=neutral, PublicKeyToken=null'. Using the type defined in 'E:\openbroadcaster\Core\Requests\RequestPolicyEvaluator.cs'. [E:\openbroadcaster\OpenBroadcaster_2xmz1yr1_wpftmp.csproj]
E:\openbroadcaster\Core\Overlay\OverlayService.cs(31,31): warning CS0436: The type 'QueueService' in 'E:\openbroadcaster\Core\Services\QueueService.cs' conflicts with the imported type 'QueueService' in 'OpenBroadcaster.Core, Version=0.0.0.0, Culture=neutral, PublicKeyToken=null'. Using the type defined in 'E:\openbroadcaster\Core\Services\QueueService.cs'. [E:\openbroadcaster\OpenBroadcaster_2xmz1yr1_wpftmp.csproj]
E:\openbroadcaster\Core\Overlay\OverlayService.cs(31,58): warning CS0436: The type 'IEventBus' in 'E:\openbroadcaster\Core\Messaging\IEventBus.cs' conflicts with the imported type 'IEventBus' in 'OpenBroadcaster.Core, Version=0.0.0.0, Culture=neutral, PublicKeyToken=null'. Using the type defined in 'E:\openbroadcaster\Core\Messaging\IEventBus.cs'. [E:\openbroadcaster\OpenBroadcaster_2xmz1yr1_wpftmp.csproj]
E:\openbroadcaster\Core\Overlay\OverlayService.cs(31,86): warning CS0436: The type 'OverlayService' in 'E:\openbroadcaster\Core\Overlay\OverlayService.cs' conflicts with the imported type 'OverlayService' in 'OpenBroadcaster.Core, Version=0.0.0.0, Culture=neutral, PublicKeyToken=null'. Using the type defined in 'E:\openbroadcaster\Core\Overlay\OverlayService.cs'. [E:\openbroadcaster\OpenBroadcaster_2xmz1yr1_wpftmp.csproj]
E:\openbroadcaster\Core\Services\AudioService.cs(107,38): warning CS0436: The type 'IAudioEncoderTap' in 'E:\openbroadcaster\Core\Audio\IAudioEncoderTap.cs' conflicts with the imported type 'IAudioEncoderTap' in 'OpenBroadcaster.Core, Version=0.0.0.0, Culture=neutral, PublicKeyToken=null'. Using the type defined in 'E:\openbroadcaster\Core\Audio\IAudioEncoderTap.cs'. [E:\openbroadcaster\OpenBroadcaster_2xmz1yr1_wpftmp.csproj]
E:\openbroadcaster\Core\Services\AudioService.cs(116,30): warning CS0436: The type 'AudioDeviceInfo' in 'E:\openbroadcaster\Core\Audio\AudioDeviceInfo.cs' conflicts with the imported type 'AudioDeviceInfo' in 'OpenBroadcaster.Core, Version=0.0.0.0, Culture=neutral, PublicKeyToken=null'. Using the type defined in 'E:\openbroadcaster\Core\Audio\AudioDeviceInfo.cs'. [E:\openbroadcaster\OpenBroadcaster_2xmz1yr1_wpftmp.csproj]
E:\openbroadcaster\Views\RotationDialog.xaml.cs(21,31): warning CS0436: The type 'SimpleRotation' in 'E:\openbroadcaster\Core\Automation\SimpleRotation.cs' conflicts with the imported type 'SimpleRotation' in 'OpenBroadcaster.Core, Version=0.0.0.0, Culture=neutral, PublicKeyToken=null'. Using the type defined in 'E:\openbroadcaster\Core\Automation\SimpleRotation.cs'. [E:\openbroadcaster\OpenBroadcaster_2xmz1yr1_wpftmp.csproj]
E:\openbroadcaster\Core\Services\AudioService.cs(123,30): warning CS0436: The type 'AudioDeviceInfo' in 'E:\openbroadcaster\Core\Audio\AudioDeviceInfo.cs' conflicts with the imported type 'AudioDeviceInfo' in 'OpenBroadcaster.Core, Version=0.0.0.0, Culture=neutral, PublicKeyToken=null'. Using the type defined in 'E:\openbroadcaster\Core\Audio\AudioDeviceInfo.cs'. [E:\openbroadcaster\OpenBroadcaster_2xmz1yr1_wpftmp.csproj]
E:\openbroadcaster\Core\Services\AudioService.cs(128,40): warning CS0436: The type 'AudioSettings' in 'E:\openbroadcaster\Core\Models\AppSettings.cs' conflicts with the imported type 'AudioSettings' in 'OpenBroadcaster.Core, Version=0.0.0.0, Culture=neutral, PublicKeyToken=null'. Using the type defined in 'E:\openbroadcaster\Core\Models\AppSettings.cs'. [E:\openbroadcaster\OpenBroadcaster_2xmz1yr1_wpftmp.csproj]
E:\openbroadcaster\Core\Services\AudioService.cs(188,30): warning CS0436: The type 'DeckIdentifier' in 'E:\openbroadcaster\Core\Models\DeckIdentifier.cs' conflicts with the imported type 'DeckIdentifier' in 'OpenBroadcaster.Core, Version=0.0.0.0, Culture=neutral, PublicKeyToken=null'. Using the type defined in 'E:\openbroadcaster\Core\Models\DeckIdentifier.cs'. [E:\openbroadcaster\OpenBroadcaster_2xmz1yr1_wpftmp.csproj]
E:\openbroadcaster\Core\Services\AudioService.cs(194,31): warning CS0436: The type 'DeckIdentifier' in 'E:\openbroadcaster\Core\Models\DeckIdentifier.cs' conflicts with the imported type 'DeckIdentifier' in 'OpenBroadcaster.Core, Version=0.0.0.0, Culture=neutral, PublicKeyToken=null'. Using the type defined in 'E:\openbroadcaster\Core\Models\DeckIdentifier.cs'. [E:\openbroadcaster\OpenBroadcaster_2xmz1yr1_wpftmp.csproj]
E:\openbroadcaster\Core\Services\AudioService.cs(200,44): warning CS0436: The type 'DeckIdentifier' in 'E:\openbroadcaster\Core\Models\DeckIdentifier.cs' conflicts with the imported type 'DeckIdentifier' in 'OpenBroadcaster.Core, Version=0.0.0.0, Culture=neutral, PublicKeyToken=null'. Using the type defined in 'E:\openbroadcaster\Core\Models\DeckIdentifier.cs'. [E:\openbroadcaster\OpenBroadcaster_2xmz1yr1_wpftmp.csproj]
E:\openbroadcaster\Core\Relay\Client\RelayMessageHandler.cs(29,26): warning CS0436: The type 'NowPlayingPayload' in 'E:\openbroadcaster\Core\Relay\Contracts\Payloads\NowPlayingPayload.cs' conflicts with the imported type 'NowPlayingPayload' in 'OpenBroadcaster.Core, Version=0.0.0.0, Culture=neutral, PublicKeyToken=null'. Using the type defined in 'E:\openbroadcaster\Core\Relay\Contracts\Payloads\NowPlayingPayload.cs'. [E:\openbroadcaster\OpenBroadcaster_2xmz1yr1_wpftmp.csproj]
E:\openbroadcaster\Core\Streaming\EncoderAudioSource.cs(47,9): warning CS0436: The type 'IEncoderAudioSource' in 'E:\openbroadcaster\Core\Streaming\EncoderAudioSource.cs' conflicts with the imported type 'IEncoderAudioSource' in 'OpenBroadcaster.Core, Version=0.0.0.0, Culture=neutral, PublicKeyToken=null'. Using the type defined in 'E:\openbroadcaster\Core\Streaming\EncoderAudioSource.cs'. [E:\openbroadcaster\OpenBroadcaster_2xmz1yr1_wpftmp.csproj]
E:\openbroadcaster\Core\Services\AudioService.cs(212,30): warning CS0436: The type 'DeckIdentifier' in 'E:\openbroadcaster\Core\Models\DeckIdentifier.cs' conflicts with the imported type 'DeckIdentifier' in 'OpenBroadcaster.Core, Version=0.0.0.0, Culture=neutral, PublicKeyToken=null'. Using the type defined in 'E:\openbroadcaster\Core\Models\DeckIdentifier.cs'. [E:\openbroadcaster\OpenBroadcaster_2xmz1yr1_wpftmp.csproj]
E:\openbroadcaster\Core\Streaming\EncoderAudioSource.cs(50,53): warning CS0436: The type 'IEncoderAudioSourceFactory' in 'E:\openbroadcaster\Core\Streaming\EncoderAudioSource.cs' conflicts with the imported type 'IEncoderAudioSourceFactory' in 'OpenBroadcaster.Core, Version=0.0.0.0, Culture=neutral, PublicKeyToken=null'. Using the type defined in 'E:\openbroadcaster\Core\Streaming\EncoderAudioSource.cs'. [E:\openbroadcaster\OpenBroadcaster_2xmz1yr1_wpftmp.csproj]
E:\openbroadcaster\Core\Overlay\OverlaySnapshotFactory.cs(18,36): warning CS0436: The type 'OverlaySettings' in 'E:\openbroadcaster\Core\Models\AppSettings.cs' conflicts with the imported type 'OverlaySettings' in 'OpenBroadcaster.Core, Version=0.0.0.0, Culture=neutral, PublicKeyToken=null'. Using the type defined in 'E:\openbroadcaster\Core\Models\AppSettings.cs'. [E:\openbroadcaster\OpenBroadcaster_2xmz1yr1_wpftmp.csproj]
E:\openbroadcaster\Core\Services\AudioService.cs(218,37): warning CS0436: The type 'DeckIdentifier' in 'E:\openbroadcaster\Core\Models\DeckIdentifier.cs' conflicts with the imported type 'DeckIdentifier' in 'OpenBroadcaster.Core, Version=0.0.0.0, Culture=neutral, PublicKeyToken=null'. Using the type defined in 'E:\openbroadcaster\Core\Models\DeckIdentifier.cs'. [E:\openbroadcaster\OpenBroadcaster_2xmz1yr1_wpftmp.csproj]
E:\openbroadcaster\Core\Services\AudioService.cs(225,37): warning CS0436: The type 'DeckIdentifier' in 'E:\openbroadcaster\Core\Models\DeckIdentifier.cs' conflicts with the imported type 'DeckIdentifier' in 'OpenBroadcaster.Core, Version=0.0.0.0, Culture=neutral, PublicKeyToken=null'. Using the type defined in 'E:\openbroadcaster\Core\Models\DeckIdentifier.cs'. [E:\openbroadcaster\OpenBroadcaster_2xmz1yr1_wpftmp.csproj]
E:\openbroadcaster\Core\Relay\Client\RelayMessageHandler.cs(35,26): warning CS0436: The type 'QueueStatePayload' in 'E:\openbroadcaster\Core\Relay\Contracts\Payloads\QueuePayloads.cs' conflicts with the imported type 'QueueStatePayload' in 'OpenBroadcaster.Core, Version=0.0.0.0, Culture=neutral, PublicKeyToken=null'. Using the type defined in 'E:\openbroadcaster\Core\Relay\Contracts\Payloads\QueuePayloads.cs'. [E:\openbroadcaster\OpenBroadcaster_2xmz1yr1_wpftmp.csproj]
E:\openbroadcaster\Core\Streaming\EncoderAudioSource.cs(52,16): warning CS0436: The type 'IEncoderAudioSource' in 'E:\openbroadcaster\Core\Streaming\EncoderAudioSource.cs' conflicts with the imported type 'IEncoderAudioSource' in 'OpenBroadcaster.Core, Version=0.0.0.0, Culture=neutral, PublicKeyToken=null'. Using the type defined in 'E:\openbroadcaster\Core\Streaming\EncoderAudioSource.cs'. [E:\openbroadcaster\OpenBroadcaster_2xmz1yr1_wpftmp.csproj]
E:\openbroadcaster\Core\Overlay\OverlaySnapshotFactory.cs(24,25): warning CS0436: The type 'OverlayDeckState' in 'E:\openbroadcaster\Core\Overlay\OverlaySnapshotFactory.cs' conflicts with the imported type 'OverlayDeckState' in 'OpenBroadcaster.Core, Version=0.0.0.0, Culture=neutral, PublicKeyToken=null'. Using the type defined in 'E:\openbroadcaster\Core\Overlay\OverlaySnapshotFactory.cs'. [E:\openbroadcaster\OpenBroadcaster_2xmz1yr1_wpftmp.csproj]
E:\openbroadcaster\Core\Overlay\OverlaySnapshotFactory.cs(25,27): warning CS0436: The type 'QueueItem' in 'E:\openbroadcaster\Core\Models\QueueItem.cs' conflicts with the imported type 'QueueItem' in 'OpenBroadcaster.Core, Version=0.0.0.0, Culture=neutral, PublicKeyToken=null'. Using the type defined in 'E:\openbroadcaster\Core\Models\QueueItem.cs'. [E:\openbroadcaster\OpenBroadcaster_2xmz1yr1_wpftmp.csproj]
E:\openbroadcaster\Core\Overlay\OverlaySnapshotFactory.cs(26,27): warning CS0436: The type 'QueueItem' in 'E:\openbroadcaster\Core\Models\QueueItem.cs' conflicts with the imported type 'QueueItem' in 'OpenBroadcaster.Core, Version=0.0.0.0, Culture=neutral, PublicKeyToken=null'. Using the type defined in 'E:\openbroadcaster\Core\Models\QueueItem.cs'. [E:\openbroadcaster\OpenBroadcaster_2xmz1yr1_wpftmp.csproj]
E:\openbroadcaster\Core\Overlay\OverlaySnapshotFactory.cs(23,16): warning CS0436: The type 'OverlayStateSnapshot' in 'E:\openbroadcaster\Core\Overlay\OverlayStateSnapshot.cs' conflicts with the imported type 'OverlayStateSnapshot' in 'OpenBroadcaster.Core, Version=0.0.0.0, Culture=neutral, PublicKeyToken=null'. Using the type defined in 'E:\openbroadcaster\Core\Overlay\OverlayStateSnapshot.cs'. [E:\openbroadcaster\OpenBroadcaster_2xmz1yr1_wpftmp.csproj]
E:\openbroadcaster\Core\Overlay\OverlaySnapshotFactory.cs(73,55): warning CS0436: The type 'OverlayDeckState' in 'E:\openbroadcaster\Core\Overlay\OverlaySnapshotFactory.cs' conflicts with the imported type 'OverlayDeckState' in 'OpenBroadcaster.Core, Version=0.0.0.0, Culture=neutral, PublicKeyToken=null'. Using the type defined in 'E:\openbroadcaster\Core\Overlay\OverlaySnapshotFactory.cs'. [E:\openbroadcaster\OpenBroadcaster_2xmz1yr1_wpftmp.csproj]
E:\openbroadcaster\Core\Overlay\OverlaySnapshotFactory.cs(73,17): warning CS0436: The type 'OverlayTrackPayload' in 'E:\openbroadcaster\Core\Overlay\OverlayStateSnapshot.cs' conflicts with the imported type 'OverlayTrackPayload' in 'OpenBroadcaster.Core, Version=0.0.0.0, Culture=neutral, PublicKeyToken=null'. Using the type defined in 'E:\openbroadcaster\Core\Overlay\OverlayStateSnapshot.cs'. [E:\openbroadcaster\OpenBroadcaster_2xmz1yr1_wpftmp.csproj]
E:\openbroadcaster\Core\Streaming\EncoderAudioSource.cs(65,50): warning CS0436: The type 'IEncoderAudioSource' in 'E:\openbroadcaster\Core\Streaming\EncoderAudioSource.cs' conflicts with the imported type 'IEncoderAudioSource' in 'OpenBroadcaster.Core, Version=0.0.0.0, Culture=neutral, PublicKeyToken=null'. Using the type defined in 'E:\openbroadcaster\Core\Streaming\EncoderAudioSource.cs'. [E:\openbroadcaster\OpenBroadcaster_2xmz1yr1_wpftmp.csproj]
E:\openbroadcaster\Views\RotationDialog.xaml.cs(126,31): warning CS0436: The type 'SimpleRotation' in 'E:\openbroadcaster\Core\Automation\SimpleRotation.cs' conflicts with the imported type 'SimpleRotation' in 'OpenBroadcaster.Core, Version=0.0.0.0, Culture=neutral, PublicKeyToken=null'. Using the type defined in 'E:\openbroadcaster\Core\Automation\SimpleRotation.cs'. [E:\openbroadcaster\OpenBroadcaster_2xmz1yr1_wpftmp.csproj]
E:\openbroadcaster\Core\Services\AudioService.cs(237,16): warning CS0436: The type 'CartPlayback' in 'E:\openbroadcaster\Core\Audio\CartPlayback.cs' conflicts with the imported type 'CartPlayback' in 'OpenBroadcaster.Core, Version=0.0.0.0, Culture=neutral, PublicKeyToken=null'. Using the type defined in 'E:\openbroadcaster\Core\Audio\CartPlayback.cs'. [E:\openbroadcaster\OpenBroadcaster_2xmz1yr1_wpftmp.csproj]
E:\openbroadcaster\Core\Overlay\OverlaySnapshotFactory.cs(90,13): warning CS0436: The type 'QueueItem' in 'E:\openbroadcaster\Core\Models\QueueItem.cs' conflicts with the imported type 'QueueItem' in 'OpenBroadcaster.Core, Version=0.0.0.0, Culture=neutral, PublicKeyToken=null'. Using the type defined in 'E:\openbroadcaster\Core\Models\QueueItem.cs'. [E:\openbroadcaster\OpenBroadcaster_2xmz1yr1_wpftmp.csproj]
E:\openbroadcaster\Core\Overlay\OverlaySnapshotFactory.cs(89,17): warning CS0436: The type 'OverlayTrackPayload' in 'E:\openbroadcaster\Core\Overlay\OverlayStateSnapshot.cs' conflicts with the imported type 'OverlayTrackPayload' in 'OpenBroadcaster.Core, Version=0.0.0.0, Culture=neutral, PublicKeyToken=null'. Using the type defined in 'E:\openbroadcaster\Core\Overlay\OverlayStateSnapshot.cs'. [E:\openbroadcaster\OpenBroadcaster_2xmz1yr1_wpftmp.csproj]
E:\openbroadcaster\Core\Services\AudioService.cs(243,39): warning CS0436: The type 'DeckIdentifier' in 'E:\openbroadcaster\Core\Models\DeckIdentifier.cs' conflicts with the imported type 'DeckIdentifier' in 'OpenBroadcaster.Core, Version=0.0.0.0, Culture=neutral, PublicKeyToken=null'. Using the type defined in 'E:\openbroadcaster\Core\Models\DeckIdentifier.cs'. [E:\openbroadcaster\OpenBroadcaster_2xmz1yr1_wpftmp.csproj]
E:\openbroadcaster\Core\Services\AudioService.cs(243,17): warning CS0436: The type 'AudioDeck' in 'E:\openbroadcaster\Core\Audio\AudioDeck.cs' conflicts with the imported type 'AudioDeck' in 'OpenBroadcaster.Core, Version=0.0.0.0, Culture=neutral, PublicKeyToken=null'. Using the type defined in 'E:\openbroadcaster\Core\Audio\AudioDeck.cs'. [E:\openbroadcaster\OpenBroadcaster_2xmz1yr1_wpftmp.csproj]
E:\openbroadcaster\Core\Overlay\OverlaySnapshotFactory.cs(120,42): warning CS0436: The type 'QueueItem' in 'E:\openbroadcaster\Core\Models\QueueItem.cs' conflicts with the imported type 'QueueItem' in 'OpenBroadcaster.Core, Version=0.0.0.0, Culture=neutral, PublicKeyToken=null'. Using the type defined in 'E:\openbroadcaster\Core\Models\QueueItem.cs'. [E:\openbroadcaster\OpenBroadcaster_2xmz1yr1_wpftmp.csproj]
E:\openbroadcaster\Core\Streaming\EncoderAudioSource.cs(78,35): warning CS0436: The type 'EncoderAudioFrameEventArgs' in 'E:\openbroadcaster\Core\Streaming\EncoderAudioSource.cs' conflicts with the imported type 'EncoderAudioFrameEventArgs' in 'OpenBroadcaster.Core, Version=0.0.0.0, Culture=neutral, PublicKeyToken=null'. Using the type defined in 'E:\openbroadcaster\Core\Streaming\EncoderAudioSource.cs'. [E:\openbroadcaster\OpenBroadcaster_2xmz1yr1_wpftmp.csproj]
E:\openbroadcaster\Core\Overlay\OverlaySnapshotFactory.cs(142,48): warning CS0436: The type 'QueueItem' in 'E:\openbroadcaster\Core\Models\QueueItem.cs' conflicts with the imported type 'QueueItem' in 'OpenBroadcaster.Core, Version=0.0.0.0, Culture=neutral, PublicKeyToken=null'. Using the type defined in 'E:\openbroadcaster\Core\Models\QueueItem.cs'. [E:\openbroadcaster\OpenBroadcaster_2xmz1yr1_wpftmp.csproj]
E:\openbroadcaster\Views\RotationDialog.xaml.cs(202,66): warning CS0436: The type 'SimpleRotation' in 'E:\openbroadcaster\Core\Automation\SimpleRotation.cs' conflicts with the imported type 'SimpleRotation' in 'OpenBroadcaster.Core, Version=0.0.0.0, Culture=neutral, PublicKeyToken=null'. Using the type defined in 'E:\openbroadcaster\Core\Automation\SimpleRotation.cs'. [E:\openbroadcaster\OpenBroadcaster_2xmz1yr1_wpftmp.csproj]
E:\openbroadcaster\Core\Relay\Client\RelayMessageHandler.cs(41,21): warning CS0436: The type 'QueueAddPayload' in 'E:\openbroadcaster\Core\Relay\Contracts\Payloads\QueuePayloads.cs' conflicts with the imported type 'QueueAddPayload' in 'OpenBroadcaster.Core, Version=0.0.0.0, Culture=neutral, PublicKeyToken=null'. Using the type defined in 'E:\openbroadcaster\Core\Relay\Contracts\Payloads\QueuePayloads.cs'. [E:\openbroadcaster\OpenBroadcaster_2xmz1yr1_wpftmp.csproj]
E:\openbroadcaster\Core\Relay\Client\RelayMessageHandler.cs(41,43): warning CS0436: The type 'QueueAddResultPayload' in 'E:\openbroadcaster\Core\Relay\Contracts\Payloads\QueuePayloads.cs' conflicts with the imported type 'QueueAddResultPayload' in 'OpenBroadcaster.Core, Version=0.0.0.0, Culture=neutral, PublicKeyToken=null'. Using the type defined in 'E:\openbroadcaster\Core\Relay\Contracts\Payloads\QueuePayloads.cs'. [E:\openbroadcaster\OpenBroadcaster_2xmz1yr1_wpftmp.csproj]
E:\openbroadcaster\Core\Services\AudioService.cs(279,61): warning CS0436: The type 'AudioDeviceInfo' in 'E:\openbroadcaster\Core\Audio\AudioDeviceInfo.cs' conflicts with the imported type 'AudioDeviceInfo' in 'OpenBroadcaster.Core, Version=0.0.0.0, Culture=neutral, PublicKeyToken=null'. Using the type defined in 'E:\openbroadcaster\Core\Audio\AudioDeviceInfo.cs'. [E:\openbroadcaster\OpenBroadcaster_2xmz1yr1_wpftmp.csproj]
E:\openbroadcaster\Core\Overlay\OverlaySnapshotFactory.cs(10,17): warning CS0436: The type 'OverlaySettings' in 'E:\openbroadcaster\Core\Models\AppSettings.cs' conflicts with the imported type 'OverlaySettings' in 'OpenBroadcaster.Core, Version=0.0.0.0, Culture=neutral, PublicKeyToken=null'. Using the type defined in 'E:\openbroadcaster\Core\Models\AppSettings.cs'. [E:\openbroadcaster\OpenBroadcaster_2xmz1yr1_wpftmp.csproj]
E:\openbroadcaster\Core\Services\AudioService.cs(311,56): warning CS0436: The type 'AudioDeviceInfo' in 'E:\openbroadcaster\Core\Audio\AudioDeviceInfo.cs' conflicts with the imported type 'AudioDeviceInfo' in 'OpenBroadcaster.Core, Version=0.0.0.0, Culture=neutral, PublicKeyToken=null'. Using the type defined in 'E:\openbroadcaster\Core\Audio\AudioDeviceInfo.cs'. [E:\openbroadcaster\OpenBroadcaster_2xmz1yr1_wpftmp.csproj]
E:\openbroadcaster\Core\Relay\Client\RelayMessageHandler.cs(46,21): warning CS0436: The type 'QueueRemovePayload' in 'E:\openbroadcaster\Core\Relay\Contracts\Payloads\QueuePayloads.cs' conflicts with the imported type 'QueueRemovePayload' in 'OpenBroadcaster.Core, Version=0.0.0.0, Culture=neutral, PublicKeyToken=null'. Using the type defined in 'E:\openbroadcaster\Core\Relay\Contracts\Payloads\QueuePayloads.cs'. [E:\openbroadcaster\OpenBroadcaster_2xmz1yr1_wpftmp.csproj]
E:\openbroadcaster\Core\Services\AudioService.cs(321,58): warning CS0436: The type 'AudioDeviceInfo' in 'E:\openbroadcaster\Core\Audio\AudioDeviceInfo.cs' conflicts with the imported type 'AudioDeviceInfo' in 'OpenBroadcaster.Core, Version=0.0.0.0, Culture=neutral, PublicKeyToken=null'. Using the type defined in 'E:\openbroadcaster\Core\Audio\AudioDeviceInfo.cs'. [E:\openbroadcaster\OpenBroadcaster_2xmz1yr1_wpftmp.csproj]
E:\openbroadcaster\Core\Services\AudioService.cs(360,60): warning CS0436: The type 'MicSampleBlockEventArgs' in 'E:\openbroadcaster\Core\Services\MicSampleBlockEventArgs.cs' conflicts with the imported type 'MicSampleBlockEventArgs' in 'OpenBroadcaster.Core, Version=0.0.0.0, Culture=neutral, PublicKeyToken=null'. Using the type defined in 'E:\openbroadcaster\Core\Services\MicSampleBlockEventArgs.cs'. [E:\openbroadcaster\OpenBroadcaster_2xmz1yr1_wpftmp.csproj]
E:\openbroadcaster\Core\Overlay\OverlaySnapshotFactory.cs(164,9): warning CS0436: The type 'DeckIdentifier' in 'E:\openbroadcaster\Core\Models\DeckIdentifier.cs' conflicts with the imported type 'DeckIdentifier' in 'OpenBroadcaster.Core, Version=0.0.0.0, Culture=neutral, PublicKeyToken=null'. Using the type defined in 'E:\openbroadcaster\Core\Models\DeckIdentifier.cs'. [E:\openbroadcaster\OpenBroadcaster_2xmz1yr1_wpftmp.csproj]
E:\openbroadcaster\Core\Overlay\OverlaySnapshotFactory.cs(165,9): warning CS0436: The type 'QueueItem' in 'E:\openbroadcaster\Core\Models\QueueItem.cs' conflicts with the imported type 'QueueItem' in 'OpenBroadcaster.Core, Version=0.0.0.0, Culture=neutral, PublicKeyToken=null'. Using the type defined in 'E:\openbroadcaster\Core\Models\QueueItem.cs'. [E:\openbroadcaster\OpenBroadcaster_2xmz1yr1_wpftmp.csproj]
E:\openbroadcaster\Core\Streaming\EncoderAudioSource.cs(122,53): warning CS0436: The type 'IEncoderAudioSource' in 'E:\openbroadcaster\Core\Streaming\EncoderAudioSource.cs' conflicts with the imported type 'IEncoderAudioSource' in 'OpenBroadcaster.Core, Version=0.0.0.0, Culture=neutral, PublicKeyToken=null'. Using the type defined in 'E:\openbroadcaster\Core\Streaming\EncoderAudioSource.cs'. [E:\openbroadcaster\OpenBroadcaster_2xmz1yr1_wpftmp.csproj]
E:\openbroadcaster\Core\Services\AudioService.cs(54,26): warning CS0436: The type 'CartPlayer' in 'E:\openbroadcaster\Core\Audio\CartPlayer.cs' conflicts with the imported type 'CartPlayer' in 'OpenBroadcaster.Core, Version=0.0.0.0, Culture=neutral, PublicKeyToken=null'. Using the type defined in 'E:\openbroadcaster\Core\Audio\CartPlayer.cs'. [E:\openbroadcaster\OpenBroadcaster_2xmz1yr1_wpftmp.csproj]
E:\openbroadcaster\Views\RotationDialog.xaml.cs(56,40): warning CS0436: The type 'SimpleRotation' in 'E:\openbroadcaster\Core\Automation\SimpleRotation.cs' conflicts with the imported type 'SimpleRotation' in 'OpenBroadcaster.Core, Version=0.0.0.0, Culture=neutral, PublicKeyToken=null'. Using the type defined in 'E:\openbroadcaster\Core\Automation\SimpleRotation.cs'. [E:\openbroadcaster\OpenBroadcaster_2xmz1yr1_wpftmp.csproj]
E:\openbroadcaster\Core\Services\AudioService.cs(55,34): warning CS0436: The type 'AudioService' in 'E:\openbroadcaster\Core\Services\AudioService.cs' conflicts with the imported type 'AudioService' in 'OpenBroadcaster.Core, Version=0.0.0.0, Culture=neutral, PublicKeyToken=null'. Using the type defined in 'E:\openbroadcaster\Core\Services\AudioService.cs'. [E:\openbroadcaster\OpenBroadcaster_2xmz1yr1_wpftmp.csproj]
E:\openbroadcaster\Core\Relay\Client\RelayMessageHandler.cs(61,21): warning CS0436: The type 'LibrarySearchPayload' in 'E:\openbroadcaster\Core\Relay\Contracts\Payloads\LibraryPayloads.cs' conflicts with the imported type 'LibrarySearchPayload' in 'OpenBroadcaster.Core, Version=0.0.0.0, Culture=neutral, PublicKeyToken=null'. Using the type defined in 'E:\openbroadcaster\Core\Relay\Contracts\Payloads\LibraryPayloads.cs'. [E:\openbroadcaster\OpenBroadcaster_2xmz1yr1_wpftmp.csproj]
E:\openbroadcaster\Core\Relay\Client\RelayMessageHandler.cs(61,48): warning CS0436: The type 'LibrarySearchResultPayload' in 'E:\openbroadcaster\Core\Relay\Contracts\Payloads\LibraryPayloads.cs' conflicts with the imported type 'LibrarySearchResultPayload' in 'OpenBroadcaster.Core, Version=0.0.0.0, Culture=neutral, PublicKeyToken=null'. Using the type defined in 'E:\openbroadcaster\Core\Relay\Contracts\Payloads\LibraryPayloads.cs'. [E:\openbroadcaster\OpenBroadcaster_2xmz1yr1_wpftmp.csproj]
E:\openbroadcaster\Core\Services\AudioService.cs(56,26): warning CS0436: The type 'IAudioDeviceResolver' in 'E:\openbroadcaster\Core\Audio\IAudioDeviceResolver.cs' conflicts with the imported type 'IAudioDeviceResolver' in 'OpenBroadcaster.Core, Version=0.0.0.0, Culture=neutral, PublicKeyToken=null'. Using the type defined in 'E:\openbroadcaster\Core\Audio\IAudioDeviceResolver.cs'. [E:\openbroadcaster\OpenBroadcaster_2xmz1yr1_wpftmp.csproj]
E:\openbroadcaster\Core\Services\AudioService.cs(57,26): warning CS0436: The type 'AudioRoutingGraph' in 'E:\openbroadcaster\Core\Audio\AudioRoutingGraph.cs' conflicts with the imported type 'AudioRoutingGraph' in 'OpenBroadcaster.Core, Version=0.0.0.0, Culture=neutral, PublicKeyToken=null'. Using the type defined in 'E:\openbroadcaster\Core\Audio\AudioRoutingGraph.cs'. [E:\openbroadcaster\OpenBroadcaster_2xmz1yr1_wpftmp.csproj]
E:\openbroadcaster\Core\Streaming\EncoderAudioSource.cs(136,35): warning CS0436: The type 'EncoderAudioFrameEventArgs' in 'E:\openbroadcaster\Core\Streaming\EncoderAudioSource.cs' conflicts with the imported type 'EncoderAudioFrameEventArgs' in 'OpenBroadcaster.Core, Version=0.0.0.0, Culture=neutral, PublicKeyToken=null'. Using the type defined in 'E:\openbroadcaster\Core\Streaming\EncoderAudioSource.cs'. [E:\openbroadcaster\OpenBroadcaster_2xmz1yr1_wpftmp.csproj]
E:\openbroadcaster\Core\Services\AudioService.cs(58,26): warning CS0436: The type 'VuMeterService' in 'E:\openbroadcaster\Core\Audio\VuMeterService.cs' conflicts with the imported type 'VuMeterService' in 'OpenBroadcaster.Core, Version=0.0.0.0, Culture=neutral, PublicKeyToken=null'. Using the type defined in 'E:\openbroadcaster\Core\Audio\VuMeterService.cs'. [E:\openbroadcaster\OpenBroadcaster_2xmz1yr1_wpftmp.csproj]
E:\openbroadcaster\Core\Services\AudioService.cs(59,26): warning CS0436: The type 'MicInputService' in 'E:\openbroadcaster\Core\Services\MicInputService.cs' conflicts with the imported type 'MicInputService' in 'OpenBroadcaster.Core, Version=0.0.0.0, Culture=neutral, PublicKeyToken=null'. Using the type defined in 'E:\openbroadcaster\Core\Services\MicInputService.cs'. [E:\openbroadcaster\OpenBroadcaster_2xmz1yr1_wpftmp.csproj]
E:\openbroadcaster\Core\Services\AudioService.cs(60,17): warning CS0436: The type 'IAudioEncoderTap' in 'E:\openbroadcaster\Core\Audio\IAudioEncoderTap.cs' conflicts with the imported type 'IAudioEncoderTap' in 'OpenBroadcaster.Core, Version=0.0.0.0, Culture=neutral, PublicKeyToken=null'. Using the type defined in 'E:\openbroadcaster\Core\Audio\IAudioEncoderTap.cs'. [E:\openbroadcaster\OpenBroadcaster_2xmz1yr1_wpftmp.csproj]
E:\openbroadcaster\Core\Relay\Client\RelayMessageHandler.cs(66,21): warning CS0436: The type 'SongRequestPayload' in 'E:\openbroadcaster\Core\Relay\Contracts\Payloads\RequestPayloads.cs' conflicts with the imported type 'SongRequestPayload' in 'OpenBroadcaster.Core, Version=0.0.0.0, Culture=neutral, PublicKeyToken=null'. Using the type defined in 'E:\openbroadcaster\Core\Relay\Contracts\Payloads\RequestPayloads.cs'. [E:\openbroadcaster\OpenBroadcaster_2xmz1yr1_wpftmp.csproj]
E:\openbroadcaster\Core\Relay\Client\RelayMessageHandler.cs(66,46): warning CS0436: The type 'SongRequestResultPayload' in 'E:\openbroadcaster\Core\Relay\Contracts\Payloads\RequestPayloads.cs' conflicts with the imported type 'SongRequestResultPayload' in 'OpenBroadcaster.Core, Version=0.0.0.0, Culture=neutral, PublicKeyToken=null'. Using the type defined in 'E:\openbroadcaster\Core\Relay\Contracts\Payloads\RequestPayloads.cs'. [E:\openbroadcaster\OpenBroadcaster_2xmz1yr1_wpftmp.csproj]
E:\openbroadcaster\Core\Overlay\OverlayStateSnapshot.cs(8,23): warning CS0436: The type 'OverlayStateSnapshot' in 'E:\openbroadcaster\Core\Overlay\OverlayStateSnapshot.cs' conflicts with the imported type 'OverlayStateSnapshot' in 'OpenBroadcaster.Core, Version=0.0.0.0, Culture=neutral, PublicKeyToken=null'. Using the type defined in 'E:\openbroadcaster\Core\Overlay\OverlayStateSnapshot.cs'. [E:\openbroadcaster\OpenBroadcaster_2xmz1yr1_wpftmp.csproj]
E:\openbroadcaster\Core\Services\AudioService.cs(64,37): warning CS0436: The type 'AudioService' in 'E:\openbroadcaster\Core\Services\AudioService.cs' conflicts with the imported type 'AudioService' in 'OpenBroadcaster.Core, Version=0.0.0.0, Culture=neutral, PublicKeyToken=null'. Using the type defined in 'E:\openbroadcaster\Core\Services\AudioService.cs'. [E:\openbroadcaster\OpenBroadcaster_2xmz1yr1_wpftmp.csproj]
E:\openbroadcaster\Core\Services\AudioService.cs(64,67): warning CS0436: The type 'IAudioDeviceResolver' in 'E:\openbroadcaster\Core\Audio\IAudioDeviceResolver.cs' conflicts with the imported type 'IAudioDeviceResolver' in 'OpenBroadcaster.Core, Version=0.0.0.0, Culture=neutral, PublicKeyToken=null'. Using the type defined in 'E:\openbroadcaster\Core\Audio\IAudioDeviceResolver.cs'. [E:\openbroadcaster\OpenBroadcaster_2xmz1yr1_wpftmp.csproj]
E:\openbroadcaster\Core\Relay\Client\RelayMessageHandler.cs(79,62): warning CS0436: The type 'MessageReceivedEventArgs' in 'E:\openbroadcaster\Core\Relay\Client\RelayClientEvents.cs' conflicts with the imported type 'MessageReceivedEventArgs' in 'OpenBroadcaster.Core, Version=0.0.0.0, Culture=neutral, PublicKeyToken=null'. Using the type defined in 'E:\openbroadcaster\Core\Relay\Client\RelayClientEvents.cs'. [E:\openbroadcaster\OpenBroadcaster_2xmz1yr1_wpftmp.csproj]
E:\openbroadcaster\Core\Overlay\OverlayStateSnapshot.cs(30,16): warning CS0436: The type 'OverlayTrackPayload' in 'E:\openbroadcaster\Core\Overlay\OverlayStateSnapshot.cs' conflicts with the imported type 'OverlayTrackPayload' in 'OpenBroadcaster.Core, Version=0.0.0.0, Culture=neutral, PublicKeyToken=null'. Using the type defined in 'E:\openbroadcaster\Core\Overlay\OverlayStateSnapshot.cs'. [E:\openbroadcaster\OpenBroadcaster_2xmz1yr1_wpftmp.csproj]
E:\openbroadcaster\Core\Relay\Client\RelayMessageHandler.cs(91,47): warning CS0436: The type 'MessageEnvelope' in 'E:\openbroadcaster\Core\Relay\Contracts\MessageEnvelope.cs' conflicts with the imported type 'MessageEnvelope' in 'OpenBroadcaster.Core, Version=0.0.0.0, Culture=neutral, PublicKeyToken=null'. Using the type defined in 'E:\openbroadcaster\Core\Relay\Contracts\MessageEnvelope.cs'. [E:\openbroadcaster\OpenBroadcaster_2xmz1yr1_wpftmp.csproj]
E:\openbroadcaster\Core\Overlay\OverlayStateSnapshot.cs(31,16): warning CS0436: The type 'OverlayTrackPayload' in 'E:\openbroadcaster\Core\Overlay\OverlayStateSnapshot.cs' conflicts with the imported type 'OverlayTrackPayload' in 'OpenBroadcaster.Core, Version=0.0.0.0, Culture=neutral, PublicKeyToken=null'. Using the type defined in 'E:\openbroadcaster\Core\Overlay\OverlayStateSnapshot.cs'. [E:\openbroadcaster\OpenBroadcaster_2xmz1yr1_wpftmp.csproj]
E:\openbroadcaster\Core\Relay\Client\RelayMessageHandler.cs(135,57): warning CS0436: The type 'MessageEnvelope' in 'E:\openbroadcaster\Core\Relay\Contracts\MessageEnvelope.cs' conflicts with the imported type 'MessageEnvelope' in 'OpenBroadcaster.Core, Version=0.0.0.0, Culture=neutral, PublicKeyToken=null'. Using the type defined in 'E:\openbroadcaster\Core\Relay\Contracts\MessageEnvelope.cs'. [E:\openbroadcaster\OpenBroadcaster_2xmz1yr1_wpftmp.csproj]
E:\openbroadcaster\Core\Overlay\OverlayStateSnapshot.cs(32,30): warning CS0436: The type 'OverlayTrackPayload' in 'E:\openbroadcaster\Core\Overlay\OverlayStateSnapshot.cs' conflicts with the imported type 'OverlayTrackPayload' in 'OpenBroadcaster.Core, Version=0.0.0.0, Culture=neutral, PublicKeyToken=null'. Using the type defined in 'E:\openbroadcaster\Core\Overlay\OverlayStateSnapshot.cs'. [E:\openbroadcaster\OpenBroadcaster_2xmz1yr1_wpftmp.csproj]
E:\openbroadcaster\Core\Relay\Client\RelayMessageHandler.cs(152,52): warning CS0436: The type 'MessageEnvelope' in 'E:\openbroadcaster\Core\Relay\Contracts\MessageEnvelope.cs' conflicts with the imported type 'MessageEnvelope' in 'OpenBroadcaster.Core, Version=0.0.0.0, Culture=neutral, PublicKeyToken=null'. Using the type defined in 'E:\openbroadcaster\Core\Relay\Contracts\MessageEnvelope.cs'. [E:\openbroadcaster\OpenBroadcaster_2xmz1yr1_wpftmp.csproj]
E:\openbroadcaster\Core\Overlay\OverlayStateSnapshot.cs(33,30): warning CS0436: The type 'OverlayTrackPayload' in 'E:\openbroadcaster\Core\Overlay\OverlayStateSnapshot.cs' conflicts with the imported type 'OverlayTrackPayload' in 'OpenBroadcaster.Core, Version=0.0.0.0, Culture=neutral, PublicKeyToken=null'. Using the type defined in 'E:\openbroadcaster\Core\Overlay\OverlayStateSnapshot.cs'. [E:\openbroadcaster\OpenBroadcaster_2xmz1yr1_wpftmp.csproj]
E:\openbroadcaster\Core\Relay\Client\RelayMessageHandler.cs(169,48): warning CS0436: The type 'MessageEnvelope' in 'E:\openbroadcaster\Core\Relay\Contracts\MessageEnvelope.cs' conflicts with the imported type 'MessageEnvelope' in 'OpenBroadcaster.Core, Version=0.0.0.0, Culture=neutral, PublicKeyToken=null'. Using the type defined in 'E:\openbroadcaster\Core\Relay\Contracts\MessageEnvelope.cs'. [E:\openbroadcaster\OpenBroadcaster_2xmz1yr1_wpftmp.csproj]
E:\openbroadcaster\Core\Relay\Client\RelayMessageHandler.cs(193,51): warning CS0436: The type 'MessageEnvelope' in 'E:\openbroadcaster\Core\Relay\Contracts\MessageEnvelope.cs' conflicts with the imported type 'MessageEnvelope' in 'OpenBroadcaster.Core, Version=0.0.0.0, Culture=neutral, PublicKeyToken=null'. Using the type defined in 'E:\openbroadcaster\Core\Relay\Contracts\MessageEnvelope.cs'. [E:\openbroadcaster\OpenBroadcaster_2xmz1yr1_wpftmp.csproj]
E:\openbroadcaster\Core\Streaming\EncoderAudioSource.cs(125,34): warning CS0436: The type 'WasapiLoopbackAudioSource' in 'E:\openbroadcaster\Core\Streaming\EncoderAudioSource.cs' conflicts with the imported type 'WasapiLoopbackAudioSource' in 'OpenBroadcaster.Core, Version=0.0.0.0, Culture=neutral, PublicKeyToken=null'. Using the type defined in 'E:\openbroadcaster\Core\Streaming\EncoderAudioSource.cs'. [E:\openbroadcaster\OpenBroadcaster_2xmz1yr1_wpftmp.csproj]
E:\openbroadcaster\Core\Relay\Client\RelayMessageHandler.cs(212,50): warning CS0436: The type 'MessageEnvelope' in 'E:\openbroadcaster\Core\Relay\Contracts\MessageEnvelope.cs' conflicts with the imported type 'MessageEnvelope' in 'OpenBroadcaster.Core, Version=0.0.0.0, Culture=neutral, PublicKeyToken=null'. Using the type defined in 'E:\openbroadcaster\Core\Relay\Contracts\MessageEnvelope.cs'. [E:\openbroadcaster\OpenBroadcaster_2xmz1yr1_wpftmp.csproj]
E:\openbroadcaster\Core\Overlay\OverlayStateSnapshot.cs(17,13): warning CS0436: The type 'OverlayTrackPayload' in 'E:\openbroadcaster\Core\Overlay\OverlayStateSnapshot.cs' conflicts with the imported type 'OverlayTrackPayload' in 'OpenBroadcaster.Core, Version=0.0.0.0, Culture=neutral, PublicKeyToken=null'. Using the type defined in 'E:\openbroadcaster\Core\Overlay\OverlayStateSnapshot.cs'. [E:\openbroadcaster\OpenBroadcaster_2xmz1yr1_wpftmp.csproj]
E:\openbroadcaster\Core\Overlay\OverlayStateSnapshot.cs(18,13): warning CS0436: The type 'OverlayTrackPayload' in 'E:\openbroadcaster\Core\Overlay\OverlayStateSnapshot.cs' conflicts with the imported type 'OverlayTrackPayload' in 'OpenBroadcaster.Core, Version=0.0.0.0, Culture=neutral, PublicKeyToken=null'. Using the type defined in 'E:\openbroadcaster\Core\Overlay\OverlayStateSnapshot.cs'. [E:\openbroadcaster\OpenBroadcaster_2xmz1yr1_wpftmp.csproj]
E:\openbroadcaster\Core\Overlay\OverlayStateSnapshot.cs(19,27): warning CS0436: The type 'OverlayTrackPayload' in 'E:\openbroadcaster\Core\Overlay\OverlayStateSnapshot.cs' conflicts with the imported type 'OverlayTrackPayload' in 'OpenBroadcaster.Core, Version=0.0.0.0, Culture=neutral, PublicKeyToken=null'. Using the type defined in 'E:\openbroadcaster\Core\Overlay\OverlayStateSnapshot.cs'. [E:\openbroadcaster\OpenBroadcaster_2xmz1yr1_wpftmp.csproj]
E:\openbroadcaster\Core\Overlay\OverlayStateSnapshot.cs(20,27): warning CS0436: The type 'OverlayTrackPayload' in 'E:\openbroadcaster\Core\Overlay\OverlayStateSnapshot.cs' conflicts with the imported type 'OverlayTrackPayload' in 'OpenBroadcaster.Core, Version=0.0.0.0, Culture=neutral, PublicKeyToken=null'. Using the type defined in 'E:\openbroadcaster\Core\Overlay\OverlayStateSnapshot.cs'. [E:\openbroadcaster\OpenBroadcaster_2xmz1yr1_wpftmp.csproj]
E:\openbroadcaster\Core\Relay\Client\RelayMessageHandler.cs(223,44): warning CS0436: The type 'MessageEnvelope' in 'E:\openbroadcaster\Core\Relay\Contracts\MessageEnvelope.cs' conflicts with the imported type 'MessageEnvelope' in 'OpenBroadcaster.Core, Version=0.0.0.0, Culture=neutral, PublicKeyToken=null'. Using the type defined in 'E:\openbroadcaster\Core\Relay\Contracts\MessageEnvelope.cs'. [E:\openbroadcaster\OpenBroadcaster_2xmz1yr1_wpftmp.csproj]
E:\openbroadcaster\Core\Relay\Client\RelayMessageHandler.cs(234,53): warning CS0436: The type 'MessageEnvelope' in 'E:\openbroadcaster\Core\Relay\Contracts\MessageEnvelope.cs' conflicts with the imported type 'MessageEnvelope' in 'OpenBroadcaster.Core, Version=0.0.0.0, Culture=neutral, PublicKeyToken=null'. Using the type defined in 'E:\openbroadcaster\Core\Relay\Contracts\MessageEnvelope.cs'. [E:\openbroadcaster\OpenBroadcaster_2xmz1yr1_wpftmp.csproj]
E:\openbroadcaster\Core\Relay\Client\RelayMessageHandler.cs(258,51): warning CS0436: The type 'MessageEnvelope' in 'E:\openbroadcaster\Core\Relay\Contracts\MessageEnvelope.cs' conflicts with the imported type 'MessageEnvelope' in 'OpenBroadcaster.Core, Version=0.0.0.0, Culture=neutral, PublicKeyToken=null'. Using the type defined in 'E:\openbroadcaster\Core\Relay\Contracts\MessageEnvelope.cs'. [E:\openbroadcaster\OpenBroadcaster_2xmz1yr1_wpftmp.csproj]
E:\openbroadcaster\Core\Relay\Client\RelayMessageHandler.cs(282,32): warning CS0436: The type 'MessageEnvelope' in 'E:\openbroadcaster\Core\Relay\Contracts\MessageEnvelope.cs' conflicts with the imported type 'MessageEnvelope' in 'OpenBroadcaster.Core, Version=0.0.0.0, Culture=neutral, PublicKeyToken=null'. Using the type defined in 'E:\openbroadcaster\Core\Relay\Contracts\MessageEnvelope.cs'. [E:\openbroadcaster\OpenBroadcaster_2xmz1yr1_wpftmp.csproj]
E:\openbroadcaster\Core\Relay\Client\RelayMessageHandler.cs(302,42): warning CS0436: The type 'NowPlayingPayload' in 'E:\openbroadcaster\Core\Relay\Contracts\Payloads\NowPlayingPayload.cs' conflicts with the imported type 'NowPlayingPayload' in 'OpenBroadcaster.Core, Version=0.0.0.0, Culture=neutral, PublicKeyToken=null'. Using the type defined in 'E:\openbroadcaster\Core\Relay\Contracts\Payloads\NowPlayingPayload.cs'. [E:\openbroadcaster\OpenBroadcaster_2xmz1yr1_wpftmp.csproj]
E:\openbroadcaster\Core\Relay\Client\RelayMessageHandler.cs(310,37): warning CS0436: The type 'QueueStatePayload' in 'E:\openbroadcaster\Core\Relay\Contracts\Payloads\QueuePayloads.cs' conflicts with the imported type 'QueueStatePayload' in 'OpenBroadcaster.Core, Version=0.0.0.0, Culture=neutral, PublicKeyToken=null'. Using the type defined in 'E:\openbroadcaster\Core\Relay\Contracts\Payloads\QueuePayloads.cs'. [E:\openbroadcaster\OpenBroadcaster_2xmz1yr1_wpftmp.csproj]
E:\openbroadcaster\Core\Relay\Client\RelayMessageHandler.cs(20,26): warning CS0436: The type 'RelayWebSocketClient' in 'E:\openbroadcaster\Core\Relay\Client\RelayWebSocketClient.cs' conflicts with the imported type 'RelayWebSocketClient' in 'OpenBroadcaster.Core, Version=0.0.0.0, Culture=neutral, PublicKeyToken=null'. Using the type defined in 'E:\openbroadcaster\Core\Relay\Client\RelayWebSocketClient.cs'. [E:\openbroadcaster\OpenBroadcaster_2xmz1yr1_wpftmp.csproj]
E:\openbroadcaster\Core\Relay\Client\RelayMessageHandler.cs(21,26): warning CS0436: The type 'IRelayClientLogger' in 'E:\openbroadcaster\Core\Relay\Client\IRelayClientLogger.cs' conflicts with the imported type 'IRelayClientLogger' in 'OpenBroadcaster.Core, Version=0.0.0.0, Culture=neutral, PublicKeyToken=null'. Using the type defined in 'E:\openbroadcaster\Core\Relay\Client\IRelayClientLogger.cs'. [E:\openbroadcaster\OpenBroadcaster_2xmz1yr1_wpftmp.csproj]
E:\openbroadcaster\Views\SchedulerDialog.xaml.cs(15,16): warning CS0436: The type 'SimpleSchedulerEntry' in 'E:\openbroadcaster\Core\Automation\SimpleRotation.cs' conflicts with the imported type 'SimpleSchedulerEntry' in 'OpenBroadcaster.Core, Version=0.0.0.0, Culture=neutral, PublicKeyToken=null'. Using the type defined in 'E:\openbroadcaster\Core\Automation\SimpleRotation.cs'. [E:\openbroadcaster\OpenBroadcaster_2xmz1yr1_wpftmp.csproj]
E:\openbroadcaster\Views\SchedulerDialog.xaml.cs(16,30): warning CS0436: The type 'SimpleRotation' in 'E:\openbroadcaster\Core\Automation\SimpleRotation.cs' conflicts with the imported type 'SimpleRotation' in 'OpenBroadcaster.Core, Version=0.0.0.0, Culture=neutral, PublicKeyToken=null'. Using the type defined in 'E:\openbroadcaster\Core\Automation\SimpleRotation.cs'. [E:\openbroadcaster\OpenBroadcaster_2xmz1yr1_wpftmp.csproj]
E:\openbroadcaster\Core\Services\AutoDjController.cs(106,30): warning CS0436: The type 'AutoDjPreviewItem' in 'E:\openbroadcaster\Core\Services\AutoDjController.cs' conflicts with the imported type 'AutoDjPreviewItem' in 'OpenBroadcaster.Core, Version=0.0.0.0, Culture=neutral, PublicKeyToken=null'. Using the type defined in 'E:\openbroadcaster\Core\Services\AutoDjController.cs'. [E:\openbroadcaster\OpenBroadcaster_2xmz1yr1_wpftmp.csproj]
E:\openbroadcaster\Core\Streaming\EncoderManager.cs(42,35): warning CS0436: The type 'EncoderStatusChangedEventArgs' in 'E:\openbroadcaster\Core\Streaming\EncoderState.cs' conflicts with the imported type 'EncoderStatusChangedEventArgs' in 'OpenBroadcaster.Core, Version=0.0.0.0, Culture=neutral, PublicKeyToken=null'. Using the type defined in 'E:\openbroadcaster\Core\Streaming\EncoderState.cs'. [E:\openbroadcaster\OpenBroadcaster_2xmz1yr1_wpftmp.csproj]
E:\openbroadcaster\Core\Relay\Client\RelayMessageHandler.cs(70,36): warning CS0436: The type 'RelayWebSocketClient' in 'E:\openbroadcaster\Core\Relay\Client\RelayWebSocketClient.cs' conflicts with the imported type 'RelayWebSocketClient' in 'OpenBroadcaster.Core, Version=0.0.0.0, Culture=neutral, PublicKeyToken=null'. Using the type defined in 'E:\openbroadcaster\Core\Relay\Client\RelayWebSocketClient.cs'. [E:\openbroadcaster\OpenBroadcaster_2xmz1yr1_wpftmp.csproj]
E:\openbroadcaster\Core\Relay\Client\RelayMessageHandler.cs(70,65): warning CS0436: The type 'IRelayClientLogger' in 'E:\openbroadcaster\Core\Relay\Client\IRelayClientLogger.cs' conflicts with the imported type 'IRelayClientLogger' in 'OpenBroadcaster.Core, Version=0.0.0.0, Culture=neutral, PublicKeyToken=null'. Using the type defined in 'E:\openbroadcaster\Core\Relay\Client\IRelayClientLogger.cs'. [E:\openbroadcaster\OpenBroadcaster_2xmz1yr1_wpftmp.csproj]
E:\openbroadcaster\Core\Services\AutoDjController.cs(167,45): warning CS0436: The type 'ClockwheelSlot' in 'E:\openbroadcaster\Core\Automation\ClockwheelSlot.cs' conflicts with the imported type 'ClockwheelSlot' in 'OpenBroadcaster.Core, Version=0.0.0.0, Culture=neutral, PublicKeyToken=null'. Using the type defined in 'E:\openbroadcaster\Core\Automation\ClockwheelSlot.cs'. [E:\openbroadcaster\OpenBroadcaster_2xmz1yr1_wpftmp.csproj]
E:\openbroadcaster\Core\Services\AutoDjController.cs(167,17): warning CS0436: The type 'Track' in 'E:\openbroadcaster\Core\Models\Track.cs' conflicts with the imported type 'Track' in 'OpenBroadcaster.Core, Version=0.0.0.0, Culture=neutral, PublicKeyToken=null'. Using the type defined in 'E:\openbroadcaster\Core\Models\Track.cs'. [E:\openbroadcaster\OpenBroadcaster_2xmz1yr1_wpftmp.csproj]
E:\openbroadcaster\Core\Services\AutoDjController.cs(190,44): warning CS0436: The type 'ClockwheelSlot' in 'E:\openbroadcaster\Core\Automation\ClockwheelSlot.cs' conflicts with the imported type 'ClockwheelSlot' in 'OpenBroadcaster.Core, Version=0.0.0.0, Culture=neutral, PublicKeyToken=null'. Using the type defined in 'E:\openbroadcaster\Core\Automation\ClockwheelSlot.cs'. [E:\openbroadcaster\OpenBroadcaster_2xmz1yr1_wpftmp.csproj]
E:\openbroadcaster\Core\Services\AutoDjController.cs(190,17): warning CS0436: The type 'Track' in 'E:\openbroadcaster\Core\Models\Track.cs' conflicts with the imported type 'Track' in 'OpenBroadcaster.Core, Version=0.0.0.0, Culture=neutral, PublicKeyToken=null'. Using the type defined in 'E:\openbroadcaster\Core\Models\Track.cs'. [E:\openbroadcaster\OpenBroadcaster_2xmz1yr1_wpftmp.csproj]
E:\openbroadcaster\Core\Streaming\EncoderManager.cs(46,41): warning CS0436: The type 'EncoderSettings' in 'E:\openbroadcaster\Core\Models\AppSettings.cs' conflicts with the imported type 'EncoderSettings' in 'OpenBroadcaster.Core, Version=0.0.0.0, Culture=neutral, PublicKeyToken=null'. Using the type defined in 'E:\openbroadcaster\Core\Models\AppSettings.cs'. [E:\openbroadcaster\OpenBroadcaster_2xmz1yr1_wpftmp.csproj]
E:\openbroadcaster\Core\Services\AutoDjController.cs(12,26): warning CS0436: The type 'QueueService' in 'E:\openbroadcaster\Core\Services\QueueService.cs' conflicts with the imported type 'QueueService' in 'OpenBroadcaster.Core, Version=0.0.0.0, Culture=neutral, PublicKeyToken=null'. Using the type defined in 'E:\openbroadcaster\Core\Services\QueueService.cs'. [E:\openbroadcaster\OpenBroadcaster_2xmz1yr1_wpftmp.csproj]
E:\openbroadcaster\Core\Streaming\EncoderManager.cs(67,46): warning CS0436: The type 'Track' in 'E:\openbroadcaster\Core\Models\Track.cs' conflicts with the imported type 'Track' in 'OpenBroadcaster.Core, Version=0.0.0.0, Culture=neutral, PublicKeyToken=null'. Using the type defined in 'E:\openbroadcaster\Core\Models\Track.cs'. [E:\openbroadcaster\OpenBroadcaster_2xmz1yr1_wpftmp.csproj]
E:\openbroadcaster\Core\Streaming\EncoderManager.cs(83,36): warning CS0436: The type 'EncoderStatus' in 'E:\openbroadcaster\Core\Streaming\EncoderState.cs' conflicts with the imported type 'EncoderStatus' in 'OpenBroadcaster.Core, Version=0.0.0.0, Culture=neutral, PublicKeyToken=null'. Using the type defined in 'E:\openbroadcaster\Core\Streaming\EncoderState.cs'. [E:\openbroadcaster\OpenBroadcaster_2xmz1yr1_wpftmp.csproj]
E:\openbroadcaster\Core\Streaming\EncoderManager.cs(292,71): warning CS0436: The type 'EncoderProfile' in 'E:\openbroadcaster\Core\Models\EncoderProfile.cs' conflicts with the imported type 'EncoderProfile' in 'OpenBroadcaster.Core, Version=0.0.0.0, Culture=neutral, PublicKeyToken=null'. Using the type defined in 'E:\openbroadcaster\Core\Models\EncoderProfile.cs'. [E:\openbroadcaster\OpenBroadcaster_2xmz1yr1_wpftmp.csproj]
E:\openbroadcaster\Core\Streaming\EncoderManager.cs(292,29): warning CS0436: The type 'EncoderProfile' in 'E:\openbroadcaster\Core\Models\EncoderProfile.cs' conflicts with the imported type 'EncoderProfile' in 'OpenBroadcaster.Core, Version=0.0.0.0, Culture=neutral, PublicKeyToken=null'. Using the type defined in 'E:\openbroadcaster\Core\Models\EncoderProfile.cs'. [E:\openbroadcaster\OpenBroadcaster_2xmz1yr1_wpftmp.csproj]
E:\openbroadcaster\Core\Streaming\EncoderManager.cs(321,37): warning CS0436: The type 'EncoderStatus' in 'E:\openbroadcaster\Core\Streaming\EncoderState.cs' conflicts with the imported type 'EncoderStatus' in 'OpenBroadcaster.Core, Version=0.0.0.0, Culture=neutral, PublicKeyToken=null'. Using the type defined in 'E:\openbroadcaster\Core\Streaming\EncoderState.cs'. [E:\openbroadcaster\OpenBroadcaster_2xmz1yr1_wpftmp.csproj]
E:\openbroadcaster\Core\Streaming\EncoderManager.cs(341,56): warning CS0436: The type 'EncoderAudioFrameEventArgs' in 'E:\openbroadcaster\Core\Streaming\EncoderAudioSource.cs' conflicts with the imported type 'EncoderAudioFrameEventArgs' in 'OpenBroadcaster.Core, Version=0.0.0.0, Culture=neutral, PublicKeyToken=null'. Using the type defined in 'E:\openbroadcaster\Core\Streaming\EncoderAudioSource.cs'. [E:\openbroadcaster\OpenBroadcaster_2xmz1yr1_wpftmp.csproj]
E:\openbroadcaster\Core\Services\AutoDjController.cs(13,26): warning CS0436: The type 'RotationEngine' in 'E:\openbroadcaster\Core\Automation\RotationEngine.cs' conflicts with the imported type 'RotationEngine' in 'OpenBroadcaster.Core, Version=0.0.0.0, Culture=neutral, PublicKeyToken=null'. Using the type defined in 'E:\openbroadcaster\Core\Automation\RotationEngine.cs'. [E:\openbroadcaster\OpenBroadcaster_2xmz1yr1_wpftmp.csproj]
E:\openbroadcaster\Views\SchedulerDialog.xaml.cs(18,32): warning CS0436: The type 'SimpleSchedulerEntry' in 'E:\openbroadcaster\Core\Automation\SimpleRotation.cs' conflicts with the imported type 'SimpleSchedulerEntry' in 'OpenBroadcaster.Core, Version=0.0.0.0, Culture=neutral, PublicKeyToken=null'. Using the type defined in 'E:\openbroadcaster\Core\Automation\SimpleRotation.cs'. [E:\openbroadcaster\OpenBroadcaster_2xmz1yr1_wpftmp.csproj]
E:\openbroadcaster\Views\SchedulerDialog.xaml.cs(18,65): warning CS0436: The type 'SimpleRotation' in 'E:\openbroadcaster\Core\Automation\SimpleRotation.cs' conflicts with the imported type 'SimpleRotation' in 'OpenBroadcaster.Core, Version=0.0.0.0, Culture=neutral, PublicKeyToken=null'. Using the type defined in 'E:\openbroadcaster\Core\Automation\SimpleRotation.cs'. [E:\openbroadcaster\OpenBroadcaster_2xmz1yr1_wpftmp.csproj]
E:\openbroadcaster\Core\Services\AutoDjController.cs(14,26): warning CS0436: The type 'ClockwheelScheduler' in 'E:\openbroadcaster\Core\Automation\ClockwheelScheduler.cs' conflicts with the imported type 'ClockwheelScheduler' in 'OpenBroadcaster.Core, Version=0.0.0.0, Culture=neutral, PublicKeyToken=null'. Using the type defined in 'E:\openbroadcaster\Core\Automation\ClockwheelScheduler.cs'. [E:\openbroadcaster\OpenBroadcaster_2xmz1yr1_wpftmp.csproj]
E:\openbroadcaster\Core\Services\AutoDjController.cs(15,26): warning CS0436: The type 'LibraryService' in 'E:\openbroadcaster\Core\Services\LibraryService.cs' conflicts with the imported type 'LibraryService' in 'OpenBroadcaster.Core, Version=0.0.0.0, Culture=neutral, PublicKeyToken=null'. Using the type defined in 'E:\openbroadcaster\Core\Services\LibraryService.cs'. [E:\openbroadcaster\OpenBroadcaster_2xmz1yr1_wpftmp.csproj]
E:\openbroadcaster\Core\Services\AutoDjController.cs(16,34): warning CS0436: The type 'AutoDjController' in 'E:\openbroadcaster\Core\Services\AutoDjController.cs' conflicts with the imported type 'AutoDjController' in 'OpenBroadcaster.Core, Version=0.0.0.0, Culture=neutral, PublicKeyToken=null'. Using the type defined in 'E:\openbroadcaster\Core\Services\AutoDjController.cs'. [E:\openbroadcaster\OpenBroadcaster_2xmz1yr1_wpftmp.csproj]
E:\openbroadcaster\Core\Relay\Client\RelayWebSocketClient.cs(63,35): warning CS0436: The type 'ConnectionStateChangedEventArgs' in 'E:\openbroadcaster\Core\Relay\Client\RelayClientEvents.cs' conflicts with the imported type 'ConnectionStateChangedEventArgs' in 'OpenBroadcaster.Core, Version=0.0.0.0, Culture=neutral, PublicKeyToken=null'. Using the type defined in 'E:\openbroadcaster\Core\Relay\Client\RelayClientEvents.cs'. [E:\openbroadcaster\OpenBroadcaster_2xmz1yr1_wpftmp.csproj]
E:\openbroadcaster\Core\Relay\Client\RelayWebSocketClient.cs(68,35): warning CS0436: The type 'MessageReceivedEventArgs' in 'E:\openbroadcaster\Core\Relay\Client\RelayClientEvents.cs' conflicts with the imported type 'MessageReceivedEventArgs' in 'OpenBroadcaster.Core, Version=0.0.0.0, Culture=neutral, PublicKeyToken=null'. Using the type defined in 'E:\openbroadcaster\Core\Relay\Client\RelayClientEvents.cs'. [E:\openbroadcaster\OpenBroadcaster_2xmz1yr1_wpftmp.csproj]
E:\openbroadcaster\Core\Relay\Client\RelayWebSocketClient.cs(73,35): warning CS0436: The type 'RelayClientErrorEventArgs' in 'E:\openbroadcaster\Core\Relay\Client\RelayClientEvents.cs' conflicts with the imported type 'RelayClientErrorEventArgs' in 'OpenBroadcaster.Core, Version=0.0.0.0, Culture=neutral, PublicKeyToken=null'. Using the type defined in 'E:\openbroadcaster\Core\Relay\Client\RelayClientEvents.cs'. [E:\openbroadcaster\OpenBroadcaster_2xmz1yr1_wpftmp.csproj]
E:\openbroadcaster\Core\Relay\Client\RelayWebSocketClient.cs(78,35): warning CS0436: The type 'AuthenticationResultEventArgs' in 'E:\openbroadcaster\Core\Relay\Client\RelayClientEvents.cs' conflicts with the imported type 'AuthenticationResultEventArgs' in 'OpenBroadcaster.Core, Version=0.0.0.0, Culture=neutral, PublicKeyToken=null'. Using the type defined in 'E:\openbroadcaster\Core\Relay\Client\RelayClientEvents.cs'. [E:\openbroadcaster\OpenBroadcaster_2xmz1yr1_wpftmp.csproj]
E:\openbroadcaster\Core\Relay\Client\RelayWebSocketClient.cs(83,35): warning CS0436: The type 'HeartbeatEventArgs' in 'E:\openbroadcaster\Core\Relay\Client\RelayClientEvents.cs' conflicts with the imported type 'HeartbeatEventArgs' in 'OpenBroadcaster.Core, Version=0.0.0.0, Culture=neutral, PublicKeyToken=null'. Using the type defined in 'E:\openbroadcaster\Core\Relay\Client\RelayClientEvents.cs'. [E:\openbroadcaster\OpenBroadcaster_2xmz1yr1_wpftmp.csproj]
E:\openbroadcaster\Core\Relay\Contracts\MessageEnvelope.cs(74,23): warning CS0436: The type 'MessageEnvelope' in 'E:\openbroadcaster\Core\Relay\Contracts\MessageEnvelope.cs' conflicts with the imported type 'MessageEnvelope' in 'OpenBroadcaster.Core, Version=0.0.0.0, Culture=neutral, PublicKeyToken=null'. Using the type defined in 'E:\openbroadcaster\Core\Relay\Contracts\MessageEnvelope.cs'. [E:\openbroadcaster\OpenBroadcaster_2xmz1yr1_wpftmp.csproj]
E:\openbroadcaster\Core\Relay\Client\RelayWebSocketClient.cs(92,16): warning CS0436: The type 'RelayConnectionState' in 'E:\openbroadcaster\Core\Relay\Client\RelayClientEvents.cs' conflicts with the imported type 'RelayConnectionState' in 'OpenBroadcaster.Core, Version=0.0.0.0, Culture=neutral, PublicKeyToken=null'. Using the type defined in 'E:\openbroadcaster\Core\Relay\Client\RelayClientEvents.cs'. [E:\openbroadcaster\OpenBroadcaster_2xmz1yr1_wpftmp.csproj]
E:\openbroadcaster\Core\Services\AutoDjController.cs(23,13): warning CS0436: The type 'QueueService' in 'E:\openbroadcaster\Core\Services\QueueService.cs' conflicts with the imported type 'QueueService' in 'OpenBroadcaster.Core, Version=0.0.0.0, Culture=neutral, PublicKeyToken=null'. Using the type defined in 'E:\openbroadcaster\Core\Services\QueueService.cs'. [E:\openbroadcaster\OpenBroadcaster_2xmz1yr1_wpftmp.csproj]
E:\openbroadcaster\Core\Services\AutoDjController.cs(24,13): warning CS0436: The type 'RotationEngine' in 'E:\openbroadcaster\Core\Automation\RotationEngine.cs' conflicts with the imported type 'RotationEngine' in 'OpenBroadcaster.Core, Version=0.0.0.0, Culture=neutral, PublicKeyToken=null'. Using the type defined in 'E:\openbroadcaster\Core\Automation\RotationEngine.cs'. [E:\openbroadcaster\OpenBroadcaster_2xmz1yr1_wpftmp.csproj]
E:\openbroadcaster\Core\Services\AutoDjController.cs(25,13): warning CS0436: The type 'ClockwheelScheduler' in 'E:\openbroadcaster\Core\Automation\ClockwheelScheduler.cs' conflicts with the imported type 'ClockwheelScheduler' in 'OpenBroadcaster.Core, Version=0.0.0.0, Culture=neutral, PublicKeyToken=null'. Using the type defined in 'E:\openbroadcaster\Core\Automation\ClockwheelScheduler.cs'. [E:\openbroadcaster\OpenBroadcaster_2xmz1yr1_wpftmp.csproj]
E:\openbroadcaster\Core\Services\AutoDjController.cs(26,13): warning CS0436: The type 'LibraryService' in 'E:\openbroadcaster\Core\Services\LibraryService.cs' conflicts with the imported type 'LibraryService' in 'OpenBroadcaster.Core, Version=0.0.0.0, Culture=neutral, PublicKeyToken=null'. Using the type defined in 'E:\openbroadcaster\Core\Services\LibraryService.cs'. [E:\openbroadcaster\OpenBroadcaster_2xmz1yr1_wpftmp.csproj]
E:\openbroadcaster\Core\Services\AutoDjController.cs(27,21): warning CS0436: The type 'AutoDjController' in 'E:\openbroadcaster\Core\Services\AutoDjController.cs' conflicts with the imported type 'AutoDjController' in 'OpenBroadcaster.Core, Version=0.0.0.0, Culture=neutral, PublicKeyToken=null'. Using the type defined in 'E:\openbroadcaster\Core\Services\AutoDjController.cs'. [E:\openbroadcaster\OpenBroadcaster_2xmz1yr1_wpftmp.csproj]
E:\openbroadcaster\Core\Relay\Contracts\MessageEnvelope.cs(123,23): warning CS0436: The type 'MessageEnvelope' in 'E:\openbroadcaster\Core\Relay\Contracts\MessageEnvelope.cs' conflicts with the imported type 'MessageEnvelope' in 'OpenBroadcaster.Core, Version=0.0.0.0, Culture=neutral, PublicKeyToken=null'. Using the type defined in 'E:\openbroadcaster\Core\Relay\Contracts\MessageEnvelope.cs'. [E:\openbroadcaster\OpenBroadcaster_2xmz1yr1_wpftmp.csproj]
E:\openbroadcaster\Views\SchedulerDialog.xaml.cs(121,31): warning CS0436: The type 'SimpleSchedulerEntry' in 'E:\openbroadcaster\Core\Automation\SimpleRotation.cs' conflicts with the imported type 'SimpleSchedulerEntry' in 'OpenBroadcaster.Core, Version=0.0.0.0, Culture=neutral, PublicKeyToken=null'. Using the type defined in 'E:\openbroadcaster\Core\Automation\SimpleRotation.cs'. [E:\openbroadcaster\OpenBroadcaster_2xmz1yr1_wpftmp.csproj]
E:\openbroadcaster\Core\Relay\Client\RelayWebSocketClient.cs(213,26): warning CS0436: The type 'MessageEnvelope' in 'E:\openbroadcaster\Core\Relay\Contracts\MessageEnvelope.cs' conflicts with the imported type 'MessageEnvelope' in 'OpenBroadcaster.Core, Version=0.0.0.0, Culture=neutral, PublicKeyToken=null'. Using the type defined in 'E:\openbroadcaster\Core\Relay\Contracts\MessageEnvelope.cs'. [E:\openbroadcaster\OpenBroadcaster_2xmz1yr1_wpftmp.csproj]
E:\openbroadcaster\Core\Relay\Client\RelayWebSocketClient.cs(235,43): warning CS0436: The type 'MessageEnvelope' in 'E:\openbroadcaster\Core\Relay\Contracts\MessageEnvelope.cs' conflicts with the imported type 'MessageEnvelope' in 'OpenBroadcaster.Core, Version=0.0.0.0, Culture=neutral, PublicKeyToken=null'. Using the type defined in 'E:\openbroadcaster\Core\Relay\Contracts\MessageEnvelope.cs'. [E:\openbroadcaster\OpenBroadcaster_2xmz1yr1_wpftmp.csproj]
E:\openbroadcaster\Views\SchedulerDialog.xaml.cs(65,30): warning CS0436: The type 'SimpleRotation' in 'E:\openbroadcaster\Core\Automation\SimpleRotation.cs' conflicts with the imported type 'SimpleRotation' in 'OpenBroadcaster.Core, Version=0.0.0.0, Culture=neutral, PublicKeyToken=null'. Using the type defined in 'E:\openbroadcaster\Core\Automation\SimpleRotation.cs'. [E:\openbroadcaster\OpenBroadcaster_2xmz1yr1_wpftmp.csproj]
E:\openbroadcaster\Views\SchedulerDialog.xaml.cs(69,16): warning CS0436: The type 'SimpleRotation' in 'E:\openbroadcaster\Core\Automation\SimpleRotation.cs' conflicts with the imported type 'SimpleRotation' in 'OpenBroadcaster.Core, Version=0.0.0.0, Culture=neutral, PublicKeyToken=null'. Using the type defined in 'E:\openbroadcaster\Core\Automation\SimpleRotation.cs'. [E:\openbroadcaster\OpenBroadcaster_2xmz1yr1_wpftmp.csproj]
E:\openbroadcaster\Core\Relay\Client\RelayWebSocketClient.cs(516,39): warning CS0436: The type 'MessageEnvelope' in 'E:\openbroadcaster\Core\Relay\Contracts\MessageEnvelope.cs' conflicts with the imported type 'MessageEnvelope' in 'OpenBroadcaster.Core, Version=0.0.0.0, Culture=neutral, PublicKeyToken=null'. Using the type defined in 'E:\openbroadcaster\Core\Relay\Contracts\MessageEnvelope.cs'. [E:\openbroadcaster\OpenBroadcaster_2xmz1yr1_wpftmp.csproj]
E:\openbroadcaster\Core\Relay\Client\RelayWebSocketClient.cs(540,33): warning CS0436: The type 'MessageEnvelope' in 'E:\openbroadcaster\Core\Relay\Contracts\MessageEnvelope.cs' conflicts with the imported type 'MessageEnvelope' in 'OpenBroadcaster.Core, Version=0.0.0.0, Culture=neutral, PublicKeyToken=null'. Using the type defined in 'E:\openbroadcaster\Core\Relay\Contracts\MessageEnvelope.cs'. [E:\openbroadcaster\OpenBroadcaster_2xmz1yr1_wpftmp.csproj]
E:\openbroadcaster\Core\Relay\Client\RelayWebSocketClient.cs(553,33): warning CS0436: The type 'MessageEnvelope' in 'E:\openbroadcaster\Core\Relay\Contracts\MessageEnvelope.cs' conflicts with the imported type 'MessageEnvelope' in 'OpenBroadcaster.Core, Version=0.0.0.0, Culture=neutral, PublicKeyToken=null'. Using the type defined in 'E:\openbroadcaster\Core\Relay\Contracts\MessageEnvelope.cs'. [E:\openbroadcaster\OpenBroadcaster_2xmz1yr1_wpftmp.csproj]
E:\openbroadcaster\Core\Streaming\EncoderManager.cs(23,34): warning CS0436: The type 'EncoderManager' in 'E:\openbroadcaster\Core\Streaming\EncoderManager.cs' conflicts with the imported type 'EncoderManager' in 'OpenBroadcaster.Core, Version=0.0.0.0, Culture=neutral, PublicKeyToken=null'. Using the type defined in 'E:\openbroadcaster\Core\Streaming\EncoderManager.cs'. [E:\openbroadcaster\OpenBroadcaster_2xmz1yr1_wpftmp.csproj]
E:\openbroadcaster\Core\Streaming\EncoderManager.cs(24,26): warning CS0436: The type 'IEncoderAudioSourceFactory' in 'E:\openbroadcaster\Core\Streaming\EncoderAudioSource.cs' conflicts with the imported type 'IEncoderAudioSourceFactory' in 'OpenBroadcaster.Core, Version=0.0.0.0, Culture=neutral, PublicKeyToken=null'. Using the type defined in 'E:\openbroadcaster\Core\Streaming\EncoderAudioSource.cs'. [E:\openbroadcaster\OpenBroadcaster_2xmz1yr1_wpftmp.csproj]
E:\openbroadcaster\Core\Relay\Client\RelayWebSocketClient.cs(667,31): warning CS0436: The type 'RelayConnectionState' in 'E:\openbroadcaster\Core\Relay\Client\RelayClientEvents.cs' conflicts with the imported type 'RelayConnectionState' in 'OpenBroadcaster.Core, Version=0.0.0.0, Culture=neutral, PublicKeyToken=null'. Using the type defined in 'E:\openbroadcaster\Core\Relay\Client\RelayClientEvents.cs'. [E:\openbroadcaster\OpenBroadcaster_2xmz1yr1_wpftmp.csproj]
E:\openbroadcaster\Core\Streaming\EncoderManager.cs(26,43): warning CS0436: The type 'EncoderStatus' in 'E:\openbroadcaster\Core\Streaming\EncoderState.cs' conflicts with the imported type 'EncoderStatus' in 'OpenBroadcaster.Core, Version=0.0.0.0, Culture=neutral, PublicKeyToken=null'. Using the type defined in 'E:\openbroadcaster\Core\Streaming\EncoderState.cs'. [E:\openbroadcaster\OpenBroadcaster_2xmz1yr1_wpftmp.csproj]
E:\openbroadcaster\Core\Services\AutoDjSettingsService.cs(24,29): warning CS0436: The type 'SimpleRotation' in 'E:\openbroadcaster\Core\Automation\SimpleRotation.cs' conflicts with the imported type 'SimpleRotation' in 'OpenBroadcaster.Core, Version=0.0.0.0, Culture=neutral, PublicKeyToken=null'. Using the type defined in 'E:\openbroadcaster\Core\Automation\SimpleRotation.cs'. [E:\openbroadcaster\OpenBroadcaster_2xmz1yr1_wpftmp.csproj]
E:\openbroadcaster\Core\Relay\Client\RelayWebSocketClient.cs(36,26): warning CS0436: The type 'RelayClientConfiguration' in 'E:\openbroadcaster\Core\Relay\Client\RelayClientConfiguration.cs' conflicts with the imported type 'RelayClientConfiguration' in 'OpenBroadcaster.Core, Version=0.0.0.0, Culture=neutral, PublicKeyToken=null'. Using the type defined in 'E:\openbroadcaster\Core\Relay\Client\RelayClientConfiguration.cs'. [E:\openbroadcaster\OpenBroadcaster_2xmz1yr1_wpftmp.csproj]
E:\openbroadcaster\Core\Streaming\EncoderManager.cs(28,22): warning CS0436: The type 'EncoderProfile' in 'E:\openbroadcaster\Core\Models\EncoderProfile.cs' conflicts with the imported type 'EncoderProfile' in 'OpenBroadcaster.Core, Version=0.0.0.0, Culture=neutral, PublicKeyToken=null'. Using the type defined in 'E:\openbroadcaster\Core\Models\EncoderProfile.cs'. [E:\openbroadcaster\OpenBroadcaster_2xmz1yr1_wpftmp.csproj]
E:\openbroadcaster\Core\Relay\Client\RelayWebSocketClient.cs(37,26): warning CS0436: The type 'IRelayClientLogger' in 'E:\openbroadcaster\Core\Relay\Client\IRelayClientLogger.cs' conflicts with the imported type 'IRelayClientLogger' in 'OpenBroadcaster.Core, Version=0.0.0.0, Culture=neutral, PublicKeyToken=null'. Using the type defined in 'E:\openbroadcaster\Core\Relay\Client\IRelayClientLogger.cs'. [E:\openbroadcaster\OpenBroadcaster_2xmz1yr1_wpftmp.csproj]
E:\openbroadcaster\Core\Streaming\EncoderManager.cs(29,17): warning CS0436: The type 'IEncoderAudioSource' in 'E:\openbroadcaster\Core\Streaming\EncoderAudioSource.cs' conflicts with the imported type 'IEncoderAudioSource' in 'OpenBroadcaster.Core, Version=0.0.0.0, Culture=neutral, PublicKeyToken=null'. Using the type defined in 'E:\openbroadcaster\Core\Streaming\EncoderAudioSource.cs'. [E:\openbroadcaster\OpenBroadcaster_2xmz1yr1_wpftmp.csproj]
E:\openbroadcaster\Core\Services\AutoDjSettingsService.cs(25,29): warning CS0436: The type 'SimpleScheduleRule' in 'E:\openbroadcaster\Core\Automation\SimpleScheduleRule.cs' conflicts with the imported type 'SimpleScheduleRule' in 'OpenBroadcaster.Core, Version=0.0.0.0, Culture=neutral, PublicKeyToken=null'. Using the type defined in 'E:\openbroadcaster\Core\Automation\SimpleScheduleRule.cs'. [E:\openbroadcaster\OpenBroadcaster_2xmz1yr1_wpftmp.csproj]
E:\openbroadcaster\Core\Streaming\EncoderManager.cs(36,31): warning CS0436: The type 'IEncoderAudioSourceFactory' in 'E:\openbroadcaster\Core\Streaming\EncoderAudioSource.cs' conflicts with the imported type 'IEncoderAudioSourceFactory' in 'OpenBroadcaster.Core, Version=0.0.0.0, Culture=neutral, PublicKeyToken=null'. Using the type defined in 'E:\openbroadcaster\Core\Streaming\EncoderAudioSource.cs'. [E:\openbroadcaster\OpenBroadcaster_2xmz1yr1_wpftmp.csproj]
E:\openbroadcaster\Core\Streaming\EncoderManager.cs(36,94): warning CS0436: The type 'EncoderManager' in 'E:\openbroadcaster\Core\Streaming\EncoderManager.cs' conflicts with the imported type 'EncoderManager' in 'OpenBroadcaster.Core, Version=0.0.0.0, Culture=neutral, PublicKeyToken=null'. Using the type defined in 'E:\openbroadcaster\Core\Streaming\EncoderManager.cs'. [E:\openbroadcaster\OpenBroadcaster_2xmz1yr1_wpftmp.csproj]
E:\openbroadcaster\Core\Services\AutoDjSettingsService.cs(26,29): warning CS0436: The type 'SimpleSchedulerEntry' in 'E:\openbroadcaster\Core\Automation\SimpleRotation.cs' conflicts with the imported type 'SimpleSchedulerEntry' in 'OpenBroadcaster.Core, Version=0.0.0.0, Culture=neutral, PublicKeyToken=null'. Using the type defined in 'E:\openbroadcaster\Core\Automation\SimpleRotation.cs'. [E:\openbroadcaster\OpenBroadcaster_2xmz1yr1_wpftmp.csproj]
E:\openbroadcaster\Core\Relay\Client\RelayWebSocketClient.cs(47,17): warning CS0436: The type 'RelayConnectionState' in 'E:\openbroadcaster\Core\Relay\Client\RelayClientEvents.cs' conflicts with the imported type 'RelayConnectionState' in 'OpenBroadcaster.Core, Version=0.0.0.0, Culture=neutral, PublicKeyToken=null'. Using the type defined in 'E:\openbroadcaster\Core\Relay\Client\RelayClientEvents.cs'. [E:\openbroadcaster\OpenBroadcaster_2xmz1yr1_wpftmp.csproj]
E:\openbroadcaster\Core\Services\AutoDjSettingsService.cs(22,34): warning CS0436: The type 'AutoDjSettingsService' in 'E:\openbroadcaster\Core\Services\AutoDjSettingsService.cs' conflicts with the imported type 'AutoDjSettingsService' in 'OpenBroadcaster.Core, Version=0.0.0.0, Culture=neutral, PublicKeyToken=null'. Using the type defined in 'E:\openbroadcaster\Core\Services\AutoDjSettingsService.cs'. [E:\openbroadcaster\OpenBroadcaster_2xmz1yr1_wpftmp.csproj]
E:\openbroadcaster\Core\Streaming\EncoderManager.cs(377,30): warning CS0436: The type 'EncoderProfile' in 'E:\openbroadcaster\Core\Models\EncoderProfile.cs' conflicts with the imported type 'EncoderProfile' in 'OpenBroadcaster.Core, Version=0.0.0.0, Culture=neutral, PublicKeyToken=null'. Using the type defined in 'E:\openbroadcaster\Core\Models\EncoderProfile.cs'. [E:\openbroadcaster\OpenBroadcaster_2xmz1yr1_wpftmp.csproj]
E:\openbroadcaster\Core\Streaming\EncoderManager.cs(379,30): warning CS0436: The type 'EncoderManager' in 'E:\openbroadcaster\Core\Streaming\EncoderManager.cs' conflicts with the imported type 'EncoderManager' in 'OpenBroadcaster.Core, Version=0.0.0.0, Culture=neutral, PublicKeyToken=null'. Using the type defined in 'E:\openbroadcaster\Core\Streaming\EncoderManager.cs'. [E:\openbroadcaster\OpenBroadcaster_2xmz1yr1_wpftmp.csproj]
E:\openbroadcaster\Core\Relay\Client\RelayWebSocketClient.cs(119,37): warning CS0436: The type 'RelayClientConfiguration' in 'E:\openbroadcaster\Core\Relay\Client\RelayClientConfiguration.cs' conflicts with the imported type 'RelayClientConfiguration' in 'OpenBroadcaster.Core, Version=0.0.0.0, Culture=neutral, PublicKeyToken=null'. Using the type defined in 'E:\openbroadcaster\Core\Relay\Client\RelayClientConfiguration.cs'. [E:\openbroadcaster\OpenBroadcaster_2xmz1yr1_wpftmp.csproj]
E:\openbroadcaster\Core\Relay\Client\RelayWebSocketClient.cs(119,70): warning CS0436: The type 'IRelayClientLogger' in 'E:\openbroadcaster\Core\Relay\Client\IRelayClientLogger.cs' conflicts with the imported type 'IRelayClientLogger' in 'OpenBroadcaster.Core, Version=0.0.0.0, Culture=neutral, PublicKeyToken=null'. Using the type defined in 'E:\openbroadcaster\Core\Relay\Client\IRelayClientLogger.cs'. [E:\openbroadcaster\OpenBroadcaster_2xmz1yr1_wpftmp.csproj]
E:\openbroadcaster\Core\Streaming\EncoderManager.cs(391,34): warning CS0436: The type 'EncoderProfile' in 'E:\openbroadcaster\Core\Models\EncoderProfile.cs' conflicts with the imported type 'EncoderProfile' in 'OpenBroadcaster.Core, Version=0.0.0.0, Culture=neutral, PublicKeyToken=null'. Using the type defined in 'E:\openbroadcaster\Core\Models\EncoderProfile.cs'. [E:\openbroadcaster\OpenBroadcaster_2xmz1yr1_wpftmp.csproj]
E:\openbroadcaster\Core\Streaming\EncoderManager.cs(391,77): warning CS0436: The type 'EncoderManager' in 'E:\openbroadcaster\Core\Streaming\EncoderManager.cs' conflicts with the imported type 'EncoderManager' in 'OpenBroadcaster.Core, Version=0.0.0.0, Culture=neutral, PublicKeyToken=null'. Using the type defined in 'E:\openbroadcaster\Core\Streaming\EncoderManager.cs'. [E:\openbroadcaster\OpenBroadcaster_2xmz1yr1_wpftmp.csproj]
E:\openbroadcaster\Core\Services\CartPadStore.cs(41,38): warning CS0436: The type 'CartPad' in 'E:\openbroadcaster\Core\Models\CartPad.cs' conflicts with the imported type 'CartPad' in 'OpenBroadcaster.Core, Version=0.0.0.0, Culture=neutral, PublicKeyToken=null'. Using the type defined in 'E:\openbroadcaster\Core\Models\CartPad.cs'. [E:\openbroadcaster\OpenBroadcaster_2xmz1yr1_wpftmp.csproj]
E:\openbroadcaster\Core\Services\CartPadStore.cs(93,56): warning CS0436: The type 'CartPadSettings' in 'E:\openbroadcaster\Core\Models\AppSettings.cs' conflicts with the imported type 'CartPadSettings' in 'OpenBroadcaster.Core, Version=0.0.0.0, Culture=neutral, PublicKeyToken=null'. Using the type defined in 'E:\openbroadcaster\Core\Models\AppSettings.cs'. [E:\openbroadcaster\OpenBroadcaster_2xmz1yr1_wpftmp.csproj]
E:\openbroadcaster\Core\Services\CartPadStore.cs(106,24): warning CS0436: The type 'CartPadSettings' in 'E:\openbroadcaster\Core\Models\AppSettings.cs' conflicts with the imported type 'CartPadSettings' in 'OpenBroadcaster.Core, Version=0.0.0.0, Culture=neutral, PublicKeyToken=null'. Using the type defined in 'E:\openbroadcaster\Core\Models\AppSettings.cs'. [E:\openbroadcaster\OpenBroadcaster_2xmz1yr1_wpftmp.csproj]
E:\openbroadcaster\Core\Services\CartPadStore.cs(14,26): warning CS0436: The type 'AppSettingsStore' in 'E:\openbroadcaster\Core\Services\AppSettingsStore.cs' conflicts with the imported type 'AppSettingsStore' in 'OpenBroadcaster.Core, Version=0.0.0.0, Culture=neutral, PublicKeyToken=null'. Using the type defined in 'E:\openbroadcaster\Core\Services\AppSettingsStore.cs'. [E:\openbroadcaster\OpenBroadcaster_2xmz1yr1_wpftmp.csproj]
E:\openbroadcaster\Core\Services\CartPadStore.cs(16,60): warning CS0436: The type 'AppSettingsStore' in 'E:\openbroadcaster\Core\Services\AppSettingsStore.cs' conflicts with the imported type 'AppSettingsStore' in 'OpenBroadcaster.Core, Version=0.0.0.0, Culture=neutral, PublicKeyToken=null'. Using the type defined in 'E:\openbroadcaster\Core\Services\AppSettingsStore.cs'. [E:\openbroadcaster\OpenBroadcaster_2xmz1yr1_wpftmp.csproj]
E:\openbroadcaster\Views\SchedulerDialog.xaml.cs(50,17): warning CS0436: The type 'SimpleRotation' in 'E:\openbroadcaster\Core\Automation\SimpleRotation.cs' conflicts with the imported type 'SimpleRotation' in 'OpenBroadcaster.Core, Version=0.0.0.0, Culture=neutral, PublicKeyToken=null'. Using the type defined in 'E:\openbroadcaster\Core\Automation\SimpleRotation.cs'. [E:\openbroadcaster\OpenBroadcaster_2xmz1yr1_wpftmp.csproj]
E:\openbroadcaster\Views\SchedulerDialog.xaml.cs(53,41): warning CS0436: The type 'SimpleSchedulerEntry' in 'E:\openbroadcaster\Core\Automation\SimpleRotation.cs' conflicts with the imported type 'SimpleSchedulerEntry' in 'OpenBroadcaster.Core, Version=0.0.0.0, Culture=neutral, PublicKeyToken=null'. Using the type defined in 'E:\openbroadcaster\Core\Automation\SimpleRotation.cs'. [E:\openbroadcaster\OpenBroadcaster_2xmz1yr1_wpftmp.csproj]
E:\openbroadcaster\Views\SchedulerDialog.xaml.cs(53,83): warning CS0436: The type 'SimpleRotation' in 'E:\openbroadcaster\Core\Automation\SimpleRotation.cs' conflicts with the imported type 'SimpleRotation' in 'OpenBroadcaster.Core, Version=0.0.0.0, Culture=neutral, PublicKeyToken=null'. Using the type defined in 'E:\openbroadcaster\Core\Automation\SimpleRotation.cs'. [E:\openbroadcaster\OpenBroadcaster_2xmz1yr1_wpftmp.csproj]
E:\openbroadcaster\Core\Services\CartWallService.cs(46,45): warning CS0436: The type 'CartPad' in 'E:\openbroadcaster\Core\Models\CartPad.cs' conflicts with the imported type 'CartPad' in 'OpenBroadcaster.Core, Version=0.0.0.0, Culture=neutral, PublicKeyToken=null'. Using the type defined in 'E:\openbroadcaster\Core\Models\CartPad.cs'. [E:\openbroadcaster\OpenBroadcaster_2xmz1yr1_wpftmp.csproj]
E:\openbroadcaster\Core\Services\CartWallService.cs(48,16): warning CS0436: The type 'CartPad' in 'E:\openbroadcaster\Core\Models\CartPad.cs' conflicts with the imported type 'CartPad' in 'OpenBroadcaster.Core, Version=0.0.0.0, Culture=neutral, PublicKeyToken=null'. Using the type defined in 'E:\openbroadcaster\Core\Models\CartPad.cs'. [E:\openbroadcaster\OpenBroadcaster_2xmz1yr1_wpftmp.csproj]
E:\openbroadcaster\Core\Services\CartWallService.cs(192,17): warning CS0436: The type 'CartPad' in 'E:\openbroadcaster\Core\Models\CartPad.cs' conflicts with the imported type 'CartPad' in 'OpenBroadcaster.Core, Version=0.0.0.0, Culture=neutral, PublicKeyToken=null'. Using the type defined in 'E:\openbroadcaster\Core\Models\CartPad.cs'. [E:\openbroadcaster\OpenBroadcaster_2xmz1yr1_wpftmp.csproj]
E:\openbroadcaster\Core\Services\CartWallService.cs(203,39): warning CS0436: The type 'CartPad' in 'E:\openbroadcaster\Core\Models\CartPad.cs' conflicts with the imported type 'CartPad' in 'OpenBroadcaster.Core, Version=0.0.0.0, Culture=neutral, PublicKeyToken=null'. Using the type defined in 'E:\openbroadcaster\Core\Models\CartPad.cs'. [E:\openbroadcaster\OpenBroadcaster_2xmz1yr1_wpftmp.csproj]
E:\openbroadcaster\Core\Services\CartWallService.cs(226,38): warning CS0436: The type 'CartPad' in 'E:\openbroadcaster\Core\Models\CartPad.cs' conflicts with the imported type 'CartPad' in 'OpenBroadcaster.Core, Version=0.0.0.0, Culture=neutral, PublicKeyToken=null'. Using the type defined in 'E:\openbroadcaster\Core\Models\CartPad.cs'. [E:\openbroadcaster\OpenBroadcaster_2xmz1yr1_wpftmp.csproj]
E:\openbroadcaster\Core\Services\CartWallService.cs(256,41): warning CS0436: The type 'CartPad' in 'E:\openbroadcaster\Core\Models\CartPad.cs' conflicts with the imported type 'CartPad' in 'OpenBroadcaster.Core, Version=0.0.0.0, Culture=neutral, PublicKeyToken=null'. Using the type defined in 'E:\openbroadcaster\Core\Models\CartPad.cs'. [E:\openbroadcaster\OpenBroadcaster_2xmz1yr1_wpftmp.csproj]
E:\openbroadcaster\Core\Services\CartWallService.cs(18,26): warning CS0436: The type 'AudioService' in 'E:\openbroadcaster\Core\Services\AudioService.cs' conflicts with the imported type 'AudioService' in 'OpenBroadcaster.Core, Version=0.0.0.0, Culture=neutral, PublicKeyToken=null'. Using the type defined in 'E:\openbroadcaster\Core\Services\AudioService.cs'. [E:\openbroadcaster\OpenBroadcaster_2xmz1yr1_wpftmp.csproj]
E:\openbroadcaster\Core\Services\CartWallService.cs(19,26): warning CS0436: The type 'CartPadStore' in 'E:\openbroadcaster\Core\Services\CartPadStore.cs' conflicts with the imported type 'CartPadStore' in 'OpenBroadcaster.Core, Version=0.0.0.0, Culture=neutral, PublicKeyToken=null'. Using the type defined in 'E:\openbroadcaster\Core\Services\CartPadStore.cs'. [E:\openbroadcaster\OpenBroadcaster_2xmz1yr1_wpftmp.csproj]
E:\openbroadcaster\Core\Services\CartWallService.cs(20,47): warning CS0436: The type 'CartPad' in 'E:\openbroadcaster\Core\Models\CartPad.cs' conflicts with the imported type 'CartPad' in 'OpenBroadcaster.Core, Version=0.0.0.0, Culture=neutral, PublicKeyToken=null'. Using the type defined in 'E:\openbroadcaster\Core\Models\CartPad.cs'. [E:\openbroadcaster\OpenBroadcaster_2xmz1yr1_wpftmp.csproj]
E:\openbroadcaster\Core\Services\CartWallService.cs(23,34): warning CS0436: The type 'CartWallService' in 'E:\openbroadcaster\Core\Services\CartWallService.cs' conflicts with the imported type 'CartWallService' in 'OpenBroadcaster.Core, Version=0.0.0.0, Culture=neutral, PublicKeyToken=null'. Using the type defined in 'E:\openbroadcaster\Core\Services\CartWallService.cs'. [E:\openbroadcaster\OpenBroadcaster_2xmz1yr1_wpftmp.csproj]
E:\openbroadcaster\Core\Services\CartWallService.cs(30,32): warning CS0436: The type 'AudioService' in 'E:\openbroadcaster\Core\Services\AudioService.cs' conflicts with the imported type 'AudioService' in 'OpenBroadcaster.Core, Version=0.0.0.0, Culture=neutral, PublicKeyToken=null'. Using the type defined in 'E:\openbroadcaster\Core\Services\AudioService.cs'. [E:\openbroadcaster\OpenBroadcaster_2xmz1yr1_wpftmp.csproj]
E:\openbroadcaster\Core\Services\CartWallService.cs(30,59): warning CS0436: The type 'CartPadStore' in 'E:\openbroadcaster\Core\Services\CartPadStore.cs' conflicts with the imported type 'CartPadStore' in 'OpenBroadcaster.Core, Version=0.0.0.0, Culture=neutral, PublicKeyToken=null'. Using the type defined in 'E:\openbroadcaster\Core\Services\CartPadStore.cs'. [E:\openbroadcaster\OpenBroadcaster_2xmz1yr1_wpftmp.csproj]
E:\openbroadcaster\Core\Services\CartWallService.cs(30,158): warning CS0436: The type 'CartWallService' in 'E:\openbroadcaster\Core\Services\CartWallService.cs' conflicts with the imported type 'CartWallService' in 'OpenBroadcaster.Core, Version=0.0.0.0, Culture=neutral, PublicKeyToken=null'. Using the type defined in 'E:\openbroadcaster\Core\Services\CartWallService.cs'. [E:\openbroadcaster\OpenBroadcaster_2xmz1yr1_wpftmp.csproj]
E:\openbroadcaster\Core\Services\CartWallService.cs(272,45): warning CS0436: The type 'CartPlayback' in 'E:\openbroadcaster\Core\Audio\CartPlayback.cs' conflicts with the imported type 'CartPlayback' in 'OpenBroadcaster.Core, Version=0.0.0.0, Culture=neutral, PublicKeyToken=null'. Using the type defined in 'E:\openbroadcaster\Core\Audio\CartPlayback.cs'. [E:\openbroadcaster\OpenBroadcaster_2xmz1yr1_wpftmp.csproj]
E:\openbroadcaster\Core\Services\DirectServer\DirectHttpServer.cs(20,12): warning CS0436: The type 'DirectServerDtos' in 'E:\openbroadcaster\Core\Services\DirectServer\DirectServerDtos.cs' conflicts with the imported type 'DirectServerDtos' in 'OpenBroadcaster.Core, Version=0.0.0.0, Culture=neutral, PublicKeyToken=null'. Using the type defined in 'E:\openbroadcaster\Core\Services\DirectServer\DirectServerDtos.cs'. [E:\openbroadcaster\OpenBroadcaster_2xmz1yr1_wpftmp.csproj]
E:\openbroadcaster\Core\Services\DirectServer\DirectHttpServer.cs(21,17): warning CS0436: The type 'DirectServerDtos' in 'E:\openbroadcaster\Core\Services\DirectServer\DirectServerDtos.cs' conflicts with the imported type 'DirectServerDtos' in 'OpenBroadcaster.Core, Version=0.0.0.0, Culture=neutral, PublicKeyToken=null'. Using the type defined in 'E:\openbroadcaster\Core\Services\DirectServer\DirectServerDtos.cs'. [E:\openbroadcaster\OpenBroadcaster_2xmz1yr1_wpftmp.csproj]
E:\openbroadcaster\Core\Streaming\EncoderState.cs(26,16): warning CS0436: The type 'EncoderState' in 'E:\openbroadcaster\Core\Streaming\EncoderState.cs' conflicts with the imported type 'EncoderState' in 'OpenBroadcaster.Core, Version=0.0.0.0, Culture=neutral, PublicKeyToken=null'. Using the type defined in 'E:\openbroadcaster\Core\Streaming\EncoderState.cs'. [E:\openbroadcaster\OpenBroadcaster_2xmz1yr1_wpftmp.csproj]
E:\openbroadcaster\Core\Streaming\EncoderState.cs(15,59): warning CS0436: The type 'EncoderState' in 'E:\openbroadcaster\Core\Streaming\EncoderState.cs' conflicts with the imported type 'EncoderState' in 'OpenBroadcaster.Core, Version=0.0.0.0, Culture=neutral, PublicKeyToken=null'. Using the type defined in 'E:\openbroadcaster\Core\Streaming\EncoderState.cs'. [E:\openbroadcaster\OpenBroadcaster_2xmz1yr1_wpftmp.csproj]
E:\openbroadcaster\Core\Streaming\EncoderState.cs(38,16): warning CS0436: The type 'EncoderStatus' in 'E:\openbroadcaster\Core\Streaming\EncoderState.cs' conflicts with the imported type 'EncoderStatus' in 'OpenBroadcaster.Core, Version=0.0.0.0, Culture=neutral, PublicKeyToken=null'. Using the type defined in 'E:\openbroadcaster\Core\Streaming\EncoderState.cs'. [E:\openbroadcaster\OpenBroadcaster_2xmz1yr1_wpftmp.csproj]
E:\openbroadcaster\Core\Streaming\EncoderState.cs(33,46): warning CS0436: The type 'EncoderStatus' in 'E:\openbroadcaster\Core\Streaming\EncoderState.cs' conflicts with the imported type 'EncoderStatus' in 'OpenBroadcaster.Core, Version=0.0.0.0, Culture=neutral, PublicKeyToken=null'. Using the type defined in 'E:\openbroadcaster\Core\Streaming\EncoderState.cs'. [E:\openbroadcaster\OpenBroadcaster_2xmz1yr1_wpftmp.csproj]
E:\openbroadcaster\Core\Services\DirectServer\DirectHttpServer.cs(94,31): warning CS0436: The type 'SongRequest' in 'E:\openbroadcaster\Core\Services\DirectServer\DirectHttpServer.cs' conflicts with the imported type 'SongRequest' in 'OpenBroadcaster.Core, Version=0.0.0.0, Culture=neutral, PublicKeyToken=null'. Using the type defined in 'E:\openbroadcaster\Core\Services\DirectServer\DirectHttpServer.cs'. [E:\openbroadcaster\OpenBroadcaster_2xmz1yr1_wpftmp.csproj]
E:\openbroadcaster\Core\Streaming\RouterEncoderAudioSourceFactory.cs(5,59): warning CS0436: The type 'IEncoderAudioSourceFactory' in 'E:\openbroadcaster\Core\Streaming\EncoderAudioSource.cs' conflicts with the imported type 'IEncoderAudioSourceFactory' in 'OpenBroadcaster.Core, Version=0.0.0.0, Culture=neutral, PublicKeyToken=null'. Using the type defined in 'E:\openbroadcaster\Core\Streaming\EncoderAudioSource.cs'. [E:\openbroadcaster\OpenBroadcaster_2xmz1yr1_wpftmp.csproj]
E:\openbroadcaster\Core\Streaming\RouterEncoderAudioSourceFactory.cs(14,16): warning CS0436: The type 'IEncoderAudioSource' in 'E:\openbroadcaster\Core\Streaming\EncoderAudioSource.cs' conflicts with the imported type 'IEncoderAudioSource' in 'OpenBroadcaster.Core, Version=0.0.0.0, Culture=neutral, PublicKeyToken=null'. Using the type defined in 'E:\openbroadcaster\Core\Streaming\EncoderAudioSource.cs'. [E:\openbroadcaster\OpenBroadcaster_2xmz1yr1_wpftmp.csproj]
E:\openbroadcaster\Core\Streaming\RouterEncoderAudioSourceFactory.cs(7,26): warning CS0436: The type 'SharedEncoderAudioSource' in 'E:\openbroadcaster\Core\Streaming\SharedEncoderAudioSource.cs' conflicts with the imported type 'SharedEncoderAudioSource' in 'OpenBroadcaster.Core, Version=0.0.0.0, Culture=neutral, PublicKeyToken=null'. Using the type defined in 'E:\openbroadcaster\Core\Streaming\SharedEncoderAudioSource.cs'. [E:\openbroadcaster\OpenBroadcaster_2xmz1yr1_wpftmp.csproj]
E:\openbroadcaster\Core\Streaming\RouterEncoderAudioSourceFactory.cs(9,48): warning CS0436: The type 'SharedEncoderAudioSource' in 'E:\openbroadcaster\Core\Streaming\SharedEncoderAudioSource.cs' conflicts with the imported type 'SharedEncoderAudioSource' in 'OpenBroadcaster.Core, Version=0.0.0.0, Culture=neutral, PublicKeyToken=null'. Using the type defined in 'E:\openbroadcaster\Core\Streaming\SharedEncoderAudioSource.cs'. [E:\openbroadcaster\OpenBroadcaster_2xmz1yr1_wpftmp.csproj]
E:\openbroadcaster\Core\Streaming\SharedEncoderAudioSource.cs(13,52): warning CS0436: The type 'IEncoderAudioSource' in 'E:\openbroadcaster\Core\Streaming\EncoderAudioSource.cs' conflicts with the imported type 'IEncoderAudioSource' in 'OpenBroadcaster.Core, Version=0.0.0.0, Culture=neutral, PublicKeyToken=null'. Using the type defined in 'E:\openbroadcaster\Core\Streaming\EncoderAudioSource.cs'. [E:\openbroadcaster\OpenBroadcaster_2xmz1yr1_wpftmp.csproj]
E:\openbroadcaster\Core\Streaming\SharedEncoderAudioSource.cs(13,73): warning CS0436: The type 'IAudioEncoderTap' in 'E:\openbroadcaster\Core\Audio\IAudioEncoderTap.cs' conflicts with the imported type 'IAudioEncoderTap' in 'OpenBroadcaster.Core, Version=0.0.0.0, Culture=neutral, PublicKeyToken=null'. Using the type defined in 'E:\openbroadcaster\Core\Audio\IAudioEncoderTap.cs'. [E:\openbroadcaster\OpenBroadcaster_2xmz1yr1_wpftmp.csproj]
E:\openbroadcaster\Core\Services\DirectServer\DirectHttpServer.cs(55,22): warning CS0436: The type 'DirectServerSettings' in 'E:\openbroadcaster\Core\Models\AppSettings.cs' conflicts with the imported type 'DirectServerSettings' in 'OpenBroadcaster.Core, Version=0.0.0.0, Culture=neutral, PublicKeyToken=null'. Using the type defined in 'E:\openbroadcaster\Core\Models\AppSettings.cs'. [E:\openbroadcaster\OpenBroadcaster_2xmz1yr1_wpftmp.csproj]
E:\openbroadcaster\Core\Streaming\SharedEncoderAudioSource.cs(55,35): warning CS0436: The type 'EncoderAudioFrameEventArgs' in 'E:\openbroadcaster\Core\Streaming\EncoderAudioSource.cs' conflicts with the imported type 'EncoderAudioFrameEventArgs' in 'OpenBroadcaster.Core, Version=0.0.0.0, Culture=neutral, PublicKeyToken=null'. Using the type defined in 'E:\openbroadcaster\Core\Streaming\EncoderAudioSource.cs'. [E:\openbroadcaster\OpenBroadcaster_2xmz1yr1_wpftmp.csproj]
E:\openbroadcaster\Core\Services\DirectServer\DirectHttpServer.cs(56,30): warning CS0436: The type 'DirectHttpServer' in 'E:\openbroadcaster\Core\Services\DirectServer\DirectHttpServer.cs' conflicts with the imported type 'DirectHttpServer' in 'OpenBroadcaster.Core, Version=0.0.0.0, Culture=neutral, PublicKeyToken=null'. Using the type defined in 'E:\openbroadcaster\Core\Services\DirectServer\DirectHttpServer.cs'. [E:\openbroadcaster\OpenBroadcaster_2xmz1yr1_wpftmp.csproj]
E:\openbroadcaster\Core\Services\DirectServer\DirectHttpServer.cs(59,27): warning CS0436: The type 'DirectServerSnapshot' in 'E:\openbroadcaster\Core\Services\DirectServer\DirectHttpServer.cs' conflicts with the imported type 'DirectServerSnapshot' in 'OpenBroadcaster.Core, Version=0.0.0.0, Culture=neutral, PublicKeyToken=null'. Using the type defined in 'E:\openbroadcaster\Core\Services\DirectServer\DirectHttpServer.cs'. [E:\openbroadcaster\OpenBroadcaster_2xmz1yr1_wpftmp.csproj]
E:\openbroadcaster\Core\Services\DirectServer\DirectHttpServer.cs(60,57): warning CS0436: The type 'DirectServerLibraryItem' in 'E:\openbroadcaster\Core\Services\DirectServer\DirectHttpServer.cs' conflicts with the imported type 'DirectServerLibraryItem' in 'OpenBroadcaster.Core, Version=0.0.0.0, Culture=neutral, PublicKeyToken=null'. Using the type defined in 'E:\openbroadcaster\Core\Services\DirectServer\DirectHttpServer.cs'. [E:\openbroadcaster\OpenBroadcaster_2xmz1yr1_wpftmp.csproj]
E:\openbroadcaster\Core\Services\DirectServer\DirectHttpServer.cs(61,29): warning CS0436: The type 'SongRequest' in 'E:\openbroadcaster\Core\Services\DirectServer\DirectHttpServer.cs' conflicts with the imported type 'SongRequest' in 'OpenBroadcaster.Core, Version=0.0.0.0, Culture=neutral, PublicKeyToken=null'. Using the type defined in 'E:\openbroadcaster\Core\Services\DirectServer\DirectHttpServer.cs'. [E:\openbroadcaster\OpenBroadcaster_2xmz1yr1_wpftmp.csproj]
E:\openbroadcaster\Core\Relay\Contracts\Payloads\LibraryPayloads.cs(112,21): warning CS0436: The type 'LibraryTrackDto' in 'E:\openbroadcaster\Core\Relay\Contracts\Payloads\LibraryPayloads.cs' conflicts with the imported type 'LibraryTrackDto' in 'OpenBroadcaster.Core, Version=0.0.0.0, Culture=neutral, PublicKeyToken=null'. Using the type defined in 'E:\openbroadcaster\Core\Relay\Contracts\Payloads\LibraryPayloads.cs'. [E:\openbroadcaster\OpenBroadcaster_2xmz1yr1_wpftmp.csproj]
E:\openbroadcaster\Core\Services\ILibraryService.cs(15,14): warning CS0436: The type 'Media' in 'E:\openbroadcaster\Core\Models\Media.cs' conflicts with the imported type 'Media' in 'OpenBroadcaster.Core, Version=0.0.0.0, Culture=neutral, PublicKeyToken=null'. Using the type defined in 'E:\openbroadcaster\Core\Models\Media.cs'. [E:\openbroadcaster\OpenBroadcaster_2xmz1yr1_wpftmp.csproj]
E:\openbroadcaster\Core\Streaming\SharedEncoderAudioSource.cs(126,56): warning CS0436: The type 'AudioSourceType' in 'E:\openbroadcaster\Core\Audio\AudioSourceType.cs' conflicts with the imported type 'AudioSourceType' in 'OpenBroadcaster.Core, Version=0.0.0.0, Culture=neutral, PublicKeyToken=null'. Using the type defined in 'E:\openbroadcaster\Core\Audio\AudioSourceType.cs'. [E:\openbroadcaster\OpenBroadcaster_2xmz1yr1_wpftmp.csproj]
E:\openbroadcaster\Core\Streaming\SharedEncoderAudioSource.cs(126,16): warning CS0436: The type 'AudioSampleBlockHandler' in 'E:\openbroadcaster\Core\Audio\AudioSampleTap.cs' conflicts with the imported type 'AudioSampleBlockHandler' in 'OpenBroadcaster.Core, Version=0.0.0.0, Culture=neutral, PublicKeyToken=null'. Using the type defined in 'E:\openbroadcaster\Core\Audio\AudioSampleTap.cs'. [E:\openbroadcaster\OpenBroadcaster_2xmz1yr1_wpftmp.csproj]
E:\openbroadcaster\Core\Streaming\SharedEncoderAudioSource.cs(136,36): warning CS0436: The type 'AudioSourceType' in 'E:\openbroadcaster\Core\Audio\AudioSourceType.cs' conflicts with the imported type 'AudioSourceType' in 'OpenBroadcaster.Core, Version=0.0.0.0, Culture=neutral, PublicKeyToken=null'. Using the type defined in 'E:\openbroadcaster\Core\Audio\AudioSourceType.cs'. [E:\openbroadcaster\OpenBroadcaster_2xmz1yr1_wpftmp.csproj]
E:\openbroadcaster\Core\Streaming\SharedEncoderAudioSource.cs(16,26): warning CS0436: The type 'AudioRoutingGraph' in 'E:\openbroadcaster\Core\Audio\AudioRoutingGraph.cs' conflicts with the imported type 'AudioRoutingGraph' in 'OpenBroadcaster.Core, Version=0.0.0.0, Culture=neutral, PublicKeyToken=null'. Using the type defined in 'E:\openbroadcaster\Core\Audio\AudioRoutingGraph.cs'. [E:\openbroadcaster\OpenBroadcaster_2xmz1yr1_wpftmp.csproj]
E:\openbroadcaster\Core\Services\IPlayerStatusService.cs(14,9): warning CS0436: The type 'PlayerState' in 'E:\openbroadcaster\Core\Models\PlayerState.cs' conflicts with the imported type 'PlayerState' in 'OpenBroadcaster.Core, Version=0.0.0.0, Culture=neutral, PublicKeyToken=null'. Using the type defined in 'E:\openbroadcaster\Core\Models\PlayerState.cs'. [E:\openbroadcaster\OpenBroadcaster_2xmz1yr1_wpftmp.csproj]
E:\openbroadcaster\Core\Services\IQueueService.cs(20,27): warning CS0436: The type 'Media' in 'E:\openbroadcaster\Core\Models\Media.cs' conflicts with the imported type 'Media' in 'OpenBroadcaster.Core, Version=0.0.0.0, Culture=neutral, PublicKeyToken=null'. Using the type defined in 'E:\openbroadcaster\Core\Models\Media.cs'. [E:\openbroadcaster\OpenBroadcaster_2xmz1yr1_wpftmp.csproj]
E:\openbroadcaster\Core\Streaming\SharedEncoderAudioSource.cs(20,37): warning CS0436: The type 'AudioSourceType' in 'E:\openbroadcaster\Core\Audio\AudioSourceType.cs' conflicts with the imported type 'AudioSourceType' in 'OpenBroadcaster.Core, Version=0.0.0.0, Culture=neutral, PublicKeyToken=null'. Using the type defined in 'E:\openbroadcaster\Core\Audio\AudioSourceType.cs'. [E:\openbroadcaster\OpenBroadcaster_2xmz1yr1_wpftmp.csproj]
E:\openbroadcaster\Core\Streaming\SharedEncoderAudioSource.cs(30,41): warning CS0436: The type 'AudioRoutingGraph' in 'E:\openbroadcaster\Core\Audio\AudioRoutingGraph.cs' conflicts with the imported type 'AudioRoutingGraph' in 'OpenBroadcaster.Core, Version=0.0.0.0, Culture=neutral, PublicKeyToken=null'. Using the type defined in 'E:\openbroadcaster\Core\Audio\AudioRoutingGraph.cs'. [E:\openbroadcaster\OpenBroadcaster_2xmz1yr1_wpftmp.csproj]
E:\openbroadcaster\Core\Relay\Contracts\Payloads\NowPlayingPayload.cs(119,23): warning CS0436: The type 'NowPlayingPayload' in 'E:\openbroadcaster\Core\Relay\Contracts\Payloads\NowPlayingPayload.cs' conflicts with the imported type 'NowPlayingPayload' in 'OpenBroadcaster.Core, Version=0.0.0.0, Culture=neutral, PublicKeyToken=null'. Using the type defined in 'E:\openbroadcaster\Core\Relay\Contracts\Payloads\NowPlayingPayload.cs'. [E:\openbroadcaster\OpenBroadcaster_2xmz1yr1_wpftmp.csproj]
E:\openbroadcaster\Core\Relay\Contracts\Payloads\QueuePayloads.cs(28,21): warning CS0436: The type 'QueueItemDto' in 'E:\openbroadcaster\Core\Relay\Contracts\Payloads\QueuePayloads.cs' conflicts with the imported type 'QueueItemDto' in 'OpenBroadcaster.Core, Version=0.0.0.0, Culture=neutral, PublicKeyToken=null'. Using the type defined in 'E:\openbroadcaster\Core\Relay\Contracts\Payloads\QueuePayloads.cs'. [E:\openbroadcaster\OpenBroadcaster_2xmz1yr1_wpftmp.csproj]
E:\openbroadcaster\Core\Services\MicInputService.cs(16,35): warning CS0436: The type 'MicSampleBlockEventArgs' in 'E:\openbroadcaster\Core\Services\MicSampleBlockEventArgs.cs' conflicts with the imported type 'MicSampleBlockEventArgs' in 'OpenBroadcaster.Core, Version=0.0.0.0, Culture=neutral, PublicKeyToken=null'. Using the type defined in 'E:\openbroadcaster\Core\Services\MicSampleBlockEventArgs.cs'. [E:\openbroadcaster\OpenBroadcaster_2xmz1yr1_wpftmp.csproj]
E:\openbroadcaster\Core\Services\QueueService.cs(26,30): warning CS0436: The type 'QueueItem' in 'E:\openbroadcaster\Core\Models\QueueItem.cs' conflicts with the imported type 'QueueItem' in 'OpenBroadcaster.Core, Version=0.0.0.0, Culture=neutral, PublicKeyToken=null'. Using the type defined in 'E:\openbroadcaster\Core\Models\QueueItem.cs'. [E:\openbroadcaster\OpenBroadcaster_2xmz1yr1_wpftmp.csproj]
E:\openbroadcaster\Core\Services\QueueService.cs(34,30): warning CS0436: The type 'QueueItem' in 'E:\openbroadcaster\Core\Models\QueueItem.cs' conflicts with the imported type 'QueueItem' in 'OpenBroadcaster.Core, Version=0.0.0.0, Culture=neutral, PublicKeyToken=null'. Using the type defined in 'E:\openbroadcaster\Core\Models\QueueItem.cs'. [E:\openbroadcaster\OpenBroadcaster_2xmz1yr1_wpftmp.csproj]
E:\openbroadcaster\Core\Services\QueueService.cs(42,29): warning CS0436: The type 'QueueItem' in 'E:\openbroadcaster\Core\Models\QueueItem.cs' conflicts with the imported type 'QueueItem' in 'OpenBroadcaster.Core, Version=0.0.0.0, Culture=neutral, PublicKeyToken=null'. Using the type defined in 'E:\openbroadcaster\Core\Models\QueueItem.cs'. [E:\openbroadcaster\OpenBroadcaster_2xmz1yr1_wpftmp.csproj]
E:\openbroadcaster\Core\Services\QueueService.cs(63,34): warning CS0436: The type 'QueueItem' in 'E:\openbroadcaster\Core\Models\QueueItem.cs' conflicts with the imported type 'QueueItem' in 'OpenBroadcaster.Core, Version=0.0.0.0, Culture=neutral, PublicKeyToken=null'. Using the type defined in 'E:\openbroadcaster\Core\Models\QueueItem.cs'. [E:\openbroadcaster\OpenBroadcaster_2xmz1yr1_wpftmp.csproj]
E:\openbroadcaster\Core\Services\QueueService.cs(68,41): warning CS0436: The type 'QueueItem' in 'E:\openbroadcaster\Core\Models\QueueItem.cs' conflicts with the imported type 'QueueItem' in 'OpenBroadcaster.Core, Version=0.0.0.0, Culture=neutral, PublicKeyToken=null'. Using the type defined in 'E:\openbroadcaster\Core\Models\QueueItem.cs'. [E:\openbroadcaster\OpenBroadcaster_2xmz1yr1_wpftmp.csproj]
E:\openbroadcaster\Core\Services\RadioService.cs(41,16): warning CS0436: The type 'DeckIdentifier' in 'E:\openbroadcaster\Core\Models\DeckIdentifier.cs' conflicts with the imported type 'DeckIdentifier' in 'OpenBroadcaster.Core, Version=0.0.0.0, Culture=neutral, PublicKeyToken=null'. Using the type defined in 'E:\openbroadcaster\Core\Models\DeckIdentifier.cs'. [E:\openbroadcaster\OpenBroadcaster_2xmz1yr1_wpftmp.csproj]
E:\openbroadcaster\Core\Services\QueueService.cs(172,16): warning CS0436: The type 'QueueItem' in 'E:\openbroadcaster\Core\Models\QueueItem.cs' conflicts with the imported type 'QueueItem' in 'OpenBroadcaster.Core, Version=0.0.0.0, Culture=neutral, PublicKeyToken=null'. Using the type defined in 'E:\openbroadcaster\Core\Models\QueueItem.cs'. [E:\openbroadcaster\OpenBroadcaster_2xmz1yr1_wpftmp.csproj]
E:\openbroadcaster\Core\Services\QueueService.cs(205,16): warning CS0436: The type 'QueueItem' in 'E:\openbroadcaster\Core\Models\QueueItem.cs' conflicts with the imported type 'QueueItem' in 'OpenBroadcaster.Core, Version=0.0.0.0, Culture=neutral, PublicKeyToken=null'. Using the type defined in 'E:\openbroadcaster\Core\Models\QueueItem.cs'. [E:\openbroadcaster\OpenBroadcaster_2xmz1yr1_wpftmp.csproj]
E:\openbroadcaster\Core\Services\QueueService.cs(213,16): warning CS0436: The type 'QueueItem' in 'E:\openbroadcaster\Core\Models\QueueItem.cs' conflicts with the imported type 'QueueItem' in 'OpenBroadcaster.Core, Version=0.0.0.0, Culture=neutral, PublicKeyToken=null'. Using the type defined in 'E:\openbroadcaster\Core\Models\QueueItem.cs'. [E:\openbroadcaster\OpenBroadcaster_2xmz1yr1_wpftmp.csproj]
E:\openbroadcaster\Core\Services\QueueService.cs(279,41): warning CS0436: The type 'QueueItem' in 'E:\openbroadcaster\Core\Models\QueueItem.cs' conflicts with the imported type 'QueueItem' in 'OpenBroadcaster.Core, Version=0.0.0.0, Culture=neutral, PublicKeyToken=null'. Using the type defined in 'E:\openbroadcaster\Core\Models\QueueItem.cs'. [E:\openbroadcaster\OpenBroadcaster_2xmz1yr1_wpftmp.csproj]
E:\openbroadcaster\Core\Services\QueueService.cs(11,31): warning CS0436: The type 'QueueItem' in 'E:\openbroadcaster\Core\Models\QueueItem.cs' conflicts with the imported type 'QueueItem' in 'OpenBroadcaster.Core, Version=0.0.0.0, Culture=neutral, PublicKeyToken=null'. Using the type defined in 'E:\openbroadcaster\Core\Models\QueueItem.cs'. [E:\openbroadcaster\OpenBroadcaster_2xmz1yr1_wpftmp.csproj]
E:\openbroadcaster\Core\Services\QueueService.cs(12,31): warning CS0436: The type 'QueueItem' in 'E:\openbroadcaster\Core\Models\QueueItem.cs' conflicts with the imported type 'QueueItem' in 'OpenBroadcaster.Core, Version=0.0.0.0, Culture=neutral, PublicKeyToken=null'. Using the type defined in 'E:\openbroadcaster\Core\Models\QueueItem.cs'. [E:\openbroadcaster\OpenBroadcaster_2xmz1yr1_wpftmp.csproj]
E:\openbroadcaster\Core\Services\QueueService.cs(14,34): warning CS0436: The type 'QueueService' in 'E:\openbroadcaster\Core\Services\QueueService.cs' conflicts with the imported type 'QueueService' in 'OpenBroadcaster.Core, Version=0.0.0.0, Culture=neutral, PublicKeyToken=null'. Using the type defined in 'E:\openbroadcaster\Core\Services\QueueService.cs'. [E:\openbroadcaster\OpenBroadcaster_2xmz1yr1_wpftmp.csproj]
E:\openbroadcaster\Core\Services\QueueService.cs(17,37): warning CS0436: The type 'QueueService' in 'E:\openbroadcaster\Core\Services\QueueService.cs' conflicts with the imported type 'QueueService' in 'OpenBroadcaster.Core, Version=0.0.0.0, Culture=neutral, PublicKeyToken=null'. Using the type defined in 'E:\openbroadcaster\Core\Services\QueueService.cs'. [E:\openbroadcaster\OpenBroadcaster_2xmz1yr1_wpftmp.csproj]
E:\openbroadcaster\Core\Services\RadioService.cs(67,41): warning CS0436: The type 'DeckStateChangedEvent' in 'E:\openbroadcaster\Core\Messaging\Events\DeckStateChangedEvent.cs' conflicts with the imported type 'DeckStateChangedEvent' in 'OpenBroadcaster.Core, Version=0.0.0.0, Culture=neutral, PublicKeyToken=null'. Using the type defined in 'E:\openbroadcaster\Core\Messaging\Events\DeckStateChangedEvent.cs'. [E:\openbroadcaster\OpenBroadcaster_2xmz1yr1_wpftmp.csproj]
E:\openbroadcaster\Core\Services\RadioService.cs(13,26): warning CS0436: The type 'TransportService' in 'E:\openbroadcaster\Core\Services\TransportService.cs' conflicts with the imported type 'TransportService' in 'OpenBroadcaster.Core, Version=0.0.0.0, Culture=neutral, PublicKeyToken=null'. Using the type defined in 'E:\openbroadcaster\Core\Services\TransportService.cs'. [E:\openbroadcaster\OpenBroadcaster_2xmz1yr1_wpftmp.csproj]
E:\openbroadcaster\Core\Services\RadioService.cs(14,26): warning CS0436: The type 'EventBus' in 'E:\openbroadcaster\Core\Messaging\EventBus.cs' conflicts with the imported type 'EventBus' in 'OpenBroadcaster.Core, Version=0.0.0.0, Culture=neutral, PublicKeyToken=null'. Using the type defined in 'E:\openbroadcaster\Core\Messaging\EventBus.cs'. [E:\openbroadcaster\OpenBroadcaster_2xmz1yr1_wpftmp.csproj]
E:\openbroadcaster\Core\Services\TransportService.cs(48,16): warning CS0436: The type 'Deck' in 'E:\openbroadcaster\Core\Models\Deck.cs' conflicts with the imported type 'Deck' in 'OpenBroadcaster.Core, Version=0.0.0.0, Culture=neutral, PublicKeyToken=null'. Using the type defined in 'E:\openbroadcaster\Core\Models\Deck.cs'. [E:\openbroadcaster\OpenBroadcaster_2xmz1yr1_wpftmp.csproj]
E:\openbroadcaster\Core\Services\TransportService.cs(49,16): warning CS0436: The type 'Deck' in 'E:\openbroadcaster\Core\Models\Deck.cs' conflicts with the imported type 'Deck' in 'OpenBroadcaster.Core, Version=0.0.0.0, Culture=neutral, PublicKeyToken=null'. Using the type defined in 'E:\openbroadcaster\Core\Models\Deck.cs'. [E:\openbroadcaster\OpenBroadcaster_2xmz1yr1_wpftmp.csproj]
E:\openbroadcaster\Core\Services\TwitchSettingsStore.cs(19,16): warning CS0436: The type 'TwitchSettings' in 'E:\openbroadcaster\Core\Models\TwitchSettings.cs' conflicts with the imported type 'TwitchSettings' in 'OpenBroadcaster.Core, Version=0.0.0.0, Culture=neutral, PublicKeyToken=null'. Using the type defined in 'E:\openbroadcaster\Core\Models\TwitchSettings.cs'. [E:\openbroadcaster\OpenBroadcaster_2xmz1yr1_wpftmp.csproj]
E:\openbroadcaster\Core\Services\TwitchSettingsStore.cs(38,26): warning CS0436: The type 'TwitchSettings' in 'E:\openbroadcaster\Core\Models\TwitchSettings.cs' conflicts with the imported type 'TwitchSettings' in 'OpenBroadcaster.Core, Version=0.0.0.0, Culture=neutral, PublicKeyToken=null'. Using the type defined in 'E:\openbroadcaster\Core\Models\TwitchSettings.cs'. [E:\openbroadcaster\OpenBroadcaster_2xmz1yr1_wpftmp.csproj]
E:\openbroadcaster\Core\Services\RadioService.cs(16,34): warning CS0436: The type 'RadioService' in 'E:\openbroadcaster\Core\Services\RadioService.cs' conflicts with the imported type 'RadioService' in 'OpenBroadcaster.Core, Version=0.0.0.0, Culture=neutral, PublicKeyToken=null'. Using the type defined in 'E:\openbroadcaster\Core\Services\RadioService.cs'. [E:\openbroadcaster\OpenBroadcaster_2xmz1yr1_wpftmp.csproj]
E:\openbroadcaster\Core\Services\TransportService.cs(50,31): warning CS0436: The type 'DeckIdentifier' in 'E:\openbroadcaster\Core\Models\DeckIdentifier.cs' conflicts with the imported type 'DeckIdentifier' in 'OpenBroadcaster.Core, Version=0.0.0.0, Culture=neutral, PublicKeyToken=null'. Using the type defined in 'E:\openbroadcaster\Core\Models\DeckIdentifier.cs'. [E:\openbroadcaster\OpenBroadcaster_2xmz1yr1_wpftmp.csproj]
E:\openbroadcaster\Core\Services\TransportService.cs(50,54): warning CS0436: The type 'QueueItem' in 'E:\openbroadcaster\Core\Models\QueueItem.cs' conflicts with the imported type 'QueueItem' in 'OpenBroadcaster.Core, Version=0.0.0.0, Culture=neutral, PublicKeyToken=null'. Using the type defined in 'E:\openbroadcaster\Core\Models\QueueItem.cs'. [E:\openbroadcaster\OpenBroadcaster_2xmz1yr1_wpftmp.csproj]
E:\openbroadcaster\Core\Services\RadioService.cs(18,29): warning CS0436: The type 'TransportService' in 'E:\openbroadcaster\Core\Services\TransportService.cs' conflicts with the imported type 'TransportService' in 'OpenBroadcaster.Core, Version=0.0.0.0, Culture=neutral, PublicKeyToken=null'. Using the type defined in 'E:\openbroadcaster\Core\Services\TransportService.cs'. [E:\openbroadcaster\OpenBroadcaster_2xmz1yr1_wpftmp.csproj]
E:\openbroadcaster\Core\Services\RadioService.cs(18,57): warning CS0436: The type 'EventBus' in 'E:\openbroadcaster\Core\Messaging\EventBus.cs' conflicts with the imported type 'EventBus' in 'OpenBroadcaster.Core, Version=0.0.0.0, Culture=neutral, PublicKeyToken=null'. Using the type defined in 'E:\openbroadcaster\Core\Messaging\EventBus.cs'. [E:\openbroadcaster\OpenBroadcaster_2xmz1yr1_wpftmp.csproj]
E:\openbroadcaster\Core\Services\RadioService.cs(18,84): warning CS0436: The type 'RadioService' in 'E:\openbroadcaster\Core\Services\RadioService.cs' conflicts with the imported type 'RadioService' in 'OpenBroadcaster.Core, Version=0.0.0.0, Culture=neutral, PublicKeyToken=null'. Using the type defined in 'E:\openbroadcaster\Core\Services\RadioService.cs'. [E:\openbroadcaster\OpenBroadcaster_2xmz1yr1_wpftmp.csproj]
E:\openbroadcaster\Core\Services\TransportService.cs(59,28): warning CS0436: The type 'DeckIdentifier' in 'E:\openbroadcaster\Core\Models\DeckIdentifier.cs' conflicts with the imported type 'DeckIdentifier' in 'OpenBroadcaster.Core, Version=0.0.0.0, Culture=neutral, PublicKeyToken=null'. Using the type defined in 'E:\openbroadcaster\Core\Models\DeckIdentifier.cs'. [E:\openbroadcaster\OpenBroadcaster_2xmz1yr1_wpftmp.csproj]
E:\openbroadcaster\Core\Services\TransportService.cs(68,26): warning CS0436: The type 'DeckIdentifier' in 'E:\openbroadcaster\Core\Models\DeckIdentifier.cs' conflicts with the imported type 'DeckIdentifier' in 'OpenBroadcaster.Core, Version=0.0.0.0, Culture=neutral, PublicKeyToken=null'. Using the type defined in 'E:\openbroadcaster\Core\Models\DeckIdentifier.cs'. [E:\openbroadcaster\OpenBroadcaster_2xmz1yr1_wpftmp.csproj]
E:\openbroadcaster\Core\Services\TransportService.cs(172,27): warning CS0436: The type 'DeckIdentifier' in 'E:\openbroadcaster\Core\Models\DeckIdentifier.cs' conflicts with the imported type 'DeckIdentifier' in 'OpenBroadcaster.Core, Version=0.0.0.0, Culture=neutral, PublicKeyToken=null'. Using the type defined in 'E:\openbroadcaster\Core\Models\DeckIdentifier.cs'. [E:\openbroadcaster\OpenBroadcaster_2xmz1yr1_wpftmp.csproj]
E:\openbroadcaster\Core\Services\TransportService.cs(210,26): warning CS0436: The type 'DeckIdentifier' in 'E:\openbroadcaster\Core\Models\DeckIdentifier.cs' conflicts with the imported type 'DeckIdentifier' in 'OpenBroadcaster.Core, Version=0.0.0.0, Culture=neutral, PublicKeyToken=null'. Using the type defined in 'E:\openbroadcaster\Core\Models\DeckIdentifier.cs'. [E:\openbroadcaster\OpenBroadcaster_2xmz1yr1_wpftmp.csproj]
E:\openbroadcaster\Core\Services\TransportService.cs(249,48): warning CS0436: The type 'DeckIdentifier' in 'E:\openbroadcaster\Core\Models\DeckIdentifier.cs' conflicts with the imported type 'DeckIdentifier' in 'OpenBroadcaster.Core, Version=0.0.0.0, Culture=neutral, PublicKeyToken=null'. Using the type defined in 'E:\openbroadcaster\Core\Models\DeckIdentifier.cs'. [E:\openbroadcaster\OpenBroadcaster_2xmz1yr1_wpftmp.csproj]
E:\openbroadcaster\Core\Services\TransportService.cs(249,16): warning CS0436: The type 'QueueItem' in 'E:\openbroadcaster\Core\Models\QueueItem.cs' conflicts with the imported type 'QueueItem' in 'OpenBroadcaster.Core, Version=0.0.0.0, Culture=neutral, PublicKeyToken=null'. Using the type defined in 'E:\openbroadcaster\Core\Models\QueueItem.cs'. [E:\openbroadcaster\OpenBroadcaster_2xmz1yr1_wpftmp.csproj]
E:\openbroadcaster\Core\Services\TransportService.cs(259,30): warning CS0436: The type 'DeckIdentifier' in 'E:\openbroadcaster\Core\Models\DeckIdentifier.cs' conflicts with the imported type 'DeckIdentifier' in 'OpenBroadcaster.Core, Version=0.0.0.0, Culture=neutral, PublicKeyToken=null'. Using the type defined in 'E:\openbroadcaster\Core\Models\DeckIdentifier.cs'. [E:\openbroadcaster\OpenBroadcaster_2xmz1yr1_wpftmp.csproj]
E:\openbroadcaster\Core\Services\TransportService.cs(259,17): warning CS0436: The type 'Deck' in 'E:\openbroadcaster\Core\Models\Deck.cs' conflicts with the imported type 'Deck' in 'OpenBroadcaster.Core, Version=0.0.0.0, Culture=neutral, PublicKeyToken=null'. Using the type defined in 'E:\openbroadcaster\Core\Models\Deck.cs'. [E:\openbroadcaster\OpenBroadcaster_2xmz1yr1_wpftmp.csproj]
E:\openbroadcaster\Core\Services\TransportService.cs(269,30): warning CS0436: The type 'DeckIdentifier' in 'E:\openbroadcaster\Core\Models\DeckIdentifier.cs' conflicts with the imported type 'DeckIdentifier' in 'OpenBroadcaster.Core, Version=0.0.0.0, Culture=neutral, PublicKeyToken=null'. Using the type defined in 'E:\openbroadcaster\Core\Models\DeckIdentifier.cs'. [E:\openbroadcaster\OpenBroadcaster_2xmz1yr1_wpftmp.csproj]
E:\openbroadcaster\Core\Services\TransportService.cs(269,53): warning CS0436: The type 'Deck' in 'E:\openbroadcaster\Core\Models\Deck.cs' conflicts with the imported type 'Deck' in 'OpenBroadcaster.Core, Version=0.0.0.0, Culture=neutral, PublicKeyToken=null'. Using the type defined in 'E:\openbroadcaster\Core\Models\Deck.cs'. [E:\openbroadcaster\OpenBroadcaster_2xmz1yr1_wpftmp.csproj]
E:\openbroadcaster\Core\Services\TransportService.cs(275,39): warning CS0436: The type 'DeckIdentifier' in 'E:\openbroadcaster\Core\Models\DeckIdentifier.cs' conflicts with the imported type 'DeckIdentifier' in 'OpenBroadcaster.Core, Version=0.0.0.0, Culture=neutral, PublicKeyToken=null'. Using the type defined in 'E:\openbroadcaster\Core\Models\DeckIdentifier.cs'. [E:\openbroadcaster\OpenBroadcaster_2xmz1yr1_wpftmp.csproj]
E:\openbroadcaster\Core\Services\TransportService.cs(288,44): warning CS0436: The type 'DeckIdentifier' in 'E:\openbroadcaster\Core\Models\DeckIdentifier.cs' conflicts with the imported type 'DeckIdentifier' in 'OpenBroadcaster.Core, Version=0.0.0.0, Culture=neutral, PublicKeyToken=null'. Using the type defined in 'E:\openbroadcaster\Core\Models\DeckIdentifier.cs'. [E:\openbroadcaster\OpenBroadcaster_2xmz1yr1_wpftmp.csproj]
E:\openbroadcaster\Core\Services\TransportService.cs(299,36): warning CS0436: The type 'DeckIdentifier' in 'E:\openbroadcaster\Core\Models\DeckIdentifier.cs' conflicts with the imported type 'DeckIdentifier' in 'OpenBroadcaster.Core, Version=0.0.0.0, Culture=neutral, PublicKeyToken=null'. Using the type defined in 'E:\openbroadcaster\Core\Models\DeckIdentifier.cs'. [E:\openbroadcaster\OpenBroadcaster_2xmz1yr1_wpftmp.csproj]
E:\openbroadcaster\Core\Services\TransportService.cs(309,37): warning CS0436: The type 'DeckIdentifier' in 'E:\openbroadcaster\Core\Models\DeckIdentifier.cs' conflicts with the imported type 'DeckIdentifier' in 'OpenBroadcaster.Core, Version=0.0.0.0, Culture=neutral, PublicKeyToken=null'. Using the type defined in 'E:\openbroadcaster\Core\Models\DeckIdentifier.cs'. [E:\openbroadcaster\OpenBroadcaster_2xmz1yr1_wpftmp.csproj]
E:\openbroadcaster\Core\Services\TransportService.cs(314,36): warning CS0436: The type 'DeckIdentifier' in 'E:\openbroadcaster\Core\Models\DeckIdentifier.cs' conflicts with the imported type 'DeckIdentifier' in 'OpenBroadcaster.Core, Version=0.0.0.0, Culture=neutral, PublicKeyToken=null'. Using the type defined in 'E:\openbroadcaster\Core\Models\DeckIdentifier.cs'. [E:\openbroadcaster\OpenBroadcaster_2xmz1yr1_wpftmp.csproj]
E:\openbroadcaster\Core\Services\TohSchedulerService.cs(33,35): warning CS0436: The type 'TohFiredEventArgs' in 'E:\openbroadcaster\Core\Services\TohSchedulerService.cs' conflicts with the imported type 'TohFiredEventArgs' in 'OpenBroadcaster.Core, Version=0.0.0.0, Culture=neutral, PublicKeyToken=null'. Using the type defined in 'E:\openbroadcaster\Core\Services\TohSchedulerService.cs'. [E:\openbroadcaster\OpenBroadcaster_2xmz1yr1_wpftmp.csproj]
E:\openbroadcaster\Core\Services\TransportService.cs(15,26): warning CS0436: The type 'IEventBus' in 'E:\openbroadcaster\Core\Messaging\IEventBus.cs' conflicts with the imported type 'IEventBus' in 'OpenBroadcaster.Core, Version=0.0.0.0, Culture=neutral, PublicKeyToken=null'. Using the type defined in 'E:\openbroadcaster\Core\Messaging\IEventBus.cs'. [E:\openbroadcaster\OpenBroadcaster_2xmz1yr1_wpftmp.csproj]
E:\openbroadcaster\Core\Services\TransportService.cs(16,26): warning CS0436: The type 'QueueService' in 'E:\openbroadcaster\Core\Services\QueueService.cs' conflicts with the imported type 'QueueService' in 'OpenBroadcaster.Core, Version=0.0.0.0, Culture=neutral, PublicKeyToken=null'. Using the type defined in 'E:\openbroadcaster\Core\Services\QueueService.cs'. [E:\openbroadcaster\OpenBroadcaster_2xmz1yr1_wpftmp.csproj]
E:\openbroadcaster\Core\Services\TransportService.cs(17,26): warning CS0436: The type 'AudioService' in 'E:\openbroadcaster\Core\Services\AudioService.cs' conflicts with the imported type 'AudioService' in 'OpenBroadcaster.Core, Version=0.0.0.0, Culture=neutral, PublicKeyToken=null'. Using the type defined in 'E:\openbroadcaster\Core\Services\AudioService.cs'. [E:\openbroadcaster\OpenBroadcaster_2xmz1yr1_wpftmp.csproj]
E:\openbroadcaster\Core\Services\TransportService.cs(18,34): warning CS0436: The type 'TransportService' in 'E:\openbroadcaster\Core\Services\TransportService.cs' conflicts with the imported type 'TransportService' in 'OpenBroadcaster.Core, Version=0.0.0.0, Culture=neutral, PublicKeyToken=null'. Using the type defined in 'E:\openbroadcaster\Core\Services\TransportService.cs'. [E:\openbroadcaster\OpenBroadcaster_2xmz1yr1_wpftmp.csproj]
E:\openbroadcaster\Core\Services\TohSchedulerService.cs(109,36): warning CS0436: The type 'TohSettings' in 'E:\openbroadcaster\Core\Models\TohSettings.cs' conflicts with the imported type 'TohSettings' in 'OpenBroadcaster.Core, Version=0.0.0.0, Culture=neutral, PublicKeyToken=null'. Using the type defined in 'E:\openbroadcaster\Core\Models\TohSettings.cs'. [E:\openbroadcaster\OpenBroadcaster_2xmz1yr1_wpftmp.csproj]
E:\openbroadcaster\Core\Services\TohSchedulerService.cs(137,30): warning CS0436: The type 'TohSequentialIndex' in 'E:\openbroadcaster\Core\Models\TohSettings.cs' conflicts with the imported type 'TohSequentialIndex' in 'OpenBroadcaster.Core, Version=0.0.0.0, Culture=neutral, PublicKeyToken=null'. Using the type defined in 'E:\openbroadcaster\Core\Models\TohSettings.cs'. [E:\openbroadcaster\OpenBroadcaster_2xmz1yr1_wpftmp.csproj]
E:\openbroadcaster\Core\Services\TransportService.cs(34,33): warning CS0436: The type 'IEventBus' in 'E:\openbroadcaster\Core\Messaging\IEventBus.cs' conflicts with the imported type 'IEventBus' in 'OpenBroadcaster.Core, Version=0.0.0.0, Culture=neutral, PublicKeyToken=null'. Using the type defined in 'E:\openbroadcaster\Core\Messaging\IEventBus.cs'. [E:\openbroadcaster\OpenBroadcaster_2xmz1yr1_wpftmp.csproj]
E:\openbroadcaster\Core\Services\TransportService.cs(34,53): warning CS0436: The type 'QueueService' in 'E:\openbroadcaster\Core\Services\QueueService.cs' conflicts with the imported type 'QueueService' in 'OpenBroadcaster.Core, Version=0.0.0.0, Culture=neutral, PublicKeyToken=null'. Using the type defined in 'E:\openbroadcaster\Core\Services\QueueService.cs'. [E:\openbroadcaster\OpenBroadcaster_2xmz1yr1_wpftmp.csproj]
E:\openbroadcaster\Core\Services\TransportService.cs(34,80): warning CS0436: The type 'AudioService' in 'E:\openbroadcaster\Core\Services\AudioService.cs' conflicts with the imported type 'AudioService' in 'OpenBroadcaster.Core, Version=0.0.0.0, Culture=neutral, PublicKeyToken=null'. Using the type defined in 'E:\openbroadcaster\Core\Services\AudioService.cs'. [E:\openbroadcaster\OpenBroadcaster_2xmz1yr1_wpftmp.csproj]
E:\openbroadcaster\Core\Services\TransportService.cs(34,123): warning CS0436: The type 'TransportService' in 'E:\openbroadcaster\Core\Services\TransportService.cs' conflicts with the imported type 'TransportService' in 'OpenBroadcaster.Core, Version=0.0.0.0, Culture=neutral, PublicKeyToken=null'. Using the type defined in 'E:\openbroadcaster\Core\Services\TransportService.cs'. [E:\openbroadcaster\OpenBroadcaster_2xmz1yr1_wpftmp.csproj]
E:\openbroadcaster\Core\Services\TohSchedulerService.cs(280,49): warning CS0436: The type 'TohSlot' in 'E:\openbroadcaster\Core\Models\TohSettings.cs' conflicts with the imported type 'TohSlot' in 'OpenBroadcaster.Core, Version=0.0.0.0, Culture=neutral, PublicKeyToken=null'. Using the type defined in 'E:\openbroadcaster\Core\Models\TohSettings.cs'. [E:\openbroadcaster\OpenBroadcaster_2xmz1yr1_wpftmp.csproj]
E:\openbroadcaster\Core\Services\TohSchedulerService.cs(280,22): warning CS0436: The type 'Track' in 'E:\openbroadcaster\Core\Models\Track.cs' conflicts with the imported type 'Track' in 'OpenBroadcaster.Core, Version=0.0.0.0, Culture=neutral, PublicKeyToken=null'. Using the type defined in 'E:\openbroadcaster\Core\Models\Track.cs'. [E:\openbroadcaster\OpenBroadcaster_2xmz1yr1_wpftmp.csproj]
E:\openbroadcaster\Core\Services\TohSchedulerService.cs(320,68): warning CS0436: The type 'Track' in 'E:\openbroadcaster\Core\Models\Track.cs' conflicts with the imported type 'Track' in 'OpenBroadcaster.Core, Version=0.0.0.0, Culture=neutral, PublicKeyToken=null'. Using the type defined in 'E:\openbroadcaster\Core\Models\Track.cs'. [E:\openbroadcaster\OpenBroadcaster_2xmz1yr1_wpftmp.csproj]
E:\openbroadcaster\Core\Services\TohSchedulerService.cs(320,22): warning CS0436: The type 'Track' in 'E:\openbroadcaster\Core\Models\Track.cs' conflicts with the imported type 'Track' in 'OpenBroadcaster.Core, Version=0.0.0.0, Culture=neutral, PublicKeyToken=null'. Using the type defined in 'E:\openbroadcaster\Core\Models\Track.cs'. [E:\openbroadcaster\OpenBroadcaster_2xmz1yr1_wpftmp.csproj]
E:\openbroadcaster\Core\Services\TohSchedulerService.cs(366,64): warning CS0436: The type 'Track' in 'E:\openbroadcaster\Core\Models\Track.cs' conflicts with the imported type 'Track' in 'OpenBroadcaster.Core, Version=0.0.0.0, Culture=neutral, PublicKeyToken=null'. Using the type defined in 'E:\openbroadcaster\Core\Models\Track.cs'. [E:\openbroadcaster\OpenBroadcaster_2xmz1yr1_wpftmp.csproj]
E:\openbroadcaster\Core\Services\TohSchedulerService.cs(366,22): warning CS0436: The type 'Track' in 'E:\openbroadcaster\Core\Models\Track.cs' conflicts with the imported type 'Track' in 'OpenBroadcaster.Core, Version=0.0.0.0, Culture=neutral, PublicKeyToken=null'. Using the type defined in 'E:\openbroadcaster\Core\Models\Track.cs'. [E:\openbroadcaster\OpenBroadcaster_2xmz1yr1_wpftmp.csproj]
E:\openbroadcaster\Core\Services\TohSchedulerService.cs(16,26): warning CS0436: The type 'QueueService' in 'E:\openbroadcaster\Core\Services\QueueService.cs' conflicts with the imported type 'QueueService' in 'OpenBroadcaster.Core, Version=0.0.0.0, Culture=neutral, PublicKeyToken=null'. Using the type defined in 'E:\openbroadcaster\Core\Services\QueueService.cs'. [E:\openbroadcaster\OpenBroadcaster_2xmz1yr1_wpftmp.csproj]
E:\openbroadcaster\Core\Services\TohSchedulerService.cs(17,26): warning CS0436: The type 'LibraryService' in 'E:\openbroadcaster\Core\Services\LibraryService.cs' conflicts with the imported type 'LibraryService' in 'OpenBroadcaster.Core, Version=0.0.0.0, Culture=neutral, PublicKeyToken=null'. Using the type defined in 'E:\openbroadcaster\Core\Services\LibraryService.cs'. [E:\openbroadcaster\OpenBroadcaster_2xmz1yr1_wpftmp.csproj]
E:\openbroadcaster\Core\Services\TohSchedulerService.cs(18,34): warning CS0436: The type 'TohSchedulerService' in 'E:\openbroadcaster\Core\Services\TohSchedulerService.cs' conflicts with the imported type 'TohSchedulerService' in 'OpenBroadcaster.Core, Version=0.0.0.0, Culture=neutral, PublicKeyToken=null'. Using the type defined in 'E:\openbroadcaster\Core\Services\TohSchedulerService.cs'. [E:\openbroadcaster\OpenBroadcaster_2xmz1yr1_wpftmp.csproj]
E:\openbroadcaster\Core\Services\TohSchedulerService.cs(25,17): warning CS0436: The type 'TohSettings' in 'E:\openbroadcaster\Core\Models\TohSettings.cs' conflicts with the imported type 'TohSettings' in 'OpenBroadcaster.Core, Version=0.0.0.0, Culture=neutral, PublicKeyToken=null'. Using the type defined in 'E:\openbroadcaster\Core\Models\TohSettings.cs'. [E:\openbroadcaster\OpenBroadcaster_2xmz1yr1_wpftmp.csproj]
E:\openbroadcaster\Core\Services\TohSchedulerService.cs(41,13): warning CS0436: The type 'QueueService' in 'E:\openbroadcaster\Core\Services\QueueService.cs' conflicts with the imported type 'QueueService' in 'OpenBroadcaster.Core, Version=0.0.0.0, Culture=neutral, PublicKeyToken=null'. Using the type defined in 'E:\openbroadcaster\Core\Services\QueueService.cs'. [E:\openbroadcaster\OpenBroadcaster_2xmz1yr1_wpftmp.csproj]
E:\openbroadcaster\Core\Services\TohSchedulerService.cs(42,13): warning CS0436: The type 'LibraryService' in 'E:\openbroadcaster\Core\Services\LibraryService.cs' conflicts with the imported type 'LibraryService' in 'OpenBroadcaster.Core, Version=0.0.0.0, Culture=neutral, PublicKeyToken=null'. Using the type defined in 'E:\openbroadcaster\Core\Services\LibraryService.cs'. [E:\openbroadcaster\OpenBroadcaster_2xmz1yr1_wpftmp.csproj]
E:\openbroadcaster\Core\Services\TohSchedulerService.cs(43,21): warning CS0436: The type 'TohSchedulerService' in 'E:\openbroadcaster\Core\Services\TohSchedulerService.cs' conflicts with the imported type 'TohSchedulerService' in 'OpenBroadcaster.Core, Version=0.0.0.0, Culture=neutral, PublicKeyToken=null'. Using the type defined in 'E:\openbroadcaster\Core\Services\TohSchedulerService.cs'. [E:\openbroadcaster\OpenBroadcaster_2xmz1yr1_wpftmp.csproj]
E:\openbroadcaster\Core\Services\DirectServer\DirectHttpServer.cs(124,9): warning CS0436: The type 'DirectServerSettings' in 'E:\openbroadcaster\Core\Models\AppSettings.cs' conflicts with the imported type 'DirectServerSettings' in 'OpenBroadcaster.Core, Version=0.0.0.0, Culture=neutral, PublicKeyToken=null'. Using the type defined in 'E:\openbroadcaster\Core\Models\AppSettings.cs'. [E:\openbroadcaster\OpenBroadcaster_2xmz1yr1_wpftmp.csproj]
E:\openbroadcaster\Core\Services\DirectServer\DirectHttpServer.cs(125,14): warning CS0436: The type 'DirectServerSnapshot' in 'E:\openbroadcaster\Core\Services\DirectServer\DirectHttpServer.cs' conflicts with the imported type 'DirectServerSnapshot' in 'OpenBroadcaster.Core, Version=0.0.0.0, Culture=neutral, PublicKeyToken=null'. Using the type defined in 'E:\openbroadcaster\Core\Services\DirectServer\DirectHttpServer.cs'. [E:\openbroadcaster\OpenBroadcaster_2xmz1yr1_wpftmp.csproj]
E:\openbroadcaster\Core\Services\DirectServer\DirectHttpServer.cs(126,44): warning CS0436: The type 'DirectServerLibraryItem' in 'E:\openbroadcaster\Core\Services\DirectServer\DirectHttpServer.cs' conflicts with the imported type 'DirectServerLibraryItem' in 'OpenBroadcaster.Core, Version=0.0.0.0, Culture=neutral, PublicKeyToken=null'. Using the type defined in 'E:\openbroadcaster\Core\Services\DirectServer\DirectHttpServer.cs'. [E:\openbroadcaster\OpenBroadcaster_2xmz1yr1_wpftmp.csproj]
E:\openbroadcaster\Core\Services\DirectServer\DirectHttpServer.cs(127,16): warning CS0436: The type 'SongRequest' in 'E:\openbroadcaster\Core\Services\DirectServer\DirectHttpServer.cs' conflicts with the imported type 'SongRequest' in 'OpenBroadcaster.Core, Version=0.0.0.0, Culture=neutral, PublicKeyToken=null'. Using the type defined in 'E:\openbroadcaster\Core\Services\DirectServer\DirectHttpServer.cs'. [E:\openbroadcaster\OpenBroadcaster_2xmz1yr1_wpftmp.csproj]
E:\openbroadcaster\Core\Services\DirectServer\DirectHttpServer.cs(129,17): warning CS0436: The type 'DirectHttpServer' in 'E:\openbroadcaster\Core\Services\DirectServer\DirectHttpServer.cs' conflicts with the imported type 'DirectHttpServer' in 'OpenBroadcaster.Core, Version=0.0.0.0, Culture=neutral, PublicKeyToken=null'. Using the type defined in 'E:\openbroadcaster\Core\Services\DirectServer\DirectHttpServer.cs'. [E:\openbroadcaster\OpenBroadcaster_2xmz1yr1_wpftmp.csproj]
E:\openbroadcaster\Core\Services\TwitchIntegrationService.cs(64,35): warning CS0436: The type 'TwitchChatMessage' in 'E:\openbroadcaster\Core\Models\TwitchChatMessage.cs' conflicts with the imported type 'TwitchChatMessage' in 'OpenBroadcaster.Core, Version=0.0.0.0, Culture=neutral, PublicKeyToken=null'. Using the type defined in 'E:\openbroadcaster\Core\Models\TwitchChatMessage.cs'. [E:\openbroadcaster\OpenBroadcaster_2xmz1yr1_wpftmp.csproj]
E:\openbroadcaster\Core\Services\TwitchIntegrationService.cs(68,36): warning CS0436: The type 'TwitchSettings' in 'E:\openbroadcaster\Core\Models\TwitchSettings.cs' conflicts with the imported type 'TwitchSettings' in 'OpenBroadcaster.Core, Version=0.0.0.0, Culture=neutral, PublicKeyToken=null'. Using the type defined in 'E:\openbroadcaster\Core\Models\TwitchSettings.cs'. [E:\openbroadcaster\OpenBroadcaster_2xmz1yr1_wpftmp.csproj]
E:\openbroadcaster\Core\Services\TwitchIntegrationService.cs(74,43): warning CS0436: The type 'RequestSettings' in 'E:\openbroadcaster\Core\Models\AppSettings.cs' conflicts with the imported type 'RequestSettings' in 'OpenBroadcaster.Core, Version=0.0.0.0, Culture=neutral, PublicKeyToken=null'. Using the type defined in 'E:\openbroadcaster\Core\Models\AppSettings.cs'. [E:\openbroadcaster\OpenBroadcaster_2xmz1yr1_wpftmp.csproj]
E:\openbroadcaster\Core\Services\TwitchIntegrationService.cs(82,40): warning CS0436: The type 'QueueItem' in 'E:\openbroadcaster\Core\Models\QueueItem.cs' conflicts with the imported type 'QueueItem' in 'OpenBroadcaster.Core, Version=0.0.0.0, Culture=neutral, PublicKeyToken=null'. Using the type defined in 'E:\openbroadcaster\Core\Models\QueueItem.cs'. [E:\openbroadcaster\OpenBroadcaster_2xmz1yr1_wpftmp.csproj]
E:\openbroadcaster\Core\Services\TwitchIntegrationService.cs(103,38): warning CS0436: The type 'TwitchSettings' in 'E:\openbroadcaster\Core\Models\TwitchSettings.cs' conflicts with the imported type 'TwitchSettings' in 'OpenBroadcaster.Core, Version=0.0.0.0, Culture=neutral, PublicKeyToken=null'. Using the type defined in 'E:\openbroadcaster\Core\Models\TwitchSettings.cs'. [E:\openbroadcaster\OpenBroadcaster_2xmz1yr1_wpftmp.csproj]
E:\openbroadcaster\Core\Services\TwitchIntegrationService.cs(125,49): warning CS0436: The type 'TwitchChatOptions' in 'E:\openbroadcaster\Core\Models\TwitchChatOptions.cs' conflicts with the imported type 'TwitchChatOptions' in 'OpenBroadcaster.Core, Version=0.0.0.0, Culture=neutral, PublicKeyToken=null'. Using the type defined in 'E:\openbroadcaster\Core\Models\TwitchChatOptions.cs'. [E:\openbroadcaster\OpenBroadcaster_2xmz1yr1_wpftmp.csproj]
E:\openbroadcaster\Core\Services\TwitchIntegrationService.cs(183,56): warning CS0436: The type 'TwitchChatMessage' in 'E:\openbroadcaster\Core\Models\TwitchChatMessage.cs' conflicts with the imported type 'TwitchChatMessage' in 'OpenBroadcaster.Core, Version=0.0.0.0, Culture=neutral, PublicKeyToken=null'. Using the type defined in 'E:\openbroadcaster\Core\Models\TwitchChatMessage.cs'. [E:\openbroadcaster\OpenBroadcaster_2xmz1yr1_wpftmp.csproj]
E:\openbroadcaster\Core\Services\TwitchIntegrationService.cs(213,37): warning CS0436: The type 'TwitchChatMessage' in 'E:\openbroadcaster\Core\Models\TwitchChatMessage.cs' conflicts with the imported type 'TwitchChatMessage' in 'OpenBroadcaster.Core, Version=0.0.0.0, Culture=neutral, PublicKeyToken=null'. Using the type defined in 'E:\openbroadcaster\Core\Models\TwitchChatMessage.cs'. [E:\openbroadcaster\OpenBroadcaster_2xmz1yr1_wpftmp.csproj]
E:\openbroadcaster\Core\Services\TwitchIntegrationService.cs(249,48): warning CS0436: The type 'TwitchChatMessage' in 'E:\openbroadcaster\Core\Models\TwitchChatMessage.cs' conflicts with the imported type 'TwitchChatMessage' in 'OpenBroadcaster.Core, Version=0.0.0.0, Culture=neutral, PublicKeyToken=null'. Using the type defined in 'E:\openbroadcaster\Core\Models\TwitchChatMessage.cs'. [E:\openbroadcaster\OpenBroadcaster_2xmz1yr1_wpftmp.csproj]
E:\openbroadcaster\Core\Services\LibraryService.cs(88,36): warning CS0436: The type 'Track' in 'E:\openbroadcaster\Core\Models\Track.cs' conflicts with the imported type 'Track' in 'OpenBroadcaster.Core, Version=0.0.0.0, Culture=neutral, PublicKeyToken=null'. Using the type defined in 'E:\openbroadcaster\Core\Models\Track.cs'. [E:\openbroadcaster\OpenBroadcaster_2xmz1yr1_wpftmp.csproj]
E:\openbroadcaster\Core\Services\TwitchIntegrationService.cs(265,42): warning CS0436: The type 'TwitchChatMessage' in 'E:\openbroadcaster\Core\Models\TwitchChatMessage.cs' conflicts with the imported type 'TwitchChatMessage' in 'OpenBroadcaster.Core, Version=0.0.0.0, Culture=neutral, PublicKeyToken=null'. Using the type defined in 'E:\openbroadcaster\Core\Models\TwitchChatMessage.cs'. [E:\openbroadcaster\OpenBroadcaster_2xmz1yr1_wpftmp.csproj]
E:\openbroadcaster\Core\Services\TwitchIntegrationService.cs(285,38): warning CS0436: The type 'TwitchChatMessage' in 'E:\openbroadcaster\Core\Models\TwitchChatMessage.cs' conflicts with the imported type 'TwitchChatMessage' in 'OpenBroadcaster.Core, Version=0.0.0.0, Culture=neutral, PublicKeyToken=null'. Using the type defined in 'E:\openbroadcaster\Core\Models\TwitchChatMessage.cs'. [E:\openbroadcaster\OpenBroadcaster_2xmz1yr1_wpftmp.csproj]
E:\openbroadcaster\Core\Services\LibraryService.cs(99,30): warning CS0436: The type 'Track' in 'E:\openbroadcaster\Core\Models\Track.cs' conflicts with the imported type 'Track' in 'OpenBroadcaster.Core, Version=0.0.0.0, Culture=neutral, PublicKeyToken=null'. Using the type defined in 'E:\openbroadcaster\Core\Models\Track.cs'. [E:\openbroadcaster\OpenBroadcaster_2xmz1yr1_wpftmp.csproj]
E:\openbroadcaster\Core\Services\TwitchIntegrationService.cs(330,40): warning CS0436: The type 'TwitchChatMessage' in 'E:\openbroadcaster\Core\Models\TwitchChatMessage.cs' conflicts with the imported type 'TwitchChatMessage' in 'OpenBroadcaster.Core, Version=0.0.0.0, Culture=neutral, PublicKeyToken=null'. Using the type defined in 'E:\openbroadcaster\Core\Models\TwitchChatMessage.cs'. [E:\openbroadcaster\OpenBroadcaster_2xmz1yr1_wpftmp.csproj]
E:\openbroadcaster\Core\Services\TwitchIntegrationService.cs(341,37): warning CS0436: The type 'TwitchChatMessage' in 'E:\openbroadcaster\Core\Models\TwitchChatMessage.cs' conflicts with the imported type 'TwitchChatMessage' in 'OpenBroadcaster.Core, Version=0.0.0.0, Culture=neutral, PublicKeyToken=null'. Using the type defined in 'E:\openbroadcaster\Core\Models\TwitchChatMessage.cs'. [E:\openbroadcaster\OpenBroadcaster_2xmz1yr1_wpftmp.csproj]
E:\openbroadcaster\Core\Services\LibraryService.cs(118,36): warning CS0436: The type 'Track' in 'E:\openbroadcaster\Core\Models\Track.cs' conflicts with the imported type 'Track' in 'OpenBroadcaster.Core, Version=0.0.0.0, Culture=neutral, PublicKeyToken=null'. Using the type defined in 'E:\openbroadcaster\Core\Models\Track.cs'. [E:\openbroadcaster\OpenBroadcaster_2xmz1yr1_wpftmp.csproj]
E:\openbroadcaster\Core\Services\TwitchIntegrationService.cs(352,41): warning CS0436: The type 'TwitchChatMessage' in 'E:\openbroadcaster\Core\Models\TwitchChatMessage.cs' conflicts with the imported type 'TwitchChatMessage' in 'OpenBroadcaster.Core, Version=0.0.0.0, Culture=neutral, PublicKeyToken=null'. Using the type defined in 'E:\openbroadcaster\Core\Models\TwitchChatMessage.cs'. [E:\openbroadcaster\OpenBroadcaster_2xmz1yr1_wpftmp.csproj]
E:\openbroadcaster\Core\Services\LibraryService.cs(135,16): warning CS0436: The type 'Track' in 'E:\openbroadcaster\Core\Models\Track.cs' conflicts with the imported type 'Track' in 'OpenBroadcaster.Core, Version=0.0.0.0, Culture=neutral, PublicKeyToken=null'. Using the type defined in 'E:\openbroadcaster\Core\Models\Track.cs'. [E:\openbroadcaster\OpenBroadcaster_2xmz1yr1_wpftmp.csproj]
E:\openbroadcaster\Core\Services\TwitchIntegrationService.cs(390,38): warning CS0436: The type 'TwitchChatMessage' in 'E:\openbroadcaster\Core\Models\TwitchChatMessage.cs' conflicts with the imported type 'TwitchChatMessage' in 'OpenBroadcaster.Core, Version=0.0.0.0, Culture=neutral, PublicKeyToken=null'. Using the type defined in 'E:\openbroadcaster\Core\Models\TwitchChatMessage.cs'. [E:\openbroadcaster\OpenBroadcaster_2xmz1yr1_wpftmp.csproj]
E:\openbroadcaster\Core\Services\LibraryService.cs(148,36): warning CS0436: The type 'LibraryCategory' in 'E:\openbroadcaster\Core\Models\LibraryCategory.cs' conflicts with the imported type 'LibraryCategory' in 'OpenBroadcaster.Core, Version=0.0.0.0, Culture=neutral, PublicKeyToken=null'. Using the type defined in 'E:\openbroadcaster\Core\Models\LibraryCategory.cs'. [E:\openbroadcaster\OpenBroadcaster_2xmz1yr1_wpftmp.csproj]
E:\openbroadcaster\Core\Services\TwitchIntegrationService.cs(411,35): warning CS0436: The type 'Track' in 'E:\openbroadcaster\Core\Models\Track.cs' conflicts with the imported type 'Track' in 'OpenBroadcaster.Core, Version=0.0.0.0, Culture=neutral, PublicKeyToken=null'. Using the type defined in 'E:\openbroadcaster\Core\Models\Track.cs'. [E:\openbroadcaster\OpenBroadcaster_2xmz1yr1_wpftmp.csproj]
E:\openbroadcaster\Core\Services\LibraryService.cs(159,16): warning CS0436: The type 'Track' in 'E:\openbroadcaster\Core\Models\Track.cs' conflicts with the imported type 'Track' in 'OpenBroadcaster.Core, Version=0.0.0.0, Culture=neutral, PublicKeyToken=null'. Using the type defined in 'E:\openbroadcaster\Core\Models\Track.cs'. [E:\openbroadcaster\OpenBroadcaster_2xmz1yr1_wpftmp.csproj]
E:\openbroadcaster\Core\Services\TwitchIntegrationService.cs(663,89): warning CS0436: The type 'Track' in 'E:\openbroadcaster\Core\Models\Track.cs' conflicts with the imported type 'Track' in 'OpenBroadcaster.Core, Version=0.0.0.0, Culture=neutral, PublicKeyToken=null'. Using the type defined in 'E:\openbroadcaster\Core\Models\Track.cs'. [E:\openbroadcaster\OpenBroadcaster_2xmz1yr1_wpftmp.csproj]
E:\openbroadcaster\Core\Services\LibraryService.cs(165,36): warning CS0436: The type 'Track' in 'E:\openbroadcaster\Core\Models\Track.cs' conflicts with the imported type 'Track' in 'OpenBroadcaster.Core, Version=0.0.0.0, Culture=neutral, PublicKeyToken=null'. Using the type defined in 'E:\openbroadcaster\Core\Models\Track.cs'. [E:\openbroadcaster\OpenBroadcaster_2xmz1yr1_wpftmp.csproj]
E:\openbroadcaster\Core\Services\TwitchIntegrationService.cs(723,86): warning CS0436: The type 'Track' in 'E:\openbroadcaster\Core\Models\Track.cs' conflicts with the imported type 'Track' in 'OpenBroadcaster.Core, Version=0.0.0.0, Culture=neutral, PublicKeyToken=null'. Using the type defined in 'E:\openbroadcaster\Core\Models\Track.cs'. [E:\openbroadcaster\OpenBroadcaster_2xmz1yr1_wpftmp.csproj]
E:\openbroadcaster\Core\Services\LibraryService.cs(253,36): warning CS0436: The type 'Track' in 'E:\openbroadcaster\Core\Models\Track.cs' conflicts with the imported type 'Track' in 'OpenBroadcaster.Core, Version=0.0.0.0, Culture=neutral, PublicKeyToken=null'. Using the type defined in 'E:\openbroadcaster\Core\Models\Track.cs'. [E:\openbroadcaster\OpenBroadcaster_2xmz1yr1_wpftmp.csproj]
E:\openbroadcaster\Core\Services\LibraryService.cs(268,16): warning CS0436: The type 'LibraryCategory' in 'E:\openbroadcaster\Core\Models\LibraryCategory.cs' conflicts with the imported type 'LibraryCategory' in 'OpenBroadcaster.Core, Version=0.0.0.0, Culture=neutral, PublicKeyToken=null'. Using the type defined in 'E:\openbroadcaster\Core\Models\LibraryCategory.cs'. [E:\openbroadcaster\OpenBroadcaster_2xmz1yr1_wpftmp.csproj]
E:\openbroadcaster\Core\Services\TwitchIntegrationService.cs(20,26): warning CS0436: The type 'QueueService' in 'E:\openbroadcaster\Core\Services\QueueService.cs' conflicts with the imported type 'QueueService' in 'OpenBroadcaster.Core, Version=0.0.0.0, Culture=neutral, PublicKeyToken=null'. Using the type defined in 'E:\openbroadcaster\Core\Services\QueueService.cs'. [E:\openbroadcaster\OpenBroadcaster_2xmz1yr1_wpftmp.csproj]
E:\openbroadcaster\Core\Services\LibraryService.cs(281,16): warning CS0436: The type 'LibraryCategory' in 'E:\openbroadcaster\Core\Models\LibraryCategory.cs' conflicts with the imported type 'LibraryCategory' in 'OpenBroadcaster.Core, Version=0.0.0.0, Culture=neutral, PublicKeyToken=null'. Using the type defined in 'E:\openbroadcaster\Core\Models\LibraryCategory.cs'. [E:\openbroadcaster\OpenBroadcaster_2xmz1yr1_wpftmp.csproj]
E:\openbroadcaster\Core\Services\TwitchIntegrationService.cs(21,26): warning CS0436: The type 'TransportService' in 'E:\openbroadcaster\Core\Services\TransportService.cs' conflicts with the imported type 'TransportService' in 'OpenBroadcaster.Core, Version=0.0.0.0, Culture=neutral, PublicKeyToken=null'. Using the type defined in 'E:\openbroadcaster\Core\Services\TransportService.cs'. [E:\openbroadcaster\OpenBroadcaster_2xmz1yr1_wpftmp.csproj]
E:\openbroadcaster\Core\Services\TwitchIntegrationService.cs(22,26): warning CS0436: The type 'LoyaltyLedger' in 'E:\openbroadcaster\Core\Services\LoyaltyLedger.cs' conflicts with the imported type 'LoyaltyLedger' in 'OpenBroadcaster.Core, Version=0.0.0.0, Culture=neutral, PublicKeyToken=null'. Using the type defined in 'E:\openbroadcaster\Core\Services\LoyaltyLedger.cs'. [E:\openbroadcaster\OpenBroadcaster_2xmz1yr1_wpftmp.csproj]
E:\openbroadcaster\Core\Services\TwitchIntegrationService.cs(23,26): warning CS0436: The type 'LibraryService' in 'E:\openbroadcaster\Core\Services\LibraryService.cs' conflicts with the imported type 'LibraryService' in 'OpenBroadcaster.Core, Version=0.0.0.0, Culture=neutral, PublicKeyToken=null'. Using the type defined in 'E:\openbroadcaster\Core\Services\LibraryService.cs'. [E:\openbroadcaster\OpenBroadcaster_2xmz1yr1_wpftmp.csproj]
E:\openbroadcaster\Core\Services\LibraryService.cs(318,16): warning CS0436: The type 'LibraryCategory' in 'E:\openbroadcaster\Core\Models\LibraryCategory.cs' conflicts with the imported type 'LibraryCategory' in 'OpenBroadcaster.Core, Version=0.0.0.0, Culture=neutral, PublicKeyToken=null'. Using the type defined in 'E:\openbroadcaster\Core\Models\LibraryCategory.cs'. [E:\openbroadcaster\OpenBroadcaster_2xmz1yr1_wpftmp.csproj]
E:\openbroadcaster\Core\Services\TwitchIntegrationService.cs(24,26): warning CS0436: The type 'TwitchIrcClient' in 'E:\openbroadcaster\Core\Services\TwitchIrcClient.cs' conflicts with the imported type 'TwitchIrcClient' in 'OpenBroadcaster.Core, Version=0.0.0.0, Culture=neutral, PublicKeyToken=null'. Using the type defined in 'E:\openbroadcaster\Core\Services\TwitchIrcClient.cs'. [E:\openbroadcaster\OpenBroadcaster_2xmz1yr1_wpftmp.csproj]
E:\openbroadcaster\Core\Services\TwitchIntegrationService.cs(25,34): warning CS0436: The type 'TwitchIntegrationService' in 'E:\openbroadcaster\Core\Services\TwitchIntegrationService.cs' conflicts with the imported type 'TwitchIntegrationService' in 'OpenBroadcaster.Core, Version=0.0.0.0, Culture=neutral, PublicKeyToken=null'. Using the type defined in 'E:\openbroadcaster\Core\Services\TwitchIntegrationService.cs'. [E:\openbroadcaster\OpenBroadcaster_2xmz1yr1_wpftmp.csproj]
E:\openbroadcaster\Core\Services\LibraryService.cs(409,32): warning CS0436: The type 'Track' in 'E:\openbroadcaster\Core\Models\Track.cs' conflicts with the imported type 'Track' in 'OpenBroadcaster.Core, Version=0.0.0.0, Culture=neutral, PublicKeyToken=null'. Using the type defined in 'E:\openbroadcaster\Core\Models\Track.cs'. [E:\openbroadcaster\OpenBroadcaster_2xmz1yr1_wpftmp.csproj]
E:\openbroadcaster\Core\Services\LibraryService.cs(409,16): warning CS0436: The type 'Track' in 'E:\openbroadcaster\Core\Models\Track.cs' conflicts with the imported type 'Track' in 'OpenBroadcaster.Core, Version=0.0.0.0, Culture=neutral, PublicKeyToken=null'. Using the type defined in 'E:\openbroadcaster\Core\Models\Track.cs'. [E:\openbroadcaster\OpenBroadcaster_2xmz1yr1_wpftmp.csproj]
E:\openbroadcaster\Core\Services\LibraryService.cs(442,16): warning CS0436: The type 'Track' in 'E:\openbroadcaster\Core\Models\Track.cs' conflicts with the imported type 'Track' in 'OpenBroadcaster.Core, Version=0.0.0.0, Culture=neutral, PublicKeyToken=null'. Using the type defined in 'E:\openbroadcaster\Core\Models\Track.cs'. [E:\openbroadcaster\OpenBroadcaster_2xmz1yr1_wpftmp.csproj]
E:\openbroadcaster\Core\Services\LibraryService.cs(473,16): warning CS0436: The type 'Track' in 'E:\openbroadcaster\Core\Models\Track.cs' conflicts with the imported type 'Track' in 'OpenBroadcaster.Core, Version=0.0.0.0, Culture=neutral, PublicKeyToken=null'. Using the type defined in 'E:\openbroadcaster\Core\Models\Track.cs'. [E:\openbroadcaster\OpenBroadcaster_2xmz1yr1_wpftmp.csproj]
E:\openbroadcaster\Core\Services\LibraryService.cs(529,43): warning CS0436: The type 'Track' in 'E:\openbroadcaster\Core\Models\Track.cs' conflicts with the imported type 'Track' in 'OpenBroadcaster.Core, Version=0.0.0.0, Culture=neutral, PublicKeyToken=null'. Using the type defined in 'E:\openbroadcaster\Core\Models\Track.cs'. [E:\openbroadcaster\OpenBroadcaster_2xmz1yr1_wpftmp.csproj]
E:\openbroadcaster\Core\Services\TwitchIntegrationService.cs(33,17): warning CS0436: The type 'TwitchChatOptions' in 'E:\openbroadcaster\Core\Models\TwitchChatOptions.cs' conflicts with the imported type 'TwitchChatOptions' in 'OpenBroadcaster.Core, Version=0.0.0.0, Culture=neutral, PublicKeyToken=null'. Using the type defined in 'E:\openbroadcaster\Core\Models\TwitchChatOptions.cs'. [E:\openbroadcaster\OpenBroadcaster_2xmz1yr1_wpftmp.csproj]
E:\openbroadcaster\Core\Services\TwitchIntegrationService.cs(34,17): warning CS0436: The type 'TwitchSettings' in 'E:\openbroadcaster\Core\Models\TwitchSettings.cs' conflicts with the imported type 'TwitchSettings' in 'OpenBroadcaster.Core, Version=0.0.0.0, Culture=neutral, PublicKeyToken=null'. Using the type defined in 'E:\openbroadcaster\Core\Models\TwitchSettings.cs'. [E:\openbroadcaster\OpenBroadcaster_2xmz1yr1_wpftmp.csproj]
E:\openbroadcaster\Core\Services\TwitchIntegrationService.cs(35,17): warning CS0436: The type 'RequestSettings' in 'E:\openbroadcaster\Core\Models\AppSettings.cs' conflicts with the imported type 'RequestSettings' in 'OpenBroadcaster.Core, Version=0.0.0.0, Culture=neutral, PublicKeyToken=null'. Using the type defined in 'E:\openbroadcaster\Core\Models\AppSettings.cs'. [E:\openbroadcaster\OpenBroadcaster_2xmz1yr1_wpftmp.csproj]
E:\openbroadcaster\Core\Services\TwitchIntegrationService.cs(36,26): warning CS0436: The type 'RequestPolicyEvaluator' in 'E:\openbroadcaster\Core\Requests\RequestPolicyEvaluator.cs' conflicts with the imported type 'RequestPolicyEvaluator' in 'OpenBroadcaster.Core, Version=0.0.0.0, Culture=neutral, PublicKeyToken=null'. Using the type defined in 'E:\openbroadcaster\Core\Requests\RequestPolicyEvaluator.cs'. [E:\openbroadcaster\OpenBroadcaster_2xmz1yr1_wpftmp.csproj]
E:\openbroadcaster\Core\Services\LibraryService.cs(610,44): warning CS0436: The type 'Track' in 'E:\openbroadcaster\Core\Models\Track.cs' conflicts with the imported type 'Track' in 'OpenBroadcaster.Core, Version=0.0.0.0, Culture=neutral, PublicKeyToken=null'. Using the type defined in 'E:\openbroadcaster\Core\Models\Track.cs'. [E:\openbroadcaster\OpenBroadcaster_2xmz1yr1_wpftmp.csproj]
E:\openbroadcaster\Core\Services\LibraryService.cs(621,44): warning CS0436: The type 'Track' in 'E:\openbroadcaster\Core\Models\Track.cs' conflicts with the imported type 'Track' in 'OpenBroadcaster.Core, Version=0.0.0.0, Culture=neutral, PublicKeyToken=null'. Using the type defined in 'E:\openbroadcaster\Core\Models\Track.cs'. [E:\openbroadcaster\OpenBroadcaster_2xmz1yr1_wpftmp.csproj]
E:\openbroadcaster\Core\Services\TwitchIntegrationService.cs(45,13): warning CS0436: The type 'QueueService' in 'E:\openbroadcaster\Core\Services\QueueService.cs' conflicts with the imported type 'QueueService' in 'OpenBroadcaster.Core, Version=0.0.0.0, Culture=neutral, PublicKeyToken=null'. Using the type defined in 'E:\openbroadcaster\Core\Services\QueueService.cs'. [E:\openbroadcaster\OpenBroadcaster_2xmz1yr1_wpftmp.csproj]
E:\openbroadcaster\Core\Services\TwitchIntegrationService.cs(46,13): warning CS0436: The type 'TransportService' in 'E:\openbroadcaster\Core\Services\TransportService.cs' conflicts with the imported type 'TransportService' in 'OpenBroadcaster.Core, Version=0.0.0.0, Culture=neutral, PublicKeyToken=null'. Using the type defined in 'E:\openbroadcaster\Core\Services\TransportService.cs'. [E:\openbroadcaster\OpenBroadcaster_2xmz1yr1_wpftmp.csproj]
E:\openbroadcaster\Core\Services\TwitchIntegrationService.cs(47,13): warning CS0436: The type 'LoyaltyLedger' in 'E:\openbroadcaster\Core\Services\LoyaltyLedger.cs' conflicts with the imported type 'LoyaltyLedger' in 'OpenBroadcaster.Core, Version=0.0.0.0, Culture=neutral, PublicKeyToken=null'. Using the type defined in 'E:\openbroadcaster\Core\Services\LoyaltyLedger.cs'. [E:\openbroadcaster\OpenBroadcaster_2xmz1yr1_wpftmp.csproj]
E:\openbroadcaster\Core\Services\TwitchIntegrationService.cs(48,13): warning CS0436: The type 'LibraryService' in 'E:\openbroadcaster\Core\Services\LibraryService.cs' conflicts with the imported type 'LibraryService' in 'OpenBroadcaster.Core, Version=0.0.0.0, Culture=neutral, PublicKeyToken=null'. Using the type defined in 'E:\openbroadcaster\Core\Services\LibraryService.cs'. [E:\openbroadcaster\OpenBroadcaster_2xmz1yr1_wpftmp.csproj]
E:\openbroadcaster\Core\Services\TwitchIntegrationService.cs(49,13): warning CS0436: The type 'TwitchIrcClient' in 'E:\openbroadcaster\Core\Services\TwitchIrcClient.cs' conflicts with the imported type 'TwitchIrcClient' in 'OpenBroadcaster.Core, Version=0.0.0.0, Culture=neutral, PublicKeyToken=null'. Using the type defined in 'E:\openbroadcaster\Core\Services\TwitchIrcClient.cs'. [E:\openbroadcaster\OpenBroadcaster_2xmz1yr1_wpftmp.csproj]
E:\openbroadcaster\Core\Services\TwitchIntegrationService.cs(50,21): warning CS0436: The type 'TwitchIntegrationService' in 'E:\openbroadcaster\Core\Services\TwitchIntegrationService.cs' conflicts with the imported type 'TwitchIntegrationService' in 'OpenBroadcaster.Core, Version=0.0.0.0, Culture=neutral, PublicKeyToken=null'. Using the type defined in 'E:\openbroadcaster\Core\Services\TwitchIntegrationService.cs'. [E:\openbroadcaster\OpenBroadcaster_2xmz1yr1_wpftmp.csproj]
E:\openbroadcaster\Core\Services\LibraryService.cs(691,35): warning CS0436: The type 'Track' in 'E:\openbroadcaster\Core\Models\Track.cs' conflicts with the imported type 'Track' in 'OpenBroadcaster.Core, Version=0.0.0.0, Culture=neutral, PublicKeyToken=null'. Using the type defined in 'E:\openbroadcaster\Core\Models\Track.cs'. [E:\openbroadcaster\OpenBroadcaster_2xmz1yr1_wpftmp.csproj]
E:\openbroadcaster\Core\Services\LibraryService.cs(691,67): warning CS0436: The type 'LibraryCategory' in 'E:\openbroadcaster\Core\Models\LibraryCategory.cs' conflicts with the imported type 'LibraryCategory' in 'OpenBroadcaster.Core, Version=0.0.0.0, Culture=neutral, PublicKeyToken=null'. Using the type defined in 'E:\openbroadcaster\Core\Models\LibraryCategory.cs'. [E:\openbroadcaster\OpenBroadcaster_2xmz1yr1_wpftmp.csproj]
E:\openbroadcaster\Core\Services\LibraryService.cs(764,66): warning CS0436: The type 'LibraryCategory' in 'E:\openbroadcaster\Core\Models\LibraryCategory.cs' conflicts with the imported type 'LibraryCategory' in 'OpenBroadcaster.Core, Version=0.0.0.0, Culture=neutral, PublicKeyToken=null'. Using the type defined in 'E:\openbroadcaster\Core\Models\LibraryCategory.cs'. [E:\openbroadcaster\OpenBroadcaster_2xmz1yr1_wpftmp.csproj]
E:\openbroadcaster\Core\Services\TwitchIntegrationService.cs(894,73): warning CS0436: The type 'Track' in 'E:\openbroadcaster\Core\Models\Track.cs' conflicts with the imported type 'Track' in 'OpenBroadcaster.Core, Version=0.0.0.0, Culture=neutral, PublicKeyToken=null'. Using the type defined in 'E:\openbroadcaster\Core\Models\Track.cs'. [E:\openbroadcaster\OpenBroadcaster_2xmz1yr1_wpftmp.csproj]
E:\openbroadcaster\Core\Services\LibraryService.cs(780,81): warning CS0436: The type 'Track' in 'E:\openbroadcaster\Core\Models\Track.cs' conflicts with the imported type 'Track' in 'OpenBroadcaster.Core, Version=0.0.0.0, Culture=neutral, PublicKeyToken=null'. Using the type defined in 'E:\openbroadcaster\Core\Models\Track.cs'. [E:\openbroadcaster\OpenBroadcaster_2xmz1yr1_wpftmp.csproj]
E:\openbroadcaster\Core\Services\LibraryService.cs(44,43): warning CS0436: The type 'Track' in 'E:\openbroadcaster\Core\Models\Track.cs' conflicts with the imported type 'Track' in 'OpenBroadcaster.Core, Version=0.0.0.0, Culture=neutral, PublicKeyToken=null'. Using the type defined in 'E:\openbroadcaster\Core\Models\Track.cs'. [E:\openbroadcaster\OpenBroadcaster_2xmz1yr1_wpftmp.csproj]
E:\openbroadcaster\Core\Services\LibraryService.cs(45,43): warning CS0436: The type 'LibraryCategory' in 'E:\openbroadcaster\Core\Models\LibraryCategory.cs' conflicts with the imported type 'LibraryCategory' in 'OpenBroadcaster.Core, Version=0.0.0.0, Culture=neutral, PublicKeyToken=null'. Using the type defined in 'E:\openbroadcaster\Core\Models\LibraryCategory.cs'. [E:\openbroadcaster\OpenBroadcaster_2xmz1yr1_wpftmp.csproj]
E:\openbroadcaster\Core\Services\LibraryService.cs(47,26): warning CS0436: The type 'IAudioMetadataReader' in 'E:\openbroadcaster\Core\Audio\IAudioMetadataReader.cs' conflicts with the imported type 'IAudioMetadataReader' in 'OpenBroadcaster.Core, Version=0.0.0.0, Culture=neutral, PublicKeyToken=null'. Using the type defined in 'E:\openbroadcaster\Core\Audio\IAudioMetadataReader.cs'. [E:\openbroadcaster\OpenBroadcaster_2xmz1yr1_wpftmp.csproj]
E:\openbroadcaster\Core\Services\LibraryService.cs(52,56): warning CS0436: The type 'IAudioMetadataReader' in 'E:\openbroadcaster\Core\Audio\IAudioMetadataReader.cs' conflicts with the imported type 'IAudioMetadataReader' in 'OpenBroadcaster.Core, Version=0.0.0.0, Culture=neutral, PublicKeyToken=null'. Using the type defined in 'E:\openbroadcaster\Core\Audio\IAudioMetadataReader.cs'. [E:\openbroadcaster\OpenBroadcaster_2xmz1yr1_wpftmp.csproj]
E:\openbroadcaster\Core\Services\TwitchIrcClient.cs(29,35): warning CS0436: The type 'TwitchChatMessage' in 'E:\openbroadcaster\Core\Models\TwitchChatMessage.cs' conflicts with the imported type 'TwitchChatMessage' in 'OpenBroadcaster.Core, Version=0.0.0.0, Culture=neutral, PublicKeyToken=null'. Using the type defined in 'E:\openbroadcaster\Core\Models\TwitchChatMessage.cs'. [E:\openbroadcaster\OpenBroadcaster_2xmz1yr1_wpftmp.csproj]
E:\openbroadcaster\Core\Services\TwitchIrcClient.cs(40,40): warning CS0436: The type 'TwitchChatOptions' in 'E:\openbroadcaster\Core\Models\TwitchChatOptions.cs' conflicts with the imported type 'TwitchChatOptions' in 'OpenBroadcaster.Core, Version=0.0.0.0, Culture=neutral, PublicKeyToken=null'. Using the type defined in 'E:\openbroadcaster\Core\Models\TwitchChatOptions.cs'. [E:\openbroadcaster\OpenBroadcaster_2xmz1yr1_wpftmp.csproj]
E:\openbroadcaster\Core\Services\TwitchIrcClient.cs(231,17): warning CS0436: The type 'TwitchChatMessage' in 'E:\openbroadcaster\Core\Models\TwitchChatMessage.cs' conflicts with the imported type 'TwitchChatMessage' in 'OpenBroadcaster.Core, Version=0.0.0.0, Culture=neutral, PublicKeyToken=null'. Using the type defined in 'E:\openbroadcaster\Core\Models\TwitchChatMessage.cs'. [E:\openbroadcaster\OpenBroadcaster_2xmz1yr1_wpftmp.csproj]
E:\openbroadcaster\Core\Services\TwitchIrcClient.cs(26,17): warning CS0436: The type 'TwitchChatOptions' in 'E:\openbroadcaster\Core\Models\TwitchChatOptions.cs' conflicts with the imported type 'TwitchChatOptions' in 'OpenBroadcaster.Core, Version=0.0.0.0, Culture=neutral, PublicKeyToken=null'. Using the type defined in 'E:\openbroadcaster\Core\Models\TwitchChatOptions.cs'. [E:\openbroadcaster\OpenBroadcaster_2xmz1yr1_wpftmp.csproj]
E:\openbroadcaster\Core\Services\TwitchIrcClient.cs(27,34): warning CS0436: The type 'TwitchIrcClient' in 'E:\openbroadcaster\Core\Services\TwitchIrcClient.cs' conflicts with the imported type 'TwitchIrcClient' in 'OpenBroadcaster.Core, Version=0.0.0.0, Culture=neutral, PublicKeyToken=null'. Using the type defined in 'E:\openbroadcaster\Core\Services\TwitchIrcClient.cs'. [E:\openbroadcaster\OpenBroadcaster_2xmz1yr1_wpftmp.csproj]
E:\openbroadcaster\Core\Services\TwitchIrcClient.cs(35,40): warning CS0436: The type 'TwitchIrcClient' in 'E:\openbroadcaster\Core\Services\TwitchIrcClient.cs' conflicts with the imported type 'TwitchIrcClient' in 'OpenBroadcaster.Core, Version=0.0.0.0, Culture=neutral, PublicKeyToken=null'. Using the type defined in 'E:\openbroadcaster\Core\Services\TwitchIrcClient.cs'. [E:\openbroadcaster\OpenBroadcaster_2xmz1yr1_wpftmp.csproj]
E:\openbroadcaster\Core\Services\LibraryService.cs(826,58): warning CS0436: The type 'Track' in 'E:\openbroadcaster\Core\Models\Track.cs' conflicts with the imported type 'Track' in 'OpenBroadcaster.Core, Version=0.0.0.0, Culture=neutral, PublicKeyToken=null'. Using the type defined in 'E:\openbroadcaster\Core\Models\Track.cs'. [E:\openbroadcaster\OpenBroadcaster_2xmz1yr1_wpftmp.csproj]
E:\openbroadcaster\Core\Services\LibraryService.cs(850,64): warning CS0436: The type 'LibraryCategory' in 'E:\openbroadcaster\Core\Models\LibraryCategory.cs' conflicts with the imported type 'LibraryCategory' in 'OpenBroadcaster.Core, Version=0.0.0.0, Culture=neutral, PublicKeyToken=null'. Using the type defined in 'E:\openbroadcaster\Core\Models\LibraryCategory.cs'. [E:\openbroadcaster\OpenBroadcaster_2xmz1yr1_wpftmp.csproj]
E:\openbroadcaster\Core\Services\LoyaltyLedger.cs(91,44): warning CS0436: The type 'LoyaltyEntry' in 'E:\openbroadcaster\Core\Services\LoyaltyLedger.cs' conflicts with the imported type 'LoyaltyEntry' in 'OpenBroadcaster.Core, Version=0.0.0.0, Culture=neutral, PublicKeyToken=null'. Using the type defined in 'E:\openbroadcaster\Core\Services\LoyaltyLedger.cs'. [E:\openbroadcaster\OpenBroadcaster_2xmz1yr1_wpftmp.csproj]
E:\openbroadcaster\Core\Services\LoyaltyLedger.cs(12,45): warning CS0436: The type 'LoyaltyEntry' in 'E:\openbroadcaster\Core\Services\LoyaltyLedger.cs' conflicts with the imported type 'LoyaltyEntry' in 'OpenBroadcaster.Core, Version=0.0.0.0, Culture=neutral, PublicKeyToken=null'. Using the type defined in 'E:\openbroadcaster\Core\Services\LoyaltyLedger.cs'. [E:\openbroadcaster\OpenBroadcaster_2xmz1yr1_wpftmp.csproj]
E:\openbroadcaster\OpenBroadcaster.Core\obj\Debug\net8.0-windows\.NETCoreApp,Version=v8.0.AssemblyAttributes.cs(4,12): error CS0579: Duplicate 'global::System.Runtime.Versioning.TargetFrameworkAttribute' attribute [E:\openbroadcaster\OpenBroadcaster_2xmz1yr1_wpftmp.csproj]
E:\openbroadcaster\OpenBroadcaster.Core\obj\Debug\net8.0\.NETCoreApp,Version=v8.0.AssemblyAttributes.cs(4,12): error CS0579: Duplicate 'global::System.Runtime.Versioning.TargetFrameworkAttribute' attribute [E:\openbroadcaster\OpenBroadcaster_2xmz1yr1_wpftmp.csproj]
E:\openbroadcaster\obj\Debug\net8.0-windows\.NETCoreApp,Version=v8.0.AssemblyAttributes.cs(4,12): error CS0579: Duplicate 'global::System.Runtime.Versioning.TargetFrameworkAttribute' attribute [E:\openbroadcaster\OpenBroadcaster_2xmz1yr1_wpftmp.csproj]
E:\openbroadcaster\OpenBroadcaster.Avalonia\App.axaml.cs(1,7): error CS0246: The type or namespace name 'Avalonia' could not be found (are you missing a using directive or an assembly reference?) [E:\openbroadcaster\OpenBroadcaster_2xmz1yr1_wpftmp.csproj]
E:\openbroadcaster\OpenBroadcaster.Avalonia\App.axaml.cs(2,7): error CS0246: The type or namespace name 'Avalonia' could not be found (are you missing a using directive or an assembly reference?) [E:\openbroadcaster\OpenBroadcaster_2xmz1yr1_wpftmp.csproj]
E:\openbroadcaster\OpenBroadcaster.Avalonia\App.axaml.cs(3,7): error CS0246: The type or namespace name 'Avalonia' could not be found (are you missing a using directive or an assembly reference?) [E:\openbroadcaster\OpenBroadcaster_2xmz1yr1_wpftmp.csproj]
E:\openbroadcaster\OpenBroadcaster.Avalonia\Program.cs(1,7): error CS0246: The type or namespace name 'Avalonia' could not be found (are you missing a using directive or an assembly reference?) [E:\openbroadcaster\OpenBroadcaster_2xmz1yr1_wpftmp.csproj]
E:\openbroadcaster\OpenBroadcaster.Avalonia\Program.cs(2,7): error CS0246: The type or namespace name 'Avalonia' could not be found (are you missing a using directive or an assembly reference?) [E:\openbroadcaster\OpenBroadcaster_2xmz1yr1_wpftmp.csproj]
E:\openbroadcaster\OpenBroadcaster.Avalonia\ViewModels\MainWindowViewModel.cs(4,7): error CS0246: The type or namespace name 'Avalonia' could not be found (are you missing a using directive or an assembly reference?) [E:\openbroadcaster\OpenBroadcaster_2xmz1yr1_wpftmp.csproj]
E:\openbroadcaster\OpenBroadcaster.Avalonia\Views\MainWindow.axaml.cs(1,7): error CS0246: The type or namespace name 'Avalonia' could not be found (are you missing a using directive or an assembly reference?) [E:\openbroadcaster\OpenBroadcaster_2xmz1yr1_wpftmp.csproj]
E:\openbroadcaster\OpenBroadcaster.Avalonia\Views\MainWindow.axaml.cs(2,7): error CS0246: The type or namespace name 'Avalonia' could not be found (are you missing a using directive or an assembly reference?) [E:\openbroadcaster\OpenBroadcaster_2xmz1yr1_wpftmp.csproj]
E:\openbroadcaster\OpenBroadcaster.Avalonia\App.axaml.cs(9,32): error CS0509: 'App': cannot derive from sealed type 'Application' [E:\openbroadcaster\OpenBroadcaster_2xmz1yr1_wpftmp.csproj]
E:\openbroadcaster\OpenBroadcaster.Avalonia\App.axaml.cs(11,30): error CS0115: 'App.Initialize()': no suitable method found to override [E:\openbroadcaster\OpenBroadcaster_2xmz1yr1_wpftmp.csproj]
E:\openbroadcaster\OpenBroadcaster.Avalonia\App.axaml.cs(16,30): error CS0115: 'App.OnFrameworkInitializationCompleted()': no suitable method found to override [E:\openbroadcaster\OpenBroadcaster_2xmz1yr1_wpftmp.csproj]
E:\openbroadcaster\OpenBroadcaster.Avalonia\Program.cs(13,23): error CS0246: The type or namespace name 'AppBuilder' could not be found (are you missing a using directive or an assembly reference?) [E:\openbroadcaster\OpenBroadcaster_2xmz1yr1_wpftmp.csproj]
E:\openbroadcaster\OpenBroadcaster.Avalonia\Services\RadioService.cs(13,17): error CS0104: 'Timer' is an ambiguous reference between 'System.Windows.Forms.Timer' and 'System.Threading.Timer' [E:\openbroadcaster\OpenBroadcaster_2xmz1yr1_wpftmp.csproj]
E:\openbroadcaster\OpenBroadcaster.Avalonia\Views\MainWindow.axaml.cs(6,39): error CS0246: The type or namespace name 'Window' could not be found (are you missing a using directive or an assembly reference?) [E:\openbroadcaster\OpenBroadcaster_2xmz1yr1_wpftmp.csproj]
    725 Warning(s)
    17 Error(s)

Time Elapsed 00:00:02.76
